Launched Standard_D4ds_v4 x2 as PID 87546
Launched Standard_D4ds_v4 x4 as PID 87547

############################################################

############################################################
# centralindia | Standard_D4ds_v4 | 2 nodes 
############################################################
# centralindia | Standard_D4ds_v4 | 4 nodes 
############################################################
Creating bench-cin-d4ds_v4-n2-1...
Creating bench-cin-d4ds_v4-n4-1...
Creating bench-cin-d4ds_v4-n2-2...
Creating bench-cin-d4ds_v4-n4-2...
ERROR: {"error":{"code":"InvalidTemplateDeployment","message":"The template deployment 'vm_deploy_ttQtwVBRIFEq1VQxZnkp6fRCsz0SknAW' is not valid according to the validation procedure. The following resource provider(s) - 'Microsoft.Network/publicIPAddresses (2022-01-01)' reported preflight validation errors. Tracking id is 'ba6c2fd8-0085-4e87-a07c-95d6d0558761'. See inner errors for details.","details":[{"code":"ResourceCountExceedsLimitDueToTemplate","message":"Subscription 63c94c0e-467b-44be-9821-3a8f21d2e8ab has a quota of 20 for resources of type PublicIpAddress with sku SkuNotSpecified. Subscription currently has 20 resources and the template contains 1 new resources of the this type which exceeds the quota. Please contact support to increase the quota for resource type PublicIpAddress","details":[]}]}}
ERROR: az vm create request failed for bench-cin-d4ds_v4-n4-2
Creating bench-cin-d4ds_v4-n4-3...
ERROR: {"error":{"code":"InvalidTemplateDeployment","message":"The template deployment 'vm_deploy_J4E4nW1UVbww03H8rUaWSxXpaJ1h8KKa' is not valid according to the validation procedure. The following resource provider(s) - 'Microsoft.Network/publicIPAddresses (2022-01-01)' reported preflight validation errors. Tracking id is 'dbb22229-c551-4a57-9b68-4dd0bc29ff2e'. See inner errors for details.","details":[{"code":"ResourceCountExceedsLimitDueToTemplate","message":"Subscription 63c94c0e-467b-44be-9821-3a8f21d2e8ab has a quota of 20 for resources of type PublicIpAddress with sku SkuNotSpecified. Subscription currently has 20 resources and the template contains 1 new resources of the this type which exceeds the quota. Please contact support to increase the quota for resource type PublicIpAddress","details":[]}]}}
ERROR: az vm create request failed for bench-cin-d4ds_v4-n2-2
Waiting for bench-cin-d4ds_v4-n2-1 to finish provisioning...
ERROR: {"error":{"code":"InvalidTemplateDeployment","message":"The template deployment 'vm_deploy_HnbgaNGNpjhoahnj2xfkJfnGmUtR9X2L' is not valid according to the validation procedure. The following resource provider(s) - 'Microsoft.Network/publicIPAddresses (2022-01-01)' reported preflight validation errors. Tracking id is 'cef16277-c1c5-4871-bc4d-451bbd2936b7'. See inner errors for details.","details":[{"code":"ResourceCountExceedsLimitDueToTemplate","message":"Subscription 63c94c0e-467b-44be-9821-3a8f21d2e8ab has a quota of 20 for resources of type PublicIpAddress with sku SkuNotSpecified. Subscription currently has 20 resources and the template contains 1 new resources of the this type which exceeds the quota. Please contact support to increase the quota for resource type PublicIpAddress","details":[]}]}}
ERROR: az vm create request failed for bench-cin-d4ds_v4-n4-3
Creating bench-cin-d4ds_v4-n4-4...
ERROR: {"error":{"code":"InvalidTemplateDeployment","message":"The template deployment 'vm_deploy_jTwEyhlm1VuadwAbHCAYoAHoBacAJFmO' is not valid according to the validation procedure. The following resource provider(s) - 'Microsoft.Network/publicIPAddresses (2022-01-01)' reported preflight validation errors. Tracking id is '393e185f-3c87-4a4c-b73f-c979a8e9c21f'. See inner errors for details.","details":[{"code":"ResourceCountExceedsLimitDueToTemplate","message":"Subscription 63c94c0e-467b-44be-9821-3a8f21d2e8ab has a quota of 20 for resources of type PublicIpAddress with sku SkuNotSpecified. Subscription currently has 20 resources and the template contains 1 new resources of the this type which exceeds the quota. Please contact support to increase the quota for resource type PublicIpAddress","details":[]}]}}
ERROR: az vm create request failed for bench-cin-d4ds_v4-n4-4
Waiting for bench-cin-d4ds_v4-n4-1 to finish provisioning...
  bench-cin-d4ds_v4-n2-1 -> 20.198.112.81
Cleaning up any VMs created for this failed combo...
  bench-cin-d4ds_v4-n4-1 -> 20.204.29.223
Cleaning up any VMs created for this failed combo...
All parallel combos finished.
