Starting 2048MB memory-heavy on m6i.xlarge x 2 in ap-southeast-1
{
  "JobFlowId": "j-370W2OAJPQ2BD",
  "ClusterArn": "arn:aws:elasticmapreduce:ap-southeast-1:435097195936:cluster/j-370W2OAJPQ2BD",
  "ResponseMetadata": {
    "RequestId": "0ad61f62-903c-4b2a-b855-75ffce072a74",
    "HTTPStatusCode": 200,
    "HTTPHeaders": {
      "x-amzn-requestid": "0ad61f62-903c-4b2a-b855-75ffce072a74",
      "content-type": "application/x-amz-json-1.1",
      "content-length": "123",
      "date": "Fri, 24 Jul 2026 06:03:52 GMT"
    },
    "RetryAttempts": 0
  }
}
j-370W2OAJPQ2BD step s-0669192280L49VHM5VMK is PENDING
j-370W2OAJPQ2BD step s-0669192280L49VHM5VMK is CANCELLED
j-370W2OAJPQ2BD cluster is TERMINATED_WITH_ERRORS
STEP FAILED: j-370W2OAJPQ2BD s-0669192280L49VHM5VMK ended as CANCELLED: {'State': 'CANCELLED', 'StateChangeReason': {'Message': 'Cluster terminated'}, 'Timeline': {'CreationDateTime': datetime.datetime(2026, 7, 24, 11, 33, 52, 664000, tzinfo=tzlocal())}} | cluster_reason={'Code': 'VALIDATION_ERROR', 'Message': 'The subnet configuration was invalid: The subnet subnet-0790d25ecc4deae64 does not exist.'} | error_details=[]
Batch finished. Success CSV: data/performance/performance_dataset.csv
Failed experiments CSV: data/performance/failed_emr_experiments.csv
