Skipping completed 10MB io-heavy m5a.xlarge x 2 in ap-southeast-1
Batch finished. Success CSV: data/performance/performance_dataset.csv
Failed experiments CSV: data/performance/failed_emr_experiments.csv
Skipping completed 1024MB memory-heavy m5a.xlarge x 2 in ap-southeast-1
Batch finished. Success CSV: data/performance/performance_dataset.csv
Failed experiments CSV: data/performance/failed_emr_experiments.csv
Skipping completed 500MB cpu-heavy m5a.xlarge x 4 in ap-southeast-1
Batch finished. Success CSV: data/performance/performance_dataset.csv
Failed experiments CSV: data/performance/failed_emr_experiments.csv
Skipping completed 10MB cpu-heavy c5.xlarge x 4 in ap-southeast-1
Batch finished. Success CSV: data/performance/performance_dataset.csv
Failed experiments CSV: data/performance/failed_emr_experiments.csv
Skipping completed 100MB io-heavy c5a.xlarge x 2 in ap-southeast-1
Batch finished. Success CSV: data/performance/performance_dataset.csv
Failed experiments CSV: data/performance/failed_emr_experiments.csv
Skipping completed 100MB memory-heavy c6i.xlarge x 2 in ap-southeast-1
Batch finished. Success CSV: data/performance/performance_dataset.csv
Failed experiments CSV: data/performance/failed_emr_experiments.csv
Skipping completed 500MB io-heavy c6i.xlarge x 2 in ap-southeast-1
Batch finished. Success CSV: data/performance/performance_dataset.csv
Failed experiments CSV: data/performance/failed_emr_experiments.csv
Skipping completed 100MB io-heavy m6i.xlarge x 2 in ap-southeast-1
Batch finished. Success CSV: data/performance/performance_dataset.csv
Failed experiments CSV: data/performance/failed_emr_experiments.csv
Skipping completed 100MB memory-heavy c6i.xlarge x 2 in ap-southeast-1
Batch finished. Success CSV: data/performance/performance_dataset.csv
Failed experiments CSV: data/performance/failed_emr_experiments.csv
Skipping completed 10MB io-heavy m6i.xlarge x 4 in ap-southeast-1
Batch finished. Success CSV: data/performance/performance_dataset.csv
Failed experiments CSV: data/performance/failed_emr_experiments.csv
Skipping completed 500MB memory-heavy m6i.xlarge x 2 in ap-southeast-1
Batch finished. Success CSV: data/performance/performance_dataset.csv
Failed experiments CSV: data/performance/failed_emr_experiments.csv
Skipping completed 10MB cpu-heavy m5.xlarge x 4 in ap-southeast-1
Batch finished. Success CSV: data/performance/performance_dataset.csv
Failed experiments CSV: data/performance/failed_emr_experiments.csv
Skipping completed 10MB io-heavy c5a.xlarge x 2 in ap-southeast-1
Batch finished. Success CSV: data/performance/performance_dataset.csv
Failed experiments CSV: data/performance/failed_emr_experiments.csv
Skipping completed 10MB cpu-heavy m6i.xlarge x 4 in ap-southeast-1
Batch finished. Success CSV: data/performance/performance_dataset.csv
Failed experiments CSV: data/performance/failed_emr_experiments.csv
Skipping completed 100MB memory-heavy m5.xlarge x 4 in ap-southeast-1
Batch finished. Success CSV: data/performance/performance_dataset.csv
Failed experiments CSV: data/performance/failed_emr_experiments.csv
Skipping completed 1024MB cpu-heavy c5a.xlarge x 2 in ap-southeast-1
Batch finished. Success CSV: data/performance/performance_dataset.csv
Failed experiments CSV: data/performance/failed_emr_experiments.csv
Skipping completed 500MB cpu-heavy m5.xlarge x 2 in ap-southeast-1
Batch finished. Success CSV: data/performance/performance_dataset.csv
Failed experiments CSV: data/performance/failed_emr_experiments.csv
Skipping completed 10MB cpu-heavy c6i.xlarge x 4 in ap-southeast-1
Batch finished. Success CSV: data/performance/performance_dataset.csv
Failed experiments CSV: data/performance/failed_emr_experiments.csv
Skipping completed 500MB io-heavy c5.xlarge x 2 in ap-southeast-1
Batch finished. Success CSV: data/performance/performance_dataset.csv
Failed experiments CSV: data/performance/failed_emr_experiments.csv
Starting 2048MB cpu-heavy on m6i.xlarge x 2 in ap-southeast-1
{
  "JobFlowId": "j-3338G3MG1P1TS",
  "ClusterArn": "arn:aws:elasticmapreduce:ap-southeast-1:435097195936:cluster/j-3338G3MG1P1TS",
  "ResponseMetadata": {
    "RequestId": "6a730b01-5483-4d47-bb44-59da8ff97f42",
    "HTTPStatusCode": 200,
    "HTTPHeaders": {
      "x-amzn-requestid": "6a730b01-5483-4d47-bb44-59da8ff97f42",
      "content-type": "application/x-amz-json-1.1",
      "content-length": "123",
      "date": "Fri, 24 Jul 2026 07:20:11 GMT"
    },
    "RetryAttempts": 0
  }
}
j-3338G3MG1P1TS step s-092677128DGO3IFZKD2O is PENDING
j-3338G3MG1P1TS step s-092677128DGO3IFZKD2O is CANCELLED
j-3338G3MG1P1TS cluster is TERMINATED_WITH_ERRORS
STEP FAILED: j-3338G3MG1P1TS s-092677128DGO3IFZKD2O ended as CANCELLED: {'State': 'CANCELLED', 'StateChangeReason': {'Message': 'Cluster terminated'}, 'Timeline': {'CreationDateTime': datetime.datetime(2026, 7, 24, 12, 50, 10, 953000, tzinfo=tzlocal())}} | cluster_reason={'Code': 'VALIDATION_ERROR', 'Message': 'The subnet configuration was invalid: The subnet subnet-0790d25ecc4deae64 does not exist.'} | error_details=[]
Batch finished. Success CSV: data/performance/performance_dataset.csv
Failed experiments CSV: data/performance/failed_emr_experiments.csv
Starting 2048MB memory-heavy on m6i.xlarge x 2 in ap-southeast-1
{
  "JobFlowId": "j-2FA2ZUGNVY2ZN",
  "ClusterArn": "arn:aws:elasticmapreduce:ap-southeast-1:435097195936:cluster/j-2FA2ZUGNVY2ZN",
  "ResponseMetadata": {
    "RequestId": "0153e9d8-423d-4218-9648-26370fe48892",
    "HTTPStatusCode": 200,
    "HTTPHeaders": {
      "x-amzn-requestid": "0153e9d8-423d-4218-9648-26370fe48892",
      "content-type": "application/x-amz-json-1.1",
      "content-length": "123",
      "date": "Fri, 24 Jul 2026 07:20:43 GMT"
    },
    "RetryAttempts": 0
  }
}
j-2FA2ZUGNVY2ZN step s-067717418ROSZU0R4S4D is PENDING
j-2FA2ZUGNVY2ZN step s-067717418ROSZU0R4S4D is CANCELLED
j-2FA2ZUGNVY2ZN cluster is TERMINATED_WITH_ERRORS
STEP FAILED: j-2FA2ZUGNVY2ZN s-067717418ROSZU0R4S4D ended as CANCELLED: {'State': 'CANCELLED', 'StateChangeReason': {'Message': 'Cluster terminated'}, 'Timeline': {'CreationDateTime': datetime.datetime(2026, 7, 24, 12, 50, 43, 679000, tzinfo=tzlocal())}} | cluster_reason={'Code': 'VALIDATION_ERROR', 'Message': 'The subnet configuration was invalid: The subnet subnet-0790d25ecc4deae64 does not exist.'} | error_details=[]
Batch finished. Success CSV: data/performance/performance_dataset.csv
Failed experiments CSV: data/performance/failed_emr_experiments.csv
Skipping completed 2048MB memory-heavy m5a.xlarge x 4 in ap-southeast-1
Batch finished. Success CSV: data/performance/performance_dataset.csv
Failed experiments CSV: data/performance/failed_emr_experiments.csv
Starting 2048MB io-heavy on m6i.xlarge x 4 in ap-southeast-1
{
  "JobFlowId": "j-1Z8H108ULEF4O",
  "ClusterArn": "arn:aws:elasticmapreduce:ap-southeast-1:435097195936:cluster/j-1Z8H108ULEF4O",
  "ResponseMetadata": {
    "RequestId": "2591f1c3-72b8-4f13-a821-e7e122b3f7d7",
    "HTTPStatusCode": 200,
    "HTTPHeaders": {
      "x-amzn-requestid": "2591f1c3-72b8-4f13-a821-e7e122b3f7d7",
      "content-type": "application/x-amz-json-1.1",
      "content-length": "123",
      "date": "Fri, 24 Jul 2026 07:21:16 GMT"
    },
    "RetryAttempts": 0
  }
}
j-1Z8H108ULEF4O step s-0702927M62UWMB85PD9 is PENDING
j-1Z8H108ULEF4O step s-0702927M62UWMB85PD9 is CANCELLED
j-1Z8H108ULEF4O cluster is TERMINATED_WITH_ERRORS
STEP FAILED: j-1Z8H108ULEF4O s-0702927M62UWMB85PD9 ended as CANCELLED: {'State': 'CANCELLED', 'StateChangeReason': {'Message': 'Cluster terminated'}, 'Timeline': {'CreationDateTime': datetime.datetime(2026, 7, 24, 12, 51, 16, 458000, tzinfo=tzlocal())}} | cluster_reason={'Code': 'VALIDATION_ERROR', 'Message': 'The subnet configuration was invalid: The subnet subnet-0790d25ecc4deae64 does not exist.'} | error_details=[]
Batch finished. Success CSV: data/performance/performance_dataset.csv
Failed experiments CSV: data/performance/failed_emr_experiments.csv
Skipping completed 100MB io-heavy c5a.xlarge x 2 in ap-southeast-1
Batch finished. Success CSV: data/performance/performance_dataset.csv
Failed experiments CSV: data/performance/failed_emr_experiments.csv
Skipping completed 10MB memory-heavy m5a.xlarge x 2 in ap-southeast-1
Batch finished. Success CSV: data/performance/performance_dataset.csv
Failed experiments CSV: data/performance/failed_emr_experiments.csv
Skipping completed 500MB memory-heavy m6i.xlarge x 4 in ap-southeast-1
Batch finished. Success CSV: data/performance/performance_dataset.csv
Failed experiments CSV: data/performance/failed_emr_experiments.csv
Skipping completed 2048MB cpu-heavy m5a.xlarge x 4 in ap-southeast-1
Batch finished. Success CSV: data/performance/performance_dataset.csv
Failed experiments CSV: data/performance/failed_emr_experiments.csv
Skipping completed 1024MB cpu-heavy m5.xlarge x 2 in ap-southeast-1
Batch finished. Success CSV: data/performance/performance_dataset.csv
Failed experiments CSV: data/performance/failed_emr_experiments.csv
Skipping completed 10MB io-heavy m5.xlarge x 4 in ap-southeast-1
Batch finished. Success CSV: data/performance/performance_dataset.csv
Failed experiments CSV: data/performance/failed_emr_experiments.csv
Skipping completed 100MB memory-heavy c5.xlarge x 4 in ap-southeast-1
Batch finished. Success CSV: data/performance/performance_dataset.csv
Failed experiments CSV: data/performance/failed_emr_experiments.csv
Skipping completed 10MB memory-heavy m6i.xlarge x 2 in ap-southeast-1
Batch finished. Success CSV: data/performance/performance_dataset.csv
Failed experiments CSV: data/performance/failed_emr_experiments.csv
Skipping completed 500MB cpu-heavy c5.xlarge x 4 in ap-southeast-1
Batch finished. Success CSV: data/performance/performance_dataset.csv
Failed experiments CSV: data/performance/failed_emr_experiments.csv
bash: line 1: atch.py: command not found
Starting 500MB cpu-heavy on c5.xlarge x 4 in ap-southeast-1
{
  "JobFlowId": "j-ZHM8MWT3FTI0",
  "ClusterArn": "arn:aws:elasticmapreduce:ap-southeast-1:435097195936:cluster/j-ZHM8MWT3FTI0",
  "ResponseMetadata": {
    "RequestId": "42baeaab-6ca3-4f73-b6b9-59f23930ae2e",
    "HTTPStatusCode": 200,
    "HTTPHeaders": {
      "x-amzn-requestid": "42baeaab-6ca3-4f73-b6b9-59f23930ae2e",
      "content-type": "application/x-amz-json-1.1",
      "content-length": "121",
      "date": "Fri, 24 Jul 2026 07:36:55 GMT"
    },
    "RetryAttempts": 0
  }
}
j-ZHM8MWT3FTI0 step s-08337903KBRMMXDN4N0P is PENDING
j-ZHM8MWT3FTI0 step s-08337903KBRMMXDN4N0P is CANCELLED
j-ZHM8MWT3FTI0 cluster is TERMINATED_WITH_ERRORS
STEP FAILED: j-ZHM8MWT3FTI0 s-08337903KBRMMXDN4N0P ended as CANCELLED: {'State': 'CANCELLED', 'StateChangeReason': {'Message': 'Cluster terminated'}, 'Timeline': {'CreationDateTime': datetime.datetime(2026, 7, 24, 13, 6, 55, 527000, tzinfo=tzlocal())}} | cluster_reason={'Code': 'VALIDATION_ERROR', 'Message': 'The subnet configuration was invalid: The subnet subnet-0790d25ecc4deae64 does not exist.'} | error_details=[]
Batch finished. Success CSV: data/performance/performance_dataset.csv
Failed experiments CSV: data/performance/failed_emr_experiments.csv
Starting 10MB cpu-heavy on c6i.xlarge x 2 in ap-southeast-1
{
  "JobFlowId": "j-1GIDTCWKAHJC8",
  "ClusterArn": "arn:aws:elasticmapreduce:ap-southeast-1:435097195936:cluster/j-1GIDTCWKAHJC8",
  "ResponseMetadata": {
    "RequestId": "037c360f-60a4-40cf-af2c-e538faa660e7",
    "HTTPStatusCode": 200,
    "HTTPHeaders": {
      "x-amzn-requestid": "037c360f-60a4-40cf-af2c-e538faa660e7",
      "content-type": "application/x-amz-json-1.1",
      "content-length": "123",
      "date": "Fri, 24 Jul 2026 07:37:29 GMT"
    },
    "RetryAttempts": 0
  }
}
j-1GIDTCWKAHJC8 step s-09223993HSEIHJAZGCY5 is PENDING
j-1GIDTCWKAHJC8 step s-09223993HSEIHJAZGCY5 is CANCELLED
j-1GIDTCWKAHJC8 cluster is TERMINATED_WITH_ERRORS
STEP FAILED: j-1GIDTCWKAHJC8 s-09223993HSEIHJAZGCY5 ended as CANCELLED: {'State': 'CANCELLED', 'StateChangeReason': {'Message': 'Cluster terminated'}, 'Timeline': {'CreationDateTime': datetime.datetime(2026, 7, 24, 13, 7, 28, 904000, tzinfo=tzlocal())}} | cluster_reason={'Code': 'VALIDATION_ERROR', 'Message': 'The subnet configuration was invalid: The subnet subnet-0790d25ecc4deae64 does not exist.'} | error_details=[]
Batch finished. Success CSV: data/performance/performance_dataset.csv
Failed experiments CSV: data/performance/failed_emr_experiments.csv
Starting 100MB cpu-heavy on c6i.xlarge x 4 in ap-southeast-1
{
  "JobFlowId": "j-11LNOEUKE9187",
  "ClusterArn": "arn:aws:elasticmapreduce:ap-southeast-1:435097195936:cluster/j-11LNOEUKE9187",
  "ResponseMetadata": {
    "RequestId": "57bae6a7-4eed-46e8-9063-2cb73aefb25c",
    "HTTPStatusCode": 200,
    "HTTPHeaders": {
      "x-amzn-requestid": "57bae6a7-4eed-46e8-9063-2cb73aefb25c",
      "content-type": "application/x-amz-json-1.1",
      "content-length": "123",
      "date": "Fri, 24 Jul 2026 07:38:03 GMT"
    },
    "RetryAttempts": 0
  }
}
j-11LNOEUKE9187 step s-09429303LZU8H5EKUZQJ is PENDING
j-11LNOEUKE9187 step s-09429303LZU8H5EKUZQJ is CANCELLED
j-11LNOEUKE9187 cluster is TERMINATED_WITH_ERRORS
STEP FAILED: j-11LNOEUKE9187 s-09429303LZU8H5EKUZQJ ended as CANCELLED: {'State': 'CANCELLED', 'StateChangeReason': {'Message': 'Cluster terminated'}, 'Timeline': {'CreationDateTime': datetime.datetime(2026, 7, 24, 13, 8, 3, 387000, tzinfo=tzlocal())}} | cluster_reason={'Code': 'VALIDATION_ERROR', 'Message': 'The subnet configuration was invalid: The subnet subnet-0790d25ecc4deae64 does not exist.'} | error_details=[]
Batch finished. Success CSV: data/performance/performance_dataset.csv
Failed experiments CSV: data/performance/failed_emr_experiments.csv
Starting 500MB io-heavy on m5a.xlarge x 4 in ap-southeast-1
{
  "JobFlowId": "j-39H7CK1VSVN5A",
  "ClusterArn": "arn:aws:elasticmapreduce:ap-southeast-1:435097195936:cluster/j-39H7CK1VSVN5A",
  "ResponseMetadata": {
    "RequestId": "6bd8817b-2293-49a3-9bc0-7b4de0c4c6bb",
    "HTTPStatusCode": 200,
    "HTTPHeaders": {
      "x-amzn-requestid": "6bd8817b-2293-49a3-9bc0-7b4de0c4c6bb",
      "content-type": "application/x-amz-json-1.1",
      "content-length": "123",
      "date": "Fri, 24 Jul 2026 07:42:44 GMT"
    },
    "RetryAttempts": 0
  }
}
j-39H7CK1VSVN5A step s-09331651FQ40TAC52DLZ is PENDING
j-39H7CK1VSVN5A step s-09331651FQ40TAC52DLZ is CANCELLED
j-39H7CK1VSVN5A cluster is TERMINATED_WITH_ERRORS
STEP FAILED: j-39H7CK1VSVN5A s-09331651FQ40TAC52DLZ ended as CANCELLED: {'State': 'CANCELLED', 'StateChangeReason': {'Message': 'Cluster terminated'}, 'Timeline': {'CreationDateTime': datetime.datetime(2026, 7, 24, 13, 12, 44, 51000, tzinfo=tzlocal())}} | cluster_reason={'Code': 'VALIDATION_ERROR', 'Message': 'The subnet configuration was invalid: The subnet subnet-0790d25ecc4deae64 does not exist.'} | error_details=[]
Batch finished. Success CSV: data/performance/performance_dataset.csv
Failed experiments CSV: data/performance/failed_emr_experiments.csv
Starting 10MB memory-heavy on m5.xlarge x 2 in ap-southeast-1
{
  "JobFlowId": "j-1Y5EWDXJ2K1XC",
  "ClusterArn": "arn:aws:elasticmapreduce:ap-southeast-1:435097195936:cluster/j-1Y5EWDXJ2K1XC",
  "ResponseMetadata": {
    "RequestId": "15429b24-6709-475d-ae4f-d8e7e5c61ff6",
    "HTTPStatusCode": 200,
    "HTTPHeaders": {
      "x-amzn-requestid": "15429b24-6709-475d-ae4f-d8e7e5c61ff6",
      "content-type": "application/x-amz-json-1.1",
      "content-length": "123",
      "date": "Fri, 24 Jul 2026 07:43:16 GMT"
    },
    "RetryAttempts": 0
  }
}
j-1Y5EWDXJ2K1XC step s-040543028J23TGHVE48J is PENDING
j-1Y5EWDXJ2K1XC step s-040543028J23TGHVE48J is CANCELLED
j-1Y5EWDXJ2K1XC cluster is TERMINATED_WITH_ERRORS
STEP FAILED: j-1Y5EWDXJ2K1XC s-040543028J23TGHVE48J ended as CANCELLED: {'State': 'CANCELLED', 'StateChangeReason': {'Message': 'Cluster terminated'}, 'Timeline': {'CreationDateTime': datetime.datetime(2026, 7, 24, 13, 13, 16, 409000, tzinfo=tzlocal())}} | cluster_reason={'Code': 'VALIDATION_ERROR', 'Message': 'The subnet configuration was invalid: The subnet subnet-0790d25ecc4deae64 does not exist.'} | error_details=[]
Batch finished. Success CSV: data/performance/performance_dataset.csv
Failed experiments CSV: data/performance/failed_emr_experiments.csv
Starting 3072MB memory-heavy on m6i.xlarge x 4 in ap-southeast-1
{
  "JobFlowId": "j-2O6DD4L57AV0S",
  "ClusterArn": "arn:aws:elasticmapreduce:ap-southeast-1:435097195936:cluster/j-2O6DD4L57AV0S",
  "ResponseMetadata": {
    "RequestId": "29befd36-5ca5-4d73-b069-ea50d466c53d",
    "HTTPStatusCode": 200,
    "HTTPHeaders": {
      "x-amzn-requestid": "29befd36-5ca5-4d73-b069-ea50d466c53d",
      "content-type": "application/x-amz-json-1.1",
      "content-length": "123",
      "date": "Fri, 24 Jul 2026 07:45:54 GMT"
    },
    "RetryAttempts": 0
  }
}
j-2O6DD4L57AV0S step s-09267281K3JJMREAQUIL is PENDING
j-2O6DD4L57AV0S step s-09267281K3JJMREAQUIL is CANCELLED
j-2O6DD4L57AV0S cluster is TERMINATED_WITH_ERRORS
STEP FAILED: j-2O6DD4L57AV0S s-09267281K3JJMREAQUIL ended as CANCELLED: {'State': 'CANCELLED', 'StateChangeReason': {'Message': 'Cluster terminated'}, 'Timeline': {'CreationDateTime': datetime.datetime(2026, 7, 24, 13, 15, 54, 209000, tzinfo=tzlocal())}} | cluster_reason={'Code': 'VALIDATION_ERROR', 'Message': 'The subnet configuration was invalid: The subnet subnet-0790d25ecc4deae64 does not exist.'} | error_details=[]
Batch finished. Success CSV: data/performance/performance_dataset.csv
Failed experiments CSV: data/performance/failed_emr_experiments.csv
Starting 500MB memory-heavy on m5.xlarge x 4 in ap-southeast-1
{
  "JobFlowId": "j-11FKRIBIE6J5K",
  "ClusterArn": "arn:aws:elasticmapreduce:ap-southeast-1:435097195936:cluster/j-11FKRIBIE6J5K",
  "ResponseMetadata": {
    "RequestId": "47d2f663-e38b-4551-9958-8b513022fd8a",
    "HTTPStatusCode": 200,
    "HTTPHeaders": {
      "x-amzn-requestid": "47d2f663-e38b-4551-9958-8b513022fd8a",
      "content-type": "application/x-amz-json-1.1",
      "content-length": "123",
      "date": "Fri, 24 Jul 2026 07:52:38 GMT"
    },
    "RetryAttempts": 0
  }
}
j-11FKRIBIE6J5K step s-01434762F12Z0TUJ5ZT0 is PENDING
j-11FKRIBIE6J5K step s-01434762F12Z0TUJ5ZT0 is CANCELLED
j-11FKRIBIE6J5K cluster is TERMINATED_WITH_ERRORS
STEP FAILED: j-11FKRIBIE6J5K s-01434762F12Z0TUJ5ZT0 ended as CANCELLED: {'State': 'CANCELLED', 'StateChangeReason': {'Message': 'Cluster terminated'}, 'Timeline': {'CreationDateTime': datetime.datetime(2026, 7, 24, 13, 22, 38, 263000, tzinfo=tzlocal())}} | cluster_reason={'Code': 'VALIDATION_ERROR', 'Message': 'The subnet configuration was invalid: The subnet subnet-0790d25ecc4deae64 does not exist.'} | error_details=[]
Batch finished. Success CSV: data/performance/performance_dataset.csv
Failed experiments CSV: data/performance/failed_emr_experiments.csv
Starting 1024MB io-heavy on c5a.xlarge x 4 in ap-southeast-1
{
  "JobFlowId": "j-27QBFKFERO6TP",
  "ClusterArn": "arn:aws:elasticmapreduce:ap-southeast-1:435097195936:cluster/j-27QBFKFERO6TP",
  "ResponseMetadata": {
    "RequestId": "cb923e82-f0f5-4d90-aa93-b76c22bff036",
    "HTTPStatusCode": 200,
    "HTTPHeaders": {
      "x-amzn-requestid": "cb923e82-f0f5-4d90-aa93-b76c22bff036",
      "content-type": "application/x-amz-json-1.1",
      "content-length": "123",
      "date": "Fri, 24 Jul 2026 07:53:10 GMT"
    },
    "RetryAttempts": 0
  }
}
j-27QBFKFERO6TP step s-0176202206OQF0LQN06H is PENDING
j-27QBFKFERO6TP step s-0176202206OQF0LQN06H is CANCELLED
j-27QBFKFERO6TP cluster is TERMINATED_WITH_ERRORS
STEP FAILED: j-27QBFKFERO6TP s-0176202206OQF0LQN06H ended as CANCELLED: {'State': 'CANCELLED', 'StateChangeReason': {'Message': 'Cluster terminated'}, 'Timeline': {'CreationDateTime': datetime.datetime(2026, 7, 24, 13, 23, 10, 476000, tzinfo=tzlocal())}} | cluster_reason={'Code': 'VALIDATION_ERROR', 'Message': 'The subnet configuration was invalid: The subnet subnet-0790d25ecc4deae64 does not exist.'} | error_details=[]
Batch finished. Success CSV: data/performance/performance_dataset.csv
Failed experiments CSV: data/performance/failed_emr_experiments.csv
Starting 10MB memory-heavy on c6i.xlarge x 4 in ap-southeast-1
{
  "JobFlowId": "j-2DJQ8MZ6P0XDN",
  "ClusterArn": "arn:aws:elasticmapreduce:ap-southeast-1:435097195936:cluster/j-2DJQ8MZ6P0XDN",
  "ResponseMetadata": {
    "RequestId": "3872b027-bd43-47a2-a378-6366bdbdebca",
    "HTTPStatusCode": 200,
    "HTTPHeaders": {
      "x-amzn-requestid": "3872b027-bd43-47a2-a378-6366bdbdebca",
      "content-type": "application/x-amz-json-1.1",
      "content-length": "123",
      "date": "Fri, 24 Jul 2026 08:08:43 GMT"
    },
    "RetryAttempts": 0
  }
}
j-2DJQ8MZ6P0XDN step s-01238291EWAUK8RBQW0M is PENDING
j-2DJQ8MZ6P0XDN step s-01238291EWAUK8RBQW0M is CANCELLED
j-2DJQ8MZ6P0XDN cluster is TERMINATED_WITH_ERRORS
STEP FAILED: j-2DJQ8MZ6P0XDN s-01238291EWAUK8RBQW0M ended as CANCELLED: {'State': 'CANCELLED', 'StateChangeReason': {'Message': 'Cluster terminated'}, 'Timeline': {'CreationDateTime': datetime.datetime(2026, 7, 24, 13, 38, 43, 237000, tzinfo=tzlocal())}} | cluster_reason={'Code': 'VALIDATION_ERROR', 'Message': 'The subnet configuration was invalid: The subnet subnet-0790d25ecc4deae64 does not exist.'} | error_details=[]
Batch finished. Success CSV: data/performance/performance_dataset.csv
Failed experiments CSV: data/performance/failed_emr_experiments.csv
Starting 10MB cpu-heavy on m5.xlarge x 2 in ap-southeast-1
{
  "JobFlowId": "j-2V4Y1X4V9OPBL",
  "ClusterArn": "arn:aws:elasticmapreduce:ap-southeast-1:435097195936:cluster/j-2V4Y1X4V9OPBL",
  "ResponseMetadata": {
    "RequestId": "6846d996-072f-4913-ba0b-2d17ca9b3b76",
    "HTTPStatusCode": 200,
    "HTTPHeaders": {
      "x-amzn-requestid": "6846d996-072f-4913-ba0b-2d17ca9b3b76",
      "content-type": "application/x-amz-json-1.1",
      "content-length": "123",
      "date": "Fri, 24 Jul 2026 08:09:15 GMT"
    },
    "RetryAttempts": 0
  }
}
j-2V4Y1X4V9OPBL step s-06999831TW5XE5JYFN2R is PENDING
j-2V4Y1X4V9OPBL step s-06999831TW5XE5JYFN2R is CANCELLED
j-2V4Y1X4V9OPBL cluster is TERMINATED_WITH_ERRORS
STEP FAILED: j-2V4Y1X4V9OPBL s-06999831TW5XE5JYFN2R ended as CANCELLED: {'State': 'CANCELLED', 'StateChangeReason': {'Message': 'Cluster terminated'}, 'Timeline': {'CreationDateTime': datetime.datetime(2026, 7, 24, 13, 39, 15, 466000, tzinfo=tzlocal())}} | cluster_reason={'Code': 'VALIDATION_ERROR', 'Message': 'The subnet configuration was invalid: The subnet subnet-0790d25ecc4deae64 does not exist.'} | error_details=[]
Batch finished. Success CSV: data/performance/performance_dataset.csv
Failed experiments CSV: data/performance/failed_emr_experiments.csv
Starting 10MB memory-heavy on m6i.xlarge x 2 in ap-southeast-1
{
  "JobFlowId": "j-1DFT9FEWPDX3R",
  "ClusterArn": "arn:aws:elasticmapreduce:ap-southeast-1:435097195936:cluster/j-1DFT9FEWPDX3R",
  "ResponseMetadata": {
    "RequestId": "79a0ef3e-11f8-473f-a258-583d741058d6",
    "HTTPStatusCode": 200,
    "HTTPHeaders": {
      "x-amzn-requestid": "79a0ef3e-11f8-473f-a258-583d741058d6",
      "content-type": "application/x-amz-json-1.1",
      "content-length": "123",
      "date": "Fri, 24 Jul 2026 08:24:48 GMT"
    },
    "RetryAttempts": 0
  }
}
j-1DFT9FEWPDX3R step s-06815201WDOBMXWZ5J6I is PENDING
j-1DFT9FEWPDX3R step s-06815201WDOBMXWZ5J6I is CANCELLED
j-1DFT9FEWPDX3R cluster is TERMINATED_WITH_ERRORS
STEP FAILED: j-1DFT9FEWPDX3R s-06815201WDOBMXWZ5J6I ended as CANCELLED: {'State': 'CANCELLED', 'StateChangeReason': {'Message': 'Cluster terminated'}, 'Timeline': {'CreationDateTime': datetime.datetime(2026, 7, 24, 13, 54, 48, 739000, tzinfo=tzlocal())}} | cluster_reason={'Code': 'VALIDATION_ERROR', 'Message': 'The subnet configuration was invalid: The subnet subnet-0790d25ecc4deae64 does not exist.'} | error_details=[]
Batch finished. Success CSV: data/performance/performance_dataset.csv
Failed experiments CSV: data/performance/failed_emr_experiments.csv
