Starting 2048MB cpu-heavy on m6i.xlarge x 4 in ap-southeast-1
{
  "JobFlowId": "j-3IXTDK9K5R63N",
  "ClusterArn": "arn:aws:elasticmapreduce:ap-southeast-1:435097195936:cluster/j-3IXTDK9K5R63N",
  "ResponseMetadata": {
    "RequestId": "7431145b-058b-4ef7-9590-639b55dcac6f",
    "HTTPStatusCode": 200,
    "HTTPHeaders": {
      "x-amzn-requestid": "7431145b-058b-4ef7-9590-639b55dcac6f",
      "content-type": "application/x-amz-json-1.1",
      "content-length": "123",
      "date": "Fri, 24 Jul 2026 13:08:44 GMT"
    },
    "RetryAttempts": 0
  }
}
j-3IXTDK9K5R63N step s-067623624A8URLALIOWY is PENDING
j-3IXTDK9K5R63N step s-067623624A8URLALIOWY is PENDING
j-3IXTDK9K5R63N step s-067623624A8URLALIOWY is PENDING
j-3IXTDK9K5R63N step s-067623624A8URLALIOWY is PENDING
j-3IXTDK9K5R63N step s-067623624A8URLALIOWY is PENDING
j-3IXTDK9K5R63N step s-067623624A8URLALIOWY is PENDING
j-3IXTDK9K5R63N step s-067623624A8URLALIOWY is RUNNING
j-3IXTDK9K5R63N step s-067623624A8URLALIOWY is RUNNING
j-3IXTDK9K5R63N step s-067623624A8URLALIOWY is RUNNING
j-3IXTDK9K5R63N step s-067623624A8URLALIOWY is COMPLETED
j-3IXTDK9K5R63N cluster is TERMINATING
j-3IXTDK9K5R63N cluster is TERMINATING
j-3IXTDK9K5R63N cluster is TERMINATING
j-3IXTDK9K5R63N cluster is TERMINATED
Saved cpu-heavy 2048MB m6i.xlarge x 4 runtime=1.5724 min cost=$0.0252; cluster=TERMINATED
Batch finished. Success CSV: data/performance/performance_dataset.csv
Failed experiments CSV: data/performance/failed_emr_experiments.csv
Starting 10MB memory-heavy on m5a.xlarge x 2 in ap-southeast-1
{
  "JobFlowId": "j-3JTP6SPTUM084",
  "ClusterArn": "arn:aws:elasticmapreduce:ap-southeast-1:435097195936:cluster/j-3JTP6SPTUM084",
  "ResponseMetadata": {
    "RequestId": "29f51478-b922-41d0-b61d-e9ad358e3817",
    "HTTPStatusCode": 200,
    "HTTPHeaders": {
      "x-amzn-requestid": "29f51478-b922-41d0-b61d-e9ad358e3817",
      "content-type": "application/x-amz-json-1.1",
      "content-length": "123",
      "date": "Fri, 24 Jul 2026 13:14:54 GMT"
    },
    "RetryAttempts": 0
  }
}
j-3JTP6SPTUM084 step s-053752838ZPPF1AL0H37 is PENDING
j-3JTP6SPTUM084 step s-053752838ZPPF1AL0H37 is PENDING
j-3JTP6SPTUM084 step s-053752838ZPPF1AL0H37 is PENDING
j-3JTP6SPTUM084 step s-053752838ZPPF1AL0H37 is PENDING
j-3JTP6SPTUM084 step s-053752838ZPPF1AL0H37 is PENDING
j-3JTP6SPTUM084 step s-053752838ZPPF1AL0H37 is PENDING
j-3JTP6SPTUM084 step s-053752838ZPPF1AL0H37 is PENDING
j-3JTP6SPTUM084 step s-053752838ZPPF1AL0H37 is PENDING
j-3JTP6SPTUM084 step s-053752838ZPPF1AL0H37 is RUNNING
j-3JTP6SPTUM084 step s-053752838ZPPF1AL0H37 is RUNNING
j-3JTP6SPTUM084 step s-053752838ZPPF1AL0H37 is COMPLETED
j-3JTP6SPTUM084 cluster is TERMINATING
j-3JTP6SPTUM084 cluster is TERMINATED
Saved memory-heavy 10MB m5a.xlarge x 2 runtime=1.1746 min cost=$0.0085; cluster=TERMINATED
Batch finished. Success CSV: data/performance/performance_dataset.csv
Failed experiments CSV: data/performance/failed_emr_experiments.csv
Starting 10MB io-heavy on c6i.xlarge x 2 in ap-southeast-1
{
  "JobFlowId": "j-2AOTIEEAH10RB",
  "ClusterArn": "arn:aws:elasticmapreduce:ap-southeast-1:435097195936:cluster/j-2AOTIEEAH10RB",
  "ResponseMetadata": {
    "RequestId": "94d59c3b-8407-49f7-9b9f-352514bbee42",
    "HTTPStatusCode": 200,
    "HTTPHeaders": {
      "x-amzn-requestid": "94d59c3b-8407-49f7-9b9f-352514bbee42",
      "content-type": "application/x-amz-json-1.1",
      "content-length": "123",
      "date": "Fri, 24 Jul 2026 13:35:50 GMT"
    },
    "RetryAttempts": 0
  }
}
j-2AOTIEEAH10RB step s-06970152H8SBM7N2HYM is PENDING
j-2AOTIEEAH10RB step s-06970152H8SBM7N2HYM is PENDING
j-2AOTIEEAH10RB step s-06970152H8SBM7N2HYM is PENDING
j-2AOTIEEAH10RB step s-06970152H8SBM7N2HYM is RUNNING
j-2AOTIEEAH10RB step s-06970152H8SBM7N2HYM is RUNNING
j-2AOTIEEAH10RB step s-06970152H8SBM7N2HYM is COMPLETED
j-2AOTIEEAH10RB cluster is TERMINATING
j-2AOTIEEAH10RB cluster is TERMINATED
Saved io-heavy 10MB c6i.xlarge x 2 runtime=0.8385 min cost=$0.0055; cluster=TERMINATED
Batch finished. Success CSV: data/performance/performance_dataset.csv
Failed experiments CSV: data/performance/failed_emr_experiments.csv
Starting 10MB io-heavy on m5a.xlarge x 2 in ap-southeast-1
{
  "JobFlowId": "j-1C0Y6WNH0N87A",
  "ClusterArn": "arn:aws:elasticmapreduce:ap-southeast-1:435097195936:cluster/j-1C0Y6WNH0N87A",
  "ResponseMetadata": {
    "RequestId": "c5a20291-9184-4d93-9896-eb9e1cfd92e0",
    "HTTPStatusCode": 200,
    "HTTPHeaders": {
      "x-amzn-requestid": "c5a20291-9184-4d93-9896-eb9e1cfd92e0",
      "content-type": "application/x-amz-json-1.1",
      "content-length": "123",
      "date": "Fri, 24 Jul 2026 13:41:01 GMT"
    },
    "RetryAttempts": 0
  }
}
j-1C0Y6WNH0N87A step s-09258333JMSLSOV57KMY is PENDING
j-1C0Y6WNH0N87A step s-09258333JMSLSOV57KMY is PENDING
j-1C0Y6WNH0N87A step s-09258333JMSLSOV57KMY is PENDING
j-1C0Y6WNH0N87A step s-09258333JMSLSOV57KMY is PENDING
j-1C0Y6WNH0N87A step s-09258333JMSLSOV57KMY is PENDING
j-1C0Y6WNH0N87A step s-09258333JMSLSOV57KMY is PENDING
j-1C0Y6WNH0N87A step s-09258333JMSLSOV57KMY is PENDING
j-1C0Y6WNH0N87A step s-09258333JMSLSOV57KMY is PENDING
j-1C0Y6WNH0N87A step s-09258333JMSLSOV57KMY is RUNNING
j-1C0Y6WNH0N87A step s-09258333JMSLSOV57KMY is RUNNING
j-1C0Y6WNH0N87A step s-09258333JMSLSOV57KMY is RUNNING
j-1C0Y6WNH0N87A step s-09258333JMSLSOV57KMY is COMPLETED
j-1C0Y6WNH0N87A cluster is TERMINATING
j-1C0Y6WNH0N87A cluster is TERMINATING
j-1C0Y6WNH0N87A cluster is TERMINATED
Saved io-heavy 10MB m5a.xlarge x 2 runtime=1.3745 min cost=$0.0099; cluster=TERMINATED
Batch finished. Success CSV: data/performance/performance_dataset.csv
Failed experiments CSV: data/performance/failed_emr_experiments.csv
Starting 2048MB cpu-heavy on c5.xlarge x 4 in ap-southeast-1
{
  "JobFlowId": "j-ZKCC2HM16C87",
  "ClusterArn": "arn:aws:elasticmapreduce:ap-southeast-1:435097195936:cluster/j-ZKCC2HM16C87",
  "ResponseMetadata": {
    "RequestId": "5bb60d7d-f824-4bbe-9add-95ad501e441b",
    "HTTPStatusCode": 200,
    "HTTPHeaders": {
      "x-amzn-requestid": "5bb60d7d-f824-4bbe-9add-95ad501e441b",
      "content-type": "application/x-amz-json-1.1",
      "content-length": "121",
      "date": "Fri, 24 Jul 2026 13:47:43 GMT"
    },
    "RetryAttempts": 0
  }
}
j-ZKCC2HM16C87 step s-0381239179G6Y8VUY4U2 is PENDING
j-ZKCC2HM16C87 step s-0381239179G6Y8VUY4U2 is PENDING
j-ZKCC2HM16C87 step s-0381239179G6Y8VUY4U2 is PENDING
j-ZKCC2HM16C87 step s-0381239179G6Y8VUY4U2 is PENDING
j-ZKCC2HM16C87 step s-0381239179G6Y8VUY4U2 is PENDING
j-ZKCC2HM16C87 step s-0381239179G6Y8VUY4U2 is PENDING
j-ZKCC2HM16C87 step s-0381239179G6Y8VUY4U2 is PENDING
j-ZKCC2HM16C87 step s-0381239179G6Y8VUY4U2 is RUNNING
j-ZKCC2HM16C87 step s-0381239179G6Y8VUY4U2 is RUNNING
j-ZKCC2HM16C87 step s-0381239179G6Y8VUY4U2 is RUNNING
j-ZKCC2HM16C87 step s-0381239179G6Y8VUY4U2 is COMPLETED
j-ZKCC2HM16C87 cluster is TERMINATING
j-ZKCC2HM16C87 cluster is TERMINATING
j-ZKCC2HM16C87 cluster is TERMINATING
j-ZKCC2HM16C87 cluster is TERMINATED
Saved cpu-heavy 2048MB c5.xlarge x 4 runtime=1.5731 min cost=$0.0206; cluster=TERMINATED
Batch finished. Success CSV: data/performance/performance_dataset.csv
Failed experiments CSV: data/performance/failed_emr_experiments.csv
Starting 10MB memory-heavy on c5a.xlarge x 2 in ap-southeast-1
{
  "JobFlowId": "j-3AIE29BQ2K4IY",
  "ClusterArn": "arn:aws:elasticmapreduce:ap-southeast-1:435097195936:cluster/j-3AIE29BQ2K4IY",
  "ResponseMetadata": {
    "RequestId": "7c97f8e9-a21a-45cd-a953-80ef73f6ea2e",
    "HTTPStatusCode": 200,
    "HTTPHeaders": {
      "x-amzn-requestid": "7c97f8e9-a21a-45cd-a953-80ef73f6ea2e",
      "content-type": "application/x-amz-json-1.1",
      "content-length": "123",
      "date": "Fri, 24 Jul 2026 13:54:24 GMT"
    },
    "RetryAttempts": 0
  }
}
j-3AIE29BQ2K4IY step s-0926433285TEE09SF43F is PENDING
j-3AIE29BQ2K4IY step s-0926433285TEE09SF43F is PENDING
j-3AIE29BQ2K4IY step s-0926433285TEE09SF43F is PENDING
j-3AIE29BQ2K4IY step s-0926433285TEE09SF43F is PENDING
j-3AIE29BQ2K4IY step s-0926433285TEE09SF43F is PENDING
j-3AIE29BQ2K4IY step s-0926433285TEE09SF43F is PENDING
j-3AIE29BQ2K4IY step s-0926433285TEE09SF43F is PENDING
j-3AIE29BQ2K4IY step s-0926433285TEE09SF43F is RUNNING
j-3AIE29BQ2K4IY step s-0926433285TEE09SF43F is RUNNING
j-3AIE29BQ2K4IY step s-0926433285TEE09SF43F is COMPLETED
j-3AIE29BQ2K4IY cluster is TERMINATING
j-3AIE29BQ2K4IY cluster is TERMINATED
Saved memory-heavy 10MB c5a.xlarge x 2 runtime=0.8056 min cost=$0.0047; cluster=TERMINATED
Batch finished. Success CSV: data/performance/performance_dataset.csv
Failed experiments CSV: data/performance/failed_emr_experiments.csv
Starting 10MB memory-heavy on m5a.xlarge x 4 in ap-southeast-1
{
  "JobFlowId": "j-3VRC4OUI6XHVY",
  "ClusterArn": "arn:aws:elasticmapreduce:ap-southeast-1:435097195936:cluster/j-3VRC4OUI6XHVY",
  "ResponseMetadata": {
    "RequestId": "54d6131f-e84f-4bea-aa4a-d08ee2c02339",
    "HTTPStatusCode": 200,
    "HTTPHeaders": {
      "x-amzn-requestid": "54d6131f-e84f-4bea-aa4a-d08ee2c02339",
      "content-type": "application/x-amz-json-1.1",
      "content-length": "123",
      "date": "Fri, 24 Jul 2026 13:59:34 GMT"
    },
    "RetryAttempts": 0
  }
}
j-3VRC4OUI6XHVY step s-01731763D4YKCBFRALJF is PENDING
j-3VRC4OUI6XHVY step s-01731763D4YKCBFRALJF is PENDING
j-3VRC4OUI6XHVY step s-01731763D4YKCBFRALJF is PENDING
j-3VRC4OUI6XHVY step s-01731763D4YKCBFRALJF is PENDING
j-3VRC4OUI6XHVY step s-01731763D4YKCBFRALJF is PENDING
j-3VRC4OUI6XHVY step s-01731763D4YKCBFRALJF is PENDING
j-3VRC4OUI6XHVY step s-01731763D4YKCBFRALJF is PENDING
j-3VRC4OUI6XHVY step s-01731763D4YKCBFRALJF is PENDING
j-3VRC4OUI6XHVY step s-01731763D4YKCBFRALJF is PENDING
j-3VRC4OUI6XHVY step s-01731763D4YKCBFRALJF is RUNNING
j-3VRC4OUI6XHVY step s-01731763D4YKCBFRALJF is RUNNING
j-3VRC4OUI6XHVY step s-01731763D4YKCBFRALJF is RUNNING
j-3VRC4OUI6XHVY step s-01731763D4YKCBFRALJF is COMPLETED
j-3VRC4OUI6XHVY cluster is TERMINATING
j-3VRC4OUI6XHVY cluster is TERMINATING
j-3VRC4OUI6XHVY cluster is TERMINATING
j-3VRC4OUI6XHVY cluster is TERMINATED
Saved memory-heavy 10MB m5a.xlarge x 4 runtime=1.4767 min cost=$0.0213; cluster=TERMINATED
Batch finished. Success CSV: data/performance/performance_dataset.csv
Failed experiments CSV: data/performance/failed_emr_experiments.csv
Starting 10MB io-heavy on m5.xlarge x 2 in ap-southeast-1
{
  "JobFlowId": "j-OGOJHZBC35FR",
  "ClusterArn": "arn:aws:elasticmapreduce:ap-southeast-1:435097195936:cluster/j-OGOJHZBC35FR",
  "ResponseMetadata": {
    "RequestId": "c511056d-3d92-4afc-9491-d02b70d3af27",
    "HTTPStatusCode": 200,
    "HTTPHeaders": {
      "x-amzn-requestid": "c511056d-3d92-4afc-9491-d02b70d3af27",
      "content-type": "application/x-amz-json-1.1",
      "content-length": "121",
      "date": "Fri, 24 Jul 2026 14:07:19 GMT"
    },
    "RetryAttempts": 0
  }
}
j-OGOJHZBC35FR step s-07026983K0V4GBYWKOUE is PENDING
j-OGOJHZBC35FR step s-07026983K0V4GBYWKOUE is PENDING
j-OGOJHZBC35FR step s-07026983K0V4GBYWKOUE is PENDING
j-OGOJHZBC35FR step s-07026983K0V4GBYWKOUE is PENDING
j-OGOJHZBC35FR step s-07026983K0V4GBYWKOUE is PENDING
j-OGOJHZBC35FR step s-07026983K0V4GBYWKOUE is PENDING
j-OGOJHZBC35FR step s-07026983K0V4GBYWKOUE is PENDING
j-OGOJHZBC35FR step s-07026983K0V4GBYWKOUE is RUNNING
j-OGOJHZBC35FR step s-07026983K0V4GBYWKOUE is RUNNING
j-OGOJHZBC35FR step s-07026983K0V4GBYWKOUE is COMPLETED
j-OGOJHZBC35FR cluster is TERMINATING
j-OGOJHZBC35FR cluster is TERMINATED
Saved io-heavy 10MB m5.xlarge x 2 runtime=1.1395 min cost=$0.0091; cluster=TERMINATED
Batch finished. Success CSV: data/performance/performance_dataset.csv
Failed experiments CSV: data/performance/failed_emr_experiments.csv
Starting 500MB io-heavy on m5a.xlarge x 4 in ap-southeast-1
{
  "JobFlowId": "j-25FPCBK1H43D",
  "ClusterArn": "arn:aws:elasticmapreduce:ap-southeast-1:435097195936:cluster/j-25FPCBK1H43D",
  "ResponseMetadata": {
    "RequestId": "26092c30-760b-4887-8825-1269323c186a",
    "HTTPStatusCode": 200,
    "HTTPHeaders": {
      "x-amzn-requestid": "26092c30-760b-4887-8825-1269323c186a",
      "content-type": "application/x-amz-json-1.1",
      "content-length": "121",
      "date": "Fri, 24 Jul 2026 14:12:28 GMT"
    },
    "RetryAttempts": 0
  }
}
j-25FPCBK1H43D step s-04038221Q3F3G8JTBAG5 is PENDING
j-25FPCBK1H43D step s-04038221Q3F3G8JTBAG5 is PENDING
j-25FPCBK1H43D step s-04038221Q3F3G8JTBAG5 is PENDING
j-25FPCBK1H43D step s-04038221Q3F3G8JTBAG5 is PENDING
j-25FPCBK1H43D step s-04038221Q3F3G8JTBAG5 is PENDING
j-25FPCBK1H43D step s-04038221Q3F3G8JTBAG5 is PENDING
j-25FPCBK1H43D step s-04038221Q3F3G8JTBAG5 is PENDING
j-25FPCBK1H43D step s-04038221Q3F3G8JTBAG5 is PENDING
j-25FPCBK1H43D step s-04038221Q3F3G8JTBAG5 is RUNNING
j-25FPCBK1H43D step s-04038221Q3F3G8JTBAG5 is RUNNING
j-25FPCBK1H43D step s-04038221Q3F3G8JTBAG5 is RUNNING
j-25FPCBK1H43D step s-04038221Q3F3G8JTBAG5 is RUNNING
j-25FPCBK1H43D step s-04038221Q3F3G8JTBAG5 is COMPLETED
j-25FPCBK1H43D cluster is TERMINATING
j-25FPCBK1H43D cluster is TERMINATED
Saved io-heavy 500MB m5a.xlarge x 4 runtime=1.8075 min cost=$0.0260; cluster=TERMINATED
Batch finished. Success CSV: data/performance/performance_dataset.csv
Failed experiments CSV: data/performance/failed_emr_experiments.csv
Starting 10MB memory-heavy on m5.xlarge x 4 in ap-southeast-1
{
  "JobFlowId": "j-295WFBLXISRFM",
  "ClusterArn": "arn:aws:elasticmapreduce:ap-southeast-1:435097195936:cluster/j-295WFBLXISRFM",
  "ResponseMetadata": {
    "RequestId": "aa7f2cfb-0652-4f01-86ef-a7ecb55896ec",
    "HTTPStatusCode": 200,
    "HTTPHeaders": {
      "x-amzn-requestid": "aa7f2cfb-0652-4f01-86ef-a7ecb55896ec",
      "content-type": "application/x-amz-json-1.1",
      "content-length": "123",
      "date": "Fri, 24 Jul 2026 14:19:11 GMT"
    },
    "RetryAttempts": 0
  }
}
j-295WFBLXISRFM step s-01521843F1SE7WGMENM4 is PENDING
j-295WFBLXISRFM step s-01521843F1SE7WGMENM4 is COMPLETED
j-295WFBLXISRFM cluster is TERMINATED
Saved memory-heavy 10MB m5.xlarge x 4 runtime=1.1066 min cost=$0.0177; cluster=TERMINATED
Batch finished. Success CSV: data/performance/performance_dataset.csv
Failed experiments CSV: data/performance/failed_emr_experiments.csv
Starting 1024MB io-heavy on m5.xlarge x 4 in ap-southeast-1
{
  "JobFlowId": "j-38DW6N6KM57HL",
  "ClusterArn": "arn:aws:elasticmapreduce:ap-southeast-1:435097195936:cluster/j-38DW6N6KM57HL",
  "ResponseMetadata": {
    "RequestId": "8015fc6e-a9b1-4d59-ae9e-ffa216386589",
    "HTTPStatusCode": 200,
    "HTTPHeaders": {
      "x-amzn-requestid": "8015fc6e-a9b1-4d59-ae9e-ffa216386589",
      "content-type": "application/x-amz-json-1.1",
      "content-length": "123",
      "date": "Fri, 24 Jul 2026 14:37:09 GMT"
    },
    "RetryAttempts": 0
  }
}
j-38DW6N6KM57HL step s-0405103BS42VCLI4ZWT is PENDING
j-38DW6N6KM57HL step s-0405103BS42VCLI4ZWT is PENDING
j-38DW6N6KM57HL step s-0405103BS42VCLI4ZWT is PENDING
j-38DW6N6KM57HL step s-0405103BS42VCLI4ZWT is COMPLETED
j-38DW6N6KM57HL cluster is TERMINATED
Saved io-heavy 1024MB m5.xlarge x 4 runtime=1.8732 min cost=$0.0300; cluster=TERMINATED
Batch finished. Success CSV: data/performance/performance_dataset.csv
Failed experiments CSV: data/performance/failed_emr_experiments.csv
Starting 10MB cpu-heavy on c6i.xlarge x 4 in ap-southeast-1
{
  "JobFlowId": "j-NS87TU48RRFQ",
  "ClusterArn": "arn:aws:elasticmapreduce:ap-southeast-1:435097195936:cluster/j-NS87TU48RRFQ",
  "ResponseMetadata": {
    "RequestId": "a4d2c142-ed16-4475-82be-5dd69d4193e5",
    "HTTPStatusCode": 200,
    "HTTPHeaders": {
      "x-amzn-requestid": "a4d2c142-ed16-4475-82be-5dd69d4193e5",
      "content-type": "application/x-amz-json-1.1",
      "content-length": "121",
      "date": "Fri, 24 Jul 2026 14:53:48 GMT"
    },
    "RetryAttempts": 0
  }
}
j-NS87TU48RRFQ step s-0061335WVQYYM8C8V1X is PENDING
j-NS87TU48RRFQ step s-0061335WVQYYM8C8V1X is COMPLETED
j-NS87TU48RRFQ cluster is TERMINATED
Saved cpu-heavy 10MB c6i.xlarge x 4 runtime=0.8391 min cost=$0.0110; cluster=TERMINATED
Batch finished. Success CSV: data/performance/performance_dataset.csv
Failed experiments CSV: data/performance/failed_emr_experiments.csv
Starting 10MB io-heavy on m5.xlarge x 2 in ap-southeast-1
{
  "JobFlowId": "j-2WHP4ZL93X8YA",
  "ClusterArn": "arn:aws:elasticmapreduce:ap-southeast-1:435097195936:cluster/j-2WHP4ZL93X8YA",
  "ResponseMetadata": {
    "RequestId": "8e370bbb-719f-4d92-8996-78b76e1649d1",
    "HTTPStatusCode": 200,
    "HTTPHeaders": {
      "x-amzn-requestid": "8e370bbb-719f-4d92-8996-78b76e1649d1",
      "content-type": "application/x-amz-json-1.1",
      "content-length": "123",
      "date": "Fri, 24 Jul 2026 15:09:20 GMT"
    },
    "RetryAttempts": 0
  }
}
j-2WHP4ZL93X8YA step s-01464441DRRVABB101VN is PENDING
j-2WHP4ZL93X8YA step s-01464441DRRVABB101VN is COMPLETED
j-2WHP4ZL93X8YA cluster is TERMINATED
Saved io-heavy 10MB m5.xlarge x 2 runtime=0.9733 min cost=$0.0078; cluster=TERMINATED
Batch finished. Success CSV: data/performance/performance_dataset.csv
Failed experiments CSV: data/performance/failed_emr_experiments.csv
Starting 100MB cpu-heavy on c5.xlarge x 4 in ap-southeast-1
{
  "JobFlowId": "j-N2K110HDO77J",
  "ClusterArn": "arn:aws:elasticmapreduce:ap-southeast-1:435097195936:cluster/j-N2K110HDO77J",
  "ResponseMetadata": {
    "RequestId": "976f315d-0717-4422-a6ea-bd4dd62bb608",
    "HTTPStatusCode": 200,
    "HTTPHeaders": {
      "x-amzn-requestid": "976f315d-0717-4422-a6ea-bd4dd62bb608",
      "content-type": "application/x-amz-json-1.1",
      "content-length": "121",
      "date": "Fri, 24 Jul 2026 15:18:55 GMT"
    },
    "RetryAttempts": 0
  }
}
j-N2K110HDO77J step s-04047223NOZ3YND02QXS is PENDING
j-N2K110HDO77J step s-04047223NOZ3YND02QXS is COMPLETED
j-N2K110HDO77J cluster is TERMINATED
Saved cpu-heavy 100MB c5.xlarge x 4 runtime=0.9731 min cost=$0.0127; cluster=TERMINATED
Batch finished. Success CSV: data/performance/performance_dataset.csv
Failed experiments CSV: data/performance/failed_emr_experiments.csv
Starting 10MB io-heavy on c5.xlarge x 2 in ap-southeast-1
{
  "JobFlowId": "j-2NUK2C4PTCEQZ",
  "ClusterArn": "arn:aws:elasticmapreduce:ap-southeast-1:435097195936:cluster/j-2NUK2C4PTCEQZ",
  "ResponseMetadata": {
    "RequestId": "676d3235-46e7-40ef-b1cd-e4bc17846839",
    "HTTPStatusCode": 200,
    "HTTPHeaders": {
      "x-amzn-requestid": "676d3235-46e7-40ef-b1cd-e4bc17846839",
      "content-type": "application/x-amz-json-1.1",
      "content-length": "123",
      "date": "Fri, 24 Jul 2026 15:34:28 GMT"
    },
    "RetryAttempts": 0
  }
}
j-2NUK2C4PTCEQZ step s-01701471T450AGXUYW8A is PENDING
j-2NUK2C4PTCEQZ step s-01701471T450AGXUYW8A is PENDING
j-2NUK2C4PTCEQZ step s-01701471T450AGXUYW8A is COMPLETED
j-2NUK2C4PTCEQZ cluster is TERMINATED
Saved io-heavy 10MB c5.xlarge x 2 runtime=0.9065 min cost=$0.0059; cluster=TERMINATED
Batch finished. Success CSV: data/performance/performance_dataset.csv
Failed experiments CSV: data/performance/failed_emr_experiments.csv
Starting 10MB io-heavy on m5a.xlarge x 4 in ap-southeast-1
{
  "JobFlowId": "j-1FDDTGCYOSL7O",
  "ClusterArn": "arn:aws:elasticmapreduce:ap-southeast-1:435097195936:cluster/j-1FDDTGCYOSL7O",
  "ResponseMetadata": {
    "RequestId": "e9ea3534-3b86-4541-8923-17dc1fb13ba1",
    "HTTPStatusCode": 200,
    "HTTPHeaders": {
      "x-amzn-requestid": "e9ea3534-3b86-4541-8923-17dc1fb13ba1",
      "content-type": "application/x-amz-json-1.1",
      "content-length": "123",
      "date": "Fri, 24 Jul 2026 15:50:39 GMT"
    },
    "RetryAttempts": 0
  }
}
j-1FDDTGCYOSL7O step s-06765253V3D0G2PDO66W is PENDING
j-1FDDTGCYOSL7O step s-06765253V3D0G2PDO66W is PENDING
j-1FDDTGCYOSL7O step s-06765253V3D0G2PDO66W is RUNNING
j-1FDDTGCYOSL7O step s-06765253V3D0G2PDO66W is RUNNING
j-1FDDTGCYOSL7O step s-06765253V3D0G2PDO66W is RUNNING
j-1FDDTGCYOSL7O step s-06765253V3D0G2PDO66W is COMPLETED
j-1FDDTGCYOSL7O cluster is TERMINATING
j-1FDDTGCYOSL7O cluster is TERMINATED
Saved io-heavy 10MB m5a.xlarge x 4 runtime=1.4102 min cost=$0.0203; cluster=TERMINATED
Batch finished. Success CSV: data/performance/performance_dataset.csv
Failed experiments CSV: data/performance/failed_emr_experiments.csv
Starting 500MB memory-heavy on c5a.xlarge x 2 in ap-southeast-1
{
  "JobFlowId": "j-2CE3V7IUDLPOX",
  "ClusterArn": "arn:aws:elasticmapreduce:ap-southeast-1:435097195936:cluster/j-2CE3V7IUDLPOX",
  "ResponseMetadata": {
    "RequestId": "13310ac5-53b2-42b7-9418-3220c6be7813",
    "HTTPStatusCode": 200,
    "HTTPHeaders": {
      "x-amzn-requestid": "13310ac5-53b2-42b7-9418-3220c6be7813",
      "content-type": "application/x-amz-json-1.1",
      "content-length": "123",
      "date": "Fri, 24 Jul 2026 16:11:56 GMT"
    },
    "RetryAttempts": 0
  }
}
j-2CE3V7IUDLPOX step s-03811711J6EE9VFX2LX2 is PENDING
j-2CE3V7IUDLPOX step s-03811711J6EE9VFX2LX2 is COMPLETED
j-2CE3V7IUDLPOX cluster is TERMINATED
Saved memory-heavy 500MB c5a.xlarge x 2 runtime=1.1715 min cost=$0.0069; cluster=TERMINATED
Batch finished. Success CSV: data/performance/performance_dataset.csv
Failed experiments CSV: data/performance/failed_emr_experiments.csv
Starting 500MB memory-heavy on m6i.xlarge x 2 in ap-southeast-1
{
  "JobFlowId": "j-YDYLU4Q30LZ4",
  "ClusterArn": "arn:aws:elasticmapreduce:ap-southeast-1:435097195936:cluster/j-YDYLU4Q30LZ4",
  "ResponseMetadata": {
    "RequestId": "43543597-662b-445f-aab0-2dc13122563e",
    "HTTPStatusCode": 200,
    "HTTPHeaders": {
      "x-amzn-requestid": "43543597-662b-445f-aab0-2dc13122563e",
      "content-type": "application/x-amz-json-1.1",
      "content-length": "121",
      "date": "Fri, 24 Jul 2026 16:27:28 GMT"
    },
    "RetryAttempts": 0
  }
}
j-YDYLU4Q30LZ4 step s-04029271UCEO7N15LH1Z is PENDING
j-YDYLU4Q30LZ4 step s-04029271UCEO7N15LH1Z is COMPLETED
j-YDYLU4Q30LZ4 cluster is TERMINATED
Saved memory-heavy 500MB m6i.xlarge x 2 runtime=1.1054 min cost=$0.0088; cluster=TERMINATED
Batch finished. Success CSV: data/performance/performance_dataset.csv
Failed experiments CSV: data/performance/failed_emr_experiments.csv
Starting 10MB cpu-heavy on c6i.xlarge x 4 in ap-southeast-1
{
  "JobFlowId": "j-1Y4OUJTZREMZT",
  "ClusterArn": "arn:aws:elasticmapreduce:ap-southeast-1:435097195936:cluster/j-1Y4OUJTZREMZT",
  "ResponseMetadata": {
    "RequestId": "3193a620-653c-40bb-9da1-e1277c42f2ab",
    "HTTPStatusCode": 200,
    "HTTPHeaders": {
      "x-amzn-requestid": "3193a620-653c-40bb-9da1-e1277c42f2ab",
      "content-type": "application/x-amz-json-1.1",
      "content-length": "123",
      "date": "Fri, 24 Jul 2026 16:43:01 GMT"
    },
    "RetryAttempts": 0
  }
}
j-1Y4OUJTZREMZT step s-035980913F7LBEA9SY29 is PENDING
j-1Y4OUJTZREMZT step s-035980913F7LBEA9SY29 is PENDING
j-1Y4OUJTZREMZT step s-035980913F7LBEA9SY29 is COMPLETED
j-1Y4OUJTZREMZT cluster is TERMINATED
Saved cpu-heavy 10MB c6i.xlarge x 4 runtime=0.8047 min cost=$0.0105; cluster=TERMINATED
Batch finished. Success CSV: data/performance/performance_dataset.csv
Failed experiments CSV: data/performance/failed_emr_experiments.csv
Starting 10MB memory-heavy on c6i.xlarge x 4 in ap-southeast-1
{
  "JobFlowId": "j-2POHMGI53LM5C",
  "ClusterArn": "arn:aws:elasticmapreduce:ap-southeast-1:435097195936:cluster/j-2POHMGI53LM5C",
  "ResponseMetadata": {
    "RequestId": "1c9d282b-6623-4628-8b93-96795ae31dad",
    "HTTPStatusCode": 200,
    "HTTPHeaders": {
      "x-amzn-requestid": "1c9d282b-6623-4628-8b93-96795ae31dad",
      "content-type": "application/x-amz-json-1.1",
      "content-length": "123",
      "date": "Fri, 24 Jul 2026 16:59:04 GMT"
    },
    "RetryAttempts": 0
  }
}
j-2POHMGI53LM5C step s-093288517ADKB0SO8VKN is PENDING
j-2POHMGI53LM5C step s-093288517ADKB0SO8VKN is PENDING
j-2POHMGI53LM5C step s-093288517ADKB0SO8VKN is COMPLETED
j-2POHMGI53LM5C cluster is TERMINATED
Saved memory-heavy 10MB c6i.xlarge x 4 runtime=0.8728 min cost=$0.0114; cluster=TERMINATED
Batch finished. Success CSV: data/performance/performance_dataset.csv
Failed experiments CSV: data/performance/failed_emr_experiments.csv
Starting 3072MB io-heavy on c5a.xlarge x 4 in ap-southeast-1
{
  "JobFlowId": "j-1E4ID3D9TX2ZY",
  "ClusterArn": "arn:aws:elasticmapreduce:ap-southeast-1:435097195936:cluster/j-1E4ID3D9TX2ZY",
  "ResponseMetadata": {
    "RequestId": "084086a0-9734-482c-9f0b-221fca5f2686",
    "HTTPStatusCode": 200,
    "HTTPHeaders": {
      "x-amzn-requestid": "084086a0-9734-482c-9f0b-221fca5f2686",
      "content-type": "application/x-amz-json-1.1",
      "content-length": "123",
      "date": "Fri, 24 Jul 2026 17:15:17 GMT"
    },
    "RetryAttempts": 0
  }
}
j-1E4ID3D9TX2ZY step s-09266403U2UJ672PUXK2 is PENDING
j-1E4ID3D9TX2ZY step s-09266403U2UJ672PUXK2 is PENDING
j-1E4ID3D9TX2ZY step s-09266403U2UJ672PUXK2 is RUNNING
j-1E4ID3D9TX2ZY step s-09266403U2UJ672PUXK2 is COMPLETED
j-1E4ID3D9TX2ZY cluster is TERMINATED
Saved io-heavy 3072MB c5a.xlarge x 4 runtime=2.0390 min cost=$0.0239; cluster=TERMINATED
Batch finished. Success CSV: data/performance/performance_dataset.csv
Failed experiments CSV: data/performance/failed_emr_experiments.csv
Starting 1024MB cpu-heavy on c5a.xlarge x 2 in ap-southeast-1
{
  "JobFlowId": "j-2UUX20PO12FKT",
  "ClusterArn": "arn:aws:elasticmapreduce:ap-southeast-1:435097195936:cluster/j-2UUX20PO12FKT",
  "ResponseMetadata": {
    "RequestId": "7407efc1-376b-49f1-841c-d6c615e84c32",
    "HTTPStatusCode": 200,
    "HTTPHeaders": {
      "x-amzn-requestid": "7407efc1-376b-49f1-841c-d6c615e84c32",
      "content-type": "application/x-amz-json-1.1",
      "content-length": "123",
      "date": "Fri, 24 Jul 2026 17:36:05 GMT"
    },
    "RetryAttempts": 0
  }
}
j-2UUX20PO12FKT step s-0697668VJT0N61J7T5B is PENDING
j-2UUX20PO12FKT step s-0697668VJT0N61J7T5B is PENDING
j-2UUX20PO12FKT step s-0697668VJT0N61J7T5B is COMPLETED
j-2UUX20PO12FKT cluster is TERMINATED
Saved cpu-heavy 1024MB c5a.xlarge x 2 runtime=1.5723 min cost=$0.0092; cluster=TERMINATED
Batch finished. Success CSV: data/performance/performance_dataset.csv
Failed experiments CSV: data/performance/failed_emr_experiments.csv
Starting 10MB memory-heavy on c5.xlarge x 4 in ap-southeast-1
{
  "JobFlowId": "j-3Q0VHTNN08RGB",
  "ClusterArn": "arn:aws:elasticmapreduce:ap-southeast-1:435097195936:cluster/j-3Q0VHTNN08RGB",
  "ResponseMetadata": {
    "RequestId": "be491cf7-620a-4520-8491-b2d8cac6cb7c",
    "HTTPStatusCode": 200,
    "HTTPHeaders": {
      "x-amzn-requestid": "be491cf7-620a-4520-8491-b2d8cac6cb7c",
      "content-type": "application/x-amz-json-1.1",
      "content-length": "123",
      "date": "Fri, 24 Jul 2026 17:42:53 GMT"
    },
    "RetryAttempts": 0
  }
}
j-3Q0VHTNN08RGB step s-0677742312H4K79F0K05 is PENDING
j-3Q0VHTNN08RGB step s-0677742312H4K79F0K05 is PENDING
j-3Q0VHTNN08RGB step s-0677742312H4K79F0K05 is PENDING
j-3Q0VHTNN08RGB step s-0677742312H4K79F0K05 is PENDING
j-3Q0VHTNN08RGB step s-0677742312H4K79F0K05 is RUNNING
j-3Q0VHTNN08RGB step s-0677742312H4K79F0K05 is COMPLETED
j-3Q0VHTNN08RGB cluster is TERMINATED
Saved memory-heavy 10MB c5.xlarge x 4 runtime=0.9735 min cost=$0.0127; cluster=TERMINATED
Batch finished. Success CSV: data/performance/performance_dataset.csv
Failed experiments CSV: data/performance/failed_emr_experiments.csv
Starting 100MB cpu-heavy on c6i.xlarge x 2 in ap-southeast-1
{
  "JobFlowId": "j-3JXRX443AK4QC",
  "ClusterArn": "arn:aws:elasticmapreduce:ap-southeast-1:435097195936:cluster/j-3JXRX443AK4QC",
  "ResponseMetadata": {
    "RequestId": "3d064314-a4e4-4858-84e2-cbd15d981a01",
    "HTTPStatusCode": 200,
    "HTTPHeaders": {
      "x-amzn-requestid": "3d064314-a4e4-4858-84e2-cbd15d981a01",
      "content-type": "application/x-amz-json-1.1",
      "content-length": "123",
      "date": "Fri, 24 Jul 2026 17:52:23 GMT"
    },
    "RetryAttempts": 0
  }
}
j-3JXRX443AK4QC step s-0703742OG7T3I0E8HZX is PENDING
j-3JXRX443AK4QC step s-0703742OG7T3I0E8HZX is PENDING
j-3JXRX443AK4QC step s-0703742OG7T3I0E8HZX is PENDING
j-3JXRX443AK4QC step s-0703742OG7T3I0E8HZX is PENDING
j-3JXRX443AK4QC step s-0703742OG7T3I0E8HZX is PENDING
j-3JXRX443AK4QC step s-0703742OG7T3I0E8HZX is COMPLETED
j-3JXRX443AK4QC cluster is TERMINATED
Saved cpu-heavy 100MB c6i.xlarge x 2 runtime=0.7717 min cost=$0.0050; cluster=TERMINATED
Batch finished. Success CSV: data/performance/performance_dataset.csv
Failed experiments CSV: data/performance/failed_emr_experiments.csv
Starting 10MB memory-heavy on m5.xlarge x 4 in ap-southeast-1
{
  "JobFlowId": "j-2UR6YHGPQRMKS",
  "ClusterArn": "arn:aws:elasticmapreduce:ap-southeast-1:435097195936:cluster/j-2UR6YHGPQRMKS",
  "ResponseMetadata": {
    "RequestId": "6ec84b11-832d-4f8e-b466-a37151dd71fd",
    "HTTPStatusCode": 200,
    "HTTPHeaders": {
      "x-amzn-requestid": "6ec84b11-832d-4f8e-b466-a37151dd71fd",
      "content-type": "application/x-amz-json-1.1",
      "content-length": "123",
      "date": "Fri, 24 Jul 2026 18:09:56 GMT"
    },
    "RetryAttempts": 0
  }
}
j-2UR6YHGPQRMKS step s-0404048227O042JJQWC4 is PENDING
j-2UR6YHGPQRMKS step s-0404048227O042JJQWC4 is COMPLETED
j-2UR6YHGPQRMKS cluster is TERMINATED
Saved memory-heavy 10MB m5.xlarge x 4 runtime=1.1066 min cost=$0.0177; cluster=TERMINATED
Batch finished. Success CSV: data/performance/performance_dataset.csv
Failed experiments CSV: data/performance/failed_emr_experiments.csv
Starting 10MB cpu-heavy on m5.xlarge x 4 in ap-southeast-1
{
  "JobFlowId": "j-W4Q8E0Y93CZS",
  "ClusterArn": "arn:aws:elasticmapreduce:ap-southeast-1:435097195936:cluster/j-W4Q8E0Y93CZS",
  "ResponseMetadata": {
    "RequestId": "43ce0052-fd23-40ef-a5ae-cb14d4bb2158",
    "HTTPStatusCode": 200,
    "HTTPHeaders": {
      "x-amzn-requestid": "43ce0052-fd23-40ef-a5ae-cb14d4bb2158",
      "content-type": "application/x-amz-json-1.1",
      "content-length": "121",
      "date": "Fri, 24 Jul 2026 18:15:10 GMT"
    },
    "RetryAttempts": 0
  }
}
j-W4Q8E0Y93CZS step s-04041283T5JOJHRHMLKS is PENDING
j-W4Q8E0Y93CZS step s-04041283T5JOJHRHMLKS is PENDING
j-W4Q8E0Y93CZS step s-04041283T5JOJHRHMLKS is COMPLETED
j-W4Q8E0Y93CZS cluster is TERMINATED
Saved cpu-heavy 10MB m5.xlarge x 4 runtime=1.0731 min cost=$0.0172; cluster=TERMINATED
Batch finished. Success CSV: data/performance/performance_dataset.csv
Failed experiments CSV: data/performance/failed_emr_experiments.csv
Starting 10MB cpu-heavy on c5a.xlarge x 4 in ap-southeast-1
{
  "JobFlowId": "j-A2SHAYKTD7EC",
  "ClusterArn": "arn:aws:elasticmapreduce:ap-southeast-1:435097195936:cluster/j-A2SHAYKTD7EC",
  "ResponseMetadata": {
    "RequestId": "995911c8-84a1-4e7e-9492-99811257a086",
    "HTTPStatusCode": 200,
    "HTTPHeaders": {
      "x-amzn-requestid": "995911c8-84a1-4e7e-9492-99811257a086",
      "content-type": "application/x-amz-json-1.1",
      "content-length": "121",
      "date": "Fri, 24 Jul 2026 18:34:34 GMT"
    },
    "RetryAttempts": 0
  }
}
j-A2SHAYKTD7EC step s-092712321DG4Q0SFY1TD is PENDING
j-A2SHAYKTD7EC step s-092712321DG4Q0SFY1TD is PENDING
j-A2SHAYKTD7EC step s-092712321DG4Q0SFY1TD is PENDING
j-A2SHAYKTD7EC step s-092712321DG4Q0SFY1TD is PENDING
j-A2SHAYKTD7EC step s-092712321DG4Q0SFY1TD is PENDING
j-A2SHAYKTD7EC step s-092712321DG4Q0SFY1TD is RUNNING
j-A2SHAYKTD7EC step s-092712321DG4Q0SFY1TD is RUNNING
j-A2SHAYKTD7EC step s-092712321DG4Q0SFY1TD is COMPLETED
j-A2SHAYKTD7EC cluster is TERMINATING
j-A2SHAYKTD7EC cluster is TERMINATED
Saved cpu-heavy 10MB c5a.xlarge x 4 runtime=0.8389 min cost=$0.0098; cluster=TERMINATED
Batch finished. Success CSV: data/performance/performance_dataset.csv
Failed experiments CSV: data/performance/failed_emr_experiments.csv
Starting 10MB memory-heavy on m5.xlarge x 4 in ap-southeast-1
{
  "JobFlowId": "j-1G0Y83UZ4MCX2",
  "ClusterArn": "arn:aws:elasticmapreduce:ap-southeast-1:435097195936:cluster/j-1G0Y83UZ4MCX2",
  "ResponseMetadata": {
    "RequestId": "15602919-b45d-4445-903c-d79cae865015",
    "HTTPStatusCode": 200,
    "HTTPHeaders": {
      "x-amzn-requestid": "15602919-b45d-4445-903c-d79cae865015",
      "content-type": "application/x-amz-json-1.1",
      "content-length": "123",
      "date": "Fri, 24 Jul 2026 18:39:34 GMT"
    },
    "RetryAttempts": 0
  }
}
j-1G0Y83UZ4MCX2 step s-03817843T348JV08DANF is PENDING
j-1G0Y83UZ4MCX2 step s-03817843T348JV08DANF is PENDING
j-1G0Y83UZ4MCX2 step s-03817843T348JV08DANF is PENDING
j-1G0Y83UZ4MCX2 step s-03817843T348JV08DANF is PENDING
j-1G0Y83UZ4MCX2 step s-03817843T348JV08DANF is PENDING
j-1G0Y83UZ4MCX2 step s-03817843T348JV08DANF is PENDING
j-1G0Y83UZ4MCX2 step s-03817843T348JV08DANF is PENDING
j-1G0Y83UZ4MCX2 step s-03817843T348JV08DANF is COMPLETED
j-1G0Y83UZ4MCX2 cluster is TERMINATED
Saved memory-heavy 10MB m5.xlarge x 4 runtime=1.1067 min cost=$0.0177; cluster=TERMINATED
Batch finished. Success CSV: data/performance/performance_dataset.csv
Failed experiments CSV: data/performance/failed_emr_experiments.csv
Starting 10MB io-heavy on c6i.xlarge x 4 in ap-southeast-1
{
  "JobFlowId": "j-1RS6HK6HED3GH",
  "ClusterArn": "arn:aws:elasticmapreduce:ap-southeast-1:435097195936:cluster/j-1RS6HK6HED3GH",
  "ResponseMetadata": {
    "RequestId": "3c31d9f5-a584-4e07-a913-0deaf055f50f",
    "HTTPStatusCode": 200,
    "HTTPHeaders": {
      "x-amzn-requestid": "3c31d9f5-a584-4e07-a913-0deaf055f50f",
      "content-type": "application/x-amz-json-1.1",
      "content-length": "123",
      "date": "Fri, 24 Jul 2026 18:45:27 GMT"
    },
    "RetryAttempts": 0
  }
}
j-1RS6HK6HED3GH step s-006323025Y6XYEJZ59D9 is PENDING
j-1RS6HK6HED3GH step s-006323025Y6XYEJZ59D9 is PENDING
j-1RS6HK6HED3GH step s-006323025Y6XYEJZ59D9 is PENDING
j-1RS6HK6HED3GH step s-006323025Y6XYEJZ59D9 is PENDING
j-1RS6HK6HED3GH step s-006323025Y6XYEJZ59D9 is PENDING
j-1RS6HK6HED3GH step s-006323025Y6XYEJZ59D9 is COMPLETED
j-1RS6HK6HED3GH cluster is TERMINATED
Saved io-heavy 10MB c6i.xlarge x 4 runtime=0.8723 min cost=$0.0114; cluster=TERMINATED
Batch finished. Success CSV: data/performance/performance_dataset.csv
Failed experiments CSV: data/performance/failed_emr_experiments.csv
Starting 500MB cpu-heavy on c5a.xlarge x 2 in ap-southeast-1
{
  "JobFlowId": "j-3JLVSYGI5MLS5",
  "ClusterArn": "arn:aws:elasticmapreduce:ap-southeast-1:435097195936:cluster/j-3JLVSYGI5MLS5",
  "ResponseMetadata": {
    "RequestId": "0bdfbb7d-5d7a-4718-bcf4-9df703dbd3fb",
    "HTTPStatusCode": 200,
    "HTTPHeaders": {
      "x-amzn-requestid": "0bdfbb7d-5d7a-4718-bcf4-9df703dbd3fb",
      "content-type": "application/x-amz-json-1.1",
      "content-length": "123",
      "date": "Fri, 24 Jul 2026 19:00:54 GMT"
    },
    "RetryAttempts": 0
  }
}
j-3JLVSYGI5MLS5 step s-06664442W1MDEYURKX6K is PENDING
j-3JLVSYGI5MLS5 step s-06664442W1MDEYURKX6K is PENDING
j-3JLVSYGI5MLS5 step s-06664442W1MDEYURKX6K is PENDING
j-3JLVSYGI5MLS5 step s-06664442W1MDEYURKX6K is PENDING
j-3JLVSYGI5MLS5 step s-06664442W1MDEYURKX6K is PENDING
j-3JLVSYGI5MLS5 step s-06664442W1MDEYURKX6K is PENDING
j-3JLVSYGI5MLS5 step s-06664442W1MDEYURKX6K is RUNNING
j-3JLVSYGI5MLS5 step s-06664442W1MDEYURKX6K is RUNNING
j-3JLVSYGI5MLS5 step s-06664442W1MDEYURKX6K is COMPLETED
j-3JLVSYGI5MLS5 cluster is TERMINATING
j-3JLVSYGI5MLS5 cluster is TERMINATING
j-3JLVSYGI5MLS5 cluster is TERMINATED
Saved cpu-heavy 500MB c5a.xlarge x 2 runtime=1.1063 min cost=$0.0065; cluster=TERMINATED
Batch finished. Success CSV: data/performance/performance_dataset.csv
Failed experiments CSV: data/performance/failed_emr_experiments.csv
Starting 100MB memory-heavy on m6i.xlarge x 4 in ap-southeast-1
{
  "JobFlowId": "j-OWYQG1JR9UJ8",
  "ClusterArn": "arn:aws:elasticmapreduce:ap-southeast-1:435097195936:cluster/j-OWYQG1JR9UJ8",
  "ResponseMetadata": {
    "RequestId": "8ea2dcc2-94d7-4a1c-8552-49c9a32b18e7",
    "HTTPStatusCode": 200,
    "HTTPHeaders": {
      "x-amzn-requestid": "8ea2dcc2-94d7-4a1c-8552-49c9a32b18e7",
      "content-type": "application/x-amz-json-1.1",
      "content-length": "121",
      "date": "Fri, 24 Jul 2026 19:05:59 GMT"
    },
    "RetryAttempts": 0
  }
}
j-OWYQG1JR9UJ8 step s-09280493UN5WYD2P0VIQ is PENDING
j-OWYQG1JR9UJ8 step s-09280493UN5WYD2P0VIQ is PENDING
j-OWYQG1JR9UJ8 step s-09280493UN5WYD2P0VIQ is PENDING
j-OWYQG1JR9UJ8 step s-09280493UN5WYD2P0VIQ is PENDING
j-OWYQG1JR9UJ8 step s-09280493UN5WYD2P0VIQ is PENDING
j-OWYQG1JR9UJ8 step s-09280493UN5WYD2P0VIQ is PENDING
j-OWYQG1JR9UJ8 step s-09280493UN5WYD2P0VIQ is PENDING
j-OWYQG1JR9UJ8 step s-09280493UN5WYD2P0VIQ is RUNNING
j-OWYQG1JR9UJ8 step s-09280493UN5WYD2P0VIQ is RUNNING
j-OWYQG1JR9UJ8 step s-09280493UN5WYD2P0VIQ is COMPLETED
j-OWYQG1JR9UJ8 cluster is TERMINATING
j-OWYQG1JR9UJ8 cluster is TERMINATING
j-OWYQG1JR9UJ8 cluster is TERMINATED
Saved memory-heavy 100MB m6i.xlarge x 4 runtime=1.2720 min cost=$0.0204; cluster=TERMINATED
Batch finished. Success CSV: data/performance/performance_dataset.csv
Failed experiments CSV: data/performance/failed_emr_experiments.csv
Starting 100MB io-heavy on c5.xlarge x 2 in ap-southeast-1
{
  "JobFlowId": "j-1NQQ81VDL1OIZ",
  "ClusterArn": "arn:aws:elasticmapreduce:ap-southeast-1:435097195936:cluster/j-1NQQ81VDL1OIZ",
  "ResponseMetadata": {
    "RequestId": "4fb039a8-65b5-4ef4-9f9f-4c6e8cb5ce64",
    "HTTPStatusCode": 200,
    "HTTPHeaders": {
      "x-amzn-requestid": "4fb039a8-65b5-4ef4-9f9f-4c6e8cb5ce64",
      "content-type": "application/x-amz-json-1.1",
      "content-length": "123",
      "date": "Fri, 24 Jul 2026 19:11:35 GMT"
    },
    "RetryAttempts": 0
  }
}
j-1NQQ81VDL1OIZ step s-00632091BU21E86Y9BLM is PENDING
j-1NQQ81VDL1OIZ step s-00632091BU21E86Y9BLM is PENDING
j-1NQQ81VDL1OIZ step s-00632091BU21E86Y9BLM is PENDING
j-1NQQ81VDL1OIZ step s-00632091BU21E86Y9BLM is PENDING
j-1NQQ81VDL1OIZ step s-00632091BU21E86Y9BLM is PENDING
j-1NQQ81VDL1OIZ step s-00632091BU21E86Y9BLM is PENDING
j-1NQQ81VDL1OIZ step s-00632091BU21E86Y9BLM is PENDING
j-1NQQ81VDL1OIZ step s-00632091BU21E86Y9BLM is RUNNING
j-1NQQ81VDL1OIZ step s-00632091BU21E86Y9BLM is RUNNING
j-1NQQ81VDL1OIZ step s-00632091BU21E86Y9BLM is RUNNING
j-1NQQ81VDL1OIZ step s-00632091BU21E86Y9BLM is COMPLETED
j-1NQQ81VDL1OIZ cluster is TERMINATING
j-1NQQ81VDL1OIZ cluster is TERMINATING
j-1NQQ81VDL1OIZ cluster is TERMINATED
Saved io-heavy 100MB c5.xlarge x 2 runtime=1.6396 min cost=$0.0107; cluster=TERMINATED
Batch finished. Success CSV: data/performance/performance_dataset.csv
Failed experiments CSV: data/performance/failed_emr_experiments.csv
Starting 500MB io-heavy on m6i.xlarge x 2 in ap-southeast-1
{
  "JobFlowId": "j-3HHIXT6O81JKC",
  "ClusterArn": "arn:aws:elasticmapreduce:ap-southeast-1:435097195936:cluster/j-3HHIXT6O81JKC",
  "ResponseMetadata": {
    "RequestId": "73caf7e7-87c0-4aff-a17b-d1ec1e1debbd",
    "HTTPStatusCode": 200,
    "HTTPHeaders": {
      "x-amzn-requestid": "73caf7e7-87c0-4aff-a17b-d1ec1e1debbd",
      "content-type": "application/x-amz-json-1.1",
      "content-length": "123",
      "date": "Fri, 24 Jul 2026 19:17:41 GMT"
    },
    "RetryAttempts": 0
  }
}
j-3HHIXT6O81JKC step s-0650419B9CVRJL687X2 is PENDING
j-3HHIXT6O81JKC step s-0650419B9CVRJL687X2 is PENDING
j-3HHIXT6O81JKC step s-0650419B9CVRJL687X2 is PENDING
j-3HHIXT6O81JKC step s-0650419B9CVRJL687X2 is PENDING
j-3HHIXT6O81JKC step s-0650419B9CVRJL687X2 is PENDING
j-3HHIXT6O81JKC step s-0650419B9CVRJL687X2 is PENDING
j-3HHIXT6O81JKC step s-0650419B9CVRJL687X2 is RUNNING
j-3HHIXT6O81JKC step s-0650419B9CVRJL687X2 is RUNNING
j-3HHIXT6O81JKC step s-0650419B9CVRJL687X2 is RUNNING
j-3HHIXT6O81JKC step s-0650419B9CVRJL687X2 is COMPLETED
j-3HHIXT6O81JKC cluster is TERMINATING
j-3HHIXT6O81JKC cluster is TERMINATED
Saved io-heavy 500MB m6i.xlarge x 2 runtime=1.2721 min cost=$0.0102; cluster=TERMINATED
Batch finished. Success CSV: data/performance/performance_dataset.csv
Failed experiments CSV: data/performance/failed_emr_experiments.csv
Starting 100MB io-heavy on m6i.xlarge x 2 in ap-southeast-1
{
  "JobFlowId": "j-3S3KUP3WA6CTA",
  "ClusterArn": "arn:aws:elasticmapreduce:ap-southeast-1:435097195936:cluster/j-3S3KUP3WA6CTA",
  "ResponseMetadata": {
    "RequestId": "e2d21701-16d6-41bc-8e43-cc0d11e1a0df",
    "HTTPStatusCode": 200,
    "HTTPHeaders": {
      "x-amzn-requestid": "e2d21701-16d6-41bc-8e43-cc0d11e1a0df",
      "content-type": "application/x-amz-json-1.1",
      "content-length": "123",
      "date": "Fri, 24 Jul 2026 19:22:46 GMT"
    },
    "RetryAttempts": 0
  }
}
j-3S3KUP3WA6CTA step s-0380933L2OUNOMR9BW9 is PENDING
j-3S3KUP3WA6CTA step s-0380933L2OUNOMR9BW9 is PENDING
j-3S3KUP3WA6CTA step s-0380933L2OUNOMR9BW9 is PENDING
j-3S3KUP3WA6CTA step s-0380933L2OUNOMR9BW9 is PENDING
j-3S3KUP3WA6CTA step s-0380933L2OUNOMR9BW9 is PENDING
j-3S3KUP3WA6CTA step s-0380933L2OUNOMR9BW9 is PENDING
j-3S3KUP3WA6CTA step s-0380933L2OUNOMR9BW9 is PENDING
j-3S3KUP3WA6CTA step s-0380933L2OUNOMR9BW9 is RUNNING
j-3S3KUP3WA6CTA step s-0380933L2OUNOMR9BW9 is RUNNING
j-3S3KUP3WA6CTA step s-0380933L2OUNOMR9BW9 is RUNNING
j-3S3KUP3WA6CTA step s-0380933L2OUNOMR9BW9 is COMPLETED
j-3S3KUP3WA6CTA cluster is TERMINATING
j-3S3KUP3WA6CTA cluster is TERMINATING
j-3S3KUP3WA6CTA cluster is TERMINATED
Saved io-heavy 100MB m6i.xlarge x 2 runtime=1.5041 min cost=$0.0120; cluster=TERMINATED
Batch finished. Success CSV: data/performance/performance_dataset.csv
Failed experiments CSV: data/performance/failed_emr_experiments.csv
Starting 10MB memory-heavy on m5.xlarge x 4 in ap-southeast-1
{
  "JobFlowId": "j-1VASB8J6CCEXF",
  "ClusterArn": "arn:aws:elasticmapreduce:ap-southeast-1:435097195936:cluster/j-1VASB8J6CCEXF",
  "ResponseMetadata": {
    "RequestId": "103b0df8-899a-4248-9835-1b4a16697167",
    "HTTPStatusCode": 200,
    "HTTPHeaders": {
      "x-amzn-requestid": "103b0df8-899a-4248-9835-1b4a16697167",
      "content-type": "application/x-amz-json-1.1",
      "content-length": "123",
      "date": "Fri, 24 Jul 2026 19:28:52 GMT"
    },
    "RetryAttempts": 0
  }
}
j-1VASB8J6CCEXF step s-04042881RU23TWFFG7JQ is PENDING
j-1VASB8J6CCEXF step s-04042881RU23TWFFG7JQ is PENDING
j-1VASB8J6CCEXF step s-04042881RU23TWFFG7JQ is PENDING
j-1VASB8J6CCEXF step s-04042881RU23TWFFG7JQ is PENDING
j-1VASB8J6CCEXF step s-04042881RU23TWFFG7JQ is PENDING
j-1VASB8J6CCEXF step s-04042881RU23TWFFG7JQ is PENDING
j-1VASB8J6CCEXF step s-04042881RU23TWFFG7JQ is PENDING
j-1VASB8J6CCEXF step s-04042881RU23TWFFG7JQ is RUNNING
j-1VASB8J6CCEXF step s-04042881RU23TWFFG7JQ is RUNNING
j-1VASB8J6CCEXF step s-04042881RU23TWFFG7JQ is RUNNING
j-1VASB8J6CCEXF step s-04042881RU23TWFFG7JQ is COMPLETED
j-1VASB8J6CCEXF cluster is TERMINATING
j-1VASB8J6CCEXF cluster is TERMINATING
j-1VASB8J6CCEXF cluster is TERMINATING
j-1VASB8J6CCEXF cluster is TERMINATED
Saved memory-heavy 10MB m5.xlarge x 4 runtime=1.1735 min cost=$0.0188; cluster=TERMINATED
Batch finished. Success CSV: data/performance/performance_dataset.csv
Failed experiments CSV: data/performance/failed_emr_experiments.csv
Starting 10MB memory-heavy on c6i.xlarge x 2 in ap-southeast-1
{
  "JobFlowId": "j-4P5379MM13L8",
  "ClusterArn": "arn:aws:elasticmapreduce:ap-southeast-1:435097195936:cluster/j-4P5379MM13L8",
  "ResponseMetadata": {
    "RequestId": "014847fc-0d9d-46c8-946f-d9a1d1344a5b",
    "HTTPStatusCode": 200,
    "HTTPHeaders": {
      "x-amzn-requestid": "014847fc-0d9d-46c8-946f-d9a1d1344a5b",
      "content-type": "application/x-amz-json-1.1",
      "content-length": "121",
      "date": "Fri, 24 Jul 2026 19:35:28 GMT"
    },
    "RetryAttempts": 0
  }
}
j-4P5379MM13L8 step s-07012882L74Q9V7MMSGF is PENDING
j-4P5379MM13L8 step s-07012882L74Q9V7MMSGF is PENDING
j-4P5379MM13L8 step s-07012882L74Q9V7MMSGF is PENDING
j-4P5379MM13L8 step s-07012882L74Q9V7MMSGF is PENDING
j-4P5379MM13L8 step s-07012882L74Q9V7MMSGF is PENDING
j-4P5379MM13L8 step s-07012882L74Q9V7MMSGF is PENDING
j-4P5379MM13L8 step s-07012882L74Q9V7MMSGF is PENDING
j-4P5379MM13L8 step s-07012882L74Q9V7MMSGF is RUNNING
j-4P5379MM13L8 step s-07012882L74Q9V7MMSGF is COMPLETED
j-4P5379MM13L8 cluster is TERMINATING
j-4P5379MM13L8 cluster is TERMINATING
j-4P5379MM13L8 cluster is TERMINATED
Saved memory-heavy 10MB c6i.xlarge x 2 runtime=0.7724 min cost=$0.0050; cluster=TERMINATED
Batch finished. Success CSV: data/performance/performance_dataset.csv
Failed experiments CSV: data/performance/failed_emr_experiments.csv
Starting 10MB memory-heavy on m5.xlarge x 2 in ap-southeast-1
{
  "JobFlowId": "j-2836DZ3T4RZ6R",
  "ClusterArn": "arn:aws:elasticmapreduce:ap-southeast-1:435097195936:cluster/j-2836DZ3T4RZ6R",
  "ResponseMetadata": {
    "RequestId": "e1670486-72cc-4709-a814-36d37a43e8b0",
    "HTTPStatusCode": 200,
    "HTTPHeaders": {
      "x-amzn-requestid": "e1670486-72cc-4709-a814-36d37a43e8b0",
      "content-type": "application/x-amz-json-1.1",
      "content-length": "123",
      "date": "Fri, 24 Jul 2026 19:40:37 GMT"
    },
    "RetryAttempts": 0
  }
}
j-2836DZ3T4RZ6R step s-0165272AUC1PGIAKQSO is PENDING
j-2836DZ3T4RZ6R step s-0165272AUC1PGIAKQSO is PENDING
j-2836DZ3T4RZ6R step s-0165272AUC1PGIAKQSO is PENDING
j-2836DZ3T4RZ6R step s-0165272AUC1PGIAKQSO is PENDING
j-2836DZ3T4RZ6R step s-0165272AUC1PGIAKQSO is PENDING
j-2836DZ3T4RZ6R step s-0165272AUC1PGIAKQSO is PENDING
j-2836DZ3T4RZ6R step s-0165272AUC1PGIAKQSO is PENDING
j-2836DZ3T4RZ6R step s-0165272AUC1PGIAKQSO is RUNNING
j-2836DZ3T4RZ6R step s-0165272AUC1PGIAKQSO is RUNNING
j-2836DZ3T4RZ6R step s-0165272AUC1PGIAKQSO is COMPLETED
j-2836DZ3T4RZ6R cluster is TERMINATING
j-2836DZ3T4RZ6R cluster is TERMINATED
Saved memory-heavy 10MB m5.xlarge x 2 runtime=0.9067 min cost=$0.0073; cluster=TERMINATED
Batch finished. Success CSV: data/performance/performance_dataset.csv
Failed experiments CSV: data/performance/failed_emr_experiments.csv
Starting 10MB cpu-heavy on c5.xlarge x 2 in ap-southeast-1
{
  "JobFlowId": "j-EY4RARWG4BN2",
  "ClusterArn": "arn:aws:elasticmapreduce:ap-southeast-1:435097195936:cluster/j-EY4RARWG4BN2",
  "ResponseMetadata": {
    "RequestId": "cf4c1bac-749b-4253-a546-dc7d7911ddde",
    "HTTPStatusCode": 200,
    "HTTPHeaders": {
      "x-amzn-requestid": "cf4c1bac-749b-4253-a546-dc7d7911ddde",
      "content-type": "application/x-amz-json-1.1",
      "content-length": "121",
      "date": "Fri, 24 Jul 2026 19:45:41 GMT"
    },
    "RetryAttempts": 0
  }
}
j-EY4RARWG4BN2 step s-070243726KJTR62LLTX is PENDING
j-EY4RARWG4BN2 step s-070243726KJTR62LLTX is PENDING
j-EY4RARWG4BN2 step s-070243726KJTR62LLTX is COMPLETED
j-EY4RARWG4BN2 cluster is TERMINATED
Saved cpu-heavy 10MB c5.xlarge x 2 runtime=0.8397 min cost=$0.0055; cluster=TERMINATED
Batch finished. Success CSV: data/performance/performance_dataset.csv
Failed experiments CSV: data/performance/failed_emr_experiments.csv
Starting 10MB io-heavy on c6i.xlarge x 2 in ap-southeast-1
{
  "JobFlowId": "j-3IZSG0AH6ELUS",
  "ClusterArn": "arn:aws:elasticmapreduce:ap-southeast-1:435097195936:cluster/j-3IZSG0AH6ELUS",
  "ResponseMetadata": {
    "RequestId": "acd6820e-da1c-4ad9-ae60-5299534ad607",
    "HTTPStatusCode": 200,
    "HTTPHeaders": {
      "x-amzn-requestid": "acd6820e-da1c-4ad9-ae60-5299534ad607",
      "content-type": "application/x-amz-json-1.1",
      "content-length": "123",
      "date": "Fri, 24 Jul 2026 19:57:13 GMT"
    },
    "RetryAttempts": 0
  }
}
j-3IZSG0AH6ELUS step s-06619491GYBXZBTKZ7H6 is PENDING
j-3IZSG0AH6ELUS step s-06619491GYBXZBTKZ7H6 is PENDING
j-3IZSG0AH6ELUS step s-06619491GYBXZBTKZ7H6 is PENDING
j-3IZSG0AH6ELUS step s-06619491GYBXZBTKZ7H6 is PENDING
j-3IZSG0AH6ELUS step s-06619491GYBXZBTKZ7H6 is PENDING
j-3IZSG0AH6ELUS step s-06619491GYBXZBTKZ7H6 is PENDING
j-3IZSG0AH6ELUS step s-06619491GYBXZBTKZ7H6 is RUNNING
j-3IZSG0AH6ELUS step s-06619491GYBXZBTKZ7H6 is RUNNING
j-3IZSG0AH6ELUS step s-06619491GYBXZBTKZ7H6 is COMPLETED
j-3IZSG0AH6ELUS cluster is TERMINATING
j-3IZSG0AH6ELUS cluster is TERMINATING
j-3IZSG0AH6ELUS cluster is TERMINATED
Saved io-heavy 10MB c6i.xlarge x 2 runtime=0.8389 min cost=$0.0055; cluster=TERMINATED
Batch finished. Success CSV: data/performance/performance_dataset.csv
Failed experiments CSV: data/performance/failed_emr_experiments.csv
Starting 3072MB cpu-heavy on m6i.xlarge x 4 in ap-southeast-1
{
  "JobFlowId": "j-1WW44PWZ93WN4",
  "ClusterArn": "arn:aws:elasticmapreduce:ap-southeast-1:435097195936:cluster/j-1WW44PWZ93WN4",
  "ResponseMetadata": {
    "RequestId": "9226a3c8-9349-491b-ad5e-f901fe7a6f0e",
    "HTTPStatusCode": 200,
    "HTTPHeaders": {
      "x-amzn-requestid": "9226a3c8-9349-491b-ad5e-f901fe7a6f0e",
      "content-type": "application/x-amz-json-1.1",
      "content-length": "123",
      "date": "Fri, 24 Jul 2026 20:02:19 GMT"
    },
    "RetryAttempts": 0
  }
}
j-1WW44PWZ93WN4 step s-00303362R20JAYRGTYC5 is PENDING
j-1WW44PWZ93WN4 step s-00303362R20JAYRGTYC5 is PENDING
j-1WW44PWZ93WN4 step s-00303362R20JAYRGTYC5 is PENDING
j-1WW44PWZ93WN4 step s-00303362R20JAYRGTYC5 is PENDING
j-1WW44PWZ93WN4 step s-00303362R20JAYRGTYC5 is PENDING
j-1WW44PWZ93WN4 step s-00303362R20JAYRGTYC5 is PENDING
j-1WW44PWZ93WN4 step s-00303362R20JAYRGTYC5 is PENDING
j-1WW44PWZ93WN4 step s-00303362R20JAYRGTYC5 is RUNNING
j-1WW44PWZ93WN4 step s-00303362R20JAYRGTYC5 is RUNNING
j-1WW44PWZ93WN4 step s-00303362R20JAYRGTYC5 is RUNNING
j-1WW44PWZ93WN4 step s-00303362R20JAYRGTYC5 is COMPLETED
j-1WW44PWZ93WN4 cluster is TERMINATING
j-1WW44PWZ93WN4 cluster is TERMINATING
j-1WW44PWZ93WN4 cluster is TERMINATED
Saved cpu-heavy 3072MB m6i.xlarge x 4 runtime=1.9063 min cost=$0.0305; cluster=TERMINATED
Batch finished. Success CSV: data/performance/performance_dataset.csv
Failed experiments CSV: data/performance/failed_emr_experiments.csv
Starting 100MB memory-heavy on m5a.xlarge x 4 in ap-southeast-1
{
  "JobFlowId": "j-2RNQLMOP0PIVI",
  "ClusterArn": "arn:aws:elasticmapreduce:ap-southeast-1:435097195936:cluster/j-2RNQLMOP0PIVI",
  "ResponseMetadata": {
    "RequestId": "aa38f99c-e3d7-4cea-ab3e-5c030440210e",
    "HTTPStatusCode": 200,
    "HTTPHeaders": {
      "x-amzn-requestid": "aa38f99c-e3d7-4cea-ab3e-5c030440210e",
      "content-type": "application/x-amz-json-1.1",
      "content-length": "123",
      "date": "Fri, 24 Jul 2026 20:08:25 GMT"
    },
    "RetryAttempts": 0
  }
}
j-2RNQLMOP0PIVI step s-015222024QWZSAD4WB0A is PENDING
j-2RNQLMOP0PIVI step s-015222024QWZSAD4WB0A is PENDING
j-2RNQLMOP0PIVI step s-015222024QWZSAD4WB0A is PENDING
j-2RNQLMOP0PIVI step s-015222024QWZSAD4WB0A is COMPLETED
j-2RNQLMOP0PIVI cluster is TERMINATED
Saved memory-heavy 100MB m5a.xlarge x 4 runtime=1.4424 min cost=$0.0208; cluster=TERMINATED
Batch finished. Success CSV: data/performance/performance_dataset.csv
Failed experiments CSV: data/performance/failed_emr_experiments.csv
Starting 500MB cpu-heavy on c5a.xlarge x 4 in ap-southeast-1
{
  "JobFlowId": "j-1T588EPVDGGLI",
  "ClusterArn": "arn:aws:elasticmapreduce:ap-southeast-1:435097195936:cluster/j-1T588EPVDGGLI",
  "ResponseMetadata": {
    "RequestId": "d209e7ba-5b2f-4f9c-b745-fd3ee6212d1c",
    "HTTPStatusCode": 200,
    "HTTPHeaders": {
      "x-amzn-requestid": "d209e7ba-5b2f-4f9c-b745-fd3ee6212d1c",
      "content-type": "application/x-amz-json-1.1",
      "content-length": "123",
      "date": "Fri, 24 Jul 2026 20:19:02 GMT"
    },
    "RetryAttempts": 0
  }
}
j-1T588EPVDGGLI step s-06752954SP6616UEQ9V is PENDING
j-1T588EPVDGGLI step s-06752954SP6616UEQ9V is PENDING
j-1T588EPVDGGLI step s-06752954SP6616UEQ9V is PENDING
j-1T588EPVDGGLI step s-06752954SP6616UEQ9V is PENDING
j-1T588EPVDGGLI step s-06752954SP6616UEQ9V is PENDING
j-1T588EPVDGGLI step s-06752954SP6616UEQ9V is PENDING
j-1T588EPVDGGLI step s-06752954SP6616UEQ9V is PENDING
j-1T588EPVDGGLI step s-06752954SP6616UEQ9V is RUNNING
j-1T588EPVDGGLI step s-06752954SP6616UEQ9V is RUNNING
j-1T588EPVDGGLI step s-06752954SP6616UEQ9V is COMPLETED
j-1T588EPVDGGLI cluster is TERMINATING
j-1T588EPVDGGLI cluster is TERMINATING
j-1T588EPVDGGLI cluster is TERMINATING
j-1T588EPVDGGLI cluster is TERMINATED
Saved cpu-heavy 500MB c5a.xlarge x 4 runtime=1.0057 min cost=$0.0118; cluster=TERMINATED
Batch finished. Success CSV: data/performance/performance_dataset.csv
Failed experiments CSV: data/performance/failed_emr_experiments.csv
Starting 100MB memory-heavy on c6i.xlarge x 4 in ap-southeast-1
{
  "JobFlowId": "j-H5ACI6WJYR6M",
  "ClusterArn": "arn:aws:elasticmapreduce:ap-southeast-1:435097195936:cluster/j-H5ACI6WJYR6M",
  "ResponseMetadata": {
    "RequestId": "798ae8c7-d42f-4aab-bab6-2526f1fd06f1",
    "HTTPStatusCode": 200,
    "HTTPHeaders": {
      "x-amzn-requestid": "798ae8c7-d42f-4aab-bab6-2526f1fd06f1",
      "content-type": "application/x-amz-json-1.1",
      "content-length": "121",
      "date": "Fri, 24 Jul 2026 20:25:07 GMT"
    },
    "RetryAttempts": 0
  }
}
j-H5ACI6WJYR6M step s-06677922B01YQJFF5UOQ is PENDING
j-H5ACI6WJYR6M step s-06677922B01YQJFF5UOQ is PENDING
j-H5ACI6WJYR6M step s-06677922B01YQJFF5UOQ is PENDING
j-H5ACI6WJYR6M step s-06677922B01YQJFF5UOQ is PENDING
j-H5ACI6WJYR6M step s-06677922B01YQJFF5UOQ is PENDING
j-H5ACI6WJYR6M step s-06677922B01YQJFF5UOQ is PENDING
j-H5ACI6WJYR6M step s-06677922B01YQJFF5UOQ is PENDING
j-H5ACI6WJYR6M step s-06677922B01YQJFF5UOQ is RUNNING
j-H5ACI6WJYR6M step s-06677922B01YQJFF5UOQ is RUNNING
j-H5ACI6WJYR6M step s-06677922B01YQJFF5UOQ is COMPLETED
j-H5ACI6WJYR6M cluster is TERMINATING
j-H5ACI6WJYR6M cluster is TERMINATING
j-H5ACI6WJYR6M cluster is TERMINATED
Saved memory-heavy 100MB c6i.xlarge x 4 runtime=0.9066 min cost=$0.0118; cluster=TERMINATED
Batch finished. Success CSV: data/performance/performance_dataset.csv
Failed experiments CSV: data/performance/failed_emr_experiments.csv
Starting 1024MB memory-heavy on m5.xlarge x 2 in ap-southeast-1
{
  "JobFlowId": "j-13QS6PO233BSH",
  "ClusterArn": "arn:aws:elasticmapreduce:ap-southeast-1:435097195936:cluster/j-13QS6PO233BSH",
  "ResponseMetadata": {
    "RequestId": "5fc3843c-d1d3-4af9-ac24-03c9407c206f",
    "HTTPStatusCode": 200,
    "HTTPHeaders": {
      "x-amzn-requestid": "5fc3843c-d1d3-4af9-ac24-03c9407c206f",
      "content-type": "application/x-amz-json-1.1",
      "content-length": "123",
      "date": "Fri, 24 Jul 2026 20:30:43 GMT"
    },
    "RetryAttempts": 0
  }
}
j-13QS6PO233BSH step s-04050492WRNSV0ICXJVQ is PENDING
j-13QS6PO233BSH step s-04050492WRNSV0ICXJVQ is PENDING
j-13QS6PO233BSH step s-04050492WRNSV0ICXJVQ is PENDING
j-13QS6PO233BSH step s-04050492WRNSV0ICXJVQ is PENDING
j-13QS6PO233BSH step s-04050492WRNSV0ICXJVQ is PENDING
j-13QS6PO233BSH step s-04050492WRNSV0ICXJVQ is PENDING
j-13QS6PO233BSH step s-04050492WRNSV0ICXJVQ is PENDING
j-13QS6PO233BSH step s-04050492WRNSV0ICXJVQ is RUNNING
j-13QS6PO233BSH step s-04050492WRNSV0ICXJVQ is RUNNING
j-13QS6PO233BSH step s-04050492WRNSV0ICXJVQ is RUNNING
j-13QS6PO233BSH step s-04050492WRNSV0ICXJVQ is RUNNING
j-13QS6PO233BSH step s-04050492WRNSV0ICXJVQ is COMPLETED
j-13QS6PO233BSH cluster is TERMINATING
j-13QS6PO233BSH cluster is TERMINATING
j-13QS6PO233BSH cluster is TERMINATED
Saved memory-heavy 1024MB m5.xlarge x 2 runtime=1.9730 min cost=$0.0158; cluster=TERMINATED
Batch finished. Success CSV: data/performance/performance_dataset.csv
Failed experiments CSV: data/performance/failed_emr_experiments.csv
Starting 1024MB io-heavy on m6i.xlarge x 2 in ap-southeast-1
{
  "JobFlowId": "j-1G5TB6LRIRHN1",
  "ClusterArn": "arn:aws:elasticmapreduce:ap-southeast-1:435097195936:cluster/j-1G5TB6LRIRHN1",
  "ResponseMetadata": {
    "RequestId": "e2ad25cc-92fb-4689-af69-7f62bd73b7c8",
    "HTTPStatusCode": 200,
    "HTTPHeaders": {
      "x-amzn-requestid": "e2ad25cc-92fb-4689-af69-7f62bd73b7c8",
      "content-type": "application/x-amz-json-1.1",
      "content-length": "123",
      "date": "Fri, 24 Jul 2026 20:37:19 GMT"
    },
    "RetryAttempts": 0
  }
}
j-1G5TB6LRIRHN1 step s-0666294ALD6F3SMVJSJ is PENDING
j-1G5TB6LRIRHN1 step s-0666294ALD6F3SMVJSJ is PENDING
j-1G5TB6LRIRHN1 step s-0666294ALD6F3SMVJSJ is PENDING
j-1G5TB6LRIRHN1 step s-0666294ALD6F3SMVJSJ is PENDING
j-1G5TB6LRIRHN1 step s-0666294ALD6F3SMVJSJ is PENDING
j-1G5TB6LRIRHN1 step s-0666294ALD6F3SMVJSJ is PENDING
j-1G5TB6LRIRHN1 step s-0666294ALD6F3SMVJSJ is PENDING
j-1G5TB6LRIRHN1 step s-0666294ALD6F3SMVJSJ is RUNNING
j-1G5TB6LRIRHN1 step s-0666294ALD6F3SMVJSJ is RUNNING
j-1G5TB6LRIRHN1 step s-0666294ALD6F3SMVJSJ is RUNNING
j-1G5TB6LRIRHN1 step s-0666294ALD6F3SMVJSJ is RUNNING
j-1G5TB6LRIRHN1 step s-0666294ALD6F3SMVJSJ is COMPLETED
j-1G5TB6LRIRHN1 cluster is TERMINATING
j-1G5TB6LRIRHN1 cluster is TERMINATED
Saved io-heavy 1024MB m6i.xlarge x 2 runtime=1.8387 min cost=$0.0147; cluster=TERMINATED
Batch finished. Success CSV: data/performance/performance_dataset.csv
Failed experiments CSV: data/performance/failed_emr_experiments.csv
Starting 2048MB memory-heavy on m6i.xlarge x 4 in ap-southeast-1
{
  "JobFlowId": "j-2IECZI1QUY7XC",
  "ClusterArn": "arn:aws:elasticmapreduce:ap-southeast-1:435097195936:cluster/j-2IECZI1QUY7XC",
  "ResponseMetadata": {
    "RequestId": "54a6335f-5c6a-436f-b2a4-5dd90980e05e",
    "HTTPStatusCode": 200,
    "HTTPHeaders": {
      "x-amzn-requestid": "54a6335f-5c6a-436f-b2a4-5dd90980e05e",
      "content-type": "application/x-amz-json-1.1",
      "content-length": "123",
      "date": "Fri, 24 Jul 2026 20:43:29 GMT"
    },
    "RetryAttempts": 0
  }
}
j-2IECZI1QUY7XC step s-0438014QQYTPHT5YU1C is PENDING
j-2IECZI1QUY7XC step s-0438014QQYTPHT5YU1C is PENDING
j-2IECZI1QUY7XC step s-0438014QQYTPHT5YU1C is COMPLETED
j-2IECZI1QUY7XC cluster is TERMINATED
Saved memory-heavy 2048MB m6i.xlarge x 4 runtime=1.6058 min cost=$0.0257; cluster=TERMINATED
Batch finished. Success CSV: data/performance/performance_dataset.csv
Failed experiments CSV: data/performance/failed_emr_experiments.csv
Starting 10MB io-heavy on c6i.xlarge x 4 in ap-southeast-1
{
  "JobFlowId": "j-2WHHAN1VQMPJG",
  "ClusterArn": "arn:aws:elasticmapreduce:ap-southeast-1:435097195936:cluster/j-2WHHAN1VQMPJG",
  "ResponseMetadata": {
    "RequestId": "fabb74c3-0cae-4dba-bcc3-f3a9d42cc848",
    "HTTPStatusCode": 200,
    "HTTPHeaders": {
      "x-amzn-requestid": "fabb74c3-0cae-4dba-bcc3-f3a9d42cc848",
      "content-type": "application/x-amz-json-1.1",
      "content-length": "123",
      "date": "Fri, 24 Jul 2026 20:59:33 GMT"
    },
    "RetryAttempts": 0
  }
}
j-2WHHAN1VQMPJG step s-017224911MCY7Z5B8XF7 is PENDING
j-2WHHAN1VQMPJG step s-017224911MCY7Z5B8XF7 is COMPLETED
j-2WHHAN1VQMPJG cluster is TERMINATED
Saved io-heavy 10MB c6i.xlarge x 4 runtime=0.8713 min cost=$0.0114; cluster=TERMINATED
Batch finished. Success CSV: data/performance/performance_dataset.csv
Failed experiments CSV: data/performance/failed_emr_experiments.csv
Starting 100MB io-heavy on m5.xlarge x 4 in ap-southeast-1
{
  "JobFlowId": "j-3LGV7ARJNOI42",
  "ClusterArn": "arn:aws:elasticmapreduce:ap-southeast-1:435097195936:cluster/j-3LGV7ARJNOI42",
  "ResponseMetadata": {
    "RequestId": "a543f594-2f6c-4f01-83fc-70f2a6c2e289",
    "HTTPStatusCode": 200,
    "HTTPHeaders": {
      "x-amzn-requestid": "a543f594-2f6c-4f01-83fc-70f2a6c2e289",
      "content-type": "application/x-amz-json-1.1",
      "content-length": "123",
      "date": "Fri, 24 Jul 2026 21:15:07 GMT"
    },
    "RetryAttempts": 0
  }
}
j-3LGV7ARJNOI42 step s-04041061YU4RGM4CEMLJ is PENDING
j-3LGV7ARJNOI42 step s-04041061YU4RGM4CEMLJ is PENDING
j-3LGV7ARJNOI42 step s-04041061YU4RGM4CEMLJ is COMPLETED
j-3LGV7ARJNOI42 cluster is TERMINATED
Saved io-heavy 100MB m5.xlarge x 4 runtime=1.2404 min cost=$0.0198; cluster=TERMINATED
Batch finished. Success CSV: data/performance/performance_dataset.csv
Failed experiments CSV: data/performance/failed_emr_experiments.csv
Starting 500MB cpu-heavy on m5.xlarge x 2 in ap-southeast-1
{
  "JobFlowId": "j-R1H32SRE5IS7",
  "ClusterArn": "arn:aws:elasticmapreduce:ap-southeast-1:435097195936:cluster/j-R1H32SRE5IS7",
  "ResponseMetadata": {
    "RequestId": "f88c3942-baa4-45b1-ad1c-d128a2963e74",
    "HTTPStatusCode": 200,
    "HTTPHeaders": {
      "x-amzn-requestid": "f88c3942-baa4-45b1-ad1c-d128a2963e74",
      "content-type": "application/x-amz-json-1.1",
      "content-length": "121",
      "date": "Fri, 24 Jul 2026 21:31:09 GMT"
    },
    "RetryAttempts": 0
  }
}
j-R1H32SRE5IS7 step s-0405027PBESIJ2YTL6E is PENDING
j-R1H32SRE5IS7 step s-0405027PBESIJ2YTL6E is COMPLETED
j-R1H32SRE5IS7 cluster is TERMINATED
Saved cpu-heavy 500MB m5.xlarge x 2 runtime=1.3062 min cost=$0.0104; cluster=TERMINATED
Batch finished. Success CSV: data/performance/performance_dataset.csv
Failed experiments CSV: data/performance/failed_emr_experiments.csv
Starting 10MB cpu-heavy on m5.xlarge x 4 in ap-southeast-1
{
  "JobFlowId": "j-17C8HNTZ60P1K",
  "ClusterArn": "arn:aws:elasticmapreduce:ap-southeast-1:435097195936:cluster/j-17C8HNTZ60P1K",
  "ResponseMetadata": {
    "RequestId": "7ffcfea6-1f60-48af-8397-a85cb4ac69a1",
    "HTTPStatusCode": 200,
    "HTTPHeaders": {
      "x-amzn-requestid": "7ffcfea6-1f60-48af-8397-a85cb4ac69a1",
      "content-type": "application/x-amz-json-1.1",
      "content-length": "123",
      "date": "Fri, 24 Jul 2026 21:46:42 GMT"
    },
    "RetryAttempts": 0
  }
}
j-17C8HNTZ60P1K step s-06475131Y71N6PLFWCP1 is PENDING
j-17C8HNTZ60P1K step s-06475131Y71N6PLFWCP1 is PENDING
j-17C8HNTZ60P1K step s-06475131Y71N6PLFWCP1 is COMPLETED
j-17C8HNTZ60P1K cluster is TERMINATED
Saved cpu-heavy 10MB m5.xlarge x 4 runtime=1.1066 min cost=$0.0177; cluster=TERMINATED
Batch finished. Success CSV: data/performance/performance_dataset.csv
Failed experiments CSV: data/performance/failed_emr_experiments.csv
Skipping completed 2048MB cpu-heavy m6i.xlarge x 2 in ap-southeast-1
Batch finished. Success CSV: data/performance/performance_dataset.csv
Failed experiments CSV: data/performance/failed_emr_experiments.csv
Starting 500MB cpu-heavy on m5.xlarge x 2 in ap-southeast-1
{
  "JobFlowId": "j-44DP6JVI8GHM",
  "ClusterArn": "arn:aws:elasticmapreduce:ap-southeast-1:435097195936:cluster/j-44DP6JVI8GHM",
  "ResponseMetadata": {
    "RequestId": "7af514ec-ec95-4d3f-93a3-f6acebacc287",
    "HTTPStatusCode": 200,
    "HTTPHeaders": {
      "x-amzn-requestid": "7af514ec-ec95-4d3f-93a3-f6acebacc287",
      "content-type": "application/x-amz-json-1.1",
      "content-length": "121",
      "date": "Fri, 24 Jul 2026 22:02:45 GMT"
    },
    "RetryAttempts": 0
  }
}
j-44DP6JVI8GHM step s-0677022195RPQR3J4ORO is PENDING
j-44DP6JVI8GHM step s-0677022195RPQR3J4ORO is COMPLETED
j-44DP6JVI8GHM cluster is TERMINATED
Saved cpu-heavy 500MB m5.xlarge x 2 runtime=1.3111 min cost=$0.0105; cluster=TERMINATED
Batch finished. Success CSV: data/performance/performance_dataset.csv
Failed experiments CSV: data/performance/failed_emr_experiments.csv
Starting 5120MB io-heavy on c6i.xlarge x 2 in ap-southeast-1
{
  "JobFlowId": "j-5VFOKAOMA7FD",
  "ClusterArn": "arn:aws:elasticmapreduce:ap-southeast-1:435097195936:cluster/j-5VFOKAOMA7FD",
  "ResponseMetadata": {
    "RequestId": "942e64b8-cd2b-4cda-a0f8-05f13ae541eb",
    "HTTPStatusCode": 200,
    "HTTPHeaders": {
      "x-amzn-requestid": "942e64b8-cd2b-4cda-a0f8-05f13ae541eb",
      "content-type": "application/x-amz-json-1.1",
      "content-length": "121",
      "date": "Fri, 24 Jul 2026 22:18:17 GMT"
    },
    "RetryAttempts": 0
  }
}
j-5VFOKAOMA7FD step s-03814152E4Z7093UDKW1 is PENDING
j-5VFOKAOMA7FD step s-03814152E4Z7093UDKW1 is PENDING
j-5VFOKAOMA7FD step s-03814152E4Z7093UDKW1 is COMPLETED
j-5VFOKAOMA7FD cluster is TERMINATED
Saved io-heavy 5120MB c6i.xlarge x 2 runtime=5.9720 min cost=$0.0390; cluster=TERMINATED
Batch finished. Success CSV: data/performance/performance_dataset.csv
Failed experiments CSV: data/performance/failed_emr_experiments.csv
Starting 10MB memory-heavy on c5.xlarge x 4 in ap-southeast-1
{
  "JobFlowId": "j-3TY2HUI41728X",
  "ClusterArn": "arn:aws:elasticmapreduce:ap-southeast-1:435097195936:cluster/j-3TY2HUI41728X",
  "ResponseMetadata": {
    "RequestId": "c86382ed-fe26-4a1b-a243-6359ee20dbe5",
    "HTTPStatusCode": 200,
    "HTTPHeaders": {
      "x-amzn-requestid": "c86382ed-fe26-4a1b-a243-6359ee20dbe5",
      "content-type": "application/x-amz-json-1.1",
      "content-length": "123",
      "date": "Fri, 24 Jul 2026 22:34:20 GMT"
    },
    "RetryAttempts": 0
  }
}
j-3TY2HUI41728X step s-0301436129ENLBDT35NE is PENDING
j-3TY2HUI41728X step s-0301436129ENLBDT35NE is COMPLETED
j-3TY2HUI41728X cluster is TERMINATED
Saved memory-heavy 10MB c5.xlarge x 4 runtime=0.9407 min cost=$0.0123; cluster=TERMINATED
Batch finished. Success CSV: data/performance/performance_dataset.csv
Failed experiments CSV: data/performance/failed_emr_experiments.csv
Starting 1024MB io-heavy on m5a.xlarge x 4 in ap-southeast-1
{
  "JobFlowId": "j-I68B49NDRPMX",
  "ClusterArn": "arn:aws:elasticmapreduce:ap-southeast-1:435097195936:cluster/j-I68B49NDRPMX",
  "ResponseMetadata": {
    "RequestId": "7ef02053-6c75-4850-8065-acfc7354fce9",
    "HTTPStatusCode": 200,
    "HTTPHeaders": {
      "x-amzn-requestid": "7ef02053-6c75-4850-8065-acfc7354fce9",
      "content-type": "application/x-amz-json-1.1",
      "content-length": "121",
      "date": "Fri, 24 Jul 2026 22:44:31 GMT"
    },
    "RetryAttempts": 0
  }
}
j-I68B49NDRPMX step s-0180020WMPCCZ354J0D is PENDING
j-I68B49NDRPMX step s-0180020WMPCCZ354J0D is PENDING
j-I68B49NDRPMX step s-0180020WMPCCZ354J0D is COMPLETED
j-I68B49NDRPMX cluster is TERMINATED
Saved io-heavy 1024MB m5a.xlarge x 4 runtime=2.1752 min cost=$0.0313; cluster=TERMINATED
Batch finished. Success CSV: data/performance/performance_dataset.csv
Failed experiments CSV: data/performance/failed_emr_experiments.csv
Starting 10MB cpu-heavy on m6i.xlarge x 4 in ap-southeast-1
{
  "JobFlowId": "j-3ST542NUY2G7T",
  "ClusterArn": "arn:aws:elasticmapreduce:ap-southeast-1:435097195936:cluster/j-3ST542NUY2G7T",
  "ResponseMetadata": {
    "RequestId": "1e58bea3-0312-4491-8d93-f2406ddcd631",
    "HTTPStatusCode": 200,
    "HTTPHeaders": {
      "x-amzn-requestid": "1e58bea3-0312-4491-8d93-f2406ddcd631",
      "content-type": "application/x-amz-json-1.1",
      "content-length": "123",
      "date": "Fri, 24 Jul 2026 23:00:35 GMT"
    },
    "RetryAttempts": 0
  }
}
j-3ST542NUY2G7T step s-092636315WKVU7QYK7JI is PENDING
j-3ST542NUY2G7T step s-092636315WKVU7QYK7JI is COMPLETED
j-3ST542NUY2G7T cluster is TERMINATED
Saved cpu-heavy 10MB m6i.xlarge x 4 runtime=1.1737 min cost=$0.0188; cluster=TERMINATED
Batch finished. Success CSV: data/performance/performance_dataset.csv
Failed experiments CSV: data/performance/failed_emr_experiments.csv
Starting 3072MB io-heavy on m6i.xlarge x 4 in ap-southeast-1
{
  "JobFlowId": "j-3IIZ14OMYVZZH",
  "ClusterArn": "arn:aws:elasticmapreduce:ap-southeast-1:435097195936:cluster/j-3IIZ14OMYVZZH",
  "ResponseMetadata": {
    "RequestId": "bdf4e7c8-fde3-4e3c-8edf-8e992bb49970",
    "HTTPStatusCode": 200,
    "HTTPHeaders": {
      "x-amzn-requestid": "bdf4e7c8-fde3-4e3c-8edf-8e992bb49970",
      "content-type": "application/x-amz-json-1.1",
      "content-length": "123",
      "date": "Fri, 24 Jul 2026 23:16:07 GMT"
    },
    "RetryAttempts": 0
  }
}
j-3IIZ14OMYVZZH step s-06909613DKDWIUDIQVYJ is PENDING
j-3IIZ14OMYVZZH step s-06909613DKDWIUDIQVYJ is PENDING
j-3IIZ14OMYVZZH step s-06909613DKDWIUDIQVYJ is COMPLETED
j-3IIZ14OMYVZZH cluster is TERMINATED
Saved io-heavy 3072MB m6i.xlarge x 4 runtime=2.2402 min cost=$0.0358; cluster=TERMINATED
Batch finished. Success CSV: data/performance/performance_dataset.csv
Failed experiments CSV: data/performance/failed_emr_experiments.csv
Starting 10MB io-heavy on m6i.xlarge x 4 in ap-southeast-1
{
  "JobFlowId": "j-NAO433FNKFMF",
  "ClusterArn": "arn:aws:elasticmapreduce:ap-southeast-1:435097195936:cluster/j-NAO433FNKFMF",
  "ResponseMetadata": {
    "RequestId": "07f3d5c4-14e2-40ac-857b-6c31d36c560d",
    "HTTPStatusCode": 200,
    "HTTPHeaders": {
      "x-amzn-requestid": "07f3d5c4-14e2-40ac-857b-6c31d36c560d",
      "content-type": "application/x-amz-json-1.1",
      "content-length": "121",
      "date": "Fri, 24 Jul 2026 23:32:09 GMT"
    },
    "RetryAttempts": 0
  }
}
j-NAO433FNKFMF step s-01889142KNCGYBKCYEY6 is PENDING
j-NAO433FNKFMF step s-01889142KNCGYBKCYEY6 is COMPLETED
j-NAO433FNKFMF cluster is TERMINATED
Saved io-heavy 10MB m6i.xlarge x 4 runtime=0.9049 min cost=$0.0145; cluster=TERMINATED
Batch finished. Success CSV: data/performance/performance_dataset.csv
Failed experiments CSV: data/performance/failed_emr_experiments.csv
Starting 1024MB memory-heavy on c5.xlarge x 2 in ap-southeast-1
{
  "JobFlowId": "j-BO204KOHMD12",
  "ClusterArn": "arn:aws:elasticmapreduce:ap-southeast-1:435097195936:cluster/j-BO204KOHMD12",
  "ResponseMetadata": {
    "RequestId": "774ccb15-dc15-42c8-8014-d3b1b2688355",
    "HTTPStatusCode": 200,
    "HTTPHeaders": {
      "x-amzn-requestid": "774ccb15-dc15-42c8-8014-d3b1b2688355",
      "content-type": "application/x-amz-json-1.1",
      "content-length": "121",
      "date": "Fri, 24 Jul 2026 23:45:36 GMT"
    },
    "RetryAttempts": 0
  }
}
j-BO204KOHMD12 step s-01326061E1BTKF71O722 is PENDING
j-BO204KOHMD12 step s-01326061E1BTKF71O722 is COMPLETED
j-BO204KOHMD12 cluster is TERMINATED
Saved memory-heavy 1024MB c5.xlarge x 2 runtime=1.7063 min cost=$0.0111; cluster=TERMINATED
Batch finished. Success CSV: data/performance/performance_dataset.csv
Failed experiments CSV: data/performance/failed_emr_experiments.csv
Starting 10MB io-heavy on m6i.xlarge x 2 in ap-southeast-1
{
  "JobFlowId": "j-1EXYMF153B9H2",
  "ClusterArn": "arn:aws:elasticmapreduce:ap-southeast-1:435097195936:cluster/j-1EXYMF153B9H2",
  "ResponseMetadata": {
    "RequestId": "2df6ff72-a1b4-4432-88ab-4cec6a5053b1",
    "HTTPStatusCode": 200,
    "HTTPHeaders": {
      "x-amzn-requestid": "2df6ff72-a1b4-4432-88ab-4cec6a5053b1",
      "content-type": "application/x-amz-json-1.1",
      "content-length": "123",
      "date": "Fri, 24 Jul 2026 23:54:01 GMT"
    },
    "RetryAttempts": 0
  }
}
j-1EXYMF153B9H2 step s-069317431ES9UEQOW6D5 is PENDING
j-1EXYMF153B9H2 step s-069317431ES9UEQOW6D5 is PENDING
j-1EXYMF153B9H2 step s-069317431ES9UEQOW6D5 is COMPLETED
j-1EXYMF153B9H2 cluster is TERMINATED
Saved io-heavy 10MB m6i.xlarge x 2 runtime=0.8388 min cost=$0.0067; cluster=TERMINATED
Batch finished. Success CSV: data/performance/performance_dataset.csv
Failed experiments CSV: data/performance/failed_emr_experiments.csv
Starting 500MB cpu-heavy on c5.xlarge x 4 in ap-southeast-1
{
  "JobFlowId": "j-WTR7AXI40COH",
  "ClusterArn": "arn:aws:elasticmapreduce:ap-southeast-1:435097195936:cluster/j-WTR7AXI40COH",
  "ResponseMetadata": {
    "RequestId": "cf6a34dd-5a3b-45c5-b17a-25e920fa7783",
    "HTTPStatusCode": 200,
    "HTTPHeaders": {
      "x-amzn-requestid": "cf6a34dd-5a3b-45c5-b17a-25e920fa7783",
      "content-type": "application/x-amz-json-1.1",
      "content-length": "121",
      "date": "Sat, 25 Jul 2026 00:10:04 GMT"
    },
    "RetryAttempts": 0
  }
}
j-WTR7AXI40COH step s-04054893HJPXZMBBE55U is PENDING
j-WTR7AXI40COH step s-04054893HJPXZMBBE55U is COMPLETED
j-WTR7AXI40COH cluster is TERMINATED
Saved cpu-heavy 500MB c5.xlarge x 4 runtime=1.0729 min cost=$0.0140; cluster=TERMINATED
Batch finished. Success CSV: data/performance/performance_dataset.csv
Failed experiments CSV: data/performance/failed_emr_experiments.csv
Starting 100MB io-heavy on c5.xlarge x 2 in ap-southeast-1
{
  "JobFlowId": "j-2H7CZRR4TUT2N",
  "ClusterArn": "arn:aws:elasticmapreduce:ap-southeast-1:435097195936:cluster/j-2H7CZRR4TUT2N",
  "ResponseMetadata": {
    "RequestId": "87d6c220-3859-4033-9118-1b17cfefbcae",
    "HTTPStatusCode": 200,
    "HTTPHeaders": {
      "x-amzn-requestid": "87d6c220-3859-4033-9118-1b17cfefbcae",
      "content-type": "application/x-amz-json-1.1",
      "content-length": "123",
      "date": "Sat, 25 Jul 2026 00:25:36 GMT"
    },
    "RetryAttempts": 0
  }
}
j-2H7CZRR4TUT2N step s-0405480NUZ9BVWLZYJ4 is PENDING
j-2H7CZRR4TUT2N step s-0405480NUZ9BVWLZYJ4 is COMPLETED
j-2H7CZRR4TUT2N cluster is TERMINATED
Saved io-heavy 100MB c5.xlarge x 2 runtime=1.0731 min cost=$0.0070; cluster=TERMINATED
Batch finished. Success CSV: data/performance/performance_dataset.csv
Failed experiments CSV: data/performance/failed_emr_experiments.csv
Starting 3072MB memory-heavy on m5a.xlarge x 2 in ap-southeast-1
{
  "JobFlowId": "j-11XRDYJ8P1FD",
  "ClusterArn": "arn:aws:elasticmapreduce:ap-southeast-1:435097195936:cluster/j-11XRDYJ8P1FD",
  "ResponseMetadata": {
    "RequestId": "31b22078-25e8-4bba-920e-fa8d1d219380",
    "HTTPStatusCode": 200,
    "HTTPHeaders": {
      "x-amzn-requestid": "31b22078-25e8-4bba-920e-fa8d1d219380",
      "content-type": "application/x-amz-json-1.1",
      "content-length": "121",
      "date": "Sat, 25 Jul 2026 00:41:10 GMT"
    },
    "RetryAttempts": 0
  }
}
j-11XRDYJ8P1FD step s-0667684D0KUOQBMAHT6 is PENDING
j-11XRDYJ8P1FD step s-0667684D0KUOQBMAHT6 is PENDING
j-11XRDYJ8P1FD step s-0667684D0KUOQBMAHT6 is RUNNING
j-11XRDYJ8P1FD step s-0667684D0KUOQBMAHT6 is COMPLETED
j-11XRDYJ8P1FD cluster is TERMINATED
Saved memory-heavy 3072MB m5a.xlarge x 2 runtime=5.2426 min cost=$0.0377; cluster=TERMINATED
Batch finished. Success CSV: data/performance/performance_dataset.csv
Failed experiments CSV: data/performance/failed_emr_experiments.csv
Starting 1024MB cpu-heavy on c5.xlarge x 2 in ap-southeast-1
{
  "JobFlowId": "j-2WRYXXVS6Z9RH",
  "ClusterArn": "arn:aws:elasticmapreduce:ap-southeast-1:435097195936:cluster/j-2WRYXXVS6Z9RH",
  "ResponseMetadata": {
    "RequestId": "4a58dc90-367e-4c81-9ce9-6a2b2e204907",
    "HTTPStatusCode": 200,
    "HTTPHeaders": {
      "x-amzn-requestid": "4a58dc90-367e-4c81-9ce9-6a2b2e204907",
      "content-type": "application/x-amz-json-1.1",
      "content-length": "123",
      "date": "Sat, 25 Jul 2026 01:02:12 GMT"
    },
    "RetryAttempts": 0
  }
}
j-2WRYXXVS6Z9RH step s-01234063KIT3KKWICADM is PENDING
j-2WRYXXVS6Z9RH step s-01234063KIT3KKWICADM is COMPLETED
j-2WRYXXVS6Z9RH cluster is TERMINATED
Saved cpu-heavy 1024MB c5.xlarge x 2 runtime=1.6727 min cost=$0.0109; cluster=TERMINATED
Batch finished. Success CSV: data/performance/performance_dataset.csv
Failed experiments CSV: data/performance/failed_emr_experiments.csv
Starting 500MB io-heavy on m5a.xlarge x 4 in ap-southeast-1
{
  "JobFlowId": "j-23BZ1NHDFQH9L",
  "ClusterArn": "arn:aws:elasticmapreduce:ap-southeast-1:435097195936:cluster/j-23BZ1NHDFQH9L",
  "ResponseMetadata": {
    "RequestId": "c22c2a4e-9fad-4754-9204-ccb970ea7160",
    "HTTPStatusCode": 200,
    "HTTPHeaders": {
      "x-amzn-requestid": "c22c2a4e-9fad-4754-9204-ccb970ea7160",
      "content-type": "application/x-amz-json-1.1",
      "content-length": "123",
      "date": "Sat, 25 Jul 2026 01:17:46 GMT"
    },
    "RetryAttempts": 0
  }
}
j-23BZ1NHDFQH9L step s-0135577J9ZRAIGY822S is PENDING
j-23BZ1NHDFQH9L step s-0135577J9ZRAIGY822S is COMPLETED
j-23BZ1NHDFQH9L cluster is TERMINATED
Saved io-heavy 500MB m5a.xlarge x 4 runtime=1.8447 min cost=$0.0266; cluster=TERMINATED
Batch finished. Success CSV: data/performance/performance_dataset.csv
Failed experiments CSV: data/performance/failed_emr_experiments.csv
Starting 500MB memory-heavy on c5.xlarge x 2 in ap-southeast-1
{
  "JobFlowId": "j-1LOG1JSLUDPIB",
  "ClusterArn": "arn:aws:elasticmapreduce:ap-southeast-1:435097195936:cluster/j-1LOG1JSLUDPIB",
  "ResponseMetadata": {
    "RequestId": "8aea1df0-d235-4915-a7f6-8b865acd427e",
    "HTTPStatusCode": 200,
    "HTTPHeaders": {
      "x-amzn-requestid": "8aea1df0-d235-4915-a7f6-8b865acd427e",
      "content-type": "application/x-amz-json-1.1",
      "content-length": "123",
      "date": "Sat, 25 Jul 2026 01:33:18 GMT"
    },
    "RetryAttempts": 0
  }
}
j-1LOG1JSLUDPIB step s-0926953QJ21DHZNNFVM is PENDING
j-1LOG1JSLUDPIB step s-0926953QJ21DHZNNFVM is COMPLETED
j-1LOG1JSLUDPIB cluster is TERMINATED
Saved memory-heavy 500MB c5.xlarge x 2 runtime=1.2104 min cost=$0.0079; cluster=TERMINATED
Batch finished. Success CSV: data/performance/performance_dataset.csv
Failed experiments CSV: data/performance/failed_emr_experiments.csv
Starting 10MB cpu-heavy on m5a.xlarge x 2 in ap-southeast-1
{
  "JobFlowId": "j-11KPNWQCVQ07S",
  "ClusterArn": "arn:aws:elasticmapreduce:ap-southeast-1:435097195936:cluster/j-11KPNWQCVQ07S",
  "ResponseMetadata": {
    "RequestId": "face7afa-fa00-4b30-a694-281b1770d0a1",
    "HTTPStatusCode": 200,
    "HTTPHeaders": {
      "x-amzn-requestid": "face7afa-fa00-4b30-a694-281b1770d0a1",
      "content-type": "application/x-amz-json-1.1",
      "content-length": "123",
      "date": "Sat, 25 Jul 2026 01:47:27 GMT"
    },
    "RetryAttempts": 0
  }
}
j-11KPNWQCVQ07S step s-09193722149F5W1ZTS3G is PENDING
j-11KPNWQCVQ07S step s-09193722149F5W1ZTS3G is PENDING
j-11KPNWQCVQ07S step s-09193722149F5W1ZTS3G is COMPLETED
j-11KPNWQCVQ07S cluster is TERMINATED
Saved cpu-heavy 10MB m5a.xlarge x 2 runtime=1.0752 min cost=$0.0077; cluster=TERMINATED
Batch finished. Success CSV: data/performance/performance_dataset.csv
Failed experiments CSV: data/performance/failed_emr_experiments.csv
Starting 500MB io-heavy on c5a.xlarge x 4 in ap-southeast-1
{
  "JobFlowId": "j-3O2GA02I8LSPK",
  "ClusterArn": "arn:aws:elasticmapreduce:ap-southeast-1:435097195936:cluster/j-3O2GA02I8LSPK",
  "ResponseMetadata": {
    "RequestId": "750b2fd0-303b-46ad-84f2-d6303a07da2d",
    "HTTPStatusCode": 200,
    "HTTPHeaders": {
      "x-amzn-requestid": "750b2fd0-303b-46ad-84f2-d6303a07da2d",
      "content-type": "application/x-amz-json-1.1",
      "content-length": "123",
      "date": "Sat, 25 Jul 2026 02:03:30 GMT"
    },
    "RetryAttempts": 0
  }
}
j-3O2GA02I8LSPK step s-09211513T9O8ALGN7RFK is PENDING
j-3O2GA02I8LSPK step s-09211513T9O8ALGN7RFK is COMPLETED
j-3O2GA02I8LSPK cluster is TERMINATED
Saved io-heavy 500MB c5a.xlarge x 4 runtime=1.1722 min cost=$0.0138; cluster=TERMINATED
Batch finished. Success CSV: data/performance/performance_dataset.csv
Failed experiments CSV: data/performance/failed_emr_experiments.csv
Starting 100MB memory-heavy on m5a.xlarge x 2 in ap-southeast-1
{
  "JobFlowId": "j-1CCA6BWEVKZKR",
  "ClusterArn": "arn:aws:elasticmapreduce:ap-southeast-1:435097195936:cluster/j-1CCA6BWEVKZKR",
  "ResponseMetadata": {
    "RequestId": "ec3c8fd1-5b82-4ec1-8f04-aa6fd666e5b8",
    "HTTPStatusCode": 200,
    "HTTPHeaders": {
      "x-amzn-requestid": "ec3c8fd1-5b82-4ec1-8f04-aa6fd666e5b8",
      "content-type": "application/x-amz-json-1.1",
      "content-length": "123",
      "date": "Sat, 25 Jul 2026 02:19:03 GMT"
    },
    "RetryAttempts": 0
  }
}
j-1CCA6BWEVKZKR step s-0661726A9BWDEXJNQI5 is PENDING
j-1CCA6BWEVKZKR step s-0661726A9BWDEXJNQI5 is PENDING
j-1CCA6BWEVKZKR step s-0661726A9BWDEXJNQI5 is COMPLETED
j-1CCA6BWEVKZKR cluster is TERMINATED
Saved memory-heavy 100MB m5a.xlarge x 2 runtime=1.2745 min cost=$0.0092; cluster=TERMINATED
Batch finished. Success CSV: data/performance/performance_dataset.csv
Failed experiments CSV: data/performance/failed_emr_experiments.csv
Starting 10MB cpu-heavy on m5a.xlarge x 2 in ap-southeast-1
{
  "JobFlowId": "j-1LVPATRG5B12A",
  "ClusterArn": "arn:aws:elasticmapreduce:ap-southeast-1:435097195936:cluster/j-1LVPATRG5B12A",
  "ResponseMetadata": {
    "RequestId": "99ffe28f-7f55-4fee-9dc3-29c13b279e3a",
    "HTTPStatusCode": 200,
    "HTTPHeaders": {
      "x-amzn-requestid": "99ffe28f-7f55-4fee-9dc3-29c13b279e3a",
      "content-type": "application/x-amz-json-1.1",
      "content-length": "123",
      "date": "Sat, 25 Jul 2026 02:35:05 GMT"
    },
    "RetryAttempts": 0
  }
}
j-1LVPATRG5B12A step s-09281923SIRLG84Y3VRK is PENDING
j-1LVPATRG5B12A step s-09281923SIRLG84Y3VRK is COMPLETED
j-1LVPATRG5B12A cluster is TERMINATED
Saved cpu-heavy 10MB m5a.xlarge x 2 runtime=1.2079 min cost=$0.0087; cluster=TERMINATED
Batch finished. Success CSV: data/performance/performance_dataset.csv
Failed experiments CSV: data/performance/failed_emr_experiments.csv
Starting 100MB io-heavy on c5.xlarge x 2 in ap-southeast-1
{
  "JobFlowId": "j-1GM4KI67VU9LV",
  "ClusterArn": "arn:aws:elasticmapreduce:ap-southeast-1:435097195936:cluster/j-1GM4KI67VU9LV",
  "ResponseMetadata": {
    "RequestId": "5a5de65a-78c6-420c-a8cd-9471da335af6",
    "HTTPStatusCode": 200,
    "HTTPHeaders": {
      "x-amzn-requestid": "5a5de65a-78c6-420c-a8cd-9471da335af6",
      "content-type": "application/x-amz-json-1.1",
      "content-length": "123",
      "date": "Sat, 25 Jul 2026 02:48:37 GMT"
    },
    "RetryAttempts": 0
  }
}
j-1GM4KI67VU9LV step s-0404343H0CID17WI0JE is PENDING
j-1GM4KI67VU9LV step s-0404343H0CID17WI0JE is COMPLETED
j-1GM4KI67VU9LV cluster is TERMINATED
Saved io-heavy 100MB c5.xlarge x 2 runtime=1.0052 min cost=$0.0066; cluster=TERMINATED
Batch finished. Success CSV: data/performance/performance_dataset.csv
Failed experiments CSV: data/performance/failed_emr_experiments.csv
Starting 3072MB memory-heavy on c5.xlarge x 4 in ap-southeast-1
{
  "JobFlowId": "j-BSDD2W0KU971",
  "ClusterArn": "arn:aws:elasticmapreduce:ap-southeast-1:435097195936:cluster/j-BSDD2W0KU971",
  "ResponseMetadata": {
    "RequestId": "47efa79a-cec1-4bd0-97fa-94cfb5a9d7c9",
    "HTTPStatusCode": 200,
    "HTTPHeaders": {
      "x-amzn-requestid": "47efa79a-cec1-4bd0-97fa-94cfb5a9d7c9",
      "content-type": "application/x-amz-json-1.1",
      "content-length": "121",
      "date": "Sat, 25 Jul 2026 03:06:37 GMT"
    },
    "RetryAttempts": 0
  }
}
j-BSDD2W0KU971 step s-0925865H4OK0QAH79S3 is PENDING
j-BSDD2W0KU971 step s-0925865H4OK0QAH79S3 is COMPLETED
j-BSDD2W0KU971 cluster is TERMINATED
Saved memory-heavy 3072MB c5.xlarge x 4 runtime=1.8071 min cost=$0.0236; cluster=TERMINATED
Batch finished. Success CSV: data/performance/performance_dataset.csv
Failed experiments CSV: data/performance/failed_emr_experiments.csv
