Starting 2048MB cpu-heavy on m6i.xlarge x 4 in ap-southeast-1
{
  "JobFlowId": "j-I9D5DT4ZFKY4",
  "ClusterArn": "arn:aws:elasticmapreduce:ap-southeast-1:435097195936:cluster/j-I9D5DT4ZFKY4",
  "ResponseMetadata": {
    "RequestId": "950c344d-a470-44c9-b660-69e70634aefc",
    "HTTPStatusCode": 200,
    "HTTPHeaders": {
      "x-amzn-requestid": "950c344d-a470-44c9-b660-69e70634aefc",
      "content-type": "application/x-amz-json-1.1",
      "content-length": "121",
      "date": "Fri, 24 Jul 2026 07:37:03 GMT"
    },
    "RetryAttempts": 0
  }
}
j-I9D5DT4ZFKY4 step s-0676539M9NKSAMP6LTS is PENDING
j-I9D5DT4ZFKY4 step s-0676539M9NKSAMP6LTS is CANCELLED
j-I9D5DT4ZFKY4 cluster is TERMINATED_WITH_ERRORS
STEP FAILED: j-I9D5DT4ZFKY4 s-0676539M9NKSAMP6LTS ended as CANCELLED: {'State': 'CANCELLED', 'StateChangeReason': {'Message': 'Cluster terminated'}, 'Timeline': {'CreationDateTime': datetime.datetime(2026, 7, 24, 13, 7, 3, 444000, tzinfo=tzlocal())}} | cluster_reason={'Code': 'VALIDATION_ERROR', 'Message': 'The subnet configuration was invalid: The subnet subnet-0790d25ecc4deae64 does not exist.'} | error_details=[]
Batch finished. Success CSV: data/performance/performance_dataset.csv
Failed experiments CSV: data/performance/failed_emr_experiments.csv
Starting 10MB memory-heavy on m5a.xlarge x 2 in ap-southeast-1
{
  "JobFlowId": "j-1DPF4ZSAC093N",
  "ClusterArn": "arn:aws:elasticmapreduce:ap-southeast-1:435097195936:cluster/j-1DPF4ZSAC093N",
  "ResponseMetadata": {
    "RequestId": "5c22245f-11e9-46e5-ae12-d76a6c421707",
    "HTTPStatusCode": 200,
    "HTTPHeaders": {
      "x-amzn-requestid": "5c22245f-11e9-46e5-ae12-d76a6c421707",
      "content-type": "application/x-amz-json-1.1",
      "content-length": "123",
      "date": "Fri, 24 Jul 2026 07:37:37 GMT"
    },
    "RetryAttempts": 0
  }
}
j-1DPF4ZSAC093N step s-03811271VUVE6S2AILGL is PENDING
j-1DPF4ZSAC093N step s-03811271VUVE6S2AILGL is CANCELLED
j-1DPF4ZSAC093N cluster is TERMINATED_WITH_ERRORS
STEP FAILED: j-1DPF4ZSAC093N s-03811271VUVE6S2AILGL ended as CANCELLED: {'State': 'CANCELLED', 'StateChangeReason': {'Message': 'Cluster terminated'}, 'Timeline': {'CreationDateTime': datetime.datetime(2026, 7, 24, 13, 7, 36, 948000, tzinfo=tzlocal())}} | cluster_reason={'Code': 'VALIDATION_ERROR', 'Message': 'The subnet configuration was invalid: The subnet subnet-0790d25ecc4deae64 does not exist.'} | error_details=[]
Batch finished. Success CSV: data/performance/performance_dataset.csv
Failed experiments CSV: data/performance/failed_emr_experiments.csv
Starting 10MB io-heavy on c6i.xlarge x 2 in ap-southeast-1
{
  "JobFlowId": "j-K74MC7S1XTQ1",
  "ClusterArn": "arn:aws:elasticmapreduce:ap-southeast-1:435097195936:cluster/j-K74MC7S1XTQ1",
  "ResponseMetadata": {
    "RequestId": "eb1bf082-d064-42c3-bb68-cc143b0cda1e",
    "HTTPStatusCode": 200,
    "HTTPHeaders": {
      "x-amzn-requestid": "eb1bf082-d064-42c3-bb68-cc143b0cda1e",
      "content-type": "application/x-amz-json-1.1",
      "content-length": "121",
      "date": "Fri, 24 Jul 2026 07:38:09 GMT"
    },
    "RetryAttempts": 0
  }
}
j-K74MC7S1XTQ1 step s-0382272M0AWMVWOSJMW is PENDING
j-K74MC7S1XTQ1 step s-0382272M0AWMVWOSJMW is CANCELLED
j-K74MC7S1XTQ1 cluster is TERMINATED_WITH_ERRORS
STEP FAILED: j-K74MC7S1XTQ1 s-0382272M0AWMVWOSJMW ended as CANCELLED: {'State': 'CANCELLED', 'StateChangeReason': {'Message': 'Cluster terminated'}, 'Timeline': {'CreationDateTime': datetime.datetime(2026, 7, 24, 13, 8, 9, 690000, tzinfo=tzlocal())}} | cluster_reason={'Code': 'VALIDATION_ERROR', 'Message': 'The subnet configuration was invalid: The subnet subnet-0790d25ecc4deae64 does not exist.'} | error_details=[]
Batch finished. Success CSV: data/performance/performance_dataset.csv
Failed experiments CSV: data/performance/failed_emr_experiments.csv
Starting 10MB io-heavy on m5a.xlarge x 2 in ap-southeast-1
{
  "JobFlowId": "j-3MZSY0XXNSIWV",
  "ClusterArn": "arn:aws:elasticmapreduce:ap-southeast-1:435097195936:cluster/j-3MZSY0XXNSIWV",
  "ResponseMetadata": {
    "RequestId": "7a537e9f-967d-4120-a7a4-2a0453ca4d39",
    "HTTPStatusCode": 200,
    "HTTPHeaders": {
      "x-amzn-requestid": "7a537e9f-967d-4120-a7a4-2a0453ca4d39",
      "content-type": "application/x-amz-json-1.1",
      "content-length": "123",
      "date": "Fri, 24 Jul 2026 07:42:50 GMT"
    },
    "RetryAttempts": 0
  }
}
j-3MZSY0XXNSIWV step s-016691226Z6QD5ABHQAU is PENDING
j-3MZSY0XXNSIWV step s-016691226Z6QD5ABHQAU is CANCELLED
j-3MZSY0XXNSIWV cluster is TERMINATED_WITH_ERRORS
STEP FAILED: j-3MZSY0XXNSIWV s-016691226Z6QD5ABHQAU ended as CANCELLED: {'State': 'CANCELLED', 'StateChangeReason': {'Message': 'Cluster terminated'}, 'Timeline': {'CreationDateTime': datetime.datetime(2026, 7, 24, 13, 12, 49, 870000, tzinfo=tzlocal())}} | cluster_reason={'Code': 'VALIDATION_ERROR', 'Message': 'The subnet configuration was invalid: The subnet subnet-0790d25ecc4deae64 does not exist.'} | error_details=[]
Batch finished. Success CSV: data/performance/performance_dataset.csv
Failed experiments CSV: data/performance/failed_emr_experiments.csv
Starting 2048MB cpu-heavy on c5.xlarge x 4 in ap-southeast-1
{
  "JobFlowId": "j-2WBTXLY1PRH9T",
  "ClusterArn": "arn:aws:elasticmapreduce:ap-southeast-1:435097195936:cluster/j-2WBTXLY1PRH9T",
  "ResponseMetadata": {
    "RequestId": "72a5865f-0483-4939-a585-60d8531bdb57",
    "HTTPStatusCode": 200,
    "HTTPHeaders": {
      "x-amzn-requestid": "72a5865f-0483-4939-a585-60d8531bdb57",
      "content-type": "application/x-amz-json-1.1",
      "content-length": "123",
      "date": "Fri, 24 Jul 2026 07:43:21 GMT"
    },
    "RetryAttempts": 0
  }
}
j-2WBTXLY1PRH9T step s-03819811MJHEN2Y04UFW is PENDING
j-2WBTXLY1PRH9T step s-03819811MJHEN2Y04UFW is CANCELLED
j-2WBTXLY1PRH9T cluster is TERMINATED_WITH_ERRORS
STEP FAILED: j-2WBTXLY1PRH9T s-03819811MJHEN2Y04UFW ended as CANCELLED: {'State': 'CANCELLED', 'StateChangeReason': {'Message': 'Cluster terminated'}, 'Timeline': {'CreationDateTime': datetime.datetime(2026, 7, 24, 13, 13, 21, 768000, tzinfo=tzlocal())}} | cluster_reason={'Code': 'VALIDATION_ERROR', 'Message': 'The subnet configuration was invalid: The subnet subnet-0790d25ecc4deae64 does not exist.'} | error_details=[]
Batch finished. Success CSV: data/performance/performance_dataset.csv
Failed experiments CSV: data/performance/failed_emr_experiments.csv
Starting 10MB memory-heavy on c5a.xlarge x 2 in ap-southeast-1
{
  "JobFlowId": "j-1MDB3XF0QKXT4",
  "ClusterArn": "arn:aws:elasticmapreduce:ap-southeast-1:435097195936:cluster/j-1MDB3XF0QKXT4",
  "ResponseMetadata": {
    "RequestId": "a03e3365-3b9a-438a-bc3a-59f146f43438",
    "HTTPStatusCode": 200,
    "HTTPHeaders": {
      "x-amzn-requestid": "a03e3365-3b9a-438a-bc3a-59f146f43438",
      "content-type": "application/x-amz-json-1.1",
      "content-length": "123",
      "date": "Fri, 24 Jul 2026 07:45:59 GMT"
    },
    "RetryAttempts": 0
  }
}
j-1MDB3XF0QKXT4 step s-070345612K429JDUO8X4 is PENDING
j-1MDB3XF0QKXT4 step s-070345612K429JDUO8X4 is CANCELLED
j-1MDB3XF0QKXT4 cluster is TERMINATED_WITH_ERRORS
STEP FAILED: j-1MDB3XF0QKXT4 s-070345612K429JDUO8X4 ended as CANCELLED: {'State': 'CANCELLED', 'StateChangeReason': {'Message': 'Cluster terminated'}, 'Timeline': {'CreationDateTime': datetime.datetime(2026, 7, 24, 13, 15, 59, 727000, tzinfo=tzlocal())}} | cluster_reason={'Code': 'VALIDATION_ERROR', 'Message': 'The subnet configuration was invalid: The subnet subnet-0790d25ecc4deae64 does not exist.'} | error_details=[]
Batch finished. Success CSV: data/performance/performance_dataset.csv
Failed experiments CSV: data/performance/failed_emr_experiments.csv
Starting 10MB memory-heavy on m5a.xlarge x 4 in ap-southeast-1
{
  "JobFlowId": "j-325NERXMXIU91",
  "ClusterArn": "arn:aws:elasticmapreduce:ap-southeast-1:435097195936:cluster/j-325NERXMXIU91",
  "ResponseMetadata": {
    "RequestId": "7c93aff5-553a-4a59-a417-c55aa4672949",
    "HTTPStatusCode": 200,
    "HTTPHeaders": {
      "x-amzn-requestid": "7c93aff5-553a-4a59-a417-c55aa4672949",
      "content-type": "application/x-amz-json-1.1",
      "content-length": "123",
      "date": "Fri, 24 Jul 2026 07:52:43 GMT"
    },
    "RetryAttempts": 0
  }
}
j-325NERXMXIU91 step s-014466139DH8UM2GPVS7 is PENDING
j-325NERXMXIU91 step s-014466139DH8UM2GPVS7 is CANCELLED
j-325NERXMXIU91 cluster is TERMINATED_WITH_ERRORS
STEP FAILED: j-325NERXMXIU91 s-014466139DH8UM2GPVS7 ended as CANCELLED: {'State': 'CANCELLED', 'StateChangeReason': {'Message': 'Cluster terminated'}, 'Timeline': {'CreationDateTime': datetime.datetime(2026, 7, 24, 13, 22, 43, 64000, tzinfo=tzlocal())}} | cluster_reason={'Code': 'VALIDATION_ERROR', 'Message': 'The subnet configuration was invalid: The subnet subnet-0790d25ecc4deae64 does not exist.'} | error_details=[]
Batch finished. Success CSV: data/performance/performance_dataset.csv
Failed experiments CSV: data/performance/failed_emr_experiments.csv
Starting 10MB io-heavy on m5.xlarge x 2 in ap-southeast-1
{
  "JobFlowId": "j-33LM1SIQXR7QC",
  "ClusterArn": "arn:aws:elasticmapreduce:ap-southeast-1:435097195936:cluster/j-33LM1SIQXR7QC",
  "ResponseMetadata": {
    "RequestId": "e45ae0f0-4266-4283-a2e9-97a0fef2a9fa",
    "HTTPStatusCode": 200,
    "HTTPHeaders": {
      "x-amzn-requestid": "e45ae0f0-4266-4283-a2e9-97a0fef2a9fa",
      "content-type": "application/x-amz-json-1.1",
      "content-length": "123",
      "date": "Fri, 24 Jul 2026 07:53:15 GMT"
    },
    "RetryAttempts": 0
  }
}
j-33LM1SIQXR7QC step s-09218591TI68FYYMX4MJ is PENDING
j-33LM1SIQXR7QC step s-09218591TI68FYYMX4MJ is CANCELLED
j-33LM1SIQXR7QC cluster is TERMINATED_WITH_ERRORS
STEP FAILED: j-33LM1SIQXR7QC s-09218591TI68FYYMX4MJ ended as CANCELLED: {'State': 'CANCELLED', 'StateChangeReason': {'Message': 'Cluster terminated'}, 'Timeline': {'CreationDateTime': datetime.datetime(2026, 7, 24, 13, 23, 15, 31000, tzinfo=tzlocal())}} | cluster_reason={'Code': 'VALIDATION_ERROR', 'Message': 'The subnet configuration was invalid: The subnet subnet-0790d25ecc4deae64 does not exist.'} | error_details=[]
Batch finished. Success CSV: data/performance/performance_dataset.csv
Failed experiments CSV: data/performance/failed_emr_experiments.csv
Starting 500MB io-heavy on m5a.xlarge x 4 in ap-southeast-1
{
  "JobFlowId": "j-3SYBIKNX5QWEV",
  "ClusterArn": "arn:aws:elasticmapreduce:ap-southeast-1:435097195936:cluster/j-3SYBIKNX5QWEV",
  "ResponseMetadata": {
    "RequestId": "0f3511d0-5b7c-4798-a110-67226f43608b",
    "HTTPStatusCode": 200,
    "HTTPHeaders": {
      "x-amzn-requestid": "0f3511d0-5b7c-4798-a110-67226f43608b",
      "content-type": "application/x-amz-json-1.1",
      "content-length": "123",
      "date": "Fri, 24 Jul 2026 08:08:47 GMT"
    },
    "RetryAttempts": 0
  }
}
j-3SYBIKNX5QWEV step s-01252833087501R5KH7E is PENDING
j-3SYBIKNX5QWEV step s-01252833087501R5KH7E is CANCELLED
j-3SYBIKNX5QWEV cluster is TERMINATED_WITH_ERRORS
STEP FAILED: j-3SYBIKNX5QWEV s-01252833087501R5KH7E ended as CANCELLED: {'State': 'CANCELLED', 'StateChangeReason': {'Message': 'Cluster terminated'}, 'Timeline': {'CreationDateTime': datetime.datetime(2026, 7, 24, 13, 38, 47, 462000, tzinfo=tzlocal())}} | cluster_reason={'Code': 'VALIDATION_ERROR', 'Message': 'The subnet configuration was invalid: The subnet subnet-0790d25ecc4deae64 does not exist.'} | error_details=[]
Batch finished. Success CSV: data/performance/performance_dataset.csv
Failed experiments CSV: data/performance/failed_emr_experiments.csv
Starting 10MB memory-heavy on m5.xlarge x 4 in ap-southeast-1
{
  "JobFlowId": "j-EJKI3NCY2TRV",
  "ClusterArn": "arn:aws:elasticmapreduce:ap-southeast-1:435097195936:cluster/j-EJKI3NCY2TRV",
  "ResponseMetadata": {
    "RequestId": "d8e9c82b-1f92-46df-8c72-f52c3ecf434a",
    "HTTPStatusCode": 200,
    "HTTPHeaders": {
      "x-amzn-requestid": "d8e9c82b-1f92-46df-8c72-f52c3ecf434a",
      "content-type": "application/x-amz-json-1.1",
      "content-length": "121",
      "date": "Fri, 24 Jul 2026 08:09:19 GMT"
    },
    "RetryAttempts": 0
  }
}
j-EJKI3NCY2TRV step s-017262629VYLVLRZGBMM is PENDING
j-EJKI3NCY2TRV step s-017262629VYLVLRZGBMM is CANCELLED
j-EJKI3NCY2TRV cluster is TERMINATED_WITH_ERRORS
STEP FAILED: j-EJKI3NCY2TRV s-017262629VYLVLRZGBMM ended as CANCELLED: {'State': 'CANCELLED', 'StateChangeReason': {'Message': 'Cluster terminated'}, 'Timeline': {'CreationDateTime': datetime.datetime(2026, 7, 24, 13, 39, 19, 516000, tzinfo=tzlocal())}} | cluster_reason={'Code': 'VALIDATION_ERROR', 'Message': 'The subnet configuration was invalid: The subnet subnet-0790d25ecc4deae64 does not exist.'} | error_details=[]
Batch finished. Success CSV: data/performance/performance_dataset.csv
Failed experiments CSV: data/performance/failed_emr_experiments.csv
Starting 1024MB io-heavy on m5.xlarge x 4 in ap-southeast-1
{
  "JobFlowId": "j-LYR3661DV91G",
  "ClusterArn": "arn:aws:elasticmapreduce:ap-southeast-1:435097195936:cluster/j-LYR3661DV91G",
  "ResponseMetadata": {
    "RequestId": "72e641a2-2856-466f-aeaf-58aff96a749c",
    "HTTPStatusCode": 200,
    "HTTPHeaders": {
      "x-amzn-requestid": "72e641a2-2856-466f-aeaf-58aff96a749c",
      "content-type": "application/x-amz-json-1.1",
      "content-length": "121",
      "date": "Fri, 24 Jul 2026 08:24:52 GMT"
    },
    "RetryAttempts": 0
  }
}
j-LYR3661DV91G step s-019026222IP6CW3PJC7H is PENDING
j-LYR3661DV91G step s-019026222IP6CW3PJC7H is CANCELLED
j-LYR3661DV91G cluster is TERMINATED_WITH_ERRORS
STEP FAILED: j-LYR3661DV91G s-019026222IP6CW3PJC7H ended as CANCELLED: {'State': 'CANCELLED', 'StateChangeReason': {'Message': 'Cluster terminated'}, 'Timeline': {'CreationDateTime': datetime.datetime(2026, 7, 24, 13, 54, 52, 149000, tzinfo=tzlocal())}} | cluster_reason={'Code': 'VALIDATION_ERROR', 'Message': 'The subnet configuration was invalid: The subnet subnet-0790d25ecc4deae64 does not exist.'} | error_details=[]
Batch finished. Success CSV: data/performance/performance_dataset.csv
Failed experiments CSV: data/performance/failed_emr_experiments.csv
Starting 10MB cpu-heavy on c6i.xlarge x 4 in ap-southeast-1
{
  "JobFlowId": "j-YPTLNM4JKKNI",
  "ClusterArn": "arn:aws:elasticmapreduce:ap-southeast-1:435097195936:cluster/j-YPTLNM4JKKNI",
  "ResponseMetadata": {
    "RequestId": "2cdda511-579e-4e42-a0fb-d470017226ac",
    "HTTPStatusCode": 200,
    "HTTPHeaders": {
      "x-amzn-requestid": "2cdda511-579e-4e42-a0fb-d470017226ac",
      "content-type": "application/x-amz-json-1.1",
      "content-length": "121",
      "date": "Fri, 24 Jul 2026 08:26:23 GMT"
    },
    "RetryAttempts": 0
  }
}
j-YPTLNM4JKKNI step s-09267938HIDY4W9N4Y4 is PENDING
j-YPTLNM4JKKNI step s-09267938HIDY4W9N4Y4 is CANCELLED
j-YPTLNM4JKKNI cluster is TERMINATED_WITH_ERRORS
STEP FAILED: j-YPTLNM4JKKNI s-09267938HIDY4W9N4Y4 ended as CANCELLED: {'State': 'CANCELLED', 'StateChangeReason': {'Message': 'Cluster terminated'}, 'Timeline': {'CreationDateTime': datetime.datetime(2026, 7, 24, 13, 56, 23, 262000, tzinfo=tzlocal())}} | cluster_reason={'Code': 'VALIDATION_ERROR', 'Message': 'The subnet configuration was invalid: The subnet subnet-0790d25ecc4deae64 does not exist.'} | error_details=[]
Batch finished. Success CSV: data/performance/performance_dataset.csv
Failed experiments CSV: data/performance/failed_emr_experiments.csv
Starting 10MB io-heavy on m5.xlarge x 2 in ap-southeast-1
{
  "JobFlowId": "j-NUHU1RJJDOIT",
  "ClusterArn": "arn:aws:elasticmapreduce:ap-southeast-1:435097195936:cluster/j-NUHU1RJJDOIT",
  "ResponseMetadata": {
    "RequestId": "f8914128-74c1-48d2-8ecd-92e4f8f870d7",
    "HTTPStatusCode": 200,
    "HTTPHeaders": {
      "x-amzn-requestid": "f8914128-74c1-48d2-8ecd-92e4f8f870d7",
      "content-type": "application/x-amz-json-1.1",
      "content-length": "121",
      "date": "Fri, 24 Jul 2026 08:41:57 GMT"
    },
    "RetryAttempts": 0
  }
}
j-NUHU1RJJDOIT step s-0026422JG36LD9W1T9A is PENDING
j-NUHU1RJJDOIT step s-0026422JG36LD9W1T9A is CANCELLED
j-NUHU1RJJDOIT cluster is TERMINATED_WITH_ERRORS
STEP FAILED: j-NUHU1RJJDOIT s-0026422JG36LD9W1T9A ended as CANCELLED: {'State': 'CANCELLED', 'StateChangeReason': {'Message': 'Cluster terminated'}, 'Timeline': {'CreationDateTime': datetime.datetime(2026, 7, 24, 14, 11, 56, 884000, tzinfo=tzlocal())}} | cluster_reason={'Code': 'VALIDATION_ERROR', 'Message': 'The subnet configuration was invalid: The subnet subnet-0790d25ecc4deae64 does not exist.'} | error_details=[]
Batch finished. Success CSV: data/performance/performance_dataset.csv
Failed experiments CSV: data/performance/failed_emr_experiments.csv
Starting 100MB cpu-heavy on c5.xlarge x 4 in ap-southeast-1
{
  "JobFlowId": "j-HRLMCCWYC4P1",
  "ClusterArn": "arn:aws:elasticmapreduce:ap-southeast-1:435097195936:cluster/j-HRLMCCWYC4P1",
  "ResponseMetadata": {
    "RequestId": "84b58198-5c80-4059-a921-bb27ab3cca37",
    "HTTPStatusCode": 200,
    "HTTPHeaders": {
      "x-amzn-requestid": "84b58198-5c80-4059-a921-bb27ab3cca37",
      "content-type": "application/x-amz-json-1.1",
      "content-length": "121",
      "date": "Fri, 24 Jul 2026 08:42:29 GMT"
    },
    "RetryAttempts": 0
  }
}
j-HRLMCCWYC4P1 step s-06936635B014BX05T6Q is PENDING
j-HRLMCCWYC4P1 step s-06936635B014BX05T6Q is CANCELLED
j-HRLMCCWYC4P1 cluster is TERMINATED_WITH_ERRORS
STEP FAILED: j-HRLMCCWYC4P1 s-06936635B014BX05T6Q ended as CANCELLED: {'State': 'CANCELLED', 'StateChangeReason': {'Message': 'Cluster terminated'}, 'Timeline': {'CreationDateTime': datetime.datetime(2026, 7, 24, 14, 12, 29, 262000, tzinfo=tzlocal())}} | cluster_reason={'Code': 'VALIDATION_ERROR', 'Message': 'The subnet configuration was invalid: The subnet subnet-0790d25ecc4deae64 does not exist.'} | error_details=[]
Batch finished. Success CSV: data/performance/performance_dataset.csv
Failed experiments CSV: data/performance/failed_emr_experiments.csv
Starting 10MB io-heavy on c5.xlarge x 2 in ap-southeast-1
{
  "JobFlowId": "j-1V8WB63ERCJ5L",
  "ClusterArn": "arn:aws:elasticmapreduce:ap-southeast-1:435097195936:cluster/j-1V8WB63ERCJ5L",
  "ResponseMetadata": {
    "RequestId": "caeb3be8-4db6-4ff3-b08a-75d1872fac8e",
    "HTTPStatusCode": 200,
    "HTTPHeaders": {
      "x-amzn-requestid": "caeb3be8-4db6-4ff3-b08a-75d1872fac8e",
      "content-type": "application/x-amz-json-1.1",
      "content-length": "123",
      "date": "Fri, 24 Jul 2026 08:58:03 GMT"
    },
    "RetryAttempts": 0
  }
}
j-1V8WB63ERCJ5L step s-04050392E1JUWASA53EH is PENDING
j-1V8WB63ERCJ5L step s-04050392E1JUWASA53EH is CANCELLED
j-1V8WB63ERCJ5L cluster is TERMINATED_WITH_ERRORS
STEP FAILED: j-1V8WB63ERCJ5L s-04050392E1JUWASA53EH ended as CANCELLED: {'State': 'CANCELLED', 'StateChangeReason': {'Message': 'Cluster terminated'}, 'Timeline': {'CreationDateTime': datetime.datetime(2026, 7, 24, 14, 28, 2, 862000, tzinfo=tzlocal())}} | cluster_reason={'Code': 'VALIDATION_ERROR', 'Message': 'The subnet configuration was invalid: The subnet subnet-0790d25ecc4deae64 does not exist.'} | error_details=[]
Batch finished. Success CSV: data/performance/performance_dataset.csv
Failed experiments CSV: data/performance/failed_emr_experiments.csv
Starting 10MB io-heavy on m5a.xlarge x 4 in ap-southeast-1
{
  "JobFlowId": "j-3HQ7L9EHT4QNR",
  "ClusterArn": "arn:aws:elasticmapreduce:ap-southeast-1:435097195936:cluster/j-3HQ7L9EHT4QNR",
  "ResponseMetadata": {
    "RequestId": "94ea8d2e-eb52-4746-93ff-12b06d100073",
    "HTTPStatusCode": 200,
    "HTTPHeaders": {
      "x-amzn-requestid": "94ea8d2e-eb52-4746-93ff-12b06d100073",
      "content-type": "application/x-amz-json-1.1",
      "content-length": "123",
      "date": "Fri, 24 Jul 2026 09:13:36 GMT"
    },
    "RetryAttempts": 0
  }
}
j-3HQ7L9EHT4QNR step s-01609152SM52BII17ED4 is PENDING
j-3HQ7L9EHT4QNR step s-01609152SM52BII17ED4 is CANCELLED
j-3HQ7L9EHT4QNR cluster is TERMINATED_WITH_ERRORS
STEP FAILED: j-3HQ7L9EHT4QNR s-01609152SM52BII17ED4 ended as CANCELLED: {'State': 'CANCELLED', 'StateChangeReason': {'Message': 'Cluster terminated'}, 'Timeline': {'CreationDateTime': datetime.datetime(2026, 7, 24, 14, 43, 36, 111000, tzinfo=tzlocal())}} | cluster_reason={'Code': 'VALIDATION_ERROR', 'Message': 'The subnet configuration was invalid: The subnet subnet-0790d25ecc4deae64 does not exist.'} | error_details=[]
Batch finished. Success CSV: data/performance/performance_dataset.csv
Failed experiments CSV: data/performance/failed_emr_experiments.csv
Starting 500MB memory-heavy on c5a.xlarge x 2 in ap-southeast-1
{
  "JobFlowId": "j-39TVSKZQAYJQF",
  "ClusterArn": "arn:aws:elasticmapreduce:ap-southeast-1:435097195936:cluster/j-39TVSKZQAYJQF",
  "ResponseMetadata": {
    "RequestId": "50fbfdce-bdeb-4cbf-8f32-c0bbbf232b20",
    "HTTPStatusCode": 200,
    "HTTPHeaders": {
      "x-amzn-requestid": "50fbfdce-bdeb-4cbf-8f32-c0bbbf232b20",
      "content-type": "application/x-amz-json-1.1",
      "content-length": "123",
      "date": "Fri, 24 Jul 2026 09:14:08 GMT"
    },
    "RetryAttempts": 0
  }
}
j-39TVSKZQAYJQF step s-06972853DE666FTI3R2Y is PENDING
j-39TVSKZQAYJQF step s-06972853DE666FTI3R2Y is CANCELLED
j-39TVSKZQAYJQF cluster is TERMINATED_WITH_ERRORS
STEP FAILED: j-39TVSKZQAYJQF s-06972853DE666FTI3R2Y ended as CANCELLED: {'State': 'CANCELLED', 'StateChangeReason': {'Message': 'Cluster terminated'}, 'Timeline': {'CreationDateTime': datetime.datetime(2026, 7, 24, 14, 44, 8, 263000, tzinfo=tzlocal())}} | cluster_reason={'Code': 'VALIDATION_ERROR', 'Message': 'The subnet configuration was invalid: The subnet subnet-0790d25ecc4deae64 does not exist.'} | error_details=[]
Batch finished. Success CSV: data/performance/performance_dataset.csv
Failed experiments CSV: data/performance/failed_emr_experiments.csv
Starting 500MB memory-heavy on m6i.xlarge x 2 in ap-southeast-1
{
  "JobFlowId": "j-1RCKIMRBPBIRR",
  "ClusterArn": "arn:aws:elasticmapreduce:ap-southeast-1:435097195936:cluster/j-1RCKIMRBPBIRR",
  "ResponseMetadata": {
    "RequestId": "45d41b80-6b98-46ab-9911-7b640df8e8d1",
    "HTTPStatusCode": 200,
    "HTTPHeaders": {
      "x-amzn-requestid": "45d41b80-6b98-46ab-9911-7b640df8e8d1",
      "content-type": "application/x-amz-json-1.1",
      "content-length": "123",
      "date": "Fri, 24 Jul 2026 09:29:40 GMT"
    },
    "RetryAttempts": 0
  }
}
j-1RCKIMRBPBIRR step s-038128113IKA86458B0Y is PENDING
j-1RCKIMRBPBIRR step s-038128113IKA86458B0Y is CANCELLED
j-1RCKIMRBPBIRR cluster is TERMINATED_WITH_ERRORS
STEP FAILED: j-1RCKIMRBPBIRR s-038128113IKA86458B0Y ended as CANCELLED: {'State': 'CANCELLED', 'StateChangeReason': {'Message': 'Cluster terminated'}, 'Timeline': {'CreationDateTime': datetime.datetime(2026, 7, 24, 14, 59, 40, 382000, tzinfo=tzlocal())}} | cluster_reason={'Code': 'VALIDATION_ERROR', 'Message': 'The subnet configuration was invalid: The subnet subnet-0790d25ecc4deae64 does not exist.'} | error_details=[]
Batch finished. Success CSV: data/performance/performance_dataset.csv
Failed experiments CSV: data/performance/failed_emr_experiments.csv
Starting 10MB cpu-heavy on c6i.xlarge x 4 in ap-southeast-1
{
  "JobFlowId": "j-8E17TQELUPXL",
  "ClusterArn": "arn:aws:elasticmapreduce:ap-southeast-1:435097195936:cluster/j-8E17TQELUPXL",
  "ResponseMetadata": {
    "RequestId": "e823da68-f8a7-4898-b0c4-b6d8ad70d2ee",
    "HTTPStatusCode": 200,
    "HTTPHeaders": {
      "x-amzn-requestid": "e823da68-f8a7-4898-b0c4-b6d8ad70d2ee",
      "content-type": "application/x-amz-json-1.1",
      "content-length": "121",
      "date": "Fri, 24 Jul 2026 09:34:01 GMT"
    },
    "RetryAttempts": 0
  }
}
j-8E17TQELUPXL step s-00283542YXW372XG4TS2 is PENDING
j-8E17TQELUPXL step s-00283542YXW372XG4TS2 is CANCELLED
j-8E17TQELUPXL cluster is TERMINATED_WITH_ERRORS
STEP FAILED: j-8E17TQELUPXL s-00283542YXW372XG4TS2 ended as CANCELLED: {'State': 'CANCELLED', 'StateChangeReason': {'Message': 'Cluster terminated'}, 'Timeline': {'CreationDateTime': datetime.datetime(2026, 7, 24, 15, 4, 1, 765000, tzinfo=tzlocal())}} | cluster_reason={'Code': 'VALIDATION_ERROR', 'Message': 'The subnet configuration was invalid: The subnet subnet-0790d25ecc4deae64 does not exist.'} | error_details=[]
Batch finished. Success CSV: data/performance/performance_dataset.csv
Failed experiments CSV: data/performance/failed_emr_experiments.csv
Starting 10MB memory-heavy on c6i.xlarge x 4 in ap-southeast-1
{
  "JobFlowId": "j-1WHDCJ2DRUKFM",
  "ClusterArn": "arn:aws:elasticmapreduce:ap-southeast-1:435097195936:cluster/j-1WHDCJ2DRUKFM",
  "ResponseMetadata": {
    "RequestId": "29636ea4-76de-416b-b854-2741c4df83c4",
    "HTTPStatusCode": 200,
    "HTTPHeaders": {
      "x-amzn-requestid": "29636ea4-76de-416b-b854-2741c4df83c4",
      "content-type": "application/x-amz-json-1.1",
      "content-length": "123",
      "date": "Fri, 24 Jul 2026 09:34:56 GMT"
    },
    "RetryAttempts": 0
  }
}
j-1WHDCJ2DRUKFM step s-0571804PSFEXACN7KB0 is PENDING
j-1WHDCJ2DRUKFM step s-0571804PSFEXACN7KB0 is CANCELLED
j-1WHDCJ2DRUKFM cluster is TERMINATED_WITH_ERRORS
STEP FAILED: j-1WHDCJ2DRUKFM s-0571804PSFEXACN7KB0 ended as CANCELLED: {'State': 'CANCELLED', 'StateChangeReason': {'Message': 'Cluster terminated'}, 'Timeline': {'CreationDateTime': datetime.datetime(2026, 7, 24, 15, 4, 56, 22000, tzinfo=tzlocal())}} | cluster_reason={'Code': 'VALIDATION_ERROR', 'Message': 'The subnet configuration was invalid: The subnet subnet-0790d25ecc4deae64 does not exist.'} | error_details=[]
Batch finished. Success CSV: data/performance/performance_dataset.csv
Failed experiments CSV: data/performance/failed_emr_experiments.csv
Starting 3072MB io-heavy on c5a.xlarge x 4 in ap-southeast-1
{
  "JobFlowId": "j-2AZJF04ZICYUA",
  "ClusterArn": "arn:aws:elasticmapreduce:ap-southeast-1:435097195936:cluster/j-2AZJF04ZICYUA",
  "ResponseMetadata": {
    "RequestId": "edd0f49b-66d7-4bd1-b2ad-de251706692d",
    "HTTPStatusCode": 200,
    "HTTPHeaders": {
      "x-amzn-requestid": "edd0f49b-66d7-4bd1-b2ad-de251706692d",
      "content-type": "application/x-amz-json-1.1",
      "content-length": "123",
      "date": "Fri, 24 Jul 2026 09:35:28 GMT"
    },
    "RetryAttempts": 0
  }
}
j-2AZJF04ZICYUA step s-01235161A636LK1UTJAS is PENDING
j-2AZJF04ZICYUA step s-01235161A636LK1UTJAS is CANCELLED
j-2AZJF04ZICYUA cluster is TERMINATED_WITH_ERRORS
STEP FAILED: j-2AZJF04ZICYUA s-01235161A636LK1UTJAS ended as CANCELLED: {'State': 'CANCELLED', 'StateChangeReason': {'Message': 'Cluster terminated'}, 'Timeline': {'CreationDateTime': datetime.datetime(2026, 7, 24, 15, 5, 28, 435000, tzinfo=tzlocal())}} | cluster_reason={'Code': 'VALIDATION_ERROR', 'Message': 'The subnet configuration was invalid: The subnet subnet-0790d25ecc4deae64 does not exist.'} | error_details=[]
Batch finished. Success CSV: data/performance/performance_dataset.csv
Failed experiments CSV: data/performance/failed_emr_experiments.csv
Starting 1024MB cpu-heavy on c5a.xlarge x 2 in ap-southeast-1
{
  "JobFlowId": "j-WUSV4VI2V0PK",
  "ClusterArn": "arn:aws:elasticmapreduce:ap-southeast-1:435097195936:cluster/j-WUSV4VI2V0PK",
  "ResponseMetadata": {
    "RequestId": "aafe504d-3284-4a0f-ae27-a605f89a7796",
    "HTTPStatusCode": 200,
    "HTTPHeaders": {
      "x-amzn-requestid": "aafe504d-3284-4a0f-ae27-a605f89a7796",
      "content-type": "application/x-amz-json-1.1",
      "content-length": "121",
      "date": "Fri, 24 Jul 2026 09:36:08 GMT"
    },
    "RetryAttempts": 0
  }
}
j-WUSV4VI2V0PK step s-09190802TMAD4RNAW35J is PENDING
j-WUSV4VI2V0PK step s-09190802TMAD4RNAW35J is CANCELLED
j-WUSV4VI2V0PK cluster is TERMINATED_WITH_ERRORS
STEP FAILED: j-WUSV4VI2V0PK s-09190802TMAD4RNAW35J ended as CANCELLED: {'State': 'CANCELLED', 'StateChangeReason': {'Message': 'Cluster terminated'}, 'Timeline': {'CreationDateTime': datetime.datetime(2026, 7, 24, 15, 6, 8, 302000, tzinfo=tzlocal())}} | cluster_reason={'Code': 'VALIDATION_ERROR', 'Message': 'The subnet configuration was invalid: The subnet subnet-0790d25ecc4deae64 does not exist.'} | error_details=[]
Batch finished. Success CSV: data/performance/performance_dataset.csv
Failed experiments CSV: data/performance/failed_emr_experiments.csv
Starting 10MB memory-heavy on c5.xlarge x 4 in ap-southeast-1
{
  "JobFlowId": "j-1RHQ2JLL2FRHA",
  "ClusterArn": "arn:aws:elasticmapreduce:ap-southeast-1:435097195936:cluster/j-1RHQ2JLL2FRHA",
  "ResponseMetadata": {
    "RequestId": "09b8b3bb-4e4d-4fe8-a65e-9e1634793ee5",
    "HTTPStatusCode": 200,
    "HTTPHeaders": {
      "x-amzn-requestid": "09b8b3bb-4e4d-4fe8-a65e-9e1634793ee5",
      "content-type": "application/x-amz-json-1.1",
      "content-length": "123",
      "date": "Fri, 24 Jul 2026 09:51:41 GMT"
    },
    "RetryAttempts": 0
  }
}
j-1RHQ2JLL2FRHA step s-09274931NDIQAA9UFEPZ is PENDING
j-1RHQ2JLL2FRHA step s-09274931NDIQAA9UFEPZ is CANCELLED
j-1RHQ2JLL2FRHA cluster is TERMINATED_WITH_ERRORS
STEP FAILED: j-1RHQ2JLL2FRHA s-09274931NDIQAA9UFEPZ ended as CANCELLED: {'State': 'CANCELLED', 'StateChangeReason': {'Message': 'Cluster terminated'}, 'Timeline': {'CreationDateTime': datetime.datetime(2026, 7, 24, 15, 21, 41, 186000, tzinfo=tzlocal())}} | cluster_reason={'Code': 'VALIDATION_ERROR', 'Message': 'The subnet configuration was invalid: The subnet subnet-0790d25ecc4deae64 does not exist.'} | error_details=[]
Batch finished. Success CSV: data/performance/performance_dataset.csv
Failed experiments CSV: data/performance/failed_emr_experiments.csv
Starting 100MB cpu-heavy on c6i.xlarge x 2 in ap-southeast-1
{
  "JobFlowId": "j-14BN7D54FPETM",
  "ClusterArn": "arn:aws:elasticmapreduce:ap-southeast-1:435097195936:cluster/j-14BN7D54FPETM",
  "ResponseMetadata": {
    "RequestId": "42c9c71b-5dac-44ca-83e5-e56b47b43f75",
    "HTTPStatusCode": 200,
    "HTTPHeaders": {
      "x-amzn-requestid": "42c9c71b-5dac-44ca-83e5-e56b47b43f75",
      "content-type": "application/x-amz-json-1.1",
      "content-length": "123",
      "date": "Fri, 24 Jul 2026 09:54:08 GMT"
    },
    "RetryAttempts": 0
  }
}
j-14BN7D54FPETM step s-041008631UEI37AEXLGL is PENDING
j-14BN7D54FPETM step s-041008631UEI37AEXLGL is CANCELLED
j-14BN7D54FPETM cluster is TERMINATED_WITH_ERRORS
STEP FAILED: j-14BN7D54FPETM s-041008631UEI37AEXLGL ended as CANCELLED: {'State': 'CANCELLED', 'StateChangeReason': {'Message': 'Cluster terminated'}, 'Timeline': {'CreationDateTime': datetime.datetime(2026, 7, 24, 15, 24, 8, 815000, tzinfo=tzlocal())}} | cluster_reason={'Code': 'VALIDATION_ERROR', 'Message': 'The subnet configuration was invalid: The subnet subnet-0790d25ecc4deae64 does not exist.'} | error_details=[]
Batch finished. Success CSV: data/performance/performance_dataset.csv
Failed experiments CSV: data/performance/failed_emr_experiments.csv
Starting 10MB memory-heavy on m5.xlarge x 4 in ap-southeast-1
{
  "JobFlowId": "j-1U6NFZ00YAVC7",
  "ClusterArn": "arn:aws:elasticmapreduce:ap-southeast-1:435097195936:cluster/j-1U6NFZ00YAVC7",
  "ResponseMetadata": {
    "RequestId": "c0f276ae-9900-4df9-8f32-da8b06a7fb71",
    "HTTPStatusCode": 200,
    "HTTPHeaders": {
      "x-amzn-requestid": "c0f276ae-9900-4df9-8f32-da8b06a7fb71",
      "content-type": "application/x-amz-json-1.1",
      "content-length": "123",
      "date": "Fri, 24 Jul 2026 10:09:41 GMT"
    },
    "RetryAttempts": 0
  }
}
j-1U6NFZ00YAVC7 step s-01447633860UM66KDV6Z is PENDING
j-1U6NFZ00YAVC7 step s-01447633860UM66KDV6Z is CANCELLED
j-1U6NFZ00YAVC7 cluster is TERMINATED_WITH_ERRORS
STEP FAILED: j-1U6NFZ00YAVC7 s-01447633860UM66KDV6Z ended as CANCELLED: {'State': 'CANCELLED', 'StateChangeReason': {'Message': 'Cluster terminated'}, 'Timeline': {'CreationDateTime': datetime.datetime(2026, 7, 24, 15, 39, 41, 727000, tzinfo=tzlocal())}} | cluster_reason={'Code': 'VALIDATION_ERROR', 'Message': 'The subnet configuration was invalid: The subnet subnet-0790d25ecc4deae64 does not exist.'} | error_details=[]
Batch finished. Success CSV: data/performance/performance_dataset.csv
Failed experiments CSV: data/performance/failed_emr_experiments.csv
Starting 10MB cpu-heavy on m5.xlarge x 4 in ap-southeast-1
{
  "JobFlowId": "j-2ATL7V566UV61",
  "ClusterArn": "arn:aws:elasticmapreduce:ap-southeast-1:435097195936:cluster/j-2ATL7V566UV61",
  "ResponseMetadata": {
    "RequestId": "776deac8-0609-41e0-befd-91dfe3aa78c6",
    "HTTPStatusCode": 200,
    "HTTPHeaders": {
      "x-amzn-requestid": "776deac8-0609-41e0-befd-91dfe3aa78c6",
      "content-type": "application/x-amz-json-1.1",
      "content-length": "123",
      "date": "Fri, 24 Jul 2026 10:13:15 GMT"
    },
    "RetryAttempts": 0
  }
}
j-2ATL7V566UV61 step s-06683221QQBG0DS4O1ZH is PENDING
j-2ATL7V566UV61 step s-06683221QQBG0DS4O1ZH is CANCELLED
j-2ATL7V566UV61 cluster is TERMINATED_WITH_ERRORS
STEP FAILED: j-2ATL7V566UV61 s-06683221QQBG0DS4O1ZH ended as CANCELLED: {'State': 'CANCELLED', 'StateChangeReason': {'Message': 'Cluster terminated'}, 'Timeline': {'CreationDateTime': datetime.datetime(2026, 7, 24, 15, 43, 15, 797000, tzinfo=tzlocal())}} | cluster_reason={'Code': 'VALIDATION_ERROR', 'Message': 'The subnet configuration was invalid: The subnet subnet-0790d25ecc4deae64 does not exist.'} | error_details=[]
Batch finished. Success CSV: data/performance/performance_dataset.csv
Failed experiments CSV: data/performance/failed_emr_experiments.csv
Starting 10MB cpu-heavy on c5a.xlarge x 4 in ap-southeast-1
{
  "JobFlowId": "j-F7ZRD6OR8SM1",
  "ClusterArn": "arn:aws:elasticmapreduce:ap-southeast-1:435097195936:cluster/j-F7ZRD6OR8SM1",
  "ResponseMetadata": {
    "RequestId": "2592f6d7-8cd9-4a5e-b8ac-5dd8b0fbc019",
    "HTTPStatusCode": 200,
    "HTTPHeaders": {
      "x-amzn-requestid": "2592f6d7-8cd9-4a5e-b8ac-5dd8b0fbc019",
      "content-type": "application/x-amz-json-1.1",
      "content-length": "121",
      "date": "Fri, 24 Jul 2026 10:14:11 GMT"
    },
    "RetryAttempts": 0
  }
}
j-F7ZRD6OR8SM1 step s-0405089255PHGOIUUKDR is PENDING
j-F7ZRD6OR8SM1 step s-0405089255PHGOIUUKDR is CANCELLED
j-F7ZRD6OR8SM1 cluster is TERMINATED_WITH_ERRORS
STEP FAILED: j-F7ZRD6OR8SM1 s-0405089255PHGOIUUKDR ended as CANCELLED: {'State': 'CANCELLED', 'StateChangeReason': {'Message': 'Cluster terminated'}, 'Timeline': {'CreationDateTime': datetime.datetime(2026, 7, 24, 15, 44, 11, 826000, tzinfo=tzlocal())}} | cluster_reason={'Code': 'VALIDATION_ERROR', 'Message': 'The subnet configuration was invalid: The subnet subnet-0790d25ecc4deae64 does not exist.'} | error_details=[]
Batch finished. Success CSV: data/performance/performance_dataset.csv
Failed experiments CSV: data/performance/failed_emr_experiments.csv
Starting 10MB memory-heavy on m5.xlarge x 4 in ap-southeast-1
{
  "JobFlowId": "j-128WH8PS5AKGG",
  "ClusterArn": "arn:aws:elasticmapreduce:ap-southeast-1:435097195936:cluster/j-128WH8PS5AKGG",
  "ResponseMetadata": {
    "RequestId": "ab4e1565-4171-4ae0-b36e-688382dd4515",
    "HTTPStatusCode": 200,
    "HTTPHeaders": {
      "x-amzn-requestid": "ab4e1565-4171-4ae0-b36e-688382dd4515",
      "content-type": "application/x-amz-json-1.1",
      "content-length": "123",
      "date": "Fri, 24 Jul 2026 10:29:44 GMT"
    },
    "RetryAttempts": 0
  }
}
j-128WH8PS5AKGG step s-01239221SRITVYB7MFGL is PENDING
j-128WH8PS5AKGG step s-01239221SRITVYB7MFGL is CANCELLED
j-128WH8PS5AKGG cluster is TERMINATED_WITH_ERRORS
STEP FAILED: j-128WH8PS5AKGG s-01239221SRITVYB7MFGL ended as CANCELLED: {'State': 'CANCELLED', 'StateChangeReason': {'Message': 'Cluster terminated'}, 'Timeline': {'CreationDateTime': datetime.datetime(2026, 7, 24, 15, 59, 44, 638000, tzinfo=tzlocal())}} | cluster_reason={'Code': 'VALIDATION_ERROR', 'Message': 'The subnet configuration was invalid: The subnet subnet-0790d25ecc4deae64 does not exist.'} | error_details=[]
Batch finished. Success CSV: data/performance/performance_dataset.csv
Failed experiments CSV: data/performance/failed_emr_experiments.csv
Starting 10MB io-heavy on c6i.xlarge x 4 in ap-southeast-1
{
  "JobFlowId": "j-3ND5ND94MRFKV",
  "ClusterArn": "arn:aws:elasticmapreduce:ap-southeast-1:435097195936:cluster/j-3ND5ND94MRFKV",
  "ResponseMetadata": {
    "RequestId": "a8a93d3d-89f8-4a29-99b3-1b263d1d158f",
    "HTTPStatusCode": 200,
    "HTTPHeaders": {
      "x-amzn-requestid": "a8a93d3d-89f8-4a29-99b3-1b263d1d158f",
      "content-type": "application/x-amz-json-1.1",
      "content-length": "123",
      "date": "Fri, 24 Jul 2026 10:30:16 GMT"
    },
    "RetryAttempts": 0
  }
}
j-3ND5ND94MRFKV step s-0933061X2L66G6E1KQI is PENDING
j-3ND5ND94MRFKV step s-0933061X2L66G6E1KQI is CANCELLED
j-3ND5ND94MRFKV cluster is TERMINATED_WITH_ERRORS
STEP FAILED: j-3ND5ND94MRFKV s-0933061X2L66G6E1KQI ended as CANCELLED: {'State': 'CANCELLED', 'StateChangeReason': {'Message': 'Cluster terminated'}, 'Timeline': {'CreationDateTime': datetime.datetime(2026, 7, 24, 16, 0, 16, 622000, tzinfo=tzlocal())}} | cluster_reason={'Code': 'VALIDATION_ERROR', 'Message': 'The subnet configuration was invalid: The subnet subnet-0790d25ecc4deae64 does not exist.'} | error_details=[]
Batch finished. Success CSV: data/performance/performance_dataset.csv
Failed experiments CSV: data/performance/failed_emr_experiments.csv
Starting 500MB cpu-heavy on c5a.xlarge x 2 in ap-southeast-1
{
  "JobFlowId": "j-16Q4I8SJKVNOP",
  "ClusterArn": "arn:aws:elasticmapreduce:ap-southeast-1:435097195936:cluster/j-16Q4I8SJKVNOP",
  "ResponseMetadata": {
    "RequestId": "535f3835-9b38-4b47-ae60-ca2adfc26b64",
    "HTTPStatusCode": 200,
    "HTTPHeaders": {
      "x-amzn-requestid": "535f3835-9b38-4b47-ae60-ca2adfc26b64",
      "content-type": "application/x-amz-json-1.1",
      "content-length": "123",
      "date": "Fri, 24 Jul 2026 10:45:49 GMT"
    },
    "RetryAttempts": 0
  }
}
j-16Q4I8SJKVNOP step s-01724043LJ6DO3KQXYKC is PENDING
j-16Q4I8SJKVNOP step s-01724043LJ6DO3KQXYKC is CANCELLED
j-16Q4I8SJKVNOP cluster is TERMINATED_WITH_ERRORS
STEP FAILED: j-16Q4I8SJKVNOP s-01724043LJ6DO3KQXYKC ended as CANCELLED: {'State': 'CANCELLED', 'StateChangeReason': {'Message': 'Cluster terminated'}, 'Timeline': {'CreationDateTime': datetime.datetime(2026, 7, 24, 16, 15, 49, 265000, tzinfo=tzlocal())}} | cluster_reason={'Code': 'VALIDATION_ERROR', 'Message': 'The subnet configuration was invalid: The subnet subnet-0790d25ecc4deae64 does not exist.'} | error_details=[]
Batch finished. Success CSV: data/performance/performance_dataset.csv
Failed experiments CSV: data/performance/failed_emr_experiments.csv
Starting 100MB memory-heavy on m6i.xlarge x 4 in ap-southeast-1
{
  "JobFlowId": "j-3GV8ZWBEC8M5G",
  "ClusterArn": "arn:aws:elasticmapreduce:ap-southeast-1:435097195936:cluster/j-3GV8ZWBEC8M5G",
  "ResponseMetadata": {
    "RequestId": "f251c028-611e-41eb-a43b-c5f5d222924c",
    "HTTPStatusCode": 200,
    "HTTPHeaders": {
      "x-amzn-requestid": "f251c028-611e-41eb-a43b-c5f5d222924c",
      "content-type": "application/x-amz-json-1.1",
      "content-length": "123",
      "date": "Fri, 24 Jul 2026 10:51:16 GMT"
    },
    "RetryAttempts": 0
  }
}
j-3GV8ZWBEC8M5G step s-070319127CFGXPR0XZ18 is PENDING
j-3GV8ZWBEC8M5G step s-070319127CFGXPR0XZ18 is CANCELLED
j-3GV8ZWBEC8M5G cluster is TERMINATED_WITH_ERRORS
STEP FAILED: j-3GV8ZWBEC8M5G s-070319127CFGXPR0XZ18 ended as CANCELLED: {'State': 'CANCELLED', 'StateChangeReason': {'Message': 'Cluster terminated'}, 'Timeline': {'CreationDateTime': datetime.datetime(2026, 7, 24, 16, 21, 16, 808000, tzinfo=tzlocal())}} | cluster_reason={'Code': 'VALIDATION_ERROR', 'Message': 'The subnet configuration was invalid: The subnet subnet-0790d25ecc4deae64 does not exist.'} | error_details=[]
Batch finished. Success CSV: data/performance/performance_dataset.csv
Failed experiments CSV: data/performance/failed_emr_experiments.csv
Starting 100MB io-heavy on c5.xlarge x 2 in ap-southeast-1
{
  "JobFlowId": "j-1QGMUMRW04VC",
  "ClusterArn": "arn:aws:elasticmapreduce:ap-southeast-1:435097195936:cluster/j-1QGMUMRW04VC",
  "ResponseMetadata": {
    "RequestId": "a2dd1b5e-7606-4865-a66f-4ff0cf59608d",
    "HTTPStatusCode": 200,
    "HTTPHeaders": {
      "x-amzn-requestid": "a2dd1b5e-7606-4865-a66f-4ff0cf59608d",
      "content-type": "application/x-amz-json-1.1",
      "content-length": "121",
      "date": "Fri, 24 Jul 2026 10:55:05 GMT"
    },
    "RetryAttempts": 0
  }
}
j-1QGMUMRW04VC step s-04044321ZKAPBCWX9DB3 is PENDING
j-1QGMUMRW04VC step s-04044321ZKAPBCWX9DB3 is CANCELLED
j-1QGMUMRW04VC cluster is TERMINATED_WITH_ERRORS
STEP FAILED: j-1QGMUMRW04VC s-04044321ZKAPBCWX9DB3 ended as CANCELLED: {'State': 'CANCELLED', 'StateChangeReason': {'Message': 'Cluster terminated'}, 'Timeline': {'CreationDateTime': datetime.datetime(2026, 7, 24, 16, 25, 5, 65000, tzinfo=tzlocal())}} | cluster_reason={'Code': 'VALIDATION_ERROR', 'Message': 'The subnet configuration was invalid: The subnet subnet-0790d25ecc4deae64 does not exist.'} | error_details=[]
Batch finished. Success CSV: data/performance/performance_dataset.csv
Failed experiments CSV: data/performance/failed_emr_experiments.csv
Starting 500MB io-heavy on m6i.xlarge x 2 in ap-southeast-1
{
  "JobFlowId": "j-1RLJ3K0EEJMDK",
  "ClusterArn": "arn:aws:elasticmapreduce:ap-southeast-1:435097195936:cluster/j-1RLJ3K0EEJMDK",
  "ResponseMetadata": {
    "RequestId": "3fa77f46-1016-4743-b804-1a954f0fc4e8",
    "HTTPStatusCode": 200,
    "HTTPHeaders": {
      "x-amzn-requestid": "3fa77f46-1016-4743-b804-1a954f0fc4e8",
      "content-type": "application/x-amz-json-1.1",
      "content-length": "123",
      "date": "Fri, 24 Jul 2026 11:10:38 GMT"
    },
    "RetryAttempts": 0
  }
}
j-1RLJ3K0EEJMDK step s-06553271KU4QWOQLK0US is PENDING
j-1RLJ3K0EEJMDK step s-06553271KU4QWOQLK0US is CANCELLED
j-1RLJ3K0EEJMDK cluster is TERMINATED_WITH_ERRORS
STEP FAILED: j-1RLJ3K0EEJMDK s-06553271KU4QWOQLK0US ended as CANCELLED: {'State': 'CANCELLED', 'StateChangeReason': {'Message': 'Cluster terminated'}, 'Timeline': {'CreationDateTime': datetime.datetime(2026, 7, 24, 16, 40, 38, 460000, tzinfo=tzlocal())}} | cluster_reason={'Code': 'VALIDATION_ERROR', 'Message': 'The subnet configuration was invalid: The subnet subnet-0790d25ecc4deae64 does not exist.'} | error_details=[]
Batch finished. Success CSV: data/performance/performance_dataset.csv
Failed experiments CSV: data/performance/failed_emr_experiments.csv
Starting 100MB io-heavy on m6i.xlarge x 2 in ap-southeast-1
{
  "JobFlowId": "j-9GJAX6Z46EL5",
  "ClusterArn": "arn:aws:elasticmapreduce:ap-southeast-1:435097195936:cluster/j-9GJAX6Z46EL5",
  "ResponseMetadata": {
    "RequestId": "16ee6d29-7522-4112-9134-5e6c60931698",
    "HTTPStatusCode": 200,
    "HTTPHeaders": {
      "x-amzn-requestid": "16ee6d29-7522-4112-9134-5e6c60931698",
      "content-type": "application/x-amz-json-1.1",
      "content-length": "121",
      "date": "Fri, 24 Jul 2026 11:26:12 GMT"
    },
    "RetryAttempts": 0
  }
}
j-9GJAX6Z46EL5 step s-007097637XT894KHU4OC is PENDING
j-9GJAX6Z46EL5 step s-007097637XT894KHU4OC is CANCELLED
j-9GJAX6Z46EL5 cluster is TERMINATED_WITH_ERRORS
STEP FAILED: j-9GJAX6Z46EL5 s-007097637XT894KHU4OC ended as CANCELLED: {'State': 'CANCELLED', 'StateChangeReason': {'Message': 'Cluster terminated'}, 'Timeline': {'CreationDateTime': datetime.datetime(2026, 7, 24, 16, 56, 12, 649000, tzinfo=tzlocal())}} | cluster_reason={'Code': 'VALIDATION_ERROR', 'Message': 'The subnet configuration was invalid: The subnet subnet-0790d25ecc4deae64 does not exist.'} | error_details=[]
Batch finished. Success CSV: data/performance/performance_dataset.csv
Failed experiments CSV: data/performance/failed_emr_experiments.csv
Starting 10MB memory-heavy on m5.xlarge x 4 in ap-southeast-1
{
  "JobFlowId": "j-15ZLAB1SOYJMP",
  "ClusterArn": "arn:aws:elasticmapreduce:ap-southeast-1:435097195936:cluster/j-15ZLAB1SOYJMP",
  "ResponseMetadata": {
    "RequestId": "979ca971-a696-43da-8c40-e170a74c736b",
    "HTTPStatusCode": 200,
    "HTTPHeaders": {
      "x-amzn-requestid": "979ca971-a696-43da-8c40-e170a74c736b",
      "content-type": "application/x-amz-json-1.1",
      "content-length": "123",
      "date": "Fri, 24 Jul 2026 11:26:45 GMT"
    },
    "RetryAttempts": 0
  }
}
j-15ZLAB1SOYJMP step s-04036292GTUCA40JXQF0 is PENDING
j-15ZLAB1SOYJMP step s-04036292GTUCA40JXQF0 is CANCELLED
j-15ZLAB1SOYJMP cluster is TERMINATED_WITH_ERRORS
STEP FAILED: j-15ZLAB1SOYJMP s-04036292GTUCA40JXQF0 ended as CANCELLED: {'State': 'CANCELLED', 'StateChangeReason': {'Message': 'Cluster terminated'}, 'Timeline': {'CreationDateTime': datetime.datetime(2026, 7, 24, 16, 56, 45, 63000, tzinfo=tzlocal())}} | cluster_reason={'Code': 'VALIDATION_ERROR', 'Message': 'The subnet configuration was invalid: The subnet subnet-0790d25ecc4deae64 does not exist.'} | error_details=[]
Batch finished. Success CSV: data/performance/performance_dataset.csv
Failed experiments CSV: data/performance/failed_emr_experiments.csv
Starting 10MB memory-heavy on c6i.xlarge x 2 in ap-southeast-1
{
  "JobFlowId": "j-2L9GMLV7FNE11",
  "ClusterArn": "arn:aws:elasticmapreduce:ap-southeast-1:435097195936:cluster/j-2L9GMLV7FNE11",
  "ResponseMetadata": {
    "RequestId": "47abfa59-efda-4406-9c22-5f8872a4f999",
    "HTTPStatusCode": 200,
    "HTTPHeaders": {
      "x-amzn-requestid": "47abfa59-efda-4406-9c22-5f8872a4f999",
      "content-type": "application/x-amz-json-1.1",
      "content-length": "123",
      "date": "Fri, 24 Jul 2026 11:30:29 GMT"
    },
    "RetryAttempts": 0
  }
}
j-2L9GMLV7FNE11 step s-06977652EGDAQ52558CG is PENDING
j-2L9GMLV7FNE11 step s-06977652EGDAQ52558CG is CANCELLED
j-2L9GMLV7FNE11 cluster is TERMINATED_WITH_ERRORS
STEP FAILED: j-2L9GMLV7FNE11 s-06977652EGDAQ52558CG ended as CANCELLED: {'State': 'CANCELLED', 'StateChangeReason': {'Message': 'Cluster terminated'}, 'Timeline': {'CreationDateTime': datetime.datetime(2026, 7, 24, 17, 0, 29, 55000, tzinfo=tzlocal())}} | cluster_reason={'Code': 'VALIDATION_ERROR', 'Message': 'The subnet configuration was invalid: The subnet subnet-0790d25ecc4deae64 does not exist.'} | error_details=[]
Batch finished. Success CSV: data/performance/performance_dataset.csv
Failed experiments CSV: data/performance/failed_emr_experiments.csv
Starting 10MB memory-heavy on m5.xlarge x 2 in ap-southeast-1
{
  "JobFlowId": "j-29NXAZ3WURSZH",
  "ClusterArn": "arn:aws:elasticmapreduce:ap-southeast-1:435097195936:cluster/j-29NXAZ3WURSZH",
  "ResponseMetadata": {
    "RequestId": "4dbc8db0-4c01-429c-9a1d-0fbca961d1b6",
    "HTTPStatusCode": 200,
    "HTTPHeaders": {
      "x-amzn-requestid": "4dbc8db0-4c01-429c-9a1d-0fbca961d1b6",
      "content-type": "application/x-amz-json-1.1",
      "content-length": "123",
      "date": "Fri, 24 Jul 2026 11:31:02 GMT"
    },
    "RetryAttempts": 0
  }
}
j-29NXAZ3WURSZH step s-09266942KA6U4KH142ZT is PENDING
j-29NXAZ3WURSZH step s-09266942KA6U4KH142ZT is CANCELLED
j-29NXAZ3WURSZH cluster is TERMINATED_WITH_ERRORS
STEP FAILED: j-29NXAZ3WURSZH s-09266942KA6U4KH142ZT ended as CANCELLED: {'State': 'CANCELLED', 'StateChangeReason': {'Message': 'Cluster terminated'}, 'Timeline': {'CreationDateTime': datetime.datetime(2026, 7, 24, 17, 1, 2, 415000, tzinfo=tzlocal())}} | cluster_reason={'Code': 'VALIDATION_ERROR', 'Message': 'The subnet configuration was invalid: The subnet subnet-0790d25ecc4deae64 does not exist.'} | error_details=[]
Batch finished. Success CSV: data/performance/performance_dataset.csv
Failed experiments CSV: data/performance/failed_emr_experiments.csv
Starting 10MB cpu-heavy on c5.xlarge x 2 in ap-southeast-1
{
  "JobFlowId": "j-3IY37G2VF3GZB",
  "ClusterArn": "arn:aws:elasticmapreduce:ap-southeast-1:435097195936:cluster/j-3IY37G2VF3GZB",
  "ResponseMetadata": {
    "RequestId": "1affa595-2b41-461d-8c7c-4755ce71ef56",
    "HTTPStatusCode": 200,
    "HTTPHeaders": {
      "x-amzn-requestid": "1affa595-2b41-461d-8c7c-4755ce71ef56",
      "content-type": "application/x-amz-json-1.1",
      "content-length": "123",
      "date": "Fri, 24 Jul 2026 11:31:34 GMT"
    },
    "RetryAttempts": 0
  }
}
j-3IY37G2VF3GZB step s-07031621A6EGDXPKAGDF is PENDING
j-3IY37G2VF3GZB step s-07031621A6EGDXPKAGDF is CANCELLED
j-3IY37G2VF3GZB cluster is TERMINATED_WITH_ERRORS
STEP FAILED: j-3IY37G2VF3GZB s-07031621A6EGDXPKAGDF ended as CANCELLED: {'State': 'CANCELLED', 'StateChangeReason': {'Message': 'Cluster terminated'}, 'Timeline': {'CreationDateTime': datetime.datetime(2026, 7, 24, 17, 1, 34, 533000, tzinfo=tzlocal())}} | cluster_reason={'Code': 'VALIDATION_ERROR', 'Message': 'The subnet configuration was invalid: The subnet subnet-0790d25ecc4deae64 does not exist.'} | error_details=[]
Batch finished. Success CSV: data/performance/performance_dataset.csv
Failed experiments CSV: data/performance/failed_emr_experiments.csv
Starting 10MB io-heavy on c6i.xlarge x 2 in ap-southeast-1
{
  "JobFlowId": "j-38FR1D6A86IO7",
  "ClusterArn": "arn:aws:elasticmapreduce:ap-southeast-1:435097195936:cluster/j-38FR1D6A86IO7",
  "ResponseMetadata": {
    "RequestId": "d39de240-ab40-4c6a-8605-20dea0e14f9a",
    "HTTPStatusCode": 200,
    "HTTPHeaders": {
      "x-amzn-requestid": "d39de240-ab40-4c6a-8605-20dea0e14f9a",
      "content-type": "application/x-amz-json-1.1",
      "content-length": "123",
      "date": "Fri, 24 Jul 2026 11:32:06 GMT"
    },
    "RetryAttempts": 0
  }
}
j-38FR1D6A86IO7 step s-03814603J9M7H1VXA0VZ is PENDING
j-38FR1D6A86IO7 step s-03814603J9M7H1VXA0VZ is CANCELLED
j-38FR1D6A86IO7 cluster is TERMINATED_WITH_ERRORS
STEP FAILED: j-38FR1D6A86IO7 s-03814603J9M7H1VXA0VZ ended as CANCELLED: {'State': 'CANCELLED', 'StateChangeReason': {'Message': 'Cluster terminated'}, 'Timeline': {'CreationDateTime': datetime.datetime(2026, 7, 24, 17, 2, 6, 729000, tzinfo=tzlocal())}} | cluster_reason={'Code': 'VALIDATION_ERROR', 'Message': 'The subnet configuration was invalid: The subnet subnet-0790d25ecc4deae64 does not exist.'} | error_details=[]
Batch finished. Success CSV: data/performance/performance_dataset.csv
Failed experiments CSV: data/performance/failed_emr_experiments.csv
Starting 3072MB cpu-heavy on m6i.xlarge x 4 in ap-southeast-1
{
  "JobFlowId": "j-8WZ8B5RDADJV",
  "ClusterArn": "arn:aws:elasticmapreduce:ap-southeast-1:435097195936:cluster/j-8WZ8B5RDADJV",
  "ResponseMetadata": {
    "RequestId": "fc435487-ad95-4627-99e0-fcc2bcfa81a6",
    "HTTPStatusCode": 200,
    "HTTPHeaders": {
      "x-amzn-requestid": "fc435487-ad95-4627-99e0-fcc2bcfa81a6",
      "content-type": "application/x-amz-json-1.1",
      "content-length": "121",
      "date": "Fri, 24 Jul 2026 11:32:39 GMT"
    },
    "RetryAttempts": 0
  }
}
j-8WZ8B5RDADJV step s-0371381JXZZOUL0Z7RE is PENDING
j-8WZ8B5RDADJV step s-0371381JXZZOUL0Z7RE is CANCELLED
j-8WZ8B5RDADJV cluster is TERMINATED_WITH_ERRORS
STEP FAILED: j-8WZ8B5RDADJV s-0371381JXZZOUL0Z7RE ended as CANCELLED: {'State': 'CANCELLED', 'StateChangeReason': {'Message': 'Cluster terminated'}, 'Timeline': {'CreationDateTime': datetime.datetime(2026, 7, 24, 17, 2, 38, 976000, tzinfo=tzlocal())}} | cluster_reason={'Code': 'VALIDATION_ERROR', 'Message': 'The subnet configuration was invalid: The subnet subnet-0790d25ecc4deae64 does not exist.'} | error_details=[]
Batch finished. Success CSV: data/performance/performance_dataset.csv
Failed experiments CSV: data/performance/failed_emr_experiments.csv
Starting 100MB memory-heavy on m5a.xlarge x 4 in ap-southeast-1
{
  "JobFlowId": "j-3018HTYK8QOMI",
  "ClusterArn": "arn:aws:elasticmapreduce:ap-southeast-1:435097195936:cluster/j-3018HTYK8QOMI",
  "ResponseMetadata": {
    "RequestId": "fb9d4145-f871-4f5a-ae04-674c87dd1d0a",
    "HTTPStatusCode": 200,
    "HTTPHeaders": {
      "x-amzn-requestid": "fb9d4145-f871-4f5a-ae04-674c87dd1d0a",
      "content-type": "application/x-amz-json-1.1",
      "content-length": "123",
      "date": "Fri, 24 Jul 2026 11:33:11 GMT"
    },
    "RetryAttempts": 0
  }
}
j-3018HTYK8QOMI step s-01238943MRNQEJ64JTWU is PENDING
j-3018HTYK8QOMI step s-01238943MRNQEJ64JTWU is CANCELLED
j-3018HTYK8QOMI cluster is TERMINATED_WITH_ERRORS
STEP FAILED: j-3018HTYK8QOMI s-01238943MRNQEJ64JTWU ended as CANCELLED: {'State': 'CANCELLED', 'StateChangeReason': {'Message': 'Cluster terminated'}, 'Timeline': {'CreationDateTime': datetime.datetime(2026, 7, 24, 17, 3, 11, 90000, tzinfo=tzlocal())}} | cluster_reason={'Code': 'VALIDATION_ERROR', 'Message': 'The subnet configuration was invalid: The subnet subnet-0790d25ecc4deae64 does not exist.'} | error_details=[]
Batch finished. Success CSV: data/performance/performance_dataset.csv
Failed experiments CSV: data/performance/failed_emr_experiments.csv
Starting 500MB cpu-heavy on c5a.xlarge x 4 in ap-southeast-1
{
  "JobFlowId": "j-1EMV0V303TIKX",
  "ClusterArn": "arn:aws:elasticmapreduce:ap-southeast-1:435097195936:cluster/j-1EMV0V303TIKX",
  "ResponseMetadata": {
    "RequestId": "eb21c868-1320-4e2d-8e57-d2beb9d11d43",
    "HTTPStatusCode": 200,
    "HTTPHeaders": {
      "x-amzn-requestid": "eb21c868-1320-4e2d-8e57-d2beb9d11d43",
      "content-type": "application/x-amz-json-1.1",
      "content-length": "123",
      "date": "Fri, 24 Jul 2026 11:33:43 GMT"
    },
    "RetryAttempts": 0
  }
}
j-1EMV0V303TIKX step s-0397440ENJE66QH9T2C is PENDING
j-1EMV0V303TIKX step s-0397440ENJE66QH9T2C is CANCELLED
j-1EMV0V303TIKX cluster is TERMINATED_WITH_ERRORS
STEP FAILED: j-1EMV0V303TIKX s-0397440ENJE66QH9T2C ended as CANCELLED: {'State': 'CANCELLED', 'StateChangeReason': {'Message': 'Cluster terminated'}, 'Timeline': {'CreationDateTime': datetime.datetime(2026, 7, 24, 17, 3, 43, 269000, tzinfo=tzlocal())}} | cluster_reason={'Code': 'VALIDATION_ERROR', 'Message': 'The subnet configuration was invalid: The subnet subnet-0790d25ecc4deae64 does not exist.'} | error_details=[]
Batch finished. Success CSV: data/performance/performance_dataset.csv
Failed experiments CSV: data/performance/failed_emr_experiments.csv
Starting 100MB memory-heavy on c6i.xlarge x 4 in ap-southeast-1
{
  "JobFlowId": "j-1CMUQZCL8K68U",
  "ClusterArn": "arn:aws:elasticmapreduce:ap-southeast-1:435097195936:cluster/j-1CMUQZCL8K68U",
  "ResponseMetadata": {
    "RequestId": "62b785b7-2214-4f24-8707-9ff7c077f952",
    "HTTPStatusCode": 200,
    "HTTPHeaders": {
      "x-amzn-requestid": "62b785b7-2214-4f24-8707-9ff7c077f952",
      "content-type": "application/x-amz-json-1.1",
      "content-length": "123",
      "date": "Fri, 24 Jul 2026 11:34:15 GMT"
    },
    "RetryAttempts": 0
  }
}
j-1CMUQZCL8K68U step s-06998452A6HM4NLIHI1A is PENDING
j-1CMUQZCL8K68U step s-06998452A6HM4NLIHI1A is CANCELLED
j-1CMUQZCL8K68U cluster is TERMINATED_WITH_ERRORS
STEP FAILED: j-1CMUQZCL8K68U s-06998452A6HM4NLIHI1A ended as CANCELLED: {'State': 'CANCELLED', 'StateChangeReason': {'Message': 'Cluster terminated'}, 'Timeline': {'CreationDateTime': datetime.datetime(2026, 7, 24, 17, 4, 15, 558000, tzinfo=tzlocal())}} | cluster_reason={'Code': 'VALIDATION_ERROR', 'Message': 'The subnet configuration was invalid: The subnet subnet-0790d25ecc4deae64 does not exist.'} | error_details=[]
Batch finished. Success CSV: data/performance/performance_dataset.csv
Failed experiments CSV: data/performance/failed_emr_experiments.csv
Starting 1024MB memory-heavy on m5.xlarge x 2 in ap-southeast-1
{
  "JobFlowId": "j-3HIU6YS4XSUKC",
  "ClusterArn": "arn:aws:elasticmapreduce:ap-southeast-1:435097195936:cluster/j-3HIU6YS4XSUKC",
  "ResponseMetadata": {
    "RequestId": "3b88f134-758f-4778-907c-fd2bd1281193",
    "HTTPStatusCode": 200,
    "HTTPHeaders": {
      "x-amzn-requestid": "3b88f134-758f-4778-907c-fd2bd1281193",
      "content-type": "application/x-amz-json-1.1",
      "content-length": "123",
      "date": "Fri, 24 Jul 2026 11:34:47 GMT"
    },
    "RetryAttempts": 0
  }
}
j-3HIU6YS4XSUKC step s-012894824RCC9JR4IO4M is PENDING
j-3HIU6YS4XSUKC step s-012894824RCC9JR4IO4M is CANCELLED
j-3HIU6YS4XSUKC cluster is TERMINATED_WITH_ERRORS
STEP FAILED: j-3HIU6YS4XSUKC s-012894824RCC9JR4IO4M ended as CANCELLED: {'State': 'CANCELLED', 'StateChangeReason': {'Message': 'Cluster terminated'}, 'Timeline': {'CreationDateTime': datetime.datetime(2026, 7, 24, 17, 4, 47, 817000, tzinfo=tzlocal())}} | cluster_reason={'Code': 'VALIDATION_ERROR', 'Message': 'The subnet configuration was invalid: The subnet subnet-0790d25ecc4deae64 does not exist.'} | error_details=[]
Batch finished. Success CSV: data/performance/performance_dataset.csv
Failed experiments CSV: data/performance/failed_emr_experiments.csv
Starting 1024MB io-heavy on m6i.xlarge x 2 in ap-southeast-1
{
  "JobFlowId": "j-S9RP3E3WW6U5",
  "ClusterArn": "arn:aws:elasticmapreduce:ap-southeast-1:435097195936:cluster/j-S9RP3E3WW6U5",
  "ResponseMetadata": {
    "RequestId": "c2c1524d-7843-4607-b4af-9bb7ee1ef6f6",
    "HTTPStatusCode": 200,
    "HTTPHeaders": {
      "x-amzn-requestid": "c2c1524d-7843-4607-b4af-9bb7ee1ef6f6",
      "content-type": "application/x-amz-json-1.1",
      "content-length": "121",
      "date": "Fri, 24 Jul 2026 11:35:20 GMT"
    },
    "RetryAttempts": 0
  }
}
j-S9RP3E3WW6U5 step s-01288533M5IAADTI5MSA is PENDING
j-S9RP3E3WW6U5 step s-01288533M5IAADTI5MSA is CANCELLED
j-S9RP3E3WW6U5 cluster is TERMINATED_WITH_ERRORS
STEP FAILED: j-S9RP3E3WW6U5 s-01288533M5IAADTI5MSA ended as CANCELLED: {'State': 'CANCELLED', 'StateChangeReason': {'Message': 'Cluster terminated'}, 'Timeline': {'CreationDateTime': datetime.datetime(2026, 7, 24, 17, 5, 20, 264000, tzinfo=tzlocal())}} | cluster_reason={'Code': 'VALIDATION_ERROR', 'Message': 'The subnet configuration was invalid: The subnet subnet-0790d25ecc4deae64 does not exist.'} | error_details=[]
Batch finished. Success CSV: data/performance/performance_dataset.csv
Failed experiments CSV: data/performance/failed_emr_experiments.csv
Starting 2048MB memory-heavy on m6i.xlarge x 4 in ap-southeast-1
{
  "JobFlowId": "j-1QZNIV19TS83B",
  "ClusterArn": "arn:aws:elasticmapreduce:ap-southeast-1:435097195936:cluster/j-1QZNIV19TS83B",
  "ResponseMetadata": {
    "RequestId": "5548646d-951d-49cd-9b2b-d25b910549b9",
    "HTTPStatusCode": 200,
    "HTTPHeaders": {
      "x-amzn-requestid": "5548646d-951d-49cd-9b2b-d25b910549b9",
      "content-type": "application/x-amz-json-1.1",
      "content-length": "123",
      "date": "Fri, 24 Jul 2026 11:35:52 GMT"
    },
    "RetryAttempts": 0
  }
}
j-1QZNIV19TS83B step s-0380973SLYRKMDD8KBM is PENDING
j-1QZNIV19TS83B step s-0380973SLYRKMDD8KBM is CANCELLED
j-1QZNIV19TS83B cluster is TERMINATED_WITH_ERRORS
STEP FAILED: j-1QZNIV19TS83B s-0380973SLYRKMDD8KBM ended as CANCELLED: {'State': 'CANCELLED', 'StateChangeReason': {'Message': 'Cluster terminated'}, 'Timeline': {'CreationDateTime': datetime.datetime(2026, 7, 24, 17, 5, 52, 321000, tzinfo=tzlocal())}} | cluster_reason={'Code': 'VALIDATION_ERROR', 'Message': 'The subnet configuration was invalid: The subnet subnet-0790d25ecc4deae64 does not exist.'} | error_details=[]
Batch finished. Success CSV: data/performance/performance_dataset.csv
Failed experiments CSV: data/performance/failed_emr_experiments.csv
Starting 10MB io-heavy on c6i.xlarge x 4 in ap-southeast-1
{
  "JobFlowId": "j-1V8Y52YF82Y6V",
  "ClusterArn": "arn:aws:elasticmapreduce:ap-southeast-1:435097195936:cluster/j-1V8Y52YF82Y6V",
  "ResponseMetadata": {
    "RequestId": "e1791c26-7a1f-4414-8ad7-d6280f495ed9",
    "HTTPStatusCode": 200,
    "HTTPHeaders": {
      "x-amzn-requestid": "e1791c26-7a1f-4414-8ad7-d6280f495ed9",
      "content-type": "application/x-amz-json-1.1",
      "content-length": "123",
      "date": "Fri, 24 Jul 2026 11:36:24 GMT"
    },
    "RetryAttempts": 0
  }
}
j-1V8Y52YF82Y6V step s-06511732KV4RCMNJCS0J is PENDING
j-1V8Y52YF82Y6V step s-06511732KV4RCMNJCS0J is CANCELLED
j-1V8Y52YF82Y6V cluster is TERMINATED_WITH_ERRORS
STEP FAILED: j-1V8Y52YF82Y6V s-06511732KV4RCMNJCS0J ended as CANCELLED: {'State': 'CANCELLED', 'StateChangeReason': {'Message': 'Cluster terminated'}, 'Timeline': {'CreationDateTime': datetime.datetime(2026, 7, 24, 17, 6, 24, 657000, tzinfo=tzlocal())}} | cluster_reason={'Code': 'VALIDATION_ERROR', 'Message': 'The subnet configuration was invalid: The subnet subnet-0790d25ecc4deae64 does not exist.'} | error_details=[]
Batch finished. Success CSV: data/performance/performance_dataset.csv
Failed experiments CSV: data/performance/failed_emr_experiments.csv
Starting 100MB io-heavy on m5.xlarge x 4 in ap-southeast-1
{
  "JobFlowId": "j-1LNHYK7SQ24X6",
  "ClusterArn": "arn:aws:elasticmapreduce:ap-southeast-1:435097195936:cluster/j-1LNHYK7SQ24X6",
  "ResponseMetadata": {
    "RequestId": "5f5fc31b-13c8-4729-bc75-8846277da7bf",
    "HTTPStatusCode": 200,
    "HTTPHeaders": {
      "x-amzn-requestid": "5f5fc31b-13c8-4729-bc75-8846277da7bf",
      "content-type": "application/x-amz-json-1.1",
      "content-length": "123",
      "date": "Fri, 24 Jul 2026 11:36:56 GMT"
    },
    "RetryAttempts": 0
  }
}
j-1LNHYK7SQ24X6 step s-0677962304PBG9U3O4AU is PENDING
j-1LNHYK7SQ24X6 step s-0677962304PBG9U3O4AU is CANCELLED
j-1LNHYK7SQ24X6 cluster is TERMINATED_WITH_ERRORS
STEP FAILED: j-1LNHYK7SQ24X6 s-0677962304PBG9U3O4AU ended as CANCELLED: {'State': 'CANCELLED', 'StateChangeReason': {'Message': 'Cluster terminated'}, 'Timeline': {'CreationDateTime': datetime.datetime(2026, 7, 24, 17, 6, 56, 710000, tzinfo=tzlocal())}} | cluster_reason={'Code': 'VALIDATION_ERROR', 'Message': 'The subnet configuration was invalid: The subnet subnet-0790d25ecc4deae64 does not exist.'} | error_details=[]
Batch finished. Success CSV: data/performance/performance_dataset.csv
Failed experiments CSV: data/performance/failed_emr_experiments.csv
Starting 500MB cpu-heavy on m5.xlarge x 2 in ap-southeast-1
{
  "JobFlowId": "j-2A81MS2WPVTAB",
  "ClusterArn": "arn:aws:elasticmapreduce:ap-southeast-1:435097195936:cluster/j-2A81MS2WPVTAB",
  "ResponseMetadata": {
    "RequestId": "815a15de-f9b3-437a-a645-4a2d84298030",
    "HTTPStatusCode": 200,
    "HTTPHeaders": {
      "x-amzn-requestid": "815a15de-f9b3-437a-a645-4a2d84298030",
      "content-type": "application/x-amz-json-1.1",
      "content-length": "123",
      "date": "Fri, 24 Jul 2026 11:37:28 GMT"
    },
    "RetryAttempts": 0
  }
}
j-2A81MS2WPVTAB step s-04034591AA2QV5SR0QAA is PENDING
j-2A81MS2WPVTAB step s-04034591AA2QV5SR0QAA is CANCELLED
j-2A81MS2WPVTAB cluster is TERMINATED_WITH_ERRORS
STEP FAILED: j-2A81MS2WPVTAB s-04034591AA2QV5SR0QAA ended as CANCELLED: {'State': 'CANCELLED', 'StateChangeReason': {'Message': 'Cluster terminated'}, 'Timeline': {'CreationDateTime': datetime.datetime(2026, 7, 24, 17, 7, 28, 782000, tzinfo=tzlocal())}} | cluster_reason={'Code': 'VALIDATION_ERROR', 'Message': 'The subnet configuration was invalid: The subnet subnet-0790d25ecc4deae64 does not exist.'} | error_details=[]
Batch finished. Success CSV: data/performance/performance_dataset.csv
Failed experiments CSV: data/performance/failed_emr_experiments.csv
Starting 10MB cpu-heavy on m5.xlarge x 4 in ap-southeast-1
{
  "JobFlowId": "j-3U6J80CL6KF22",
  "ClusterArn": "arn:aws:elasticmapreduce:ap-southeast-1:435097195936:cluster/j-3U6J80CL6KF22",
  "ResponseMetadata": {
    "RequestId": "da1f48b4-5d09-41c5-bf67-5eddb181c203",
    "HTTPStatusCode": 200,
    "HTTPHeaders": {
      "x-amzn-requestid": "da1f48b4-5d09-41c5-bf67-5eddb181c203",
      "content-type": "application/x-amz-json-1.1",
      "content-length": "123",
      "date": "Fri, 24 Jul 2026 11:38:01 GMT"
    },
    "RetryAttempts": 0
  }
}
j-3U6J80CL6KF22 step s-03825981L0GBVCIXAIRJ is PENDING
j-3U6J80CL6KF22 step s-03825981L0GBVCIXAIRJ is CANCELLED
j-3U6J80CL6KF22 cluster is TERMINATED_WITH_ERRORS
STEP FAILED: j-3U6J80CL6KF22 s-03825981L0GBVCIXAIRJ ended as CANCELLED: {'State': 'CANCELLED', 'StateChangeReason': {'Message': 'Cluster terminated'}, 'Timeline': {'CreationDateTime': datetime.datetime(2026, 7, 24, 17, 8, 0, 959000, tzinfo=tzlocal())}} | cluster_reason={'Code': 'VALIDATION_ERROR', 'Message': 'The subnet configuration was invalid: The subnet subnet-0790d25ecc4deae64 does not exist.'} | error_details=[]
Batch finished. Success CSV: data/performance/performance_dataset.csv
Failed experiments CSV: data/performance/failed_emr_experiments.csv
Starting 2048MB cpu-heavy on m6i.xlarge x 2 in ap-southeast-1
{
  "JobFlowId": "j-1WCWIEX0GI84R",
  "ClusterArn": "arn:aws:elasticmapreduce:ap-southeast-1:435097195936:cluster/j-1WCWIEX0GI84R",
  "ResponseMetadata": {
    "RequestId": "880b3613-d361-47e1-8be1-750ad1c72be6",
    "HTTPStatusCode": 200,
    "HTTPHeaders": {
      "x-amzn-requestid": "880b3613-d361-47e1-8be1-750ad1c72be6",
      "content-type": "application/x-amz-json-1.1",
      "content-length": "123",
      "date": "Fri, 24 Jul 2026 11:38:33 GMT"
    },
    "RetryAttempts": 0
  }
}
j-1WCWIEX0GI84R step s-0522088I8R236GQWMXG is PENDING
j-1WCWIEX0GI84R step s-0522088I8R236GQWMXG is CANCELLED
j-1WCWIEX0GI84R cluster is TERMINATED_WITH_ERRORS
STEP FAILED: j-1WCWIEX0GI84R s-0522088I8R236GQWMXG ended as CANCELLED: {'State': 'CANCELLED', 'StateChangeReason': {'Message': 'Cluster terminated'}, 'Timeline': {'CreationDateTime': datetime.datetime(2026, 7, 24, 17, 8, 33, 615000, tzinfo=tzlocal())}} | cluster_reason={'Code': 'VALIDATION_ERROR', 'Message': 'The subnet configuration was invalid: The subnet subnet-0790d25ecc4deae64 does not exist.'} | error_details=[]
Batch finished. Success CSV: data/performance/performance_dataset.csv
Failed experiments CSV: data/performance/failed_emr_experiments.csv
Starting 500MB cpu-heavy on m5.xlarge x 2 in ap-southeast-1
{
  "JobFlowId": "j-2PVJ45X5MVQZ5",
  "ClusterArn": "arn:aws:elasticmapreduce:ap-southeast-1:435097195936:cluster/j-2PVJ45X5MVQZ5",
  "ResponseMetadata": {
    "RequestId": "bb3f6459-bce1-40ee-a5d6-3fe5a51a993c",
    "HTTPStatusCode": 200,
    "HTTPHeaders": {
      "x-amzn-requestid": "bb3f6459-bce1-40ee-a5d6-3fe5a51a993c",
      "content-type": "application/x-amz-json-1.1",
      "content-length": "123",
      "date": "Fri, 24 Jul 2026 11:39:06 GMT"
    },
    "RetryAttempts": 0
  }
}
j-2PVJ45X5MVQZ5 step s-0679234UKQS8CTCVTPC is PENDING
j-2PVJ45X5MVQZ5 step s-0679234UKQS8CTCVTPC is CANCELLED
j-2PVJ45X5MVQZ5 cluster is TERMINATED_WITH_ERRORS
STEP FAILED: j-2PVJ45X5MVQZ5 s-0679234UKQS8CTCVTPC ended as CANCELLED: {'State': 'CANCELLED', 'StateChangeReason': {'Message': 'Cluster terminated'}, 'Timeline': {'CreationDateTime': datetime.datetime(2026, 7, 24, 17, 9, 5, 908000, tzinfo=tzlocal())}} | cluster_reason={'Code': 'VALIDATION_ERROR', 'Message': 'The subnet configuration was invalid: The subnet subnet-0790d25ecc4deae64 does not exist.'} | error_details=[]
Batch finished. Success CSV: data/performance/performance_dataset.csv
Failed experiments CSV: data/performance/failed_emr_experiments.csv
Starting 5120MB io-heavy on c6i.xlarge x 2 in ap-southeast-1
{
  "JobFlowId": "j-3KCRX3G0KCGGU",
  "ClusterArn": "arn:aws:elasticmapreduce:ap-southeast-1:435097195936:cluster/j-3KCRX3G0KCGGU",
  "ResponseMetadata": {
    "RequestId": "e14bcd70-02f0-482b-b04c-2c6a9fb98fae",
    "HTTPStatusCode": 200,
    "HTTPHeaders": {
      "x-amzn-requestid": "e14bcd70-02f0-482b-b04c-2c6a9fb98fae",
      "content-type": "application/x-amz-json-1.1",
      "content-length": "123",
      "date": "Fri, 24 Jul 2026 11:39:38 GMT"
    },
    "RetryAttempts": 0
  }
}
j-3KCRX3G0KCGGU step s-06978103ILF3DA1E23FY is PENDING
j-3KCRX3G0KCGGU step s-06978103ILF3DA1E23FY is CANCELLED
j-3KCRX3G0KCGGU cluster is TERMINATED_WITH_ERRORS
STEP FAILED: j-3KCRX3G0KCGGU s-06978103ILF3DA1E23FY ended as CANCELLED: {'State': 'CANCELLED', 'StateChangeReason': {'Message': 'Cluster terminated'}, 'Timeline': {'CreationDateTime': datetime.datetime(2026, 7, 24, 17, 9, 38, 322000, tzinfo=tzlocal())}} | cluster_reason={'Code': 'VALIDATION_ERROR', 'Message': 'The subnet configuration was invalid: The subnet subnet-0790d25ecc4deae64 does not exist.'} | error_details=[]
Batch finished. Success CSV: data/performance/performance_dataset.csv
Failed experiments CSV: data/performance/failed_emr_experiments.csv
Starting 10MB memory-heavy on c5.xlarge x 4 in ap-southeast-1
{
  "JobFlowId": "j-1DV82IBDMRWDI",
  "ClusterArn": "arn:aws:elasticmapreduce:ap-southeast-1:435097195936:cluster/j-1DV82IBDMRWDI",
  "ResponseMetadata": {
    "RequestId": "6544458b-c731-456b-9c54-8f3952b82ed3",
    "HTTPStatusCode": 200,
    "HTTPHeaders": {
      "x-amzn-requestid": "6544458b-c731-456b-9c54-8f3952b82ed3",
      "content-type": "application/x-amz-json-1.1",
      "content-length": "123",
      "date": "Fri, 24 Jul 2026 11:40:10 GMT"
    },
    "RetryAttempts": 0
  }
}
j-1DV82IBDMRWDI step s-03811462RH6N4RQCT4YX is PENDING
j-1DV82IBDMRWDI step s-03811462RH6N4RQCT4YX is CANCELLED
j-1DV82IBDMRWDI cluster is TERMINATED_WITH_ERRORS
STEP FAILED: j-1DV82IBDMRWDI s-03811462RH6N4RQCT4YX ended as CANCELLED: {'State': 'CANCELLED', 'StateChangeReason': {'Message': 'Cluster terminated'}, 'Timeline': {'CreationDateTime': datetime.datetime(2026, 7, 24, 17, 10, 10, 473000, tzinfo=tzlocal())}} | cluster_reason={'Code': 'VALIDATION_ERROR', 'Message': 'The subnet configuration was invalid: The subnet subnet-0790d25ecc4deae64 does not exist.'} | error_details=[]
Batch finished. Success CSV: data/performance/performance_dataset.csv
Failed experiments CSV: data/performance/failed_emr_experiments.csv
Starting 1024MB io-heavy on m5a.xlarge x 4 in ap-southeast-1
{
  "JobFlowId": "j-FDENYRBI97HH",
  "ClusterArn": "arn:aws:elasticmapreduce:ap-southeast-1:435097195936:cluster/j-FDENYRBI97HH",
  "ResponseMetadata": {
    "RequestId": "d6c6908b-4d6d-4d9c-8bbf-cceca24b2a46",
    "HTTPStatusCode": 200,
    "HTTPHeaders": {
      "x-amzn-requestid": "d6c6908b-4d6d-4d9c-8bbf-cceca24b2a46",
      "content-type": "application/x-amz-json-1.1",
      "content-length": "121",
      "date": "Fri, 24 Jul 2026 11:40:42 GMT"
    },
    "RetryAttempts": 0
  }
}
j-FDENYRBI97HH step s-0659769D9JUNUK94D3 is PENDING
j-FDENYRBI97HH step s-0659769D9JUNUK94D3 is CANCELLED
j-FDENYRBI97HH cluster is TERMINATED_WITH_ERRORS
STEP FAILED: j-FDENYRBI97HH s-0659769D9JUNUK94D3 ended as CANCELLED: {'State': 'CANCELLED', 'StateChangeReason': {'Message': 'Cluster terminated'}, 'Timeline': {'CreationDateTime': datetime.datetime(2026, 7, 24, 17, 10, 42, 532000, tzinfo=tzlocal())}} | cluster_reason={'Code': 'VALIDATION_ERROR', 'Message': 'The subnet configuration was invalid: The subnet subnet-0790d25ecc4deae64 does not exist.'} | error_details=[]
Batch finished. Success CSV: data/performance/performance_dataset.csv
Failed experiments CSV: data/performance/failed_emr_experiments.csv
Starting 10MB cpu-heavy on m6i.xlarge x 4 in ap-southeast-1
{
  "JobFlowId": "j-2TFRLG0J8Q4LH",
  "ClusterArn": "arn:aws:elasticmapreduce:ap-southeast-1:435097195936:cluster/j-2TFRLG0J8Q4LH",
  "ResponseMetadata": {
    "RequestId": "09bda394-236d-43ee-8a13-ca0a3681ce79",
    "HTTPStatusCode": 200,
    "HTTPHeaders": {
      "x-amzn-requestid": "09bda394-236d-43ee-8a13-ca0a3681ce79",
      "content-type": "application/x-amz-json-1.1",
      "content-length": "123",
      "date": "Fri, 24 Jul 2026 11:41:15 GMT"
    },
    "RetryAttempts": 0
  }
}
j-2TFRLG0J8Q4LH step s-012302317DAEB0SFNUVS is PENDING
j-2TFRLG0J8Q4LH step s-012302317DAEB0SFNUVS is CANCELLED
j-2TFRLG0J8Q4LH cluster is TERMINATED_WITH_ERRORS
STEP FAILED: j-2TFRLG0J8Q4LH s-012302317DAEB0SFNUVS ended as CANCELLED: {'State': 'CANCELLED', 'StateChangeReason': {'Message': 'Cluster terminated'}, 'Timeline': {'CreationDateTime': datetime.datetime(2026, 7, 24, 17, 11, 15, 75000, tzinfo=tzlocal())}} | cluster_reason={'Code': 'VALIDATION_ERROR', 'Message': 'The subnet configuration was invalid: The subnet subnet-0790d25ecc4deae64 does not exist.'} | error_details=[]
Batch finished. Success CSV: data/performance/performance_dataset.csv
Failed experiments CSV: data/performance/failed_emr_experiments.csv
Starting 3072MB io-heavy on m6i.xlarge x 4 in ap-southeast-1
{
  "JobFlowId": "j-7K49QWRY3KLK",
  "ClusterArn": "arn:aws:elasticmapreduce:ap-southeast-1:435097195936:cluster/j-7K49QWRY3KLK",
  "ResponseMetadata": {
    "RequestId": "07f368c0-10ab-49e6-858c-5b2b6f0a11f2",
    "HTTPStatusCode": 200,
    "HTTPHeaders": {
      "x-amzn-requestid": "07f368c0-10ab-49e6-858c-5b2b6f0a11f2",
      "content-type": "application/x-amz-json-1.1",
      "content-length": "121",
      "date": "Fri, 24 Jul 2026 11:41:47 GMT"
    },
    "RetryAttempts": 0
  }
}
j-7K49QWRY3KLK step s-03810303IME5QF98O9MH is PENDING
j-7K49QWRY3KLK step s-03810303IME5QF98O9MH is CANCELLED
j-7K49QWRY3KLK cluster is TERMINATED_WITH_ERRORS
STEP FAILED: j-7K49QWRY3KLK s-03810303IME5QF98O9MH ended as CANCELLED: {'State': 'CANCELLED', 'StateChangeReason': {'Message': 'Cluster terminated'}, 'Timeline': {'CreationDateTime': datetime.datetime(2026, 7, 24, 17, 11, 47, 243000, tzinfo=tzlocal())}} | cluster_reason={'Code': 'VALIDATION_ERROR', 'Message': 'The subnet configuration was invalid: The subnet subnet-0790d25ecc4deae64 does not exist.'} | error_details=[]
Batch finished. Success CSV: data/performance/performance_dataset.csv
Failed experiments CSV: data/performance/failed_emr_experiments.csv
Starting 10MB io-heavy on m6i.xlarge x 4 in ap-southeast-1
{
  "JobFlowId": "j-20QYTL9KYKNNP",
  "ClusterArn": "arn:aws:elasticmapreduce:ap-southeast-1:435097195936:cluster/j-20QYTL9KYKNNP",
  "ResponseMetadata": {
    "RequestId": "d63881e2-e1ed-4083-a0c8-77f436e4f8c9",
    "HTTPStatusCode": 200,
    "HTTPHeaders": {
      "x-amzn-requestid": "d63881e2-e1ed-4083-a0c8-77f436e4f8c9",
      "content-type": "application/x-amz-json-1.1",
      "content-length": "123",
      "date": "Fri, 24 Jul 2026 11:42:19 GMT"
    },
    "RetryAttempts": 0
  }
}
j-20QYTL9KYKNNP step s-01356892BBF8A77OETAY is PENDING
j-20QYTL9KYKNNP step s-01356892BBF8A77OETAY is CANCELLED
j-20QYTL9KYKNNP cluster is TERMINATED_WITH_ERRORS
STEP FAILED: j-20QYTL9KYKNNP s-01356892BBF8A77OETAY ended as CANCELLED: {'State': 'CANCELLED', 'StateChangeReason': {'Message': 'Cluster terminated'}, 'Timeline': {'CreationDateTime': datetime.datetime(2026, 7, 24, 17, 12, 19, 167000, tzinfo=tzlocal())}} | cluster_reason={'Code': 'VALIDATION_ERROR', 'Message': 'The subnet configuration was invalid: The subnet subnet-0790d25ecc4deae64 does not exist.'} | error_details=[]
Batch finished. Success CSV: data/performance/performance_dataset.csv
Failed experiments CSV: data/performance/failed_emr_experiments.csv
Starting 1024MB memory-heavy on c5.xlarge x 2 in ap-southeast-1
{
  "JobFlowId": "j-3L5GZL95L0Q8S",
  "ClusterArn": "arn:aws:elasticmapreduce:ap-southeast-1:435097195936:cluster/j-3L5GZL95L0Q8S",
  "ResponseMetadata": {
    "RequestId": "a3bccc8f-9142-436d-9c0a-cadb0e0c3c99",
    "HTTPStatusCode": 200,
    "HTTPHeaders": {
      "x-amzn-requestid": "a3bccc8f-9142-436d-9c0a-cadb0e0c3c99",
      "content-type": "application/x-amz-json-1.1",
      "content-length": "123",
      "date": "Fri, 24 Jul 2026 11:42:51 GMT"
    },
    "RetryAttempts": 0
  }
}
j-3L5GZL95L0Q8S step s-03809728ARCOPBJMF96 is PENDING
j-3L5GZL95L0Q8S step s-03809728ARCOPBJMF96 is CANCELLED
j-3L5GZL95L0Q8S cluster is TERMINATED_WITH_ERRORS
STEP FAILED: j-3L5GZL95L0Q8S s-03809728ARCOPBJMF96 ended as CANCELLED: {'State': 'CANCELLED', 'StateChangeReason': {'Message': 'Cluster terminated'}, 'Timeline': {'CreationDateTime': datetime.datetime(2026, 7, 24, 17, 12, 51, 164000, tzinfo=tzlocal())}} | cluster_reason={'Code': 'VALIDATION_ERROR', 'Message': 'The subnet configuration was invalid: The subnet subnet-0790d25ecc4deae64 does not exist.'} | error_details=[]
Batch finished. Success CSV: data/performance/performance_dataset.csv
Failed experiments CSV: data/performance/failed_emr_experiments.csv
Starting 10MB io-heavy on m6i.xlarge x 2 in ap-southeast-1
{
  "JobFlowId": "j-25DJMKSQYV77Q",
  "ClusterArn": "arn:aws:elasticmapreduce:ap-southeast-1:435097195936:cluster/j-25DJMKSQYV77Q",
  "ResponseMetadata": {
    "RequestId": "db8eb721-9c2b-42fe-bd60-97e48658b7f5",
    "HTTPStatusCode": 200,
    "HTTPHeaders": {
      "x-amzn-requestid": "db8eb721-9c2b-42fe-bd60-97e48658b7f5",
      "content-type": "application/x-amz-json-1.1",
      "content-length": "123",
      "date": "Fri, 24 Jul 2026 11:43:23 GMT"
    },
    "RetryAttempts": 0
  }
}
j-25DJMKSQYV77Q step s-07141141CSL0C3S6YI9M is PENDING
j-25DJMKSQYV77Q step s-07141141CSL0C3S6YI9M is CANCELLED
j-25DJMKSQYV77Q cluster is TERMINATED_WITH_ERRORS
STEP FAILED: j-25DJMKSQYV77Q s-07141141CSL0C3S6YI9M ended as CANCELLED: {'State': 'CANCELLED', 'StateChangeReason': {'Message': 'Cluster terminated'}, 'Timeline': {'CreationDateTime': datetime.datetime(2026, 7, 24, 17, 13, 23, 364000, tzinfo=tzlocal())}} | cluster_reason={'Code': 'VALIDATION_ERROR', 'Message': 'The subnet configuration was invalid: The subnet subnet-0790d25ecc4deae64 does not exist.'} | error_details=[]
Batch finished. Success CSV: data/performance/performance_dataset.csv
Failed experiments CSV: data/performance/failed_emr_experiments.csv
Starting 500MB cpu-heavy on c5.xlarge x 4 in ap-southeast-1
{
  "JobFlowId": "j-2X34P13RPSPC6",
  "ClusterArn": "arn:aws:elasticmapreduce:ap-southeast-1:435097195936:cluster/j-2X34P13RPSPC6",
  "ResponseMetadata": {
    "RequestId": "e2894a87-bffc-460e-ac6a-7baef2edf180",
    "HTTPStatusCode": 200,
    "HTTPHeaders": {
      "x-amzn-requestid": "e2894a87-bffc-460e-ac6a-7baef2edf180",
      "content-type": "application/x-amz-json-1.1",
      "content-length": "123",
      "date": "Fri, 24 Jul 2026 11:43:55 GMT"
    },
    "RetryAttempts": 0
  }
}
j-2X34P13RPSPC6 step s-092685431GP6CTUK0OQL is PENDING
j-2X34P13RPSPC6 step s-092685431GP6CTUK0OQL is CANCELLED
j-2X34P13RPSPC6 cluster is TERMINATED_WITH_ERRORS
STEP FAILED: j-2X34P13RPSPC6 s-092685431GP6CTUK0OQL ended as CANCELLED: {'State': 'CANCELLED', 'StateChangeReason': {'Message': 'Cluster terminated'}, 'Timeline': {'CreationDateTime': datetime.datetime(2026, 7, 24, 17, 13, 55, 796000, tzinfo=tzlocal())}} | cluster_reason={'Code': 'VALIDATION_ERROR', 'Message': 'The subnet configuration was invalid: The subnet subnet-0790d25ecc4deae64 does not exist.'} | error_details=[]
Batch finished. Success CSV: data/performance/performance_dataset.csv
Failed experiments CSV: data/performance/failed_emr_experiments.csv
Starting 100MB io-heavy on c5.xlarge x 2 in ap-southeast-1
{
  "JobFlowId": "j-176I6Y09DTRE7",
  "ClusterArn": "arn:aws:elasticmapreduce:ap-southeast-1:435097195936:cluster/j-176I6Y09DTRE7",
  "ResponseMetadata": {
    "RequestId": "8163209d-0902-41b1-a19a-c1da3d231e1f",
    "HTTPStatusCode": 200,
    "HTTPHeaders": {
      "x-amzn-requestid": "8163209d-0902-41b1-a19a-c1da3d231e1f",
      "content-type": "application/x-amz-json-1.1",
      "content-length": "123",
      "date": "Fri, 24 Jul 2026 11:44:28 GMT"
    },
    "RetryAttempts": 0
  }
}
j-176I6Y09DTRE7 step s-01004333M5ZAQ9T2O1LA is PENDING
j-176I6Y09DTRE7 step s-01004333M5ZAQ9T2O1LA is CANCELLED
j-176I6Y09DTRE7 cluster is TERMINATED_WITH_ERRORS
STEP FAILED: j-176I6Y09DTRE7 s-01004333M5ZAQ9T2O1LA ended as CANCELLED: {'State': 'CANCELLED', 'StateChangeReason': {'Message': 'Cluster terminated'}, 'Timeline': {'CreationDateTime': datetime.datetime(2026, 7, 24, 17, 14, 28, 7000, tzinfo=tzlocal())}} | cluster_reason={'Code': 'VALIDATION_ERROR', 'Message': 'The subnet configuration was invalid: The subnet subnet-0790d25ecc4deae64 does not exist.'} | error_details=[]
Batch finished. Success CSV: data/performance/performance_dataset.csv
Failed experiments CSV: data/performance/failed_emr_experiments.csv
Starting 3072MB memory-heavy on m5a.xlarge x 2 in ap-southeast-1
{
  "JobFlowId": "j-32EY2AGYR8WTZ",
  "ClusterArn": "arn:aws:elasticmapreduce:ap-southeast-1:435097195936:cluster/j-32EY2AGYR8WTZ",
  "ResponseMetadata": {
    "RequestId": "2712729b-b2e5-4bec-8c64-eaf8b0132912",
    "HTTPStatusCode": 200,
    "HTTPHeaders": {
      "x-amzn-requestid": "2712729b-b2e5-4bec-8c64-eaf8b0132912",
      "content-type": "application/x-amz-json-1.1",
      "content-length": "123",
      "date": "Fri, 24 Jul 2026 11:45:00 GMT"
    },
    "RetryAttempts": 0
  }
}
j-32EY2AGYR8WTZ step s-0403679S3J5OOUQODHC is PENDING
j-32EY2AGYR8WTZ step s-0403679S3J5OOUQODHC is CANCELLED
j-32EY2AGYR8WTZ cluster is TERMINATED_WITH_ERRORS
STEP FAILED: j-32EY2AGYR8WTZ s-0403679S3J5OOUQODHC ended as CANCELLED: {'State': 'CANCELLED', 'StateChangeReason': {'Message': 'Cluster terminated'}, 'Timeline': {'CreationDateTime': datetime.datetime(2026, 7, 24, 17, 15, 0, 188000, tzinfo=tzlocal())}} | cluster_reason={'Code': 'VALIDATION_ERROR', 'Message': 'The subnet configuration was invalid: The subnet subnet-0790d25ecc4deae64 does not exist.'} | error_details=[]
Batch finished. Success CSV: data/performance/performance_dataset.csv
Failed experiments CSV: data/performance/failed_emr_experiments.csv
Starting 1024MB cpu-heavy on c5.xlarge x 2 in ap-southeast-1
{
  "JobFlowId": "j-3VX75TJLAWYGH",
  "ClusterArn": "arn:aws:elasticmapreduce:ap-southeast-1:435097195936:cluster/j-3VX75TJLAWYGH",
  "ResponseMetadata": {
    "RequestId": "11e628ad-4000-44ad-9d51-b1257b297f5d",
    "HTTPStatusCode": 200,
    "HTTPHeaders": {
      "x-amzn-requestid": "11e628ad-4000-44ad-9d51-b1257b297f5d",
      "content-type": "application/x-amz-json-1.1",
      "content-length": "123",
      "date": "Fri, 24 Jul 2026 11:45:32 GMT"
    },
    "RetryAttempts": 0
  }
}
j-3VX75TJLAWYGH step s-04367691KIL79AB8BGFN is PENDING
j-3VX75TJLAWYGH step s-04367691KIL79AB8BGFN is CANCELLED
j-3VX75TJLAWYGH cluster is TERMINATED_WITH_ERRORS
STEP FAILED: j-3VX75TJLAWYGH s-04367691KIL79AB8BGFN ended as CANCELLED: {'State': 'CANCELLED', 'StateChangeReason': {'Message': 'Cluster terminated'}, 'Timeline': {'CreationDateTime': datetime.datetime(2026, 7, 24, 17, 15, 32, 222000, tzinfo=tzlocal())}} | cluster_reason={'Code': 'VALIDATION_ERROR', 'Message': 'The subnet configuration was invalid: The subnet subnet-0790d25ecc4deae64 does not exist.'} | error_details=[]
Batch finished. Success CSV: data/performance/performance_dataset.csv
Failed experiments CSV: data/performance/failed_emr_experiments.csv
Starting 500MB io-heavy on m5a.xlarge x 4 in ap-southeast-1
{
  "JobFlowId": "j-2QYGX2C4DZ908",
  "ClusterArn": "arn:aws:elasticmapreduce:ap-southeast-1:435097195936:cluster/j-2QYGX2C4DZ908",
  "ResponseMetadata": {
    "RequestId": "acb7eeb6-5968-4b44-b3fe-11f4415801cd",
    "HTTPStatusCode": 200,
    "HTTPHeaders": {
      "x-amzn-requestid": "acb7eeb6-5968-4b44-b3fe-11f4415801cd",
      "content-type": "application/x-amz-json-1.1",
      "content-length": "123",
      "date": "Fri, 24 Jul 2026 11:46:05 GMT"
    },
    "RetryAttempts": 0
  }
}
j-2QYGX2C4DZ908 step s-00553771GKDYLX6KWBKI is PENDING
j-2QYGX2C4DZ908 step s-00553771GKDYLX6KWBKI is CANCELLED
j-2QYGX2C4DZ908 cluster is TERMINATED_WITH_ERRORS
STEP FAILED: j-2QYGX2C4DZ908 s-00553771GKDYLX6KWBKI ended as CANCELLED: {'State': 'CANCELLED', 'StateChangeReason': {'Message': 'Cluster terminated'}, 'Timeline': {'CreationDateTime': datetime.datetime(2026, 7, 24, 17, 16, 5, 412000, tzinfo=tzlocal())}} | cluster_reason={'Code': 'VALIDATION_ERROR', 'Message': 'The subnet configuration was invalid: The subnet subnet-0790d25ecc4deae64 does not exist.'} | error_details=[]
Batch finished. Success CSV: data/performance/performance_dataset.csv
Failed experiments CSV: data/performance/failed_emr_experiments.csv
Starting 500MB memory-heavy on c5.xlarge x 2 in ap-southeast-1
{
  "JobFlowId": "j-27QMHZKCKWTGK",
  "ClusterArn": "arn:aws:elasticmapreduce:ap-southeast-1:435097195936:cluster/j-27QMHZKCKWTGK",
  "ResponseMetadata": {
    "RequestId": "fd954c7c-c60c-4dfe-afdd-d7361cd0fe08",
    "HTTPStatusCode": 200,
    "HTTPHeaders": {
      "x-amzn-requestid": "fd954c7c-c60c-4dfe-afdd-d7361cd0fe08",
      "content-type": "application/x-amz-json-1.1",
      "content-length": "123",
      "date": "Fri, 24 Jul 2026 11:46:37 GMT"
    },
    "RetryAttempts": 0
  }
}
j-27QMHZKCKWTGK step s-0070991PSF9IQYR3D6Y is PENDING
j-27QMHZKCKWTGK step s-0070991PSF9IQYR3D6Y is CANCELLED
j-27QMHZKCKWTGK cluster is TERMINATED_WITH_ERRORS
STEP FAILED: j-27QMHZKCKWTGK s-0070991PSF9IQYR3D6Y ended as CANCELLED: {'State': 'CANCELLED', 'StateChangeReason': {'Message': 'Cluster terminated'}, 'Timeline': {'CreationDateTime': datetime.datetime(2026, 7, 24, 17, 16, 37, 500000, tzinfo=tzlocal())}} | cluster_reason={'Code': 'VALIDATION_ERROR', 'Message': 'The subnet configuration was invalid: The subnet subnet-0790d25ecc4deae64 does not exist.'} | error_details=[]
Batch finished. Success CSV: data/performance/performance_dataset.csv
Failed experiments CSV: data/performance/failed_emr_experiments.csv
Starting 10MB cpu-heavy on m5a.xlarge x 2 in ap-southeast-1
{
  "JobFlowId": "j-O7YGQJKA58NU",
  "ClusterArn": "arn:aws:elasticmapreduce:ap-southeast-1:435097195936:cluster/j-O7YGQJKA58NU",
  "ResponseMetadata": {
    "RequestId": "6d9a211b-d3b9-442e-adfb-44a597805f95",
    "HTTPStatusCode": 200,
    "HTTPHeaders": {
      "x-amzn-requestid": "6d9a211b-d3b9-442e-adfb-44a597805f95",
      "content-type": "application/x-amz-json-1.1",
      "content-length": "121",
      "date": "Fri, 24 Jul 2026 11:47:09 GMT"
    },
    "RetryAttempts": 0
  }
}
j-O7YGQJKA58NU step s-09272721MUDRDSBN51DI is PENDING
j-O7YGQJKA58NU step s-09272721MUDRDSBN51DI is CANCELLED
j-O7YGQJKA58NU cluster is TERMINATED_WITH_ERRORS
STEP FAILED: j-O7YGQJKA58NU s-09272721MUDRDSBN51DI ended as CANCELLED: {'State': 'CANCELLED', 'StateChangeReason': {'Message': 'Cluster terminated'}, 'Timeline': {'CreationDateTime': datetime.datetime(2026, 7, 24, 17, 17, 9, 610000, tzinfo=tzlocal())}} | cluster_reason={'Code': 'VALIDATION_ERROR', 'Message': 'The subnet configuration was invalid: The subnet subnet-0790d25ecc4deae64 does not exist.'} | error_details=[]
Batch finished. Success CSV: data/performance/performance_dataset.csv
Failed experiments CSV: data/performance/failed_emr_experiments.csv
Starting 500MB io-heavy on c5a.xlarge x 4 in ap-southeast-1
{
  "JobFlowId": "j-27B9SL970A53U",
  "ClusterArn": "arn:aws:elasticmapreduce:ap-southeast-1:435097195936:cluster/j-27B9SL970A53U",
  "ResponseMetadata": {
    "RequestId": "446195d1-79dc-4d1a-8c96-c4b0ba345a89",
    "HTTPStatusCode": 200,
    "HTTPHeaders": {
      "x-amzn-requestid": "446195d1-79dc-4d1a-8c96-c4b0ba345a89",
      "content-type": "application/x-amz-json-1.1",
      "content-length": "123",
      "date": "Fri, 24 Jul 2026 11:47:41 GMT"
    },
    "RetryAttempts": 0
  }
}
j-27B9SL970A53U step s-06652112ED4084ZLHG0Z is PENDING
j-27B9SL970A53U step s-06652112ED4084ZLHG0Z is CANCELLED
j-27B9SL970A53U cluster is TERMINATED_WITH_ERRORS
STEP FAILED: j-27B9SL970A53U s-06652112ED4084ZLHG0Z ended as CANCELLED: {'State': 'CANCELLED', 'StateChangeReason': {'Message': 'Cluster terminated'}, 'Timeline': {'CreationDateTime': datetime.datetime(2026, 7, 24, 17, 17, 41, 621000, tzinfo=tzlocal())}} | cluster_reason={'Code': 'VALIDATION_ERROR', 'Message': 'The subnet configuration was invalid: The subnet subnet-0790d25ecc4deae64 does not exist.'} | error_details=[]
Batch finished. Success CSV: data/performance/performance_dataset.csv
Failed experiments CSV: data/performance/failed_emr_experiments.csv
Starting 100MB memory-heavy on m5a.xlarge x 2 in ap-southeast-1
{
  "JobFlowId": "j-13VLKV5ZMJ45",
  "ClusterArn": "arn:aws:elasticmapreduce:ap-southeast-1:435097195936:cluster/j-13VLKV5ZMJ45",
  "ResponseMetadata": {
    "RequestId": "ad15de99-502c-4b92-98d8-9c82e380b97b",
    "HTTPStatusCode": 200,
    "HTTPHeaders": {
      "x-amzn-requestid": "ad15de99-502c-4b92-98d8-9c82e380b97b",
      "content-type": "application/x-amz-json-1.1",
      "content-length": "121",
      "date": "Fri, 24 Jul 2026 11:48:14 GMT"
    },
    "RetryAttempts": 0
  }
}
j-13VLKV5ZMJ45 step s-00306623TPV2ASIQWV80 is PENDING
j-13VLKV5ZMJ45 step s-00306623TPV2ASIQWV80 is CANCELLED
j-13VLKV5ZMJ45 cluster is TERMINATED_WITH_ERRORS
STEP FAILED: j-13VLKV5ZMJ45 s-00306623TPV2ASIQWV80 ended as CANCELLED: {'State': 'CANCELLED', 'StateChangeReason': {'Message': 'Cluster terminated'}, 'Timeline': {'CreationDateTime': datetime.datetime(2026, 7, 24, 17, 18, 14, 274000, tzinfo=tzlocal())}} | cluster_reason={'Code': 'VALIDATION_ERROR', 'Message': 'The subnet configuration was invalid: The subnet subnet-0790d25ecc4deae64 does not exist.'} | error_details=[]
Batch finished. Success CSV: data/performance/performance_dataset.csv
Failed experiments CSV: data/performance/failed_emr_experiments.csv
Starting 10MB cpu-heavy on m5a.xlarge x 2 in ap-southeast-1
{
  "JobFlowId": "j-33V4P944DM24W",
  "ClusterArn": "arn:aws:elasticmapreduce:ap-southeast-1:435097195936:cluster/j-33V4P944DM24W",
  "ResponseMetadata": {
    "RequestId": "d2763078-843b-4e33-ab6f-38c1268149e8",
    "HTTPStatusCode": 200,
    "HTTPHeaders": {
      "x-amzn-requestid": "d2763078-843b-4e33-ab6f-38c1268149e8",
      "content-type": "application/x-amz-json-1.1",
      "content-length": "123",
      "date": "Fri, 24 Jul 2026 11:48:46 GMT"
    },
    "RetryAttempts": 0
  }
}
j-33V4P944DM24W step s-093287513R1JPCZY0U4U is PENDING
j-33V4P944DM24W step s-093287513R1JPCZY0U4U is CANCELLED
j-33V4P944DM24W cluster is TERMINATED_WITH_ERRORS
STEP FAILED: j-33V4P944DM24W s-093287513R1JPCZY0U4U ended as CANCELLED: {'State': 'CANCELLED', 'StateChangeReason': {'Message': 'Cluster terminated'}, 'Timeline': {'CreationDateTime': datetime.datetime(2026, 7, 24, 17, 18, 46, 618000, tzinfo=tzlocal())}} | cluster_reason={'Code': 'VALIDATION_ERROR', 'Message': 'The subnet configuration was invalid: The subnet subnet-0790d25ecc4deae64 does not exist.'} | error_details=[]
Batch finished. Success CSV: data/performance/performance_dataset.csv
Failed experiments CSV: data/performance/failed_emr_experiments.csv
Starting 100MB io-heavy on c5.xlarge x 2 in ap-southeast-1
{
  "JobFlowId": "j-18VJRAFFS7T87",
  "ClusterArn": "arn:aws:elasticmapreduce:ap-southeast-1:435097195936:cluster/j-18VJRAFFS7T87",
  "ResponseMetadata": {
    "RequestId": "e119ed0f-9dec-44cb-9d31-7de2be2cff55",
    "HTTPStatusCode": 200,
    "HTTPHeaders": {
      "x-amzn-requestid": "e119ed0f-9dec-44cb-9d31-7de2be2cff55",
      "content-type": "application/x-amz-json-1.1",
      "content-length": "123",
      "date": "Fri, 24 Jul 2026 11:49:19 GMT"
    },
    "RetryAttempts": 0
  }
}
j-18VJRAFFS7T87 step s-09281309V5VXJC2A3QE is PENDING
j-18VJRAFFS7T87 step s-09281309V5VXJC2A3QE is CANCELLED
j-18VJRAFFS7T87 cluster is TERMINATED_WITH_ERRORS
STEP FAILED: j-18VJRAFFS7T87 s-09281309V5VXJC2A3QE ended as CANCELLED: {'State': 'CANCELLED', 'StateChangeReason': {'Message': 'Cluster terminated'}, 'Timeline': {'CreationDateTime': datetime.datetime(2026, 7, 24, 17, 19, 18, 846000, tzinfo=tzlocal())}} | cluster_reason={'Code': 'VALIDATION_ERROR', 'Message': 'The subnet configuration was invalid: The subnet subnet-0790d25ecc4deae64 does not exist.'} | error_details=[]
Batch finished. Success CSV: data/performance/performance_dataset.csv
Failed experiments CSV: data/performance/failed_emr_experiments.csv
Starting 3072MB memory-heavy on c5.xlarge x 4 in ap-southeast-1
{
  "JobFlowId": "j-2EYZ0Z10BU5RN",
  "ClusterArn": "arn:aws:elasticmapreduce:ap-southeast-1:435097195936:cluster/j-2EYZ0Z10BU5RN",
  "ResponseMetadata": {
    "RequestId": "7ebcfefe-6b9d-499c-9601-0589d2ed2f12",
    "HTTPStatusCode": 200,
    "HTTPHeaders": {
      "x-amzn-requestid": "7ebcfefe-6b9d-499c-9601-0589d2ed2f12",
      "content-type": "application/x-amz-json-1.1",
      "content-length": "123",
      "date": "Fri, 24 Jul 2026 11:49:51 GMT"
    },
    "RetryAttempts": 0
  }
}
j-2EYZ0Z10BU5RN step s-04023611H4L9HPDSC4J0 is PENDING
j-2EYZ0Z10BU5RN step s-04023611H4L9HPDSC4J0 is CANCELLED
j-2EYZ0Z10BU5RN cluster is TERMINATED_WITH_ERRORS
STEP FAILED: j-2EYZ0Z10BU5RN s-04023611H4L9HPDSC4J0 ended as CANCELLED: {'State': 'CANCELLED', 'StateChangeReason': {'Message': 'Cluster terminated'}, 'Timeline': {'CreationDateTime': datetime.datetime(2026, 7, 24, 17, 19, 50, 879000, tzinfo=tzlocal())}} | cluster_reason={'Code': 'VALIDATION_ERROR', 'Message': 'The subnet configuration was invalid: The subnet subnet-0790d25ecc4deae64 does not exist.'} | error_details=[]
Batch finished. Success CSV: data/performance/performance_dataset.csv
Failed experiments CSV: data/performance/failed_emr_experiments.csv
