Skipping completed 2048MB cpu-heavy m5.xlarge x 4 in ap-south-1
Batch finished. Success CSV: data/performance/performance_dataset.csv
Failed experiments CSV: data/performance/failed_emr_experiments.csv
Skipping completed 2048MB cpu-heavy m5a.xlarge x 4 in ap-south-1
Batch finished. Success CSV: data/performance/performance_dataset.csv
Failed experiments CSV: data/performance/failed_emr_experiments.csv
Skipping completed 2048MB cpu-heavy m6i.xlarge x 4 in ap-south-1
Batch finished. Success CSV: data/performance/performance_dataset.csv
Failed experiments CSV: data/performance/failed_emr_experiments.csv
Skipping completed 2048MB cpu-heavy c5.xlarge x 4 in ap-south-1
Batch finished. Success CSV: data/performance/performance_dataset.csv
Failed experiments CSV: data/performance/failed_emr_experiments.csv
Skipping completed 2048MB cpu-heavy c5a.xlarge x 4 in ap-south-1
Batch finished. Success CSV: data/performance/performance_dataset.csv
Failed experiments CSV: data/performance/failed_emr_experiments.csv
Skipping completed 2048MB cpu-heavy c6i.xlarge x 4 in ap-south-1
Batch finished. Success CSV: data/performance/performance_dataset.csv
Failed experiments CSV: data/performance/failed_emr_experiments.csv
Skipping completed 2048MB memory-heavy m5.xlarge x 4 in ap-south-1
Batch finished. Success CSV: data/performance/performance_dataset.csv
Failed experiments CSV: data/performance/failed_emr_experiments.csv
Skipping completed 2048MB memory-heavy m5a.xlarge x 4 in ap-south-1
Batch finished. Success CSV: data/performance/performance_dataset.csv
Failed experiments CSV: data/performance/failed_emr_experiments.csv
Skipping completed 2048MB memory-heavy m6i.xlarge x 4 in ap-south-1
Batch finished. Success CSV: data/performance/performance_dataset.csv
Failed experiments CSV: data/performance/failed_emr_experiments.csv
Skipping completed 2048MB memory-heavy c5.xlarge x 4 in ap-south-1
Batch finished. Success CSV: data/performance/performance_dataset.csv
Failed experiments CSV: data/performance/failed_emr_experiments.csv
Skipping completed 2048MB memory-heavy c5a.xlarge x 4 in ap-south-1
Batch finished. Success CSV: data/performance/performance_dataset.csv
Failed experiments CSV: data/performance/failed_emr_experiments.csv
Skipping completed 2048MB memory-heavy c6i.xlarge x 4 in ap-south-1
Batch finished. Success CSV: data/performance/performance_dataset.csv
Failed experiments CSV: data/performance/failed_emr_experiments.csv
Skipping completed 2048MB io-heavy m5.xlarge x 4 in ap-south-1
Batch finished. Success CSV: data/performance/performance_dataset.csv
Failed experiments CSV: data/performance/failed_emr_experiments.csv
Skipping completed 2048MB io-heavy m5a.xlarge x 4 in ap-south-1
Batch finished. Success CSV: data/performance/performance_dataset.csv
Failed experiments CSV: data/performance/failed_emr_experiments.csv
Skipping completed 2048MB io-heavy m6i.xlarge x 4 in ap-south-1
Batch finished. Success CSV: data/performance/performance_dataset.csv
Failed experiments CSV: data/performance/failed_emr_experiments.csv
Skipping completed 2048MB io-heavy c5.xlarge x 4 in ap-south-1
Batch finished. Success CSV: data/performance/performance_dataset.csv
Failed experiments CSV: data/performance/failed_emr_experiments.csv
