Skipping completed 100MB cpu-heavy m6i.xlarge x 2 in ap-southeast-1
Batch finished. Success CSV: data/performance/performance_dataset.csv
Failed experiments CSV: data/performance/failed_emr_experiments.csv
Skipping completed 100MB cpu-heavy c6i.xlarge x 4 in ap-southeast-1
Batch finished. Success CSV: data/performance/performance_dataset.csv
Failed experiments CSV: data/performance/failed_emr_experiments.csv
Skipping completed 5120MB cpu-heavy c5.xlarge x 2 in ap-southeast-1
Batch finished. Success CSV: data/performance/performance_dataset.csv
Failed experiments CSV: data/performance/failed_emr_experiments.csv
Skipping completed 100MB cpu-heavy m6i.xlarge x 4 in ap-southeast-1
Batch finished. Success CSV: data/performance/performance_dataset.csv
Failed experiments CSV: data/performance/failed_emr_experiments.csv
Skipping completed 100MB memory-heavy c5.xlarge x 4 in ap-southeast-1
Batch finished. Success CSV: data/performance/performance_dataset.csv
Failed experiments CSV: data/performance/failed_emr_experiments.csv
Skipping completed 500MB memory-heavy m5a.xlarge x 4 in ap-southeast-1
Batch finished. Success CSV: data/performance/performance_dataset.csv
Failed experiments CSV: data/performance/failed_emr_experiments.csv
Skipping completed 10MB memory-heavy c5a.xlarge x 4 in ap-southeast-1
Batch finished. Success CSV: data/performance/performance_dataset.csv
Failed experiments CSV: data/performance/failed_emr_experiments.csv
Skipping completed 100MB cpu-heavy m5a.xlarge x 4 in ap-southeast-1
Batch finished. Success CSV: data/performance/performance_dataset.csv
Failed experiments CSV: data/performance/failed_emr_experiments.csv
Skipping completed 100MB io-heavy m6i.xlarge x 2 in ap-southeast-1
Batch finished. Success CSV: data/performance/performance_dataset.csv
Failed experiments CSV: data/performance/failed_emr_experiments.csv
Skipping completed 100MB cpu-heavy m5.xlarge x 4 in ap-southeast-1
Batch finished. Success CSV: data/performance/performance_dataset.csv
Failed experiments CSV: data/performance/failed_emr_experiments.csv
Skipping completed 500MB io-heavy c5.xlarge x 2 in ap-southeast-1
Batch finished. Success CSV: data/performance/performance_dataset.csv
Failed experiments CSV: data/performance/failed_emr_experiments.csv
Skipping completed 10MB memory-heavy c5.xlarge x 4 in ap-southeast-1
Batch finished. Success CSV: data/performance/performance_dataset.csv
Failed experiments CSV: data/performance/failed_emr_experiments.csv
Skipping completed 100MB io-heavy c5.xlarge x 2 in ap-southeast-1
Batch finished. Success CSV: data/performance/performance_dataset.csv
Failed experiments CSV: data/performance/failed_emr_experiments.csv
Skipping completed 3072MB io-heavy m5a.xlarge x 2 in ap-southeast-1
Batch finished. Success CSV: data/performance/performance_dataset.csv
Failed experiments CSV: data/performance/failed_emr_experiments.csv
Skipping completed 5120MB io-heavy m5a.xlarge x 2 in ap-southeast-1
Batch finished. Success CSV: data/performance/performance_dataset.csv
Failed experiments CSV: data/performance/failed_emr_experiments.csv
Skipping completed 100MB io-heavy c5.xlarge x 4 in ap-southeast-1
Batch finished. Success CSV: data/performance/performance_dataset.csv
Failed experiments CSV: data/performance/failed_emr_experiments.csv
Skipping completed 500MB cpu-heavy m5.xlarge x 2 in ap-southeast-1
Batch finished. Success CSV: data/performance/performance_dataset.csv
Failed experiments CSV: data/performance/failed_emr_experiments.csv
Skipping completed 100MB io-heavy m6i.xlarge x 4 in ap-southeast-1
Batch finished. Success CSV: data/performance/performance_dataset.csv
Failed experiments CSV: data/performance/failed_emr_experiments.csv
Skipping completed 500MB io-heavy m5a.xlarge x 2 in ap-southeast-1
Batch finished. Success CSV: data/performance/performance_dataset.csv
Failed experiments CSV: data/performance/failed_emr_experiments.csv
Skipping completed 1024MB memory-heavy m6i.xlarge x 2 in ap-southeast-1
Batch finished. Success CSV: data/performance/performance_dataset.csv
Failed experiments CSV: data/performance/failed_emr_experiments.csv
Skipping completed 10MB cpu-heavy m6i.xlarge x 4 in ap-southeast-1
Batch finished. Success CSV: data/performance/performance_dataset.csv
Failed experiments CSV: data/performance/failed_emr_experiments.csv
Skipping completed 5120MB memory-heavy c5.xlarge x 4 in ap-southeast-1
Batch finished. Success CSV: data/performance/performance_dataset.csv
Failed experiments CSV: data/performance/failed_emr_experiments.csv
Skipping completed 100MB io-heavy m5a.xlarge x 2 in ap-southeast-1
Batch finished. Success CSV: data/performance/performance_dataset.csv
Failed experiments CSV: data/performance/failed_emr_experiments.csv
Skipping completed 100MB memory-heavy m5.xlarge x 2 in ap-southeast-1
Batch finished. Success CSV: data/performance/performance_dataset.csv
Failed experiments CSV: data/performance/failed_emr_experiments.csv
Skipping completed 100MB io-heavy m5.xlarge x 2 in ap-southeast-1
Batch finished. Success CSV: data/performance/performance_dataset.csv
Failed experiments CSV: data/performance/failed_emr_experiments.csv
Skipping completed 2048MB io-heavy c5a.xlarge x 2 in ap-southeast-1
Batch finished. Success CSV: data/performance/performance_dataset.csv
Failed experiments CSV: data/performance/failed_emr_experiments.csv
Skipping completed 500MB memory-heavy c6i.xlarge x 4 in ap-southeast-1
Batch finished. Success CSV: data/performance/performance_dataset.csv
Failed experiments CSV: data/performance/failed_emr_experiments.csv
Skipping completed 100MB cpu-heavy m5.xlarge x 2 in ap-southeast-1
Batch finished. Success CSV: data/performance/performance_dataset.csv
Failed experiments CSV: data/performance/failed_emr_experiments.csv
Skipping completed 10MB cpu-heavy c5a.xlarge x 4 in ap-southeast-1
Batch finished. Success CSV: data/performance/performance_dataset.csv
Failed experiments CSV: data/performance/failed_emr_experiments.csv
Skipping completed 2048MB cpu-heavy m5.xlarge x 2 in ap-southeast-1
Batch finished. Success CSV: data/performance/performance_dataset.csv
Failed experiments CSV: data/performance/failed_emr_experiments.csv
Skipping completed 3072MB memory-heavy m5.xlarge x 4 in ap-southeast-1
Batch finished. Success CSV: data/performance/performance_dataset.csv
Failed experiments CSV: data/performance/failed_emr_experiments.csv
Skipping completed 3072MB memory-heavy c6i.xlarge x 2 in ap-southeast-1
Batch finished. Success CSV: data/performance/performance_dataset.csv
Failed experiments CSV: data/performance/failed_emr_experiments.csv
Skipping completed 3072MB cpu-heavy c5.xlarge x 2 in ap-southeast-1
Batch finished. Success CSV: data/performance/performance_dataset.csv
Failed experiments CSV: data/performance/failed_emr_experiments.csv
Skipping completed 10MB cpu-heavy m5.xlarge x 2 in ap-southeast-1
Batch finished. Success CSV: data/performance/performance_dataset.csv
Failed experiments CSV: data/performance/failed_emr_experiments.csv
Starting 3072MB io-heavy on m6i.xlarge x 4 in ap-southeast-1
{
  "JobFlowId": "j-261L0HSPOHR9N",
  "ClusterArn": "arn:aws:elasticmapreduce:ap-southeast-1:435097195936:cluster/j-261L0HSPOHR9N",
  "ResponseMetadata": {
    "RequestId": "b99df1eb-3023-4ae7-a0bf-72097bf1f358",
    "HTTPStatusCode": 200,
    "HTTPHeaders": {
      "x-amzn-requestid": "b99df1eb-3023-4ae7-a0bf-72097bf1f358",
      "content-type": "application/x-amz-json-1.1",
      "content-length": "123",
      "date": "Fri, 24 Jul 2026 07:02:52 GMT"
    },
    "RetryAttempts": 0
  }
}
j-261L0HSPOHR9N step s-0161073IJ3JHKHVTNI3 is PENDING
j-261L0HSPOHR9N step s-0161073IJ3JHKHVTNI3 is CANCELLED
j-261L0HSPOHR9N cluster is TERMINATED_WITH_ERRORS
STEP FAILED: j-261L0HSPOHR9N s-0161073IJ3JHKHVTNI3 ended as CANCELLED: {'State': 'CANCELLED', 'StateChangeReason': {'Message': 'Cluster terminated'}, 'Timeline': {'CreationDateTime': datetime.datetime(2026, 7, 24, 12, 32, 52, 734000, tzinfo=tzlocal())}} | cluster_reason={'Code': 'VALIDATION_ERROR', 'Message': 'The subnet configuration was invalid: The subnet subnet-0790d25ecc4deae64 does not exist.'} | error_details=[]
Batch finished. Success CSV: data/performance/performance_dataset.csv
Failed experiments CSV: data/performance/failed_emr_experiments.csv
Skipping completed 500MB cpu-heavy c6i.xlarge x 4 in ap-southeast-1
Batch finished. Success CSV: data/performance/performance_dataset.csv
Failed experiments CSV: data/performance/failed_emr_experiments.csv
Skipping completed 3072MB memory-heavy c5.xlarge x 4 in ap-southeast-1
Batch finished. Success CSV: data/performance/performance_dataset.csv
Failed experiments CSV: data/performance/failed_emr_experiments.csv
Skipping completed 10MB cpu-heavy m5.xlarge x 4 in ap-southeast-1
Batch finished. Success CSV: data/performance/performance_dataset.csv
Failed experiments CSV: data/performance/failed_emr_experiments.csv
Skipping completed 500MB cpu-heavy c5.xlarge x 2 in ap-southeast-1
Batch finished. Success CSV: data/performance/performance_dataset.csv
Failed experiments CSV: data/performance/failed_emr_experiments.csv
Skipping completed 500MB cpu-heavy m5a.xlarge x 2 in ap-southeast-1
Batch finished. Success CSV: data/performance/performance_dataset.csv
Failed experiments CSV: data/performance/failed_emr_experiments.csv
Skipping completed 1024MB cpu-heavy m5.xlarge x 2 in ap-southeast-1
Batch finished. Success CSV: data/performance/performance_dataset.csv
Failed experiments CSV: data/performance/failed_emr_experiments.csv
Skipping completed 100MB io-heavy c5a.xlarge x 2 in ap-southeast-1
Batch finished. Success CSV: data/performance/performance_dataset.csv
Failed experiments CSV: data/performance/failed_emr_experiments.csv
Skipping completed 100MB memory-heavy c5a.xlarge x 4 in ap-southeast-1
Batch finished. Success CSV: data/performance/performance_dataset.csv
Failed experiments CSV: data/performance/failed_emr_experiments.csv
Skipping completed 3072MB cpu-heavy c5a.xlarge x 4 in ap-southeast-1
Batch finished. Success CSV: data/performance/performance_dataset.csv
Failed experiments CSV: data/performance/failed_emr_experiments.csv
Skipping completed 500MB memory-heavy m5.xlarge x 2 in ap-southeast-1
Batch finished. Success CSV: data/performance/performance_dataset.csv
Failed experiments CSV: data/performance/failed_emr_experiments.csv
Skipping completed 5120MB memory-heavy c6i.xlarge x 2 in ap-southeast-1
Batch finished. Success CSV: data/performance/performance_dataset.csv
Failed experiments CSV: data/performance/failed_emr_experiments.csv
Skipping completed 100MB io-heavy m5a.xlarge x 4 in ap-southeast-1
Batch finished. Success CSV: data/performance/performance_dataset.csv
Failed experiments CSV: data/performance/failed_emr_experiments.csv
Skipping completed 2048MB cpu-heavy c5.xlarge x 2 in ap-southeast-1
Batch finished. Success CSV: data/performance/performance_dataset.csv
Failed experiments CSV: data/performance/failed_emr_experiments.csv
Skipping completed 500MB cpu-heavy c5a.xlarge x 2 in ap-southeast-1
Batch finished. Success CSV: data/performance/performance_dataset.csv
Failed experiments CSV: data/performance/failed_emr_experiments.csv
Skipping completed 500MB cpu-heavy c5a.xlarge x 4 in ap-southeast-1
Batch finished. Success CSV: data/performance/performance_dataset.csv
Failed experiments CSV: data/performance/failed_emr_experiments.csv
Skipping completed 1024MB io-heavy c5a.xlarge x 2 in ap-southeast-1
Batch finished. Success CSV: data/performance/performance_dataset.csv
Failed experiments CSV: data/performance/failed_emr_experiments.csv
Skipping completed 500MB io-heavy m5a.xlarge x 4 in ap-southeast-1
Batch finished. Success CSV: data/performance/performance_dataset.csv
Failed experiments CSV: data/performance/failed_emr_experiments.csv
Skipping completed 1024MB io-heavy c6i.xlarge x 4 in ap-southeast-1
Batch finished. Success CSV: data/performance/performance_dataset.csv
Failed experiments CSV: data/performance/failed_emr_experiments.csv
Skipping completed 100MB cpu-heavy c5.xlarge x 2 in ap-southeast-1
Batch finished. Success CSV: data/performance/performance_dataset.csv
Failed experiments CSV: data/performance/failed_emr_experiments.csv
Skipping completed 100MB memory-heavy m6i.xlarge x 4 in ap-southeast-1
Batch finished. Success CSV: data/performance/performance_dataset.csv
Failed experiments CSV: data/performance/failed_emr_experiments.csv
Skipping completed 10MB cpu-heavy c6i.xlarge x 2 in ap-southeast-1
Batch finished. Success CSV: data/performance/performance_dataset.csv
Failed experiments CSV: data/performance/failed_emr_experiments.csv
Skipping completed 2048MB io-heavy m5a.xlarge x 2 in ap-southeast-1
Batch finished. Success CSV: data/performance/performance_dataset.csv
Failed experiments CSV: data/performance/failed_emr_experiments.csv
Skipping completed 10MB memory-heavy m6i.xlarge x 4 in ap-southeast-1
Batch finished. Success CSV: data/performance/performance_dataset.csv
Failed experiments CSV: data/performance/failed_emr_experiments.csv
Skipping completed 5120MB memory-heavy m5.xlarge x 4 in ap-southeast-1
Batch finished. Success CSV: data/performance/performance_dataset.csv
Failed experiments CSV: data/performance/failed_emr_experiments.csv
Skipping completed 100MB io-heavy m5.xlarge x 4 in ap-southeast-1
Batch finished. Success CSV: data/performance/performance_dataset.csv
Failed experiments CSV: data/performance/failed_emr_experiments.csv
Skipping completed 100MB cpu-heavy m5a.xlarge x 2 in ap-southeast-1
Batch finished. Success CSV: data/performance/performance_dataset.csv
Failed experiments CSV: data/performance/failed_emr_experiments.csv
Skipping completed 2048MB io-heavy c6i.xlarge x 4 in ap-southeast-1
Batch finished. Success CSV: data/performance/performance_dataset.csv
Failed experiments CSV: data/performance/failed_emr_experiments.csv
Skipping completed 5120MB cpu-heavy m5.xlarge x 2 in ap-southeast-1
Batch finished. Success CSV: data/performance/performance_dataset.csv
Failed experiments CSV: data/performance/failed_emr_experiments.csv
Skipping completed 500MB memory-heavy m5.xlarge x 4 in ap-southeast-1
Batch finished. Success CSV: data/performance/performance_dataset.csv
Failed experiments CSV: data/performance/failed_emr_experiments.csv
Skipping completed 10MB io-heavy m5a.xlarge x 4 in ap-southeast-1
Batch finished. Success CSV: data/performance/performance_dataset.csv
Failed experiments CSV: data/performance/failed_emr_experiments.csv
Skipping completed 10MB memory-heavy c5.xlarge x 2 in ap-southeast-1
Batch finished. Success CSV: data/performance/performance_dataset.csv
Failed experiments CSV: data/performance/failed_emr_experiments.csv
Skipping completed 10MB io-heavy m6i.xlarge x 2 in ap-southeast-1
Batch finished. Success CSV: data/performance/performance_dataset.csv
Failed experiments CSV: data/performance/failed_emr_experiments.csv
Starting 2048MB memory-heavy on m6i.xlarge x 2 in ap-southeast-1
{
  "JobFlowId": "j-3CD1AUBC4EEPX",
  "ClusterArn": "arn:aws:elasticmapreduce:ap-southeast-1:435097195936:cluster/j-3CD1AUBC4EEPX",
  "ResponseMetadata": {
    "RequestId": "43ba0b9c-cbe6-4dcc-af36-ee700d1be143",
    "HTTPStatusCode": 200,
    "HTTPHeaders": {
      "x-amzn-requestid": "43ba0b9c-cbe6-4dcc-af36-ee700d1be143",
      "content-type": "application/x-amz-json-1.1",
      "content-length": "123",
      "date": "Fri, 24 Jul 2026 07:03:47 GMT"
    },
    "RetryAttempts": 0
  }
}
j-3CD1AUBC4EEPX step s-09428843P7BGLVPIM0UJ is PENDING
j-3CD1AUBC4EEPX step s-09428843P7BGLVPIM0UJ is CANCELLED
j-3CD1AUBC4EEPX cluster is TERMINATED_WITH_ERRORS
STEP FAILED: j-3CD1AUBC4EEPX s-09428843P7BGLVPIM0UJ ended as CANCELLED: {'State': 'CANCELLED', 'StateChangeReason': {'Message': 'Cluster terminated'}, 'Timeline': {'CreationDateTime': datetime.datetime(2026, 7, 24, 12, 33, 47, 269000, tzinfo=tzlocal())}} | cluster_reason={'Code': 'VALIDATION_ERROR', 'Message': 'The subnet configuration was invalid: The subnet subnet-0790d25ecc4deae64 does not exist.'} | error_details=[]
Batch finished. Success CSV: data/performance/performance_dataset.csv
Failed experiments CSV: data/performance/failed_emr_experiments.csv
Skipping completed 1024MB cpu-heavy c5a.xlarge x 4 in ap-southeast-1
Batch finished. Success CSV: data/performance/performance_dataset.csv
Failed experiments CSV: data/performance/failed_emr_experiments.csv
Skipping completed 100MB io-heavy c5a.xlarge x 4 in ap-southeast-1
Batch finished. Success CSV: data/performance/performance_dataset.csv
Failed experiments CSV: data/performance/failed_emr_experiments.csv
Skipping completed 3072MB cpu-heavy m5a.xlarge x 4 in ap-southeast-1
Batch finished. Success CSV: data/performance/performance_dataset.csv
Failed experiments CSV: data/performance/failed_emr_experiments.csv
Skipping completed 100MB cpu-heavy c6i.xlarge x 2 in ap-southeast-1
Batch finished. Success CSV: data/performance/performance_dataset.csv
Failed experiments CSV: data/performance/failed_emr_experiments.csv
Skipping completed 10MB memory-heavy m6i.xlarge x 2 in ap-southeast-1
Batch finished. Success CSV: data/performance/performance_dataset.csv
Failed experiments CSV: data/performance/failed_emr_experiments.csv
Skipping completed 1024MB io-heavy m5a.xlarge x 2 in ap-southeast-1
Batch finished. Success CSV: data/performance/performance_dataset.csv
Failed experiments CSV: data/performance/failed_emr_experiments.csv
Skipping completed 10MB memory-heavy m5a.xlarge x 4 in ap-southeast-1
Batch finished. Success CSV: data/performance/performance_dataset.csv
Failed experiments CSV: data/performance/failed_emr_experiments.csv
Skipping completed 5120MB cpu-heavy m5a.xlarge x 4 in ap-southeast-1
Batch finished. Success CSV: data/performance/performance_dataset.csv
Failed experiments CSV: data/performance/failed_emr_experiments.csv
Skipping completed 10MB io-heavy c5.xlarge x 2 in ap-southeast-1
Batch finished. Success CSV: data/performance/performance_dataset.csv
Failed experiments CSV: data/performance/failed_emr_experiments.csv
Skipping completed 5120MB io-heavy m6i.xlarge x 4 in ap-southeast-1
Batch finished. Success CSV: data/performance/performance_dataset.csv
Failed experiments CSV: data/performance/failed_emr_experiments.csv
