Starting 1024MB io-heavy on c6i.xlarge x 4 in ap-south-1
{
  "JobFlowId": "j-1POCOLLNQMJCX",
  "ClusterArn": "arn:aws:elasticmapreduce:ap-south-1:435097195936:cluster/j-1POCOLLNQMJCX",
  "ResponseMetadata": {
    "RequestId": "2f6f0ce6-eb73-4cad-ae2a-6cb9937c5a49",
    "HTTPStatusCode": 200,
    "HTTPHeaders": {
      "x-amzn-requestid": "2f6f0ce6-eb73-4cad-ae2a-6cb9937c5a49",
      "content-type": "application/x-amz-json-1.1",
      "content-length": "119",
      "date": "Fri, 24 Jul 2026 07:37:03 GMT"
    },
    "RetryAttempts": 0
  }
}
j-1POCOLLNQMJCX step s-00097991U58O3TKMFVTQ is PENDING
j-1POCOLLNQMJCX step s-00097991U58O3TKMFVTQ is PENDING
j-1POCOLLNQMJCX step s-00097991U58O3TKMFVTQ is PENDING
j-1POCOLLNQMJCX step s-00097991U58O3TKMFVTQ is COMPLETED
j-1POCOLLNQMJCX cluster is TERMINATING
j-1POCOLLNQMJCX cluster is TERMINATING
j-1POCOLLNQMJCX cluster is TERMINATED
Saved io-heavy 1024MB c6i.xlarge x 4 runtime=1.1376 min cost=$0.0129; cluster=TERMINATED
Batch finished. Success CSV: data/performance/performance_dataset.csv
Failed experiments CSV: data/performance/failed_emr_experiments.csv
Starting 10MB cpu-heavy on m5.xlarge x 4 in ap-south-1
{
  "JobFlowId": "j-39S9QKJYN14TZ",
  "ClusterArn": "arn:aws:elasticmapreduce:ap-south-1:435097195936:cluster/j-39S9QKJYN14TZ",
  "ResponseMetadata": {
    "RequestId": "d5e1c50e-d724-4504-b1e0-a44cee9aeadf",
    "HTTPStatusCode": 200,
    "HTTPHeaders": {
      "x-amzn-requestid": "d5e1c50e-d724-4504-b1e0-a44cee9aeadf",
      "content-type": "application/x-amz-json-1.1",
      "content-length": "119",
      "date": "Fri, 24 Jul 2026 07:45:51 GMT"
    },
    "RetryAttempts": 0
  }
}
j-39S9QKJYN14TZ step s-036933437VISRDTKAEPD is PENDING
j-39S9QKJYN14TZ step s-036933437VISRDTKAEPD is COMPLETED
j-39S9QKJYN14TZ cluster is TERMINATED
Saved cpu-heavy 10MB m5.xlarge x 4 runtime=0.9741 min cost=$0.0131; cluster=TERMINATED
Batch finished. Success CSV: data/performance/performance_dataset.csv
Failed experiments CSV: data/performance/failed_emr_experiments.csv
Starting 1024MB cpu-heavy on m5a.xlarge x 4 in ap-south-1
{
  "JobFlowId": "j-1I7E1D8LIQF38",
  "ClusterArn": "arn:aws:elasticmapreduce:ap-south-1:435097195936:cluster/j-1I7E1D8LIQF38",
  "ResponseMetadata": {
    "RequestId": "e662c11b-be86-49db-97c7-a808265c21e2",
    "HTTPStatusCode": 200,
    "HTTPHeaders": {
      "x-amzn-requestid": "e662c11b-be86-49db-97c7-a808265c21e2",
      "content-type": "application/x-amz-json-1.1",
      "content-length": "119",
      "date": "Fri, 24 Jul 2026 07:52:36 GMT"
    },
    "RetryAttempts": 0
  }
}
j-1I7E1D8LIQF38 step s-0592598272SCR6SBHMAH is PENDING
j-1I7E1D8LIQF38 step s-0592598272SCR6SBHMAH is PENDING
j-1I7E1D8LIQF38 step s-0592598272SCR6SBHMAH is COMPLETED
j-1I7E1D8LIQF38 cluster is TERMINATED
Saved cpu-heavy 1024MB m5a.xlarge x 4 runtime=1.8092 min cost=$0.0134; cluster=TERMINATED
Batch finished. Success CSV: data/performance/performance_dataset.csv
Failed experiments CSV: data/performance/failed_emr_experiments.csv
Starting 500MB memory-heavy on c6i.xlarge x 2 in ap-south-1
{
  "JobFlowId": "j-14M8E0T0WGU0V",
  "ClusterArn": "arn:aws:elasticmapreduce:ap-south-1:435097195936:cluster/j-14M8E0T0WGU0V",
  "ResponseMetadata": {
    "RequestId": "7b1488f7-db99-4ea6-a950-11993d0b157c",
    "HTTPStatusCode": 200,
    "HTTPHeaders": {
      "x-amzn-requestid": "7b1488f7-db99-4ea6-a950-11993d0b157c",
      "content-type": "application/x-amz-json-1.1",
      "content-length": "119",
      "date": "Fri, 24 Jul 2026 08:08:40 GMT"
    },
    "RetryAttempts": 0
  }
}
j-14M8E0T0WGU0V step s-0371994XTXCZ23OXK0M is PENDING
j-14M8E0T0WGU0V step s-0371994XTXCZ23OXK0M is PENDING
j-14M8E0T0WGU0V step s-0371994XTXCZ23OXK0M is COMPLETED
j-14M8E0T0WGU0V cluster is TERMINATED
Saved memory-heavy 500MB c6i.xlarge x 2 runtime=1.0713 min cost=$0.0061; cluster=TERMINATED
Batch finished. Success CSV: data/performance/performance_dataset.csv
Failed experiments CSV: data/performance/failed_emr_experiments.csv
Starting 3072MB io-heavy on m5a.xlarge x 2 in ap-south-1
{
  "JobFlowId": "j-VMFU8H344P4Y",
  "ClusterArn": "arn:aws:elasticmapreduce:ap-south-1:435097195936:cluster/j-VMFU8H344P4Y",
  "ResponseMetadata": {
    "RequestId": "8938c8a5-013e-45b9-8090-a39c6253ac4a",
    "HTTPStatusCode": 200,
    "HTTPHeaders": {
      "x-amzn-requestid": "8938c8a5-013e-45b9-8090-a39c6253ac4a",
      "content-type": "application/x-amz-json-1.1",
      "content-length": "117",
      "date": "Fri, 24 Jul 2026 08:24:44 GMT"
    },
    "RetryAttempts": 0
  }
}
j-VMFU8H344P4Y step s-07083063ULVNWQQTID7X is PENDING
j-VMFU8H344P4Y step s-07083063ULVNWQQTID7X is PENDING
j-VMFU8H344P4Y step s-07083063ULVNWQQTID7X is PENDING
j-VMFU8H344P4Y step s-07083063ULVNWQQTID7X is COMPLETED
j-VMFU8H344P4Y cluster is TERMINATED
Saved io-heavy 3072MB m5a.xlarge x 2 runtime=5.9421 min cost=$0.0220; cluster=TERMINATED
Batch finished. Success CSV: data/performance/performance_dataset.csv
Failed experiments CSV: data/performance/failed_emr_experiments.csv
Starting 500MB memory-heavy on c6i.xlarge x 4 in ap-south-1
{
  "JobFlowId": "j-SXIAGWKQS4IS",
  "ClusterArn": "arn:aws:elasticmapreduce:ap-south-1:435097195936:cluster/j-SXIAGWKQS4IS",
  "ResponseMetadata": {
    "RequestId": "5e1ee885-7825-472e-8983-5584f8e28f97",
    "HTTPStatusCode": 200,
    "HTTPHeaders": {
      "x-amzn-requestid": "5e1ee885-7825-472e-8983-5584f8e28f97",
      "content-type": "application/x-amz-json-1.1",
      "content-length": "117",
      "date": "Fri, 24 Jul 2026 08:42:17 GMT"
    },
    "RetryAttempts": 0
  }
}
j-SXIAGWKQS4IS step s-0916118L39PD1OMN0HD is PENDING
j-SXIAGWKQS4IS step s-0916118L39PD1OMN0HD is COMPLETED
j-SXIAGWKQS4IS cluster is TERMINATED
Saved memory-heavy 500MB c6i.xlarge x 4 runtime=0.9045 min cost=$0.0103; cluster=TERMINATED
Batch finished. Success CSV: data/performance/performance_dataset.csv
Failed experiments CSV: data/performance/failed_emr_experiments.csv
Starting 10MB memory-heavy on m6i.xlarge x 4 in ap-south-1
{
  "JobFlowId": "j-JZGB89QLA3WS",
  "ClusterArn": "arn:aws:elasticmapreduce:ap-south-1:435097195936:cluster/j-JZGB89QLA3WS",
  "ResponseMetadata": {
    "RequestId": "eefc9f21-eab1-45d8-a040-04a71608a0e0",
    "HTTPStatusCode": 200,
    "HTTPHeaders": {
      "x-amzn-requestid": "eefc9f21-eab1-45d8-a040-04a71608a0e0",
      "content-type": "application/x-amz-json-1.1",
      "content-length": "117",
      "date": "Fri, 24 Jul 2026 08:57:50 GMT"
    },
    "RetryAttempts": 0
  }
}
j-JZGB89QLA3WS step s-03692223FHUBXLIDGMGV is PENDING
j-JZGB89QLA3WS step s-03692223FHUBXLIDGMGV is PENDING
j-JZGB89QLA3WS step s-03692223FHUBXLIDGMGV is COMPLETED
j-JZGB89QLA3WS cluster is TERMINATED
Saved memory-heavy 10MB m6i.xlarge x 4 runtime=1.0053 min cost=$0.0135; cluster=TERMINATED
Batch finished. Success CSV: data/performance/performance_dataset.csv
Failed experiments CSV: data/performance/failed_emr_experiments.csv
Starting 500MB io-heavy on c5.xlarge x 4 in ap-south-1
{
  "JobFlowId": "j-2BMBIRM6HCSE0",
  "ClusterArn": "arn:aws:elasticmapreduce:ap-south-1:435097195936:cluster/j-2BMBIRM6HCSE0",
  "ResponseMetadata": {
    "RequestId": "49b5a681-fabe-454b-906b-8195cc49326f",
    "HTTPStatusCode": 200,
    "HTTPHeaders": {
      "x-amzn-requestid": "49b5a681-fabe-454b-906b-8195cc49326f",
      "content-type": "application/x-amz-json-1.1",
      "content-length": "119",
      "date": "Fri, 24 Jul 2026 09:13:54 GMT"
    },
    "RetryAttempts": 0
  }
}
j-2BMBIRM6HCSE0 step s-09237181LR6IXGA7ZRKV is PENDING
j-2BMBIRM6HCSE0 step s-09237181LR6IXGA7ZRKV is COMPLETED
j-2BMBIRM6HCSE0 cluster is TERMINATED
Saved io-heavy 500MB c5.xlarge x 4 runtime=1.1069 min cost=$0.0125; cluster=TERMINATED
Batch finished. Success CSV: data/performance/performance_dataset.csv
Failed experiments CSV: data/performance/failed_emr_experiments.csv
Starting 10MB memory-heavy on c5a.xlarge x 4 in ap-south-1
{
  "JobFlowId": "j-3IL0I4AK1I602",
  "ClusterArn": "arn:aws:elasticmapreduce:ap-south-1:435097195936:cluster/j-3IL0I4AK1I602",
  "ResponseMetadata": {
    "RequestId": "b9382d33-5ac2-499f-8bd1-edcdde11d92f",
    "HTTPStatusCode": 200,
    "HTTPHeaders": {
      "x-amzn-requestid": "b9382d33-5ac2-499f-8bd1-edcdde11d92f",
      "content-type": "application/x-amz-json-1.1",
      "content-length": "119",
      "date": "Fri, 24 Jul 2026 09:29:26 GMT"
    },
    "RetryAttempts": 0
  }
}
j-3IL0I4AK1I602 step s-06881293VKCYCDQ2SJUT is PENDING
j-3IL0I4AK1I602 step s-06881293VKCYCDQ2SJUT is RUNNING
j-3IL0I4AK1I602 step s-06881293VKCYCDQ2SJUT is COMPLETED
j-3IL0I4AK1I602 cluster is TERMINATING
j-3IL0I4AK1I602 cluster is TERMINATED
Saved memory-heavy 10MB c5a.xlarge x 4 runtime=0.8390 min cost=$0.0053; cluster=TERMINATED
Batch finished. Success CSV: data/performance/performance_dataset.csv
Failed experiments CSV: data/performance/failed_emr_experiments.csv
Starting 10MB io-heavy on c5.xlarge x 4 in ap-south-1
{
  "JobFlowId": "j-2ZJW9IT8P158H",
  "ClusterArn": "arn:aws:elasticmapreduce:ap-south-1:435097195936:cluster/j-2ZJW9IT8P158H",
  "ResponseMetadata": {
    "RequestId": "486ba14e-ad0e-4d55-bf1a-087994ac55c9",
    "HTTPStatusCode": 200,
    "HTTPHeaders": {
      "x-amzn-requestid": "486ba14e-ad0e-4d55-bf1a-087994ac55c9",
      "content-type": "application/x-amz-json-1.1",
      "content-length": "119",
      "date": "Fri, 24 Jul 2026 09:35:09 GMT"
    },
    "RetryAttempts": 0
  }
}
j-2ZJW9IT8P158H step s-07782238R00WO46LQWS is PENDING
j-2ZJW9IT8P158H step s-07782238R00WO46LQWS is PENDING
j-2ZJW9IT8P158H step s-07782238R00WO46LQWS is COMPLETED
j-2ZJW9IT8P158H cluster is TERMINATED
Saved io-heavy 10MB c5.xlarge x 4 runtime=0.9068 min cost=$0.0103; cluster=TERMINATED
Batch finished. Success CSV: data/performance/performance_dataset.csv
Failed experiments CSV: data/performance/failed_emr_experiments.csv
Starting 10MB io-heavy on m6i.xlarge x 2 in ap-south-1
{
  "JobFlowId": "j-I0YJHSDTH1PG",
  "ClusterArn": "arn:aws:elasticmapreduce:ap-south-1:435097195936:cluster/j-I0YJHSDTH1PG",
  "ResponseMetadata": {
    "RequestId": "7a4f56d5-43fa-4317-9a4b-04377583ffd5",
    "HTTPStatusCode": 200,
    "HTTPHeaders": {
      "x-amzn-requestid": "7a4f56d5-43fa-4317-9a4b-04377583ffd5",
      "content-type": "application/x-amz-json-1.1",
      "content-length": "117",
      "date": "Fri, 24 Jul 2026 09:51:20 GMT"
    },
    "RetryAttempts": 0
  }
}
j-I0YJHSDTH1PG step s-067189723A3CAVKDBFFP is PENDING
j-I0YJHSDTH1PG step s-067189723A3CAVKDBFFP is PENDING
j-I0YJHSDTH1PG step s-067189723A3CAVKDBFFP is COMPLETED
j-I0YJHSDTH1PG cluster is TERMINATED
Saved io-heavy 10MB m6i.xlarge x 2 runtime=0.7050 min cost=$0.0047; cluster=TERMINATED
Batch finished. Success CSV: data/performance/performance_dataset.csv
Failed experiments CSV: data/performance/failed_emr_experiments.csv
Starting 100MB cpu-heavy on m5.xlarge x 4 in ap-south-1
{
  "JobFlowId": "j-SLDCTMHAI5QC",
  "ClusterArn": "arn:aws:elasticmapreduce:ap-south-1:435097195936:cluster/j-SLDCTMHAI5QC",
  "ResponseMetadata": {
    "RequestId": "59d0dd3a-1d97-431c-bfbc-81cdb2897f04",
    "HTTPStatusCode": 200,
    "HTTPHeaders": {
      "x-amzn-requestid": "59d0dd3a-1d97-431c-bfbc-81cdb2897f04",
      "content-type": "application/x-amz-json-1.1",
      "content-length": "117",
      "date": "Fri, 24 Jul 2026 10:09:20 GMT"
    },
    "RetryAttempts": 0
  }
}
j-SLDCTMHAI5QC step s-03736042L22ENJ0DP9D2 is PENDING
j-SLDCTMHAI5QC step s-03736042L22ENJ0DP9D2 is PENDING
j-SLDCTMHAI5QC step s-03736042L22ENJ0DP9D2 is RUNNING
j-SLDCTMHAI5QC step s-03736042L22ENJ0DP9D2 is COMPLETED
j-SLDCTMHAI5QC cluster is TERMINATING
j-SLDCTMHAI5QC cluster is TERMINATED
Saved cpu-heavy 100MB m5.xlarge x 4 runtime=1.0068 min cost=$0.0136; cluster=TERMINATED
Batch finished. Success CSV: data/performance/performance_dataset.csv
Failed experiments CSV: data/performance/failed_emr_experiments.csv
Starting 1024MB cpu-heavy on m6i.xlarge x 4 in ap-south-1
{
  "JobFlowId": "j-ROPINRI0MSY7",
  "ClusterArn": "arn:aws:elasticmapreduce:ap-south-1:435097195936:cluster/j-ROPINRI0MSY7",
  "ResponseMetadata": {
    "RequestId": "d7dfa18b-75a4-4fd2-b44f-00207214cf61",
    "HTTPStatusCode": 200,
    "HTTPHeaders": {
      "x-amzn-requestid": "d7dfa18b-75a4-4fd2-b44f-00207214cf61",
      "content-type": "application/x-amz-json-1.1",
      "content-length": "117",
      "date": "Fri, 24 Jul 2026 10:29:48 GMT"
    },
    "RetryAttempts": 0
  }
}
j-ROPINRI0MSY7 step s-0917185197PBM5WRJVX2 is PENDING
j-ROPINRI0MSY7 step s-0917185197PBM5WRJVX2 is PENDING
j-ROPINRI0MSY7 step s-0917185197PBM5WRJVX2 is COMPLETED
j-ROPINRI0MSY7 cluster is TERMINATED
Saved cpu-heavy 1024MB m6i.xlarge x 4 runtime=1.0725 min cost=$0.0144; cluster=TERMINATED
Batch finished. Success CSV: data/performance/performance_dataset.csv
Failed experiments CSV: data/performance/failed_emr_experiments.csv
Starting 2048MB memory-heavy on m5.xlarge x 4 in ap-south-1
{
  "JobFlowId": "j-1FGVMDR4EP8EZ",
  "ClusterArn": "arn:aws:elasticmapreduce:ap-south-1:435097195936:cluster/j-1FGVMDR4EP8EZ",
  "ResponseMetadata": {
    "RequestId": "ab55e213-dba2-4781-a29c-2731f8024ec0",
    "HTTPStatusCode": 200,
    "HTTPHeaders": {
      "x-amzn-requestid": "ab55e213-dba2-4781-a29c-2731f8024ec0",
      "content-type": "application/x-amz-json-1.1",
      "content-length": "119",
      "date": "Fri, 24 Jul 2026 10:45:51 GMT"
    },
    "RetryAttempts": 0
  }
}
j-1FGVMDR4EP8EZ step s-00733321QZE25DF3LX8S is PENDING
j-1FGVMDR4EP8EZ step s-00733321QZE25DF3LX8S is RUNNING
j-1FGVMDR4EP8EZ step s-00733321QZE25DF3LX8S is COMPLETED
j-1FGVMDR4EP8EZ cluster is TERMINATED
Saved memory-heavy 2048MB m5.xlarge x 4 runtime=2.0398 min cost=$0.0275; cluster=TERMINATED
Batch finished. Success CSV: data/performance/performance_dataset.csv
Failed experiments CSV: data/performance/failed_emr_experiments.csv
Starting 500MB memory-heavy on c6i.xlarge x 2 in ap-south-1
{
  "JobFlowId": "j-1BQ6LAZ9WYRLH",
  "ClusterArn": "arn:aws:elasticmapreduce:ap-south-1:435097195936:cluster/j-1BQ6LAZ9WYRLH",
  "ResponseMetadata": {
    "RequestId": "368b574b-0dc1-4528-bdb2-cdc31524f79d",
    "HTTPStatusCode": 200,
    "HTTPHeaders": {
      "x-amzn-requestid": "368b574b-0dc1-4528-bdb2-cdc31524f79d",
      "content-type": "application/x-amz-json-1.1",
      "content-length": "119",
      "date": "Fri, 24 Jul 2026 10:55:05 GMT"
    },
    "RetryAttempts": 0
  }
}
j-1BQ6LAZ9WYRLH step s-09775173U3D86LN37NHV is PENDING
j-1BQ6LAZ9WYRLH step s-09775173U3D86LN37NHV is COMPLETED
j-1BQ6LAZ9WYRLH cluster is TERMINATED
Saved memory-heavy 500MB c6i.xlarge x 2 runtime=1.0437 min cost=$0.0059; cluster=TERMINATED
Batch finished. Success CSV: data/performance/performance_dataset.csv
Failed experiments CSV: data/performance/failed_emr_experiments.csv
Starting 100MB cpu-heavy on m6i.xlarge x 2 in ap-south-1
{
  "JobFlowId": "j-1BOFCKA02R55H",
  "ClusterArn": "arn:aws:elasticmapreduce:ap-south-1:435097195936:cluster/j-1BOFCKA02R55H",
  "ResponseMetadata": {
    "RequestId": "3d9d11b8-520e-4b4e-bc79-d998742f7bb1",
    "HTTPStatusCode": 200,
    "HTTPHeaders": {
      "x-amzn-requestid": "3d9d11b8-520e-4b4e-bc79-d998742f7bb1",
      "content-type": "application/x-amz-json-1.1",
      "content-length": "119",
      "date": "Fri, 24 Jul 2026 11:10:38 GMT"
    },
    "RetryAttempts": 0
  }
}
j-1BOFCKA02R55H step s-1007261VNO4BEWXZ94M is PENDING
j-1BOFCKA02R55H step s-1007261VNO4BEWXZ94M is PENDING
j-1BOFCKA02R55H step s-1007261VNO4BEWXZ94M is COMPLETED
j-1BOFCKA02R55H cluster is TERMINATED
Saved cpu-heavy 100MB m6i.xlarge x 2 runtime=0.7722 min cost=$0.0052; cluster=TERMINATED
Batch finished. Success CSV: data/performance/performance_dataset.csv
Failed experiments CSV: data/performance/failed_emr_experiments.csv
Starting 500MB cpu-heavy on c5a.xlarge x 4 in ap-south-1
{
  "JobFlowId": "j-1F4FMRW6O12ZZ",
  "ClusterArn": "arn:aws:elasticmapreduce:ap-south-1:435097195936:cluster/j-1F4FMRW6O12ZZ",
  "ResponseMetadata": {
    "RequestId": "c122e8a8-0bcf-432c-90fa-ca16bfb0ba52",
    "HTTPStatusCode": 200,
    "HTTPHeaders": {
      "x-amzn-requestid": "c122e8a8-0bcf-432c-90fa-ca16bfb0ba52",
      "content-type": "application/x-amz-json-1.1",
      "content-length": "119",
      "date": "Fri, 24 Jul 2026 11:26:41 GMT"
    },
    "RetryAttempts": 0
  }
}
j-1F4FMRW6O12ZZ step s-0893593Z7W3X29594GP is PENDING
j-1F4FMRW6O12ZZ step s-0893593Z7W3X29594GP is RUNNING
j-1F4FMRW6O12ZZ step s-0893593Z7W3X29594GP is COMPLETED
j-1F4FMRW6O12ZZ cluster is TERMINATING
j-1F4FMRW6O12ZZ cluster is TERMINATING
j-1F4FMRW6O12ZZ cluster is TERMINATED
Saved cpu-heavy 500MB c5a.xlarge x 4 runtime=1.0047 min cost=$0.0063; cluster=TERMINATED
Batch finished. Success CSV: data/performance/performance_dataset.csv
Failed experiments CSV: data/performance/failed_emr_experiments.csv
Starting 100MB cpu-heavy on c5.xlarge x 2 in ap-south-1
{
  "JobFlowId": "j-14OLIKSSTY2X4",
  "ClusterArn": "arn:aws:elasticmapreduce:ap-south-1:435097195936:cluster/j-14OLIKSSTY2X4",
  "ResponseMetadata": {
    "RequestId": "626915d7-6dd4-4552-9e57-f0421b868642",
    "HTTPStatusCode": 200,
    "HTTPHeaders": {
      "x-amzn-requestid": "626915d7-6dd4-4552-9e57-f0421b868642",
      "content-type": "application/x-amz-json-1.1",
      "content-length": "119",
      "date": "Fri, 24 Jul 2026 11:31:56 GMT"
    },
    "RetryAttempts": 0
  }
}
j-14OLIKSSTY2X4 step s-04209481I74UM3PI8C39 is PENDING
j-14OLIKSSTY2X4 step s-04209481I74UM3PI8C39 is PENDING
j-14OLIKSSTY2X4 step s-04209481I74UM3PI8C39 is PENDING
j-14OLIKSSTY2X4 step s-04209481I74UM3PI8C39 is PENDING
j-14OLIKSSTY2X4 step s-04209481I74UM3PI8C39 is PENDING
j-14OLIKSSTY2X4 step s-04209481I74UM3PI8C39 is PENDING
j-14OLIKSSTY2X4 step s-04209481I74UM3PI8C39 is PENDING
j-14OLIKSSTY2X4 step s-04209481I74UM3PI8C39 is PENDING
j-14OLIKSSTY2X4 step s-04209481I74UM3PI8C39 is RUNNING
j-14OLIKSSTY2X4 step s-04209481I74UM3PI8C39 is RUNNING
j-14OLIKSSTY2X4 step s-04209481I74UM3PI8C39 is COMPLETED
j-14OLIKSSTY2X4 cluster is TERMINATING
j-14OLIKSSTY2X4 cluster is TERMINATED
Saved cpu-heavy 100MB c5.xlarge x 2 runtime=0.8728 min cost=$0.0049; cluster=TERMINATED
Batch finished. Success CSV: data/performance/performance_dataset.csv
Failed experiments CSV: data/performance/failed_emr_experiments.csv
Starting 10MB cpu-heavy on c5.xlarge x 4 in ap-south-1
{
  "JobFlowId": "j-3NDLVO61HPN0L",
  "ClusterArn": "arn:aws:elasticmapreduce:ap-south-1:435097195936:cluster/j-3NDLVO61HPN0L",
  "ResponseMetadata": {
    "RequestId": "be17eefe-a402-4a68-8a54-eebe5d37727b",
    "HTTPStatusCode": 200,
    "HTTPHeaders": {
      "x-amzn-requestid": "be17eefe-a402-4a68-8a54-eebe5d37727b",
      "content-type": "application/x-amz-json-1.1",
      "content-length": "119",
      "date": "Fri, 24 Jul 2026 11:37:31 GMT"
    },
    "RetryAttempts": 0
  }
}
j-3NDLVO61HPN0L step s-08869633R3ZTALYA9GJO is PENDING
j-3NDLVO61HPN0L step s-08869633R3ZTALYA9GJO is PENDING
j-3NDLVO61HPN0L step s-08869633R3ZTALYA9GJO is PENDING
j-3NDLVO61HPN0L step s-08869633R3ZTALYA9GJO is PENDING
j-3NDLVO61HPN0L step s-08869633R3ZTALYA9GJO is PENDING
j-3NDLVO61HPN0L step s-08869633R3ZTALYA9GJO is PENDING
j-3NDLVO61HPN0L step s-08869633R3ZTALYA9GJO is PENDING
j-3NDLVO61HPN0L step s-08869633R3ZTALYA9GJO is RUNNING
j-3NDLVO61HPN0L step s-08869633R3ZTALYA9GJO is RUNNING
j-3NDLVO61HPN0L step s-08869633R3ZTALYA9GJO is COMPLETED
j-3NDLVO61HPN0L cluster is TERMINATING
j-3NDLVO61HPN0L cluster is TERMINATING
j-3NDLVO61HPN0L cluster is TERMINATED
Saved cpu-heavy 10MB c5.xlarge x 4 runtime=1.1102 min cost=$0.0126; cluster=TERMINATED
Batch finished. Success CSV: data/performance/performance_dataset.csv
Failed experiments CSV: data/performance/failed_emr_experiments.csv
Starting 2048MB memory-heavy on c5.xlarge x 4 in ap-south-1
{
  "JobFlowId": "j-198SAO6MQFISO",
  "ClusterArn": "arn:aws:elasticmapreduce:ap-south-1:435097195936:cluster/j-198SAO6MQFISO",
  "ResponseMetadata": {
    "RequestId": "736bbfd1-2069-4fe7-a66b-f5540d113f9b",
    "HTTPStatusCode": 200,
    "HTTPHeaders": {
      "x-amzn-requestid": "736bbfd1-2069-4fe7-a66b-f5540d113f9b",
      "content-type": "application/x-amz-json-1.1",
      "content-length": "119",
      "date": "Fri, 24 Jul 2026 11:43:06 GMT"
    },
    "RetryAttempts": 0
  }
}
j-198SAO6MQFISO step s-0723731R1IB256S8L9X is PENDING
j-198SAO6MQFISO step s-0723731R1IB256S8L9X is PENDING
j-198SAO6MQFISO step s-0723731R1IB256S8L9X is PENDING
j-198SAO6MQFISO step s-0723731R1IB256S8L9X is PENDING
j-198SAO6MQFISO step s-0723731R1IB256S8L9X is PENDING
j-198SAO6MQFISO step s-0723731R1IB256S8L9X is PENDING
j-198SAO6MQFISO step s-0723731R1IB256S8L9X is PENDING
j-198SAO6MQFISO step s-0723731R1IB256S8L9X is PENDING
j-198SAO6MQFISO step s-0723731R1IB256S8L9X is RUNNING
j-198SAO6MQFISO step s-0723731R1IB256S8L9X is RUNNING
j-198SAO6MQFISO step s-0723731R1IB256S8L9X is RUNNING
j-198SAO6MQFISO step s-0723731R1IB256S8L9X is COMPLETED
j-198SAO6MQFISO cluster is TERMINATING
j-198SAO6MQFISO cluster is TERMINATING
j-198SAO6MQFISO cluster is TERMINATED
Saved memory-heavy 2048MB c5.xlarge x 4 runtime=1.5729 min cost=$0.0178; cluster=TERMINATED
Batch finished. Success CSV: data/performance/performance_dataset.csv
Failed experiments CSV: data/performance/failed_emr_experiments.csv
Starting 100MB memory-heavy on c6i.xlarge x 4 in ap-south-1
{
  "JobFlowId": "j-3TRBSLDSOKO3J",
  "ClusterArn": "arn:aws:elasticmapreduce:ap-south-1:435097195936:cluster/j-3TRBSLDSOKO3J",
  "ResponseMetadata": {
    "RequestId": "be7fa842-ed68-495f-85f1-f317135f711a",
    "HTTPStatusCode": 200,
    "HTTPHeaders": {
      "x-amzn-requestid": "be7fa842-ed68-495f-85f1-f317135f711a",
      "content-type": "application/x-amz-json-1.1",
      "content-length": "119",
      "date": "Fri, 24 Jul 2026 11:49:42 GMT"
    },
    "RetryAttempts": 0
  }
}
j-3TRBSLDSOKO3J step s-06169053DTJ8WQQ7PO9Q is PENDING
j-3TRBSLDSOKO3J step s-06169053DTJ8WQQ7PO9Q is PENDING
j-3TRBSLDSOKO3J step s-06169053DTJ8WQQ7PO9Q is PENDING
j-3TRBSLDSOKO3J step s-06169053DTJ8WQQ7PO9Q is PENDING
j-3TRBSLDSOKO3J step s-06169053DTJ8WQQ7PO9Q is PENDING
j-3TRBSLDSOKO3J step s-06169053DTJ8WQQ7PO9Q is PENDING
j-3TRBSLDSOKO3J step s-06169053DTJ8WQQ7PO9Q is PENDING
j-3TRBSLDSOKO3J step s-06169053DTJ8WQQ7PO9Q is RUNNING
j-3TRBSLDSOKO3J step s-06169053DTJ8WQQ7PO9Q is RUNNING
j-3TRBSLDSOKO3J step s-06169053DTJ8WQQ7PO9Q is COMPLETED
j-3TRBSLDSOKO3J cluster is TERMINATING
j-3TRBSLDSOKO3J cluster is TERMINATING
j-3TRBSLDSOKO3J cluster is TERMINATED
Saved memory-heavy 100MB c6i.xlarge x 4 runtime=0.8051 min cost=$0.0091; cluster=TERMINATED
Batch finished. Success CSV: data/performance/performance_dataset.csv
Failed experiments CSV: data/performance/failed_emr_experiments.csv
Starting 500MB memory-heavy on m5.xlarge x 2 in ap-south-1
{
  "JobFlowId": "j-8H3LFCO14B6",
  "ClusterArn": "arn:aws:elasticmapreduce:ap-south-1:435097195936:cluster/j-8H3LFCO14B6",
  "ResponseMetadata": {
    "RequestId": "fc1ad4e2-4a31-4ac4-a35d-57fa322af00a",
    "HTTPStatusCode": 200,
    "HTTPHeaders": {
      "x-amzn-requestid": "fc1ad4e2-4a31-4ac4-a35d-57fa322af00a",
      "content-type": "application/x-amz-json-1.1",
      "content-length": "115",
      "date": "Fri, 24 Jul 2026 11:55:18 GMT"
    },
    "RetryAttempts": 0
  }
}
j-8H3LFCO14B6 step s-0939580OOQ1YN1RT510 is PENDING
j-8H3LFCO14B6 step s-0939580OOQ1YN1RT510 is PENDING
j-8H3LFCO14B6 step s-0939580OOQ1YN1RT510 is PENDING
j-8H3LFCO14B6 step s-0939580OOQ1YN1RT510 is PENDING
j-8H3LFCO14B6 step s-0939580OOQ1YN1RT510 is PENDING
j-8H3LFCO14B6 step s-0939580OOQ1YN1RT510 is PENDING
j-8H3LFCO14B6 step s-0939580OOQ1YN1RT510 is PENDING
j-8H3LFCO14B6 step s-0939580OOQ1YN1RT510 is COMPLETED
j-8H3LFCO14B6 cluster is TERMINATED
Saved memory-heavy 500MB m5.xlarge x 2 runtime=1.3432 min cost=$0.0090; cluster=TERMINATED
Batch finished. Success CSV: data/performance/performance_dataset.csv
Failed experiments CSV: data/performance/failed_emr_experiments.csv
Starting 500MB io-heavy on m6i.xlarge x 2 in ap-south-1
{
  "JobFlowId": "j-3GKRC3N6IONGM",
  "ClusterArn": "arn:aws:elasticmapreduce:ap-south-1:435097195936:cluster/j-3GKRC3N6IONGM",
  "ResponseMetadata": {
    "RequestId": "87caf164-90b0-4a82-80a6-a11c769fca02",
    "HTTPStatusCode": 200,
    "HTTPHeaders": {
      "x-amzn-requestid": "87caf164-90b0-4a82-80a6-a11c769fca02",
      "content-type": "application/x-amz-json-1.1",
      "content-length": "119",
      "date": "Fri, 24 Jul 2026 12:13:54 GMT"
    },
    "RetryAttempts": 0
  }
}
j-3GKRC3N6IONGM step s-0928640208B86M1J5JEM is PENDING
j-3GKRC3N6IONGM step s-0928640208B86M1J5JEM is COMPLETED
j-3GKRC3N6IONGM cluster is TERMINATING
j-3GKRC3N6IONGM cluster is TERMINATED
Saved io-heavy 500MB m6i.xlarge x 2 runtime=1.1716 min cost=$0.0079; cluster=TERMINATED
Batch finished. Success CSV: data/performance/performance_dataset.csv
Failed experiments CSV: data/performance/failed_emr_experiments.csv
Starting 10MB memory-heavy on m6i.xlarge x 4 in ap-south-1
{
  "JobFlowId": "j-28MMNY1VEW0AW",
  "ClusterArn": "arn:aws:elasticmapreduce:ap-south-1:435097195936:cluster/j-28MMNY1VEW0AW",
  "ResponseMetadata": {
    "RequestId": "24c01756-523a-4f1c-b9d0-16a052fe951f",
    "HTTPStatusCode": 200,
    "HTTPHeaders": {
      "x-amzn-requestid": "24c01756-523a-4f1c-b9d0-16a052fe951f",
      "content-type": "application/x-amz-json-1.1",
      "content-length": "119",
      "date": "Fri, 24 Jul 2026 12:20:15 GMT"
    },
    "RetryAttempts": 0
  }
}
j-28MMNY1VEW0AW step s-0627013BLFH6BEFE27I is PENDING
j-28MMNY1VEW0AW step s-0627013BLFH6BEFE27I is COMPLETED
j-28MMNY1VEW0AW cluster is TERMINATED
Saved memory-heavy 10MB m6i.xlarge x 4 runtime=0.8388 min cost=$0.0113; cluster=TERMINATED
Batch finished. Success CSV: data/performance/performance_dataset.csv
Failed experiments CSV: data/performance/failed_emr_experiments.csv
Starting 100MB cpu-heavy on c5.xlarge x 4 in ap-south-1
{
  "JobFlowId": "j-3AGW9F2Y720OG",
  "ClusterArn": "arn:aws:elasticmapreduce:ap-south-1:435097195936:cluster/j-3AGW9F2Y720OG",
  "ResponseMetadata": {
    "RequestId": "3ac5b421-e8ef-458f-a339-6b602f7fd9f2",
    "HTTPStatusCode": 200,
    "HTTPHeaders": {
      "x-amzn-requestid": "3ac5b421-e8ef-458f-a339-6b602f7fd9f2",
      "content-type": "application/x-amz-json-1.1",
      "content-length": "119",
      "date": "Fri, 24 Jul 2026 12:37:49 GMT"
    },
    "RetryAttempts": 0
  }
}
j-3AGW9F2Y720OG step s-09148493ZVF8XLMZXYO is PENDING
j-3AGW9F2Y720OG step s-09148493ZVF8XLMZXYO is PENDING
j-3AGW9F2Y720OG step s-09148493ZVF8XLMZXYO is COMPLETED
j-3AGW9F2Y720OG cluster is TERMINATED
Saved cpu-heavy 100MB c5.xlarge x 4 runtime=0.8397 min cost=$0.0095; cluster=TERMINATED
Batch finished. Success CSV: data/performance/performance_dataset.csv
Failed experiments CSV: data/performance/failed_emr_experiments.csv
Starting 100MB memory-heavy on c6i.xlarge x 2 in ap-south-1
{
  "JobFlowId": "j-MQ6VGUQ9U3BG",
  "ClusterArn": "arn:aws:elasticmapreduce:ap-south-1:435097195936:cluster/j-MQ6VGUQ9U3BG",
  "ResponseMetadata": {
    "RequestId": "0ce77ca9-bb6a-4592-b118-78e85ce3183d",
    "HTTPStatusCode": 200,
    "HTTPHeaders": {
      "x-amzn-requestid": "0ce77ca9-bb6a-4592-b118-78e85ce3183d",
      "content-type": "application/x-amz-json-1.1",
      "content-length": "117",
      "date": "Fri, 24 Jul 2026 12:53:59 GMT"
    },
    "RetryAttempts": 0
  }
}
j-MQ6VGUQ9U3BG step s-07858823Q1TIMO45TYVI is PENDING
j-MQ6VGUQ9U3BG step s-07858823Q1TIMO45TYVI is PENDING
j-MQ6VGUQ9U3BG step s-07858823Q1TIMO45TYVI is COMPLETED
j-MQ6VGUQ9U3BG cluster is TERMINATED
Saved memory-heavy 100MB c6i.xlarge x 2 runtime=0.7721 min cost=$0.0044; cluster=TERMINATED
Batch finished. Success CSV: data/performance/performance_dataset.csv
Failed experiments CSV: data/performance/failed_emr_experiments.csv
Starting 100MB cpu-heavy on m6i.xlarge x 2 in ap-south-1
{
  "JobFlowId": "j-3SOAE3JSB32WQ",
  "ClusterArn": "arn:aws:elasticmapreduce:ap-south-1:435097195936:cluster/j-3SOAE3JSB32WQ",
  "ResponseMetadata": {
    "RequestId": "9d172f44-8592-467d-9da8-b579b345aefc",
    "HTTPStatusCode": 200,
    "HTTPHeaders": {
      "x-amzn-requestid": "9d172f44-8592-467d-9da8-b579b345aefc",
      "content-type": "application/x-amz-json-1.1",
      "content-length": "119",
      "date": "Fri, 24 Jul 2026 13:03:58 GMT"
    },
    "RetryAttempts": 0
  }
}
j-3SOAE3JSB32WQ step s-0928408A48TM9PP9KLV is PENDING
j-3SOAE3JSB32WQ step s-0928408A48TM9PP9KLV is PENDING
j-3SOAE3JSB32WQ step s-0928408A48TM9PP9KLV is PENDING
j-3SOAE3JSB32WQ step s-0928408A48TM9PP9KLV is PENDING
j-3SOAE3JSB32WQ step s-0928408A48TM9PP9KLV is PENDING
j-3SOAE3JSB32WQ step s-0928408A48TM9PP9KLV is PENDING
j-3SOAE3JSB32WQ step s-0928408A48TM9PP9KLV is PENDING
j-3SOAE3JSB32WQ step s-0928408A48TM9PP9KLV is RUNNING
j-3SOAE3JSB32WQ step s-0928408A48TM9PP9KLV is COMPLETED
j-3SOAE3JSB32WQ cluster is TERMINATING
j-3SOAE3JSB32WQ cluster is TERMINATING
j-3SOAE3JSB32WQ cluster is TERMINATED
Saved cpu-heavy 100MB m6i.xlarge x 2 runtime=0.7388 min cost=$0.0050; cluster=TERMINATED
Batch finished. Success CSV: data/performance/performance_dataset.csv
Failed experiments CSV: data/performance/failed_emr_experiments.csv
Starting 500MB io-heavy on m5.xlarge x 4 in ap-south-1
{
  "JobFlowId": "j-2FYD3EU0PC7K8",
  "ClusterArn": "arn:aws:elasticmapreduce:ap-south-1:435097195936:cluster/j-2FYD3EU0PC7K8",
  "ResponseMetadata": {
    "RequestId": "b9055bad-6b83-47c6-8a92-d492ea076024",
    "HTTPStatusCode": 200,
    "HTTPHeaders": {
      "x-amzn-requestid": "b9055bad-6b83-47c6-8a92-d492ea076024",
      "content-type": "application/x-amz-json-1.1",
      "content-length": "119",
      "date": "Fri, 24 Jul 2026 13:09:03 GMT"
    },
    "RetryAttempts": 0
  }
}
j-2FYD3EU0PC7K8 step s-05446091ISJVHSD5T5ET is PENDING
j-2FYD3EU0PC7K8 step s-05446091ISJVHSD5T5ET is PENDING
j-2FYD3EU0PC7K8 step s-05446091ISJVHSD5T5ET is PENDING
j-2FYD3EU0PC7K8 step s-05446091ISJVHSD5T5ET is PENDING
j-2FYD3EU0PC7K8 step s-05446091ISJVHSD5T5ET is PENDING
j-2FYD3EU0PC7K8 step s-05446091ISJVHSD5T5ET is PENDING
j-2FYD3EU0PC7K8 step s-05446091ISJVHSD5T5ET is PENDING
j-2FYD3EU0PC7K8 step s-05446091ISJVHSD5T5ET is RUNNING
j-2FYD3EU0PC7K8 step s-05446091ISJVHSD5T5ET is RUNNING
j-2FYD3EU0PC7K8 step s-05446091ISJVHSD5T5ET is RUNNING
j-2FYD3EU0PC7K8 step s-05446091ISJVHSD5T5ET is COMPLETED
j-2FYD3EU0PC7K8 cluster is TERMINATING
j-2FYD3EU0PC7K8 cluster is TERMINATING
j-2FYD3EU0PC7K8 cluster is TERMINATED
Saved io-heavy 500MB m5.xlarge x 4 runtime=1.3731 min cost=$0.0185; cluster=TERMINATED
Batch finished. Success CSV: data/performance/performance_dataset.csv
Failed experiments CSV: data/performance/failed_emr_experiments.csv
Starting 5120MB memory-heavy on m5.xlarge x 4 in ap-south-1
{
  "JobFlowId": "j-8Z18533HEBH9",
  "ClusterArn": "arn:aws:elasticmapreduce:ap-south-1:435097195936:cluster/j-8Z18533HEBH9",
  "ResponseMetadata": {
    "RequestId": "0ceede72-aa2f-4c7a-8f14-aee52a62beff",
    "HTTPStatusCode": 200,
    "HTTPHeaders": {
      "x-amzn-requestid": "0ceede72-aa2f-4c7a-8f14-aee52a62beff",
      "content-type": "application/x-amz-json-1.1",
      "content-length": "117",
      "date": "Fri, 24 Jul 2026 13:15:11 GMT"
    },
    "RetryAttempts": 0
  }
}
j-8Z18533HEBH9 step s-07444851Z4ASVWYTMZ8D is PENDING
j-8Z18533HEBH9 step s-07444851Z4ASVWYTMZ8D is PENDING
j-8Z18533HEBH9 step s-07444851Z4ASVWYTMZ8D is PENDING
j-8Z18533HEBH9 step s-07444851Z4ASVWYTMZ8D is PENDING
j-8Z18533HEBH9 step s-07444851Z4ASVWYTMZ8D is PENDING
j-8Z18533HEBH9 step s-07444851Z4ASVWYTMZ8D is PENDING
j-8Z18533HEBH9 step s-07444851Z4ASVWYTMZ8D is PENDING
j-8Z18533HEBH9 step s-07444851Z4ASVWYTMZ8D is RUNNING
j-8Z18533HEBH9 step s-07444851Z4ASVWYTMZ8D is RUNNING
j-8Z18533HEBH9 step s-07444851Z4ASVWYTMZ8D is RUNNING
j-8Z18533HEBH9 step s-07444851Z4ASVWYTMZ8D is COMPLETED
j-8Z18533HEBH9 cluster is TERMINATED
Saved memory-heavy 5120MB m5.xlarge x 4 runtime=3.3061 min cost=$0.0445; cluster=TERMINATED
Batch finished. Success CSV: data/performance/performance_dataset.csv
Failed experiments CSV: data/performance/failed_emr_experiments.csv
Starting 2048MB memory-heavy on m5.xlarge x 4 in ap-south-1
{
  "JobFlowId": "j-3B7DTAWQIPT6L",
  "ClusterArn": "arn:aws:elasticmapreduce:ap-south-1:435097195936:cluster/j-3B7DTAWQIPT6L",
  "ResponseMetadata": {
    "RequestId": "e7a92171-6c5e-4075-8445-a8c924f22697",
    "HTTPStatusCode": 200,
    "HTTPHeaders": {
      "x-amzn-requestid": "e7a92171-6c5e-4075-8445-a8c924f22697",
      "content-type": "application/x-amz-json-1.1",
      "content-length": "119",
      "date": "Fri, 24 Jul 2026 13:35:37 GMT"
    },
    "RetryAttempts": 0
  }
}
j-3B7DTAWQIPT6L step s-0376269EIQI84BMH2QI is PENDING
j-3B7DTAWQIPT6L step s-0376269EIQI84BMH2QI is PENDING
j-3B7DTAWQIPT6L step s-0376269EIQI84BMH2QI is PENDING
j-3B7DTAWQIPT6L step s-0376269EIQI84BMH2QI is RUNNING
j-3B7DTAWQIPT6L step s-0376269EIQI84BMH2QI is RUNNING
j-3B7DTAWQIPT6L step s-0376269EIQI84BMH2QI is RUNNING
j-3B7DTAWQIPT6L step s-0376269EIQI84BMH2QI is COMPLETED
j-3B7DTAWQIPT6L cluster is TERMINATING
j-3B7DTAWQIPT6L cluster is TERMINATING
j-3B7DTAWQIPT6L cluster is TERMINATED
Saved memory-heavy 2048MB m5.xlarge x 4 runtime=1.9395 min cost=$0.0261; cluster=TERMINATED
Batch finished. Success CSV: data/performance/performance_dataset.csv
Failed experiments CSV: data/performance/failed_emr_experiments.csv
Starting 2048MB io-heavy on m6i.xlarge x 4 in ap-south-1
{
  "JobFlowId": "j-1O6QX60H3N0C1",
  "ClusterArn": "arn:aws:elasticmapreduce:ap-south-1:435097195936:cluster/j-1O6QX60H3N0C1",
  "ResponseMetadata": {
    "RequestId": "95a273b7-cc4f-49f0-8feb-1d80f89f79bc",
    "HTTPStatusCode": 200,
    "HTTPHeaders": {
      "x-amzn-requestid": "95a273b7-cc4f-49f0-8feb-1d80f89f79bc",
      "content-type": "application/x-amz-json-1.1",
      "content-length": "119",
      "date": "Fri, 24 Jul 2026 13:41:48 GMT"
    },
    "RetryAttempts": 0
  }
}
j-1O6QX60H3N0C1 step s-093645825039MMFTXEB9 is PENDING
j-1O6QX60H3N0C1 step s-093645825039MMFTXEB9 is PENDING
j-1O6QX60H3N0C1 step s-093645825039MMFTXEB9 is PENDING
j-1O6QX60H3N0C1 step s-093645825039MMFTXEB9 is PENDING
j-1O6QX60H3N0C1 step s-093645825039MMFTXEB9 is PENDING
j-1O6QX60H3N0C1 step s-093645825039MMFTXEB9 is PENDING
j-1O6QX60H3N0C1 step s-093645825039MMFTXEB9 is PENDING
j-1O6QX60H3N0C1 step s-093645825039MMFTXEB9 is RUNNING
j-1O6QX60H3N0C1 step s-093645825039MMFTXEB9 is RUNNING
j-1O6QX60H3N0C1 step s-093645825039MMFTXEB9 is RUNNING
j-1O6QX60H3N0C1 step s-093645825039MMFTXEB9 is RUNNING
j-1O6QX60H3N0C1 step s-093645825039MMFTXEB9 is COMPLETED
j-1O6QX60H3N0C1 cluster is TERMINATING
j-1O6QX60H3N0C1 cluster is TERMINATED
Saved io-heavy 2048MB m6i.xlarge x 4 runtime=1.8053 min cost=$0.0243; cluster=TERMINATED
Batch finished. Success CSV: data/performance/performance_dataset.csv
Failed experiments CSV: data/performance/failed_emr_experiments.csv
Starting 100MB memory-heavy on m6i.xlarge x 2 in ap-south-1
{
  "JobFlowId": "j-1TI3Q7K1NSIME",
  "ClusterArn": "arn:aws:elasticmapreduce:ap-south-1:435097195936:cluster/j-1TI3Q7K1NSIME",
  "ResponseMetadata": {
    "RequestId": "b341f267-e09d-4dba-93ff-1685829ab86c",
    "HTTPStatusCode": 200,
    "HTTPHeaders": {
      "x-amzn-requestid": "b341f267-e09d-4dba-93ff-1685829ab86c",
      "content-type": "application/x-amz-json-1.1",
      "content-length": "119",
      "date": "Fri, 24 Jul 2026 13:47:58 GMT"
    },
    "RetryAttempts": 0
  }
}
j-1TI3Q7K1NSIME step s-0885153LRR4T44AXZE2 is PENDING
j-1TI3Q7K1NSIME step s-0885153LRR4T44AXZE2 is PENDING
j-1TI3Q7K1NSIME step s-0885153LRR4T44AXZE2 is PENDING
j-1TI3Q7K1NSIME step s-0885153LRR4T44AXZE2 is PENDING
j-1TI3Q7K1NSIME step s-0885153LRR4T44AXZE2 is PENDING
j-1TI3Q7K1NSIME step s-0885153LRR4T44AXZE2 is PENDING
j-1TI3Q7K1NSIME step s-0885153LRR4T44AXZE2 is RUNNING
j-1TI3Q7K1NSIME step s-0885153LRR4T44AXZE2 is RUNNING
j-1TI3Q7K1NSIME step s-0885153LRR4T44AXZE2 is COMPLETED
j-1TI3Q7K1NSIME cluster is TERMINATING
j-1TI3Q7K1NSIME cluster is TERMINATED
Saved memory-heavy 100MB m6i.xlarge x 2 runtime=0.7717 min cost=$0.0052; cluster=TERMINATED
Batch finished. Success CSV: data/performance/performance_dataset.csv
Failed experiments CSV: data/performance/failed_emr_experiments.csv
Starting 10MB io-heavy on m5a.xlarge x 4 in ap-south-1
{
  "JobFlowId": "j-3HAGIEQS58TVY",
  "ClusterArn": "arn:aws:elasticmapreduce:ap-south-1:435097195936:cluster/j-3HAGIEQS58TVY",
  "ResponseMetadata": {
    "RequestId": "332b1678-9c77-4f2b-8bae-d7d63ecdbc31",
    "HTTPStatusCode": 200,
    "HTTPHeaders": {
      "x-amzn-requestid": "332b1678-9c77-4f2b-8bae-d7d63ecdbc31",
      "content-type": "application/x-amz-json-1.1",
      "content-length": "119",
      "date": "Fri, 24 Jul 2026 13:52:38 GMT"
    },
    "RetryAttempts": 0
  }
}
j-3HAGIEQS58TVY step s-02517231JLFEAJ1OJEI2 is PENDING
j-3HAGIEQS58TVY step s-02517231JLFEAJ1OJEI2 is PENDING
j-3HAGIEQS58TVY step s-02517231JLFEAJ1OJEI2 is PENDING
j-3HAGIEQS58TVY step s-02517231JLFEAJ1OJEI2 is PENDING
j-3HAGIEQS58TVY step s-02517231JLFEAJ1OJEI2 is PENDING
j-3HAGIEQS58TVY step s-02517231JLFEAJ1OJEI2 is PENDING
j-3HAGIEQS58TVY step s-02517231JLFEAJ1OJEI2 is PENDING
j-3HAGIEQS58TVY step s-02517231JLFEAJ1OJEI2 is PENDING
j-3HAGIEQS58TVY step s-02517231JLFEAJ1OJEI2 is PENDING
j-3HAGIEQS58TVY step s-02517231JLFEAJ1OJEI2 is RUNNING
j-3HAGIEQS58TVY step s-02517231JLFEAJ1OJEI2 is RUNNING
j-3HAGIEQS58TVY step s-02517231JLFEAJ1OJEI2 is RUNNING
j-3HAGIEQS58TVY step s-02517231JLFEAJ1OJEI2 is COMPLETED
j-3HAGIEQS58TVY cluster is TERMINATING
j-3HAGIEQS58TVY cluster is TERMINATING
j-3HAGIEQS58TVY cluster is TERMINATED
Saved io-heavy 10MB m5a.xlarge x 4 runtime=1.3093 min cost=$0.0097; cluster=TERMINATED
Batch finished. Success CSV: data/performance/performance_dataset.csv
Failed experiments CSV: data/performance/failed_emr_experiments.csv
Starting 100MB cpu-heavy on c5a.xlarge x 2 in ap-south-1
{
  "JobFlowId": "j-6S980JR27OF7",
  "ClusterArn": "arn:aws:elasticmapreduce:ap-south-1:435097195936:cluster/j-6S980JR27OF7",
  "ResponseMetadata": {
    "RequestId": "fc7c15d9-7347-46b8-be18-508082a6b6e5",
    "HTTPStatusCode": 200,
    "HTTPHeaders": {
      "x-amzn-requestid": "fc7c15d9-7347-46b8-be18-508082a6b6e5",
      "content-type": "application/x-amz-json-1.1",
      "content-length": "117",
      "date": "Fri, 24 Jul 2026 13:59:55 GMT"
    },
    "RetryAttempts": 0
  }
}
j-6S980JR27OF7 step s-0950443Q0A9JCSJGRXD is PENDING
j-6S980JR27OF7 step s-0950443Q0A9JCSJGRXD is PENDING
j-6S980JR27OF7 step s-0950443Q0A9JCSJGRXD is PENDING
j-6S980JR27OF7 step s-0950443Q0A9JCSJGRXD is PENDING
j-6S980JR27OF7 step s-0950443Q0A9JCSJGRXD is PENDING
j-6S980JR27OF7 step s-0950443Q0A9JCSJGRXD is PENDING
j-6S980JR27OF7 step s-0950443Q0A9JCSJGRXD is PENDING
j-6S980JR27OF7 step s-0950443Q0A9JCSJGRXD is RUNNING
j-6S980JR27OF7 step s-0950443Q0A9JCSJGRXD is COMPLETED
j-6S980JR27OF7 cluster is TERMINATING
j-6S980JR27OF7 cluster is TERMINATING
j-6S980JR27OF7 cluster is TERMINATING
j-6S980JR27OF7 cluster is TERMINATED
Saved cpu-heavy 100MB c5a.xlarge x 2 runtime=0.7716 min cost=$0.0024; cluster=TERMINATED
Batch finished. Success CSV: data/performance/performance_dataset.csv
Failed experiments CSV: data/performance/failed_emr_experiments.csv
Starting 500MB cpu-heavy on m6i.xlarge x 2 in ap-south-1
{
  "JobFlowId": "j-1QYP26Z6PGV2U",
  "ClusterArn": "arn:aws:elasticmapreduce:ap-south-1:435097195936:cluster/j-1QYP26Z6PGV2U",
  "ResponseMetadata": {
    "RequestId": "38415f14-f11b-4413-9568-2e2d5acfbcd0",
    "HTTPStatusCode": 200,
    "HTTPHeaders": {
      "x-amzn-requestid": "38415f14-f11b-4413-9568-2e2d5acfbcd0",
      "content-type": "application/x-amz-json-1.1",
      "content-length": "119",
      "date": "Fri, 24 Jul 2026 14:05:36 GMT"
    },
    "RetryAttempts": 0
  }
}
j-1QYP26Z6PGV2U step s-0376487KNFFML9GQRKU is PENDING
j-1QYP26Z6PGV2U step s-0376487KNFFML9GQRKU is PENDING
j-1QYP26Z6PGV2U step s-0376487KNFFML9GQRKU is PENDING
j-1QYP26Z6PGV2U step s-0376487KNFFML9GQRKU is PENDING
j-1QYP26Z6PGV2U step s-0376487KNFFML9GQRKU is PENDING
j-1QYP26Z6PGV2U step s-0376487KNFFML9GQRKU is PENDING
j-1QYP26Z6PGV2U step s-0376487KNFFML9GQRKU is PENDING
j-1QYP26Z6PGV2U step s-0376487KNFFML9GQRKU is RUNNING
j-1QYP26Z6PGV2U step s-0376487KNFFML9GQRKU is RUNNING
j-1QYP26Z6PGV2U step s-0376487KNFFML9GQRKU is COMPLETED
j-1QYP26Z6PGV2U cluster is TERMINATING
j-1QYP26Z6PGV2U cluster is TERMINATED
Saved cpu-heavy 500MB m6i.xlarge x 2 runtime=1.0070 min cost=$0.0068; cluster=TERMINATED
Batch finished. Success CSV: data/performance/performance_dataset.csv
Failed experiments CSV: data/performance/failed_emr_experiments.csv
Starting 100MB cpu-heavy on c6i.xlarge x 4 in ap-south-1
{
  "JobFlowId": "j-6G7BPDY40W9O",
  "ClusterArn": "arn:aws:elasticmapreduce:ap-south-1:435097195936:cluster/j-6G7BPDY40W9O",
  "ResponseMetadata": {
    "RequestId": "e2045742-faea-437a-8183-403aa482d1b1",
    "HTTPStatusCode": 200,
    "HTTPHeaders": {
      "x-amzn-requestid": "e2045742-faea-437a-8183-403aa482d1b1",
      "content-type": "application/x-amz-json-1.1",
      "content-length": "117",
      "date": "Fri, 24 Jul 2026 14:10:46 GMT"
    },
    "RetryAttempts": 0
  }
}
j-6G7BPDY40W9O step s-05243553TR717DJ2QVFR is PENDING
j-6G7BPDY40W9O step s-05243553TR717DJ2QVFR is PENDING
j-6G7BPDY40W9O step s-05243553TR717DJ2QVFR is PENDING
j-6G7BPDY40W9O step s-05243553TR717DJ2QVFR is PENDING
j-6G7BPDY40W9O step s-05243553TR717DJ2QVFR is PENDING
j-6G7BPDY40W9O step s-05243553TR717DJ2QVFR is PENDING
j-6G7BPDY40W9O step s-05243553TR717DJ2QVFR is PENDING
j-6G7BPDY40W9O step s-05243553TR717DJ2QVFR is RUNNING
j-6G7BPDY40W9O step s-05243553TR717DJ2QVFR is RUNNING
j-6G7BPDY40W9O step s-05243553TR717DJ2QVFR is COMPLETED
j-6G7BPDY40W9O cluster is TERMINATING
j-6G7BPDY40W9O cluster is TERMINATED
Saved cpu-heavy 100MB c6i.xlarge x 4 runtime=0.7723 min cost=$0.0088; cluster=TERMINATED
Batch finished. Success CSV: data/performance/performance_dataset.csv
Failed experiments CSV: data/performance/failed_emr_experiments.csv
Starting 500MB memory-heavy on m5.xlarge x 2 in ap-south-1
{
  "JobFlowId": "j-1AZ2RODNROKLP",
  "ClusterArn": "arn:aws:elasticmapreduce:ap-south-1:435097195936:cluster/j-1AZ2RODNROKLP",
  "ResponseMetadata": {
    "RequestId": "627e8420-d780-4333-91c1-a28cdd275f3c",
    "HTTPStatusCode": 200,
    "HTTPHeaders": {
      "x-amzn-requestid": "627e8420-d780-4333-91c1-a28cdd275f3c",
      "content-type": "application/x-amz-json-1.1",
      "content-length": "119",
      "date": "Fri, 24 Jul 2026 14:15:56 GMT"
    },
    "RetryAttempts": 0
  }
}
j-1AZ2RODNROKLP step s-07770428ECORKZZZO26 is PENDING
j-1AZ2RODNROKLP step s-07770428ECORKZZZO26 is PENDING
j-1AZ2RODNROKLP step s-07770428ECORKZZZO26 is PENDING
j-1AZ2RODNROKLP step s-07770428ECORKZZZO26 is PENDING
j-1AZ2RODNROKLP step s-07770428ECORKZZZO26 is PENDING
j-1AZ2RODNROKLP step s-07770428ECORKZZZO26 is PENDING
j-1AZ2RODNROKLP step s-07770428ECORKZZZO26 is PENDING
j-1AZ2RODNROKLP step s-07770428ECORKZZZO26 is RUNNING
j-1AZ2RODNROKLP step s-07770428ECORKZZZO26 is COMPLETED
j-1AZ2RODNROKLP cluster is TERMINATED
Saved memory-heavy 500MB m5.xlarge x 2 runtime=1.5058 min cost=$0.0101; cluster=TERMINATED
Batch finished. Success CSV: data/performance/performance_dataset.csv
Failed experiments CSV: data/performance/failed_emr_experiments.csv
Starting 100MB memory-heavy on c5.xlarge x 2 in ap-south-1
{
  "JobFlowId": "j-KLJSXCCWBMQ6",
  "ClusterArn": "arn:aws:elasticmapreduce:ap-south-1:435097195936:cluster/j-KLJSXCCWBMQ6",
  "ResponseMetadata": {
    "RequestId": "ca9b89a6-aa3f-4bba-9e2c-6dbac0de6d2c",
    "HTTPStatusCode": 200,
    "HTTPHeaders": {
      "x-amzn-requestid": "ca9b89a6-aa3f-4bba-9e2c-6dbac0de6d2c",
      "content-type": "application/x-amz-json-1.1",
      "content-length": "117",
      "date": "Fri, 24 Jul 2026 14:37:37 GMT"
    },
    "RetryAttempts": 0
  }
}
j-KLJSXCCWBMQ6 step s-0914803LXLQ5XX1VKS9 is PENDING
j-KLJSXCCWBMQ6 step s-0914803LXLQ5XX1VKS9 is PENDING
j-KLJSXCCWBMQ6 step s-0914803LXLQ5XX1VKS9 is COMPLETED
j-KLJSXCCWBMQ6 cluster is TERMINATED
Saved memory-heavy 100MB c5.xlarge x 2 runtime=0.8395 min cost=$0.0048; cluster=TERMINATED
Batch finished. Success CSV: data/performance/performance_dataset.csv
Failed experiments CSV: data/performance/failed_emr_experiments.csv
Starting 10MB cpu-heavy on c5.xlarge x 4 in ap-south-1
{
  "JobFlowId": "j-3J28F03LNX75",
  "ClusterArn": "arn:aws:elasticmapreduce:ap-south-1:435097195936:cluster/j-3J28F03LNX75",
  "ResponseMetadata": {
    "RequestId": "b6eee672-25e7-449d-a8e3-facf682e74ff",
    "HTTPStatusCode": 200,
    "HTTPHeaders": {
      "x-amzn-requestid": "b6eee672-25e7-449d-a8e3-facf682e74ff",
      "content-type": "application/x-amz-json-1.1",
      "content-length": "117",
      "date": "Fri, 24 Jul 2026 14:53:41 GMT"
    },
    "RetryAttempts": 0
  }
}
j-3J28F03LNX75 step s-0913977266OHYTGL49IF is PENDING
j-3J28F03LNX75 step s-0913977266OHYTGL49IF is COMPLETED
j-3J28F03LNX75 cluster is TERMINATED
Saved cpu-heavy 10MB c5.xlarge x 4 runtime=0.8729 min cost=$0.0099; cluster=TERMINATED
Batch finished. Success CSV: data/performance/performance_dataset.csv
Failed experiments CSV: data/performance/failed_emr_experiments.csv
Starting 500MB memory-heavy on c5a.xlarge x 4 in ap-south-1
{
  "JobFlowId": "j-O7P42UBEN7ON",
  "ClusterArn": "arn:aws:elasticmapreduce:ap-south-1:435097195936:cluster/j-O7P42UBEN7ON",
  "ResponseMetadata": {
    "RequestId": "a6c3f2fe-3a60-4a77-94d0-d555a7e1e88f",
    "HTTPStatusCode": 200,
    "HTTPHeaders": {
      "x-amzn-requestid": "a6c3f2fe-3a60-4a77-94d0-d555a7e1e88f",
      "content-type": "application/x-amz-json-1.1",
      "content-length": "117",
      "date": "Fri, 24 Jul 2026 15:09:14 GMT"
    },
    "RetryAttempts": 0
  }
}
j-O7P42UBEN7ON step s-0707095172G571O2B98L is PENDING
j-O7P42UBEN7ON step s-0707095172G571O2B98L is COMPLETED
j-O7P42UBEN7ON cluster is TERMINATED
Saved memory-heavy 500MB c5a.xlarge x 4 runtime=0.9723 min cost=$0.0061; cluster=TERMINATED
Batch finished. Success CSV: data/performance/performance_dataset.csv
Failed experiments CSV: data/performance/failed_emr_experiments.csv
Starting 1024MB io-heavy on c5a.xlarge x 2 in ap-south-1
{
  "JobFlowId": "j-1JLQLLPDQWNBV",
  "ClusterArn": "arn:aws:elasticmapreduce:ap-south-1:435097195936:cluster/j-1JLQLLPDQWNBV",
  "ResponseMetadata": {
    "RequestId": "d6819697-2bec-49f6-a2f3-00adee94abf7",
    "HTTPStatusCode": 200,
    "HTTPHeaders": {
      "x-amzn-requestid": "d6819697-2bec-49f6-a2f3-00adee94abf7",
      "content-type": "application/x-amz-json-1.1",
      "content-length": "119",
      "date": "Fri, 24 Jul 2026 15:18:48 GMT"
    },
    "RetryAttempts": 0
  }
}
j-1JLQLLPDQWNBV step s-093929927U4M7IU378RJ is PENDING
j-1JLQLLPDQWNBV step s-093929927U4M7IU378RJ is PENDING
j-1JLQLLPDQWNBV step s-093929927U4M7IU378RJ is COMPLETED
j-1JLQLLPDQWNBV cluster is TERMINATED
Saved io-heavy 1024MB c5a.xlarge x 2 runtime=1.7055 min cost=$0.0053; cluster=TERMINATED
Batch finished. Success CSV: data/performance/performance_dataset.csv
Failed experiments CSV: data/performance/failed_emr_experiments.csv
Starting 10MB memory-heavy on m6i.xlarge x 2 in ap-south-1
{
  "JobFlowId": "j-QCG0RWXJDU1U",
  "ClusterArn": "arn:aws:elasticmapreduce:ap-south-1:435097195936:cluster/j-QCG0RWXJDU1U",
  "ResponseMetadata": {
    "RequestId": "1064211a-3ace-40ee-b1d3-ea42b3bae209",
    "HTTPStatusCode": 200,
    "HTTPHeaders": {
      "x-amzn-requestid": "1064211a-3ace-40ee-b1d3-ea42b3bae209",
      "content-type": "application/x-amz-json-1.1",
      "content-length": "117",
      "date": "Fri, 24 Jul 2026 15:34:52 GMT"
    },
    "RetryAttempts": 0
  }
}
j-QCG0RWXJDU1U step s-01416832D247SBXKQ8AT is PENDING
j-QCG0RWXJDU1U step s-01416832D247SBXKQ8AT is COMPLETED
j-QCG0RWXJDU1U cluster is TERMINATED
Saved memory-heavy 10MB m6i.xlarge x 2 runtime=0.7051 min cost=$0.0047; cluster=TERMINATED
Batch finished. Success CSV: data/performance/performance_dataset.csv
Failed experiments CSV: data/performance/failed_emr_experiments.csv
Starting 100MB cpu-heavy on c5a.xlarge x 4 in ap-south-1
{
  "JobFlowId": "j-1OE42TMS5KOLR",
  "ClusterArn": "arn:aws:elasticmapreduce:ap-south-1:435097195936:cluster/j-1OE42TMS5KOLR",
  "ResponseMetadata": {
    "RequestId": "db5ac522-beaa-4a9f-abea-88bc16d553b8",
    "HTTPStatusCode": 200,
    "HTTPHeaders": {
      "x-amzn-requestid": "db5ac522-beaa-4a9f-abea-88bc16d553b8",
      "content-type": "application/x-amz-json-1.1",
      "content-length": "119",
      "date": "Fri, 24 Jul 2026 15:50:32 GMT"
    },
    "RetryAttempts": 0
  }
}
j-1OE42TMS5KOLR step s-03705741DV8LHHA2J8FP is PENDING
j-1OE42TMS5KOLR step s-03705741DV8LHHA2J8FP is RUNNING
j-1OE42TMS5KOLR step s-03705741DV8LHHA2J8FP is COMPLETED
j-1OE42TMS5KOLR cluster is TERMINATING
j-1OE42TMS5KOLR cluster is TERMINATING
j-1OE42TMS5KOLR cluster is TERMINATED
Saved cpu-heavy 100MB c5a.xlarge x 4 runtime=0.8054 min cost=$0.0050; cluster=TERMINATED
Batch finished. Success CSV: data/performance/performance_dataset.csv
Failed experiments CSV: data/performance/failed_emr_experiments.csv
Starting 10MB io-heavy on m5.xlarge x 2 in ap-south-1
{
  "JobFlowId": "j-375UUYUJQX30D",
  "ClusterArn": "arn:aws:elasticmapreduce:ap-south-1:435097195936:cluster/j-375UUYUJQX30D",
  "ResponseMetadata": {
    "RequestId": "c96f6e7e-b501-4302-80fb-ea648eb2b82e",
    "HTTPStatusCode": 200,
    "HTTPHeaders": {
      "x-amzn-requestid": "c96f6e7e-b501-4302-80fb-ea648eb2b82e",
      "content-type": "application/x-amz-json-1.1",
      "content-length": "119",
      "date": "Fri, 24 Jul 2026 15:55:49 GMT"
    },
    "RetryAttempts": 0
  }
}
j-375UUYUJQX30D step s-09331402Y6USC7D8HQA6 is PENDING
j-375UUYUJQX30D step s-09331402Y6USC7D8HQA6 is PENDING
j-375UUYUJQX30D step s-09331402Y6USC7D8HQA6 is COMPLETED
j-375UUYUJQX30D cluster is TERMINATED
Saved io-heavy 10MB m5.xlarge x 2 runtime=0.8726 min cost=$0.0059; cluster=TERMINATED
Batch finished. Success CSV: data/performance/performance_dataset.csv
Failed experiments CSV: data/performance/failed_emr_experiments.csv
Starting 10MB cpu-heavy on c5.xlarge x 2 in ap-south-1
{
  "JobFlowId": "j-4BDO95JNY5SJ",
  "ClusterArn": "arn:aws:elasticmapreduce:ap-south-1:435097195936:cluster/j-4BDO95JNY5SJ",
  "ResponseMetadata": {
    "RequestId": "ce35f5ed-385e-4a7b-bbac-8c1b2b365090",
    "HTTPStatusCode": 200,
    "HTTPHeaders": {
      "x-amzn-requestid": "ce35f5ed-385e-4a7b-bbac-8c1b2b365090",
      "content-type": "application/x-amz-json-1.1",
      "content-length": "117",
      "date": "Fri, 24 Jul 2026 16:11:52 GMT"
    },
    "RetryAttempts": 0
  }
}
j-4BDO95JNY5SJ step s-0758736IL8MJ3FJZARK is PENDING
j-4BDO95JNY5SJ step s-0758736IL8MJ3FJZARK is COMPLETED
j-4BDO95JNY5SJ cluster is TERMINATED
Saved cpu-heavy 10MB c5.xlarge x 2 runtime=0.7729 min cost=$0.0044; cluster=TERMINATED
Batch finished. Success CSV: data/performance/performance_dataset.csv
Failed experiments CSV: data/performance/failed_emr_experiments.csv
Starting 10MB cpu-heavy on m6i.xlarge x 2 in ap-south-1
{
  "JobFlowId": "j-39DMO1ZTB0WR9",
  "ClusterArn": "arn:aws:elasticmapreduce:ap-south-1:435097195936:cluster/j-39DMO1ZTB0WR9",
  "ResponseMetadata": {
    "RequestId": "83a3b6c0-78be-4e85-bfe8-386e38983902",
    "HTTPStatusCode": 200,
    "HTTPHeaders": {
      "x-amzn-requestid": "83a3b6c0-78be-4e85-bfe8-386e38983902",
      "content-type": "application/x-amz-json-1.1",
      "content-length": "119",
      "date": "Fri, 24 Jul 2026 16:27:25 GMT"
    },
    "RetryAttempts": 0
  }
}
j-39DMO1ZTB0WR9 step s-025144538MF1LTAXQ3HP is PENDING
j-39DMO1ZTB0WR9 step s-025144538MF1LTAXQ3HP is COMPLETED
j-39DMO1ZTB0WR9 cluster is TERMINATED
Saved cpu-heavy 10MB m6i.xlarge x 2 runtime=0.6388 min cost=$0.0043; cluster=TERMINATED
Batch finished. Success CSV: data/performance/performance_dataset.csv
Failed experiments CSV: data/performance/failed_emr_experiments.csv
Starting 100MB memory-heavy on c6i.xlarge x 4 in ap-south-1
{
  "JobFlowId": "j-6L92RMQQUS28",
  "ClusterArn": "arn:aws:elasticmapreduce:ap-south-1:435097195936:cluster/j-6L92RMQQUS28",
  "ResponseMetadata": {
    "RequestId": "744b46d1-4c1d-4392-a921-d4610b3750ac",
    "HTTPStatusCode": 200,
    "HTTPHeaders": {
      "x-amzn-requestid": "744b46d1-4c1d-4392-a921-d4610b3750ac",
      "content-type": "application/x-amz-json-1.1",
      "content-length": "117",
      "date": "Fri, 24 Jul 2026 16:42:57 GMT"
    },
    "RetryAttempts": 0
  }
}
j-6L92RMQQUS28 step s-1037264ZHZ1GJP4SK1L is PENDING
j-6L92RMQQUS28 step s-1037264ZHZ1GJP4SK1L is PENDING
j-6L92RMQQUS28 step s-1037264ZHZ1GJP4SK1L is COMPLETED
j-6L92RMQQUS28 cluster is TERMINATED
Saved memory-heavy 100MB c6i.xlarge x 4 runtime=0.8057 min cost=$0.0091; cluster=TERMINATED
Batch finished. Success CSV: data/performance/performance_dataset.csv
Failed experiments CSV: data/performance/failed_emr_experiments.csv
Starting 10MB io-heavy on c5.xlarge x 2 in ap-south-1
{
  "JobFlowId": "j-BQ7KLFWKB4WL",
  "ClusterArn": "arn:aws:elasticmapreduce:ap-south-1:435097195936:cluster/j-BQ7KLFWKB4WL",
  "ResponseMetadata": {
    "RequestId": "4cba85d4-9f26-4b04-b4f3-6a3dea3f024d",
    "HTTPStatusCode": 200,
    "HTTPHeaders": {
      "x-amzn-requestid": "4cba85d4-9f26-4b04-b4f3-6a3dea3f024d",
      "content-type": "application/x-amz-json-1.1",
      "content-length": "117",
      "date": "Fri, 24 Jul 2026 16:59:02 GMT"
    },
    "RetryAttempts": 0
  }
}
j-BQ7KLFWKB4WL step s-00986063HKO7D09KFNYZ is PENDING
j-BQ7KLFWKB4WL step s-00986063HKO7D09KFNYZ is PENDING
j-BQ7KLFWKB4WL step s-00986063HKO7D09KFNYZ is COMPLETED
j-BQ7KLFWKB4WL cluster is TERMINATED
Saved io-heavy 10MB c5.xlarge x 2 runtime=0.8055 min cost=$0.0046; cluster=TERMINATED
Batch finished. Success CSV: data/performance/performance_dataset.csv
Failed experiments CSV: data/performance/failed_emr_experiments.csv
Starting 100MB cpu-heavy on c6i.xlarge x 2 in ap-south-1
{
  "JobFlowId": "j-370EZD7OK7ON",
  "ClusterArn": "arn:aws:elasticmapreduce:ap-south-1:435097195936:cluster/j-370EZD7OK7ON",
  "ResponseMetadata": {
    "RequestId": "8e468c43-6358-453a-835b-1096b4d53335",
    "HTTPStatusCode": 200,
    "HTTPHeaders": {
      "x-amzn-requestid": "8e468c43-6358-453a-835b-1096b4d53335",
      "content-type": "application/x-amz-json-1.1",
      "content-length": "117",
      "date": "Fri, 24 Jul 2026 17:15:16 GMT"
    },
    "RetryAttempts": 0
  }
}
j-370EZD7OK7ON step s-07489111MS24Z6KD3EIW is PENDING
j-370EZD7OK7ON step s-07489111MS24Z6KD3EIW is PENDING
j-370EZD7OK7ON step s-07489111MS24Z6KD3EIW is COMPLETED
j-370EZD7OK7ON cluster is TERMINATED
Saved cpu-heavy 100MB c6i.xlarge x 2 runtime=0.7052 min cost=$0.0040; cluster=TERMINATED
Batch finished. Success CSV: data/performance/performance_dataset.csv
Failed experiments CSV: data/performance/failed_emr_experiments.csv
Starting 3072MB memory-heavy on m5a.xlarge x 4 in ap-south-1
{
  "JobFlowId": "j-1S0JGPRLCV7UQ",
  "ClusterArn": "arn:aws:elasticmapreduce:ap-south-1:435097195936:cluster/j-1S0JGPRLCV7UQ",
  "ResponseMetadata": {
    "RequestId": "e047e48d-9e77-4040-bb9a-686885fecee9",
    "HTTPStatusCode": 200,
    "HTTPHeaders": {
      "x-amzn-requestid": "e047e48d-9e77-4040-bb9a-686885fecee9",
      "content-type": "application/x-amz-json-1.1",
      "content-length": "119",
      "date": "Fri, 24 Jul 2026 17:20:33 GMT"
    },
    "RetryAttempts": 0
  }
}
j-1S0JGPRLCV7UQ step s-09380252P3GCHEB7J39I is PENDING
j-1S0JGPRLCV7UQ step s-09380252P3GCHEB7J39I is COMPLETED
j-1S0JGPRLCV7UQ cluster is TERMINATED
Saved memory-heavy 3072MB m5a.xlarge x 4 runtime=2.9755 min cost=$0.0220; cluster=TERMINATED
Batch finished. Success CSV: data/performance/performance_dataset.csv
Failed experiments CSV: data/performance/failed_emr_experiments.csv
Starting 1024MB io-heavy on c6i.xlarge x 2 in ap-south-1
{
  "JobFlowId": "j-35S4K6A3V26CM",
  "ClusterArn": "arn:aws:elasticmapreduce:ap-south-1:435097195936:cluster/j-35S4K6A3V26CM",
  "ResponseMetadata": {
    "RequestId": "d9b30cef-e936-411f-a88e-0e3331d449f6",
    "HTTPStatusCode": 200,
    "HTTPHeaders": {
      "x-amzn-requestid": "d9b30cef-e936-411f-a88e-0e3331d449f6",
      "content-type": "application/x-amz-json-1.1",
      "content-length": "119",
      "date": "Fri, 24 Jul 2026 17:36:05 GMT"
    },
    "RetryAttempts": 0
  }
}
j-35S4K6A3V26CM step s-08933031JQ1MSP5F0E05 is PENDING
j-35S4K6A3V26CM step s-08933031JQ1MSP5F0E05 is PENDING
j-35S4K6A3V26CM step s-08933031JQ1MSP5F0E05 is COMPLETED
j-35S4K6A3V26CM cluster is TERMINATED
Saved io-heavy 1024MB c6i.xlarge x 2 runtime=1.5716 min cost=$0.0089; cluster=TERMINATED
Batch finished. Success CSV: data/performance/performance_dataset.csv
Failed experiments CSV: data/performance/failed_emr_experiments.csv
Starting 5120MB memory-heavy on m5a.xlarge x 2 in ap-south-1
{
  "JobFlowId": "j-2Y8G0VO3FA0HC",
  "ClusterArn": "arn:aws:elasticmapreduce:ap-south-1:435097195936:cluster/j-2Y8G0VO3FA0HC",
  "ResponseMetadata": {
    "RequestId": "b218d45b-662c-4fcf-83d0-359f2eb94654",
    "HTTPStatusCode": 200,
    "HTTPHeaders": {
      "x-amzn-requestid": "b218d45b-662c-4fcf-83d0-359f2eb94654",
      "content-type": "application/x-amz-json-1.1",
      "content-length": "119",
      "date": "Fri, 24 Jul 2026 17:42:54 GMT"
    },
    "RetryAttempts": 0
  }
}
j-2Y8G0VO3FA0HC step s-08905181YWMFNIBX7WR6 is PENDING
j-2Y8G0VO3FA0HC step s-08905181YWMFNIBX7WR6 is PENDING
j-2Y8G0VO3FA0HC step s-08905181YWMFNIBX7WR6 is PENDING
j-2Y8G0VO3FA0HC step s-08905181YWMFNIBX7WR6 is PENDING
j-2Y8G0VO3FA0HC step s-08905181YWMFNIBX7WR6 is PENDING
j-2Y8G0VO3FA0HC step s-08905181YWMFNIBX7WR6 is RUNNING
j-2Y8G0VO3FA0HC step s-08905181YWMFNIBX7WR6 is RUNNING
j-2Y8G0VO3FA0HC step s-08905181YWMFNIBX7WR6 is RUNNING
j-2Y8G0VO3FA0HC step s-08905181YWMFNIBX7WR6 is RUNNING
j-2Y8G0VO3FA0HC step s-08905181YWMFNIBX7WR6 is COMPLETED
j-2Y8G0VO3FA0HC cluster is TERMINATING
j-2Y8G0VO3FA0HC cluster is TERMINATED
Saved memory-heavy 5120MB m5a.xlarge x 2 runtime=7.4418 min cost=$0.0275; cluster=TERMINATED
Batch finished. Success CSV: data/performance/performance_dataset.csv
Failed experiments CSV: data/performance/failed_emr_experiments.csv
Starting 2048MB memory-heavy on m6i.xlarge x 4 in ap-south-1
{
  "JobFlowId": "j-3NALO07JU09OR",
  "ClusterArn": "arn:aws:elasticmapreduce:ap-south-1:435097195936:cluster/j-3NALO07JU09OR",
  "ResponseMetadata": {
    "RequestId": "2326f7e5-bf5f-4f78-83d1-fefb8f7aea12",
    "HTTPStatusCode": 200,
    "HTTPHeaders": {
      "x-amzn-requestid": "2326f7e5-bf5f-4f78-83d1-fefb8f7aea12",
      "content-type": "application/x-amz-json-1.1",
      "content-length": "119",
      "date": "Fri, 24 Jul 2026 18:09:55 GMT"
    },
    "RetryAttempts": 0
  }
}
j-3NALO07JU09OR step s-05092113A2PDV48HCXYU is PENDING
j-3NALO07JU09OR step s-05092113A2PDV48HCXYU is COMPLETED
j-3NALO07JU09OR cluster is TERMINATED
Saved memory-heavy 2048MB m6i.xlarge x 4 runtime=1.5389 min cost=$0.0207; cluster=TERMINATED
Batch finished. Success CSV: data/performance/performance_dataset.csv
Failed experiments CSV: data/performance/failed_emr_experiments.csv
Starting 1024MB memory-heavy on m6i.xlarge x 4 in ap-south-1
{
  "JobFlowId": "j-2I6K6R6CW7DSN",
  "ClusterArn": "arn:aws:elasticmapreduce:ap-south-1:435097195936:cluster/j-2I6K6R6CW7DSN",
  "ResponseMetadata": {
    "RequestId": "430048be-28bf-45e7-8b6f-826f214663df",
    "HTTPStatusCode": 200,
    "HTTPHeaders": {
      "x-amzn-requestid": "430048be-28bf-45e7-8b6f-826f214663df",
      "content-type": "application/x-amz-json-1.1",
      "content-length": "119",
      "date": "Fri, 24 Jul 2026 18:15:10 GMT"
    },
    "RetryAttempts": 0
  }
}
j-2I6K6R6CW7DSN step s-0937658KQB3S4T09F0U is PENDING
j-2I6K6R6CW7DSN step s-0937658KQB3S4T09F0U is PENDING
j-2I6K6R6CW7DSN step s-0937658KQB3S4T09F0U is COMPLETED
j-2I6K6R6CW7DSN cluster is TERMINATED
Saved memory-heavy 1024MB m6i.xlarge x 4 runtime=1.1723 min cost=$0.0158; cluster=TERMINATED
Batch finished. Success CSV: data/performance/performance_dataset.csv
Failed experiments CSV: data/performance/failed_emr_experiments.csv
Starting 10MB io-heavy on m5a.xlarge x 2 in ap-south-1
{
  "JobFlowId": "j-2PP24F6Z4W6QQ",
  "ClusterArn": "arn:aws:elasticmapreduce:ap-south-1:435097195936:cluster/j-2PP24F6Z4W6QQ",
  "ResponseMetadata": {
    "RequestId": "842cf796-4530-44d8-ba6c-c1b6804fc27c",
    "HTTPStatusCode": 200,
    "HTTPHeaders": {
      "x-amzn-requestid": "842cf796-4530-44d8-ba6c-c1b6804fc27c",
      "content-type": "application/x-amz-json-1.1",
      "content-length": "119",
      "date": "Fri, 24 Jul 2026 18:34:34 GMT"
    },
    "RetryAttempts": 0
  }
}
j-2PP24F6Z4W6QQ step s-03687821EM76AY8RPMKU is PENDING
j-2PP24F6Z4W6QQ step s-03687821EM76AY8RPMKU is PENDING
j-2PP24F6Z4W6QQ step s-03687821EM76AY8RPMKU is PENDING
j-2PP24F6Z4W6QQ step s-03687821EM76AY8RPMKU is PENDING
j-2PP24F6Z4W6QQ step s-03687821EM76AY8RPMKU is PENDING
j-2PP24F6Z4W6QQ step s-03687821EM76AY8RPMKU is PENDING
j-2PP24F6Z4W6QQ step s-03687821EM76AY8RPMKU is PENDING
j-2PP24F6Z4W6QQ step s-03687821EM76AY8RPMKU is RUNNING
j-2PP24F6Z4W6QQ step s-03687821EM76AY8RPMKU is RUNNING
j-2PP24F6Z4W6QQ step s-03687821EM76AY8RPMKU is COMPLETED
j-2PP24F6Z4W6QQ cluster is TERMINATING
j-2PP24F6Z4W6QQ cluster is TERMINATING
j-2PP24F6Z4W6QQ cluster is TERMINATED
Saved io-heavy 10MB m5a.xlarge x 2 runtime=1.0756 min cost=$0.0040; cluster=TERMINATED
Batch finished. Success CSV: data/performance/performance_dataset.csv
Failed experiments CSV: data/performance/failed_emr_experiments.csv
Starting 500MB cpu-heavy on c5.xlarge x 2 in ap-south-1
{
  "JobFlowId": "j-VTJNOOMCWG0B",
  "ClusterArn": "arn:aws:elasticmapreduce:ap-south-1:435097195936:cluster/j-VTJNOOMCWG0B",
  "ResponseMetadata": {
    "RequestId": "f72e2b5c-e42d-4ce9-87b4-4f7202cede8b",
    "HTTPStatusCode": 200,
    "HTTPHeaders": {
      "x-amzn-requestid": "f72e2b5c-e42d-4ce9-87b4-4f7202cede8b",
      "content-type": "application/x-amz-json-1.1",
      "content-length": "117",
      "date": "Fri, 24 Jul 2026 18:41:05 GMT"
    },
    "RetryAttempts": 0
  }
}
j-VTJNOOMCWG0B step s-0886400ZBWET1RCKJPW is PENDING
j-VTJNOOMCWG0B step s-0886400ZBWET1RCKJPW is PENDING
j-VTJNOOMCWG0B step s-0886400ZBWET1RCKJPW is PENDING
j-VTJNOOMCWG0B step s-0886400ZBWET1RCKJPW is PENDING
j-VTJNOOMCWG0B step s-0886400ZBWET1RCKJPW is COMPLETED
j-VTJNOOMCWG0B cluster is TERMINATING
j-VTJNOOMCWG0B cluster is TERMINATING
j-VTJNOOMCWG0B cluster is TERMINATED
Saved cpu-heavy 500MB c5.xlarge x 2 runtime=1.1057 min cost=$0.0063; cluster=TERMINATED
Batch finished. Success CSV: data/performance/performance_dataset.csv
Failed experiments CSV: data/performance/failed_emr_experiments.csv
Starting 100MB memory-heavy on m5a.xlarge x 4 in ap-south-1
{
  "JobFlowId": "j-2ODECOI4QDUUZ",
  "ClusterArn": "arn:aws:elasticmapreduce:ap-south-1:435097195936:cluster/j-2ODECOI4QDUUZ",
  "ResponseMetadata": {
    "RequestId": "dae55613-7705-4239-aac5-4f38eb2c8c51",
    "HTTPStatusCode": 200,
    "HTTPHeaders": {
      "x-amzn-requestid": "dae55613-7705-4239-aac5-4f38eb2c8c51",
      "content-type": "application/x-amz-json-1.1",
      "content-length": "119",
      "date": "Fri, 24 Jul 2026 18:46:27 GMT"
    },
    "RetryAttempts": 0
  }
}
j-2ODECOI4QDUUZ step s-03753601XKE5UJM56UY7 is PENDING
j-2ODECOI4QDUUZ step s-03753601XKE5UJM56UY7 is PENDING
j-2ODECOI4QDUUZ step s-03753601XKE5UJM56UY7 is PENDING
j-2ODECOI4QDUUZ step s-03753601XKE5UJM56UY7 is COMPLETED
j-2ODECOI4QDUUZ cluster is TERMINATED
Saved memory-heavy 100MB m5a.xlarge x 4 runtime=1.4083 min cost=$0.0104; cluster=TERMINATED
Batch finished. Success CSV: data/performance/performance_dataset.csv
Failed experiments CSV: data/performance/failed_emr_experiments.csv
Starting 3072MB memory-heavy on c5.xlarge x 4 in ap-south-1
{
  "JobFlowId": "j-1UC8HSB2FPI64",
  "ClusterArn": "arn:aws:elasticmapreduce:ap-south-1:435097195936:cluster/j-1UC8HSB2FPI64",
  "ResponseMetadata": {
    "RequestId": "097481a3-191e-44a9-a993-405833ddfdb4",
    "HTTPStatusCode": 200,
    "HTTPHeaders": {
      "x-amzn-requestid": "097481a3-191e-44a9-a993-405833ddfdb4",
      "content-type": "application/x-amz-json-1.1",
      "content-length": "119",
      "date": "Fri, 24 Jul 2026 19:00:53 GMT"
    },
    "RetryAttempts": 0
  }
}
j-1UC8HSB2FPI64 step s-052846615X6CSYS5R3P2 is PENDING
j-1UC8HSB2FPI64 step s-052846615X6CSYS5R3P2 is PENDING
j-1UC8HSB2FPI64 step s-052846615X6CSYS5R3P2 is PENDING
j-1UC8HSB2FPI64 step s-052846615X6CSYS5R3P2 is PENDING
j-1UC8HSB2FPI64 step s-052846615X6CSYS5R3P2 is PENDING
j-1UC8HSB2FPI64 step s-052846615X6CSYS5R3P2 is PENDING
j-1UC8HSB2FPI64 step s-052846615X6CSYS5R3P2 is PENDING
j-1UC8HSB2FPI64 step s-052846615X6CSYS5R3P2 is PENDING
j-1UC8HSB2FPI64 step s-052846615X6CSYS5R3P2 is RUNNING
j-1UC8HSB2FPI64 step s-052846615X6CSYS5R3P2 is RUNNING
j-1UC8HSB2FPI64 step s-052846615X6CSYS5R3P2 is RUNNING
j-1UC8HSB2FPI64 step s-052846615X6CSYS5R3P2 is COMPLETED
j-1UC8HSB2FPI64 cluster is TERMINATING
j-1UC8HSB2FPI64 cluster is TERMINATING
j-1UC8HSB2FPI64 cluster is TERMINATED
Saved memory-heavy 3072MB c5.xlarge x 4 runtime=1.8397 min cost=$0.0209; cluster=TERMINATED
Batch finished. Success CSV: data/performance/performance_dataset.csv
Failed experiments CSV: data/performance/failed_emr_experiments.csv
Starting 2048MB cpu-heavy on c5a.xlarge x 2 in ap-south-1
{
  "JobFlowId": "j-2FCKUF0LHCKEZ",
  "ClusterArn": "arn:aws:elasticmapreduce:ap-south-1:435097195936:cluster/j-2FCKUF0LHCKEZ",
  "ResponseMetadata": {
    "RequestId": "cc4768af-a334-4841-b22a-a4a550ad5b69",
    "HTTPStatusCode": 200,
    "HTTPHeaders": {
      "x-amzn-requestid": "cc4768af-a334-4841-b22a-a4a550ad5b69",
      "content-type": "application/x-amz-json-1.1",
      "content-length": "119",
      "date": "Fri, 24 Jul 2026 19:07:30 GMT"
    },
    "RetryAttempts": 0
  }
}
j-2FCKUF0LHCKEZ step s-02114801QZER81RR4DN6 is PENDING
j-2FCKUF0LHCKEZ step s-02114801QZER81RR4DN6 is PENDING
j-2FCKUF0LHCKEZ step s-02114801QZER81RR4DN6 is PENDING
j-2FCKUF0LHCKEZ step s-02114801QZER81RR4DN6 is PENDING
j-2FCKUF0LHCKEZ step s-02114801QZER81RR4DN6 is PENDING
j-2FCKUF0LHCKEZ step s-02114801QZER81RR4DN6 is PENDING
j-2FCKUF0LHCKEZ step s-02114801QZER81RR4DN6 is PENDING
j-2FCKUF0LHCKEZ step s-02114801QZER81RR4DN6 is RUNNING
j-2FCKUF0LHCKEZ step s-02114801QZER81RR4DN6 is RUNNING
j-2FCKUF0LHCKEZ step s-02114801QZER81RR4DN6 is RUNNING
j-2FCKUF0LHCKEZ step s-02114801QZER81RR4DN6 is RUNNING
j-2FCKUF0LHCKEZ step s-02114801QZER81RR4DN6 is COMPLETED
j-2FCKUF0LHCKEZ cluster is TERMINATING
j-2FCKUF0LHCKEZ cluster is TERMINATED
Saved cpu-heavy 2048MB c5a.xlarge x 2 runtime=2.1722 min cost=$0.0068; cluster=TERMINATED
Batch finished. Success CSV: data/performance/performance_dataset.csv
Failed experiments CSV: data/performance/failed_emr_experiments.csv
Starting 10MB cpu-heavy on m5a.xlarge x 2 in ap-south-1
{
  "JobFlowId": "j-1271FRZSGMLO2",
  "ClusterArn": "arn:aws:elasticmapreduce:ap-south-1:435097195936:cluster/j-1271FRZSGMLO2",
  "ResponseMetadata": {
    "RequestId": "599132f8-33be-480a-8b6f-67a76a7558e9",
    "HTTPStatusCode": 200,
    "HTTPHeaders": {
      "x-amzn-requestid": "599132f8-33be-480a-8b6f-67a76a7558e9",
      "content-type": "application/x-amz-json-1.1",
      "content-length": "119",
      "date": "Fri, 24 Jul 2026 19:13:36 GMT"
    },
    "RetryAttempts": 0
  }
}
j-1271FRZSGMLO2 step s-08857613PPY5T3H7MW1X is PENDING
j-1271FRZSGMLO2 step s-08857613PPY5T3H7MW1X is PENDING
j-1271FRZSGMLO2 step s-08857613PPY5T3H7MW1X is PENDING
j-1271FRZSGMLO2 step s-08857613PPY5T3H7MW1X is PENDING
j-1271FRZSGMLO2 step s-08857613PPY5T3H7MW1X is PENDING
j-1271FRZSGMLO2 step s-08857613PPY5T3H7MW1X is PENDING
j-1271FRZSGMLO2 step s-08857613PPY5T3H7MW1X is PENDING
j-1271FRZSGMLO2 step s-08857613PPY5T3H7MW1X is RUNNING
j-1271FRZSGMLO2 step s-08857613PPY5T3H7MW1X is RUNNING
j-1271FRZSGMLO2 step s-08857613PPY5T3H7MW1X is COMPLETED
j-1271FRZSGMLO2 cluster is TERMINATING
j-1271FRZSGMLO2 cluster is TERMINATING
j-1271FRZSGMLO2 cluster is TERMINATED
Saved cpu-heavy 10MB m5a.xlarge x 2 runtime=1.0441 min cost=$0.0039; cluster=TERMINATED
Batch finished. Success CSV: data/performance/performance_dataset.csv
Failed experiments CSV: data/performance/failed_emr_experiments.csv
Starting 10MB cpu-heavy on c5.xlarge x 4 in ap-south-1
{
  "JobFlowId": "j-2DIZ62CMT36GT",
  "ClusterArn": "arn:aws:elasticmapreduce:ap-south-1:435097195936:cluster/j-2DIZ62CMT36GT",
  "ResponseMetadata": {
    "RequestId": "0c55acde-459f-44f9-addb-dbf605cf48de",
    "HTTPStatusCode": 200,
    "HTTPHeaders": {
      "x-amzn-requestid": "0c55acde-459f-44f9-addb-dbf605cf48de",
      "content-type": "application/x-amz-json-1.1",
      "content-length": "119",
      "date": "Fri, 24 Jul 2026 19:19:13 GMT"
    },
    "RetryAttempts": 0
  }
}
j-2DIZ62CMT36GT step s-05611877O9AB9SZJFNJ is PENDING
j-2DIZ62CMT36GT step s-05611877O9AB9SZJFNJ is PENDING
j-2DIZ62CMT36GT step s-05611877O9AB9SZJFNJ is PENDING
j-2DIZ62CMT36GT step s-05611877O9AB9SZJFNJ is PENDING
j-2DIZ62CMT36GT step s-05611877O9AB9SZJFNJ is PENDING
j-2DIZ62CMT36GT step s-05611877O9AB9SZJFNJ is PENDING
j-2DIZ62CMT36GT step s-05611877O9AB9SZJFNJ is PENDING
j-2DIZ62CMT36GT step s-05611877O9AB9SZJFNJ is RUNNING
j-2DIZ62CMT36GT step s-05611877O9AB9SZJFNJ is RUNNING
j-2DIZ62CMT36GT step s-05611877O9AB9SZJFNJ is COMPLETED
j-2DIZ62CMT36GT cluster is TERMINATING
j-2DIZ62CMT36GT cluster is TERMINATED
Saved cpu-heavy 10MB c5.xlarge x 4 runtime=0.9069 min cost=$0.0103; cluster=TERMINATED
Batch finished. Success CSV: data/performance/performance_dataset.csv
Failed experiments CSV: data/performance/failed_emr_experiments.csv
Starting 500MB io-heavy on m5.xlarge x 4 in ap-south-1
{
  "JobFlowId": "j-26OE3DAB8PLDT",
  "ClusterArn": "arn:aws:elasticmapreduce:ap-south-1:435097195936:cluster/j-26OE3DAB8PLDT",
  "ResponseMetadata": {
    "RequestId": "b5c1e02d-c518-4392-a95b-ee294de64fc9",
    "HTTPStatusCode": 200,
    "HTTPHeaders": {
      "x-amzn-requestid": "b5c1e02d-c518-4392-a95b-ee294de64fc9",
      "content-type": "application/x-amz-json-1.1",
      "content-length": "119",
      "date": "Fri, 24 Jul 2026 19:24:20 GMT"
    },
    "RetryAttempts": 0
  }
}
j-26OE3DAB8PLDT step s-03885641P5ZX7G2NLC8V is PENDING
j-26OE3DAB8PLDT step s-03885641P5ZX7G2NLC8V is PENDING
j-26OE3DAB8PLDT step s-03885641P5ZX7G2NLC8V is PENDING
j-26OE3DAB8PLDT step s-03885641P5ZX7G2NLC8V is PENDING
j-26OE3DAB8PLDT step s-03885641P5ZX7G2NLC8V is PENDING
j-26OE3DAB8PLDT step s-03885641P5ZX7G2NLC8V is PENDING
j-26OE3DAB8PLDT step s-03885641P5ZX7G2NLC8V is PENDING
j-26OE3DAB8PLDT step s-03885641P5ZX7G2NLC8V is RUNNING
j-26OE3DAB8PLDT step s-03885641P5ZX7G2NLC8V is RUNNING
j-26OE3DAB8PLDT step s-03885641P5ZX7G2NLC8V is RUNNING
j-26OE3DAB8PLDT step s-03885641P5ZX7G2NLC8V is COMPLETED
j-26OE3DAB8PLDT cluster is TERMINATING
j-26OE3DAB8PLDT cluster is TERMINATING
j-26OE3DAB8PLDT cluster is TERMINATED
Saved io-heavy 500MB m5.xlarge x 4 runtime=1.4066 min cost=$0.0189; cluster=TERMINATED
Batch finished. Success CSV: data/performance/performance_dataset.csv
Failed experiments CSV: data/performance/failed_emr_experiments.csv
Starting 10MB memory-heavy on m5a.xlarge x 4 in ap-south-1
{
  "JobFlowId": "j-3TAZ620LB99IB",
  "ClusterArn": "arn:aws:elasticmapreduce:ap-south-1:435097195936:cluster/j-3TAZ620LB99IB",
  "ResponseMetadata": {
    "RequestId": "1167b197-87dc-4d33-8784-165c79b32e9e",
    "HTTPStatusCode": 200,
    "HTTPHeaders": {
      "x-amzn-requestid": "1167b197-87dc-4d33-8784-165c79b32e9e",
      "content-type": "application/x-amz-json-1.1",
      "content-length": "119",
      "date": "Fri, 24 Jul 2026 19:30:26 GMT"
    },
    "RetryAttempts": 0
  }
}
j-3TAZ620LB99IB step s-07073341T0WZU6YP80G0 is PENDING
j-3TAZ620LB99IB step s-07073341T0WZU6YP80G0 is PENDING
j-3TAZ620LB99IB step s-07073341T0WZU6YP80G0 is PENDING
j-3TAZ620LB99IB step s-07073341T0WZU6YP80G0 is PENDING
j-3TAZ620LB99IB step s-07073341T0WZU6YP80G0 is PENDING
j-3TAZ620LB99IB step s-07073341T0WZU6YP80G0 is PENDING
j-3TAZ620LB99IB step s-07073341T0WZU6YP80G0 is PENDING
j-3TAZ620LB99IB step s-07073341T0WZU6YP80G0 is PENDING
j-3TAZ620LB99IB step s-07073341T0WZU6YP80G0 is PENDING
j-3TAZ620LB99IB step s-07073341T0WZU6YP80G0 is PENDING
j-3TAZ620LB99IB step s-07073341T0WZU6YP80G0 is RUNNING
j-3TAZ620LB99IB step s-07073341T0WZU6YP80G0 is RUNNING
j-3TAZ620LB99IB step s-07073341T0WZU6YP80G0 is COMPLETED
j-3TAZ620LB99IB cluster is TERMINATING
j-3TAZ620LB99IB cluster is TERMINATING
j-3TAZ620LB99IB cluster is TERMINATED
Saved memory-heavy 10MB m5a.xlarge x 4 runtime=1.2746 min cost=$0.0094; cluster=TERMINATED
Batch finished. Success CSV: data/performance/performance_dataset.csv
Failed experiments CSV: data/performance/failed_emr_experiments.csv
Starting 10MB io-heavy on m5.xlarge x 4 in ap-south-1
{
  "JobFlowId": "j-39U3UBC1HYG2R",
  "ClusterArn": "arn:aws:elasticmapreduce:ap-south-1:435097195936:cluster/j-39U3UBC1HYG2R",
  "ResponseMetadata": {
    "RequestId": "34b53c08-623a-4456-bc6f-0c16c1084c90",
    "HTTPStatusCode": 200,
    "HTTPHeaders": {
      "x-amzn-requestid": "34b53c08-623a-4456-bc6f-0c16c1084c90",
      "content-type": "application/x-amz-json-1.1",
      "content-length": "119",
      "date": "Fri, 24 Jul 2026 19:37:33 GMT"
    },
    "RetryAttempts": 0
  }
}
j-39U3UBC1HYG2R step s-060795349QC4CVYS4XQ is PENDING
j-39U3UBC1HYG2R step s-060795349QC4CVYS4XQ is PENDING
j-39U3UBC1HYG2R step s-060795349QC4CVYS4XQ is PENDING
j-39U3UBC1HYG2R step s-060795349QC4CVYS4XQ is PENDING
j-39U3UBC1HYG2R step s-060795349QC4CVYS4XQ is PENDING
j-39U3UBC1HYG2R step s-060795349QC4CVYS4XQ is PENDING
j-39U3UBC1HYG2R step s-060795349QC4CVYS4XQ is PENDING
j-39U3UBC1HYG2R step s-060795349QC4CVYS4XQ is RUNNING
j-39U3UBC1HYG2R step s-060795349QC4CVYS4XQ is RUNNING
j-39U3UBC1HYG2R step s-060795349QC4CVYS4XQ is COMPLETED
j-39U3UBC1HYG2R cluster is TERMINATING
j-39U3UBC1HYG2R cluster is TERMINATING
j-39U3UBC1HYG2R cluster is TERMINATED
Saved io-heavy 10MB m5.xlarge x 4 runtime=1.1086 min cost=$0.0149; cluster=TERMINATED
Batch finished. Success CSV: data/performance/performance_dataset.csv
Failed experiments CSV: data/performance/failed_emr_experiments.csv
Starting 10MB memory-heavy on c5a.xlarge x 4 in ap-south-1
{
  "JobFlowId": "j-1YH0DYKZSPT1Z",
  "ClusterArn": "arn:aws:elasticmapreduce:ap-south-1:435097195936:cluster/j-1YH0DYKZSPT1Z",
  "ResponseMetadata": {
    "RequestId": "8f3e137f-e6a0-4109-b554-4b69d91446c4",
    "HTTPStatusCode": 200,
    "HTTPHeaders": {
      "x-amzn-requestid": "8f3e137f-e6a0-4109-b554-4b69d91446c4",
      "content-type": "application/x-amz-json-1.1",
      "content-length": "119",
      "date": "Fri, 24 Jul 2026 19:43:08 GMT"
    },
    "RetryAttempts": 0
  }
}
j-1YH0DYKZSPT1Z step s-00162623EQKOCPE6DG2L is PENDING
j-1YH0DYKZSPT1Z step s-00162623EQKOCPE6DG2L is PENDING
j-1YH0DYKZSPT1Z step s-00162623EQKOCPE6DG2L is PENDING
j-1YH0DYKZSPT1Z step s-00162623EQKOCPE6DG2L is PENDING
j-1YH0DYKZSPT1Z step s-00162623EQKOCPE6DG2L is PENDING
j-1YH0DYKZSPT1Z step s-00162623EQKOCPE6DG2L is PENDING
j-1YH0DYKZSPT1Z step s-00162623EQKOCPE6DG2L is RUNNING
j-1YH0DYKZSPT1Z step s-00162623EQKOCPE6DG2L is COMPLETED
j-1YH0DYKZSPT1Z cluster is TERMINATED
Saved memory-heavy 10MB c5a.xlarge x 4 runtime=0.8056 min cost=$0.0050; cluster=TERMINATED
Batch finished. Success CSV: data/performance/performance_dataset.csv
Failed experiments CSV: data/performance/failed_emr_experiments.csv
Starting 100MB cpu-heavy on m6i.xlarge x 2 in ap-south-1
{
  "JobFlowId": "j-1XK9W7Q6H6CTT",
  "ClusterArn": "arn:aws:elasticmapreduce:ap-south-1:435097195936:cluster/j-1XK9W7Q6H6CTT",
  "ResponseMetadata": {
    "RequestId": "dac5b569-a80d-4d64-9686-fe682bf32465",
    "HTTPStatusCode": 200,
    "HTTPHeaders": {
      "x-amzn-requestid": "dac5b569-a80d-4d64-9686-fe682bf32465",
      "content-type": "application/x-amz-json-1.1",
      "content-length": "119",
      "date": "Fri, 24 Jul 2026 19:57:10 GMT"
    },
    "RetryAttempts": 0
  }
}
j-1XK9W7Q6H6CTT step s-0376432PKCHNO5BWBCB is PENDING
j-1XK9W7Q6H6CTT step s-0376432PKCHNO5BWBCB is PENDING
j-1XK9W7Q6H6CTT step s-0376432PKCHNO5BWBCB is PENDING
j-1XK9W7Q6H6CTT step s-0376432PKCHNO5BWBCB is PENDING
j-1XK9W7Q6H6CTT step s-0376432PKCHNO5BWBCB is PENDING
j-1XK9W7Q6H6CTT step s-0376432PKCHNO5BWBCB is PENDING
j-1XK9W7Q6H6CTT step s-0376432PKCHNO5BWBCB is RUNNING
j-1XK9W7Q6H6CTT step s-0376432PKCHNO5BWBCB is RUNNING
j-1XK9W7Q6H6CTT step s-0376432PKCHNO5BWBCB is COMPLETED
j-1XK9W7Q6H6CTT cluster is TERMINATING
j-1XK9W7Q6H6CTT cluster is TERMINATING
j-1XK9W7Q6H6CTT cluster is TERMINATED
Saved cpu-heavy 100MB m6i.xlarge x 2 runtime=0.7377 min cost=$0.0050; cluster=TERMINATED
Batch finished. Success CSV: data/performance/performance_dataset.csv
Failed experiments CSV: data/performance/failed_emr_experiments.csv
Starting 100MB io-heavy on m5.xlarge x 2 in ap-south-1
{
  "JobFlowId": "j-2IJ9U2SPH7Q8Y",
  "ClusterArn": "arn:aws:elasticmapreduce:ap-south-1:435097195936:cluster/j-2IJ9U2SPH7Q8Y",
  "ResponseMetadata": {
    "RequestId": "6fb5b9f3-46c0-4688-afc0-e88e62cc66e8",
    "HTTPStatusCode": 200,
    "HTTPHeaders": {
      "x-amzn-requestid": "6fb5b9f3-46c0-4688-afc0-e88e62cc66e8",
      "content-type": "application/x-amz-json-1.1",
      "content-length": "119",
      "date": "Fri, 24 Jul 2026 20:02:15 GMT"
    },
    "RetryAttempts": 0
  }
}
j-2IJ9U2SPH7Q8Y step s-08323372MRU2OAZ5FV33 is PENDING
j-2IJ9U2SPH7Q8Y step s-08323372MRU2OAZ5FV33 is PENDING
j-2IJ9U2SPH7Q8Y step s-08323372MRU2OAZ5FV33 is PENDING
j-2IJ9U2SPH7Q8Y step s-08323372MRU2OAZ5FV33 is PENDING
j-2IJ9U2SPH7Q8Y step s-08323372MRU2OAZ5FV33 is PENDING
j-2IJ9U2SPH7Q8Y step s-08323372MRU2OAZ5FV33 is PENDING
j-2IJ9U2SPH7Q8Y step s-08323372MRU2OAZ5FV33 is PENDING
j-2IJ9U2SPH7Q8Y step s-08323372MRU2OAZ5FV33 is PENDING
j-2IJ9U2SPH7Q8Y step s-08323372MRU2OAZ5FV33 is RUNNING
j-2IJ9U2SPH7Q8Y step s-08323372MRU2OAZ5FV33 is RUNNING
j-2IJ9U2SPH7Q8Y step s-08323372MRU2OAZ5FV33 is COMPLETED
j-2IJ9U2SPH7Q8Y cluster is TERMINATING
j-2IJ9U2SPH7Q8Y cluster is TERMINATED
Saved io-heavy 100MB m5.xlarge x 2 runtime=1.0069 min cost=$0.0068; cluster=TERMINATED
Batch finished. Success CSV: data/performance/performance_dataset.csv
Failed experiments CSV: data/performance/failed_emr_experiments.csv
Starting 10MB cpu-heavy on c6i.xlarge x 2 in ap-south-1
{
  "JobFlowId": "j-2B45OUZFHPLFY",
  "ClusterArn": "arn:aws:elasticmapreduce:ap-south-1:435097195936:cluster/j-2B45OUZFHPLFY",
  "ResponseMetadata": {
    "RequestId": "40355d64-419f-4ae2-b7d6-da7f86ff0f7d",
    "HTTPStatusCode": 200,
    "HTTPHeaders": {
      "x-amzn-requestid": "40355d64-419f-4ae2-b7d6-da7f86ff0f7d",
      "content-type": "application/x-amz-json-1.1",
      "content-length": "119",
      "date": "Fri, 24 Jul 2026 20:07:51 GMT"
    },
    "RetryAttempts": 0
  }
}
j-2B45OUZFHPLFY step s-09135033QMDVURMYZO2S is PENDING
j-2B45OUZFHPLFY step s-09135033QMDVURMYZO2S is PENDING
j-2B45OUZFHPLFY step s-09135033QMDVURMYZO2S is PENDING
j-2B45OUZFHPLFY step s-09135033QMDVURMYZO2S is PENDING
j-2B45OUZFHPLFY step s-09135033QMDVURMYZO2S is COMPLETED
j-2B45OUZFHPLFY cluster is TERMINATED
Saved cpu-heavy 10MB c6i.xlarge x 2 runtime=0.6386 min cost=$0.0036; cluster=TERMINATED
Batch finished. Success CSV: data/performance/performance_dataset.csv
Failed experiments CSV: data/performance/failed_emr_experiments.csv
Starting 500MB memory-heavy on c5.xlarge x 4 in ap-south-1
{
  "JobFlowId": "j-2C5OE3W52BZXD",
  "ClusterArn": "arn:aws:elasticmapreduce:ap-south-1:435097195936:cluster/j-2C5OE3W52BZXD",
  "ResponseMetadata": {
    "RequestId": "935d8f67-e224-4d79-b3e5-7069dd1975d0",
    "HTTPStatusCode": 200,
    "HTTPHeaders": {
      "x-amzn-requestid": "935d8f67-e224-4d79-b3e5-7069dd1975d0",
      "content-type": "application/x-amz-json-1.1",
      "content-length": "119",
      "date": "Fri, 24 Jul 2026 20:18:59 GMT"
    },
    "RetryAttempts": 0
  }
}
j-2C5OE3W52BZXD step s-0531474213QD7JF0MCXI is PENDING
j-2C5OE3W52BZXD step s-0531474213QD7JF0MCXI is PENDING
j-2C5OE3W52BZXD step s-0531474213QD7JF0MCXI is PENDING
j-2C5OE3W52BZXD step s-0531474213QD7JF0MCXI is PENDING
j-2C5OE3W52BZXD step s-0531474213QD7JF0MCXI is PENDING
j-2C5OE3W52BZXD step s-0531474213QD7JF0MCXI is PENDING
j-2C5OE3W52BZXD step s-0531474213QD7JF0MCXI is PENDING
j-2C5OE3W52BZXD step s-0531474213QD7JF0MCXI is RUNNING
j-2C5OE3W52BZXD step s-0531474213QD7JF0MCXI is RUNNING
j-2C5OE3W52BZXD step s-0531474213QD7JF0MCXI is COMPLETED
j-2C5OE3W52BZXD cluster is TERMINATING
j-2C5OE3W52BZXD cluster is TERMINATING
j-2C5OE3W52BZXD cluster is TERMINATING
j-2C5OE3W52BZXD cluster is TERMINATED
Saved memory-heavy 500MB c5.xlarge x 4 runtime=1.0398 min cost=$0.0118; cluster=TERMINATED
Batch finished. Success CSV: data/performance/performance_dataset.csv
Failed experiments CSV: data/performance/failed_emr_experiments.csv
Starting 500MB cpu-heavy on c5.xlarge x 2 in ap-south-1
{
  "JobFlowId": "j-31288BT0DPGYH",
  "ClusterArn": "arn:aws:elasticmapreduce:ap-south-1:435097195936:cluster/j-31288BT0DPGYH",
  "ResponseMetadata": {
    "RequestId": "7bb550ec-bd15-4907-b290-d31f64e76632",
    "HTTPStatusCode": 200,
    "HTTPHeaders": {
      "x-amzn-requestid": "7bb550ec-bd15-4907-b290-d31f64e76632",
      "content-type": "application/x-amz-json-1.1",
      "content-length": "119",
      "date": "Fri, 24 Jul 2026 20:25:05 GMT"
    },
    "RetryAttempts": 0
  }
}
j-31288BT0DPGYH step s-05091513RCYNEFW969R3 is PENDING
j-31288BT0DPGYH step s-05091513RCYNEFW969R3 is PENDING
j-31288BT0DPGYH step s-05091513RCYNEFW969R3 is PENDING
j-31288BT0DPGYH step s-05091513RCYNEFW969R3 is PENDING
j-31288BT0DPGYH step s-05091513RCYNEFW969R3 is PENDING
j-31288BT0DPGYH step s-05091513RCYNEFW969R3 is PENDING
j-31288BT0DPGYH step s-05091513RCYNEFW969R3 is PENDING
j-31288BT0DPGYH step s-05091513RCYNEFW969R3 is RUNNING
j-31288BT0DPGYH step s-05091513RCYNEFW969R3 is RUNNING
j-31288BT0DPGYH step s-05091513RCYNEFW969R3 is COMPLETED
j-31288BT0DPGYH cluster is TERMINATING
j-31288BT0DPGYH cluster is TERMINATING
j-31288BT0DPGYH cluster is TERMINATING
j-31288BT0DPGYH cluster is TERMINATED
Saved cpu-heavy 500MB c5.xlarge x 2 runtime=1.1388 min cost=$0.0065; cluster=TERMINATED
Batch finished. Success CSV: data/performance/performance_dataset.csv
Failed experiments CSV: data/performance/failed_emr_experiments.csv
Starting 500MB cpu-heavy on m5a.xlarge x 2 in ap-south-1
{
  "JobFlowId": "j-3S246H85F6FR",
  "ClusterArn": "arn:aws:elasticmapreduce:ap-south-1:435097195936:cluster/j-3S246H85F6FR",
  "ResponseMetadata": {
    "RequestId": "fb0c79cb-90ba-47c7-87b4-be4872143cfb",
    "HTTPStatusCode": 200,
    "HTTPHeaders": {
      "x-amzn-requestid": "fb0c79cb-90ba-47c7-87b4-be4872143cfb",
      "content-type": "application/x-amz-json-1.1",
      "content-length": "117",
      "date": "Fri, 24 Jul 2026 20:31:11 GMT"
    },
    "RetryAttempts": 0
  }
}
j-3S246H85F6FR step s-0098377ULAZHB6YYXAI is PENDING
j-3S246H85F6FR step s-0098377ULAZHB6YYXAI is PENDING
j-3S246H85F6FR step s-0098377ULAZHB6YYXAI is PENDING
j-3S246H85F6FR step s-0098377ULAZHB6YYXAI is PENDING
j-3S246H85F6FR step s-0098377ULAZHB6YYXAI is PENDING
j-3S246H85F6FR step s-0098377ULAZHB6YYXAI is PENDING
j-3S246H85F6FR step s-0098377ULAZHB6YYXAI is PENDING
j-3S246H85F6FR step s-0098377ULAZHB6YYXAI is PENDING
j-3S246H85F6FR step s-0098377ULAZHB6YYXAI is PENDING
j-3S246H85F6FR step s-0098377ULAZHB6YYXAI is RUNNING
j-3S246H85F6FR step s-0098377ULAZHB6YYXAI is RUNNING
j-3S246H85F6FR step s-0098377ULAZHB6YYXAI is RUNNING
j-3S246H85F6FR step s-0098377ULAZHB6YYXAI is COMPLETED
j-3S246H85F6FR cluster is TERMINATING
j-3S246H85F6FR cluster is TERMINATING
j-3S246H85F6FR cluster is TERMINATED
Saved cpu-heavy 500MB m5a.xlarge x 2 runtime=1.6424 min cost=$0.0061; cluster=TERMINATED
Batch finished. Success CSV: data/performance/performance_dataset.csv
Failed experiments CSV: data/performance/failed_emr_experiments.csv
Starting 10MB memory-heavy on c6i.xlarge x 2 in ap-south-1
{
  "JobFlowId": "j-FVD0Z5HZW3VY",
  "ClusterArn": "arn:aws:elasticmapreduce:ap-south-1:435097195936:cluster/j-FVD0Z5HZW3VY",
  "ResponseMetadata": {
    "RequestId": "70b81a31-6191-4399-be2d-c664c0f9d9b7",
    "HTTPStatusCode": 200,
    "HTTPHeaders": {
      "x-amzn-requestid": "70b81a31-6191-4399-be2d-c664c0f9d9b7",
      "content-type": "application/x-amz-json-1.1",
      "content-length": "117",
      "date": "Fri, 24 Jul 2026 20:38:18 GMT"
    },
    "RetryAttempts": 0
  }
}
j-FVD0Z5HZW3VY step s-09237773M4WX2P074ESV is PENDING
j-FVD0Z5HZW3VY step s-09237773M4WX2P074ESV is PENDING
j-FVD0Z5HZW3VY step s-09237773M4WX2P074ESV is PENDING
j-FVD0Z5HZW3VY step s-09237773M4WX2P074ESV is PENDING
j-FVD0Z5HZW3VY step s-09237773M4WX2P074ESV is PENDING
j-FVD0Z5HZW3VY step s-09237773M4WX2P074ESV is PENDING
j-FVD0Z5HZW3VY step s-09237773M4WX2P074ESV is RUNNING
j-FVD0Z5HZW3VY step s-09237773M4WX2P074ESV is RUNNING
j-FVD0Z5HZW3VY step s-09237773M4WX2P074ESV is COMPLETED
j-FVD0Z5HZW3VY cluster is TERMINATING
j-FVD0Z5HZW3VY cluster is TERMINATING
j-FVD0Z5HZW3VY cluster is TERMINATED
Saved memory-heavy 10MB c6i.xlarge x 2 runtime=0.7058 min cost=$0.0040; cluster=TERMINATED
Batch finished. Success CSV: data/performance/performance_dataset.csv
Failed experiments CSV: data/performance/failed_emr_experiments.csv
