Skipping completed 2048MB cpu-heavy m5.xlarge x 4 in ap-south-1
Batch finished. Success CSV: data/performance/performance_dataset.csv
Failed experiments CSV: data/performance/failed_emr_experiments.csv
Skipping completed 2048MB cpu-heavy m5a.xlarge x 4 in ap-south-1
Batch finished. Success CSV: data/performance/performance_dataset.csv
Failed experiments CSV: data/performance/failed_emr_experiments.csv
Skipping completed 2048MB cpu-heavy m6i.xlarge x 4 in ap-south-1
Batch finished. Success CSV: data/performance/performance_dataset.csv
Failed experiments CSV: data/performance/failed_emr_experiments.csv
Skipping completed 2048MB cpu-heavy c5.xlarge x 4 in ap-south-1
Batch finished. Success CSV: data/performance/performance_dataset.csv
Failed experiments CSV: data/performance/failed_emr_experiments.csv
Skipping completed 2048MB cpu-heavy c5a.xlarge x 4 in ap-south-1
Batch finished. Success CSV: data/performance/performance_dataset.csv
Failed experiments CSV: data/performance/failed_emr_experiments.csv
Skipping completed 2048MB cpu-heavy c6i.xlarge x 4 in ap-south-1
Batch finished. Success CSV: data/performance/performance_dataset.csv
Failed experiments CSV: data/performance/failed_emr_experiments.csv
Skipping completed 2048MB memory-heavy m5.xlarge x 4 in ap-south-1
Batch finished. Success CSV: data/performance/performance_dataset.csv
Failed experiments CSV: data/performance/failed_emr_experiments.csv
Skipping completed 2048MB memory-heavy m5a.xlarge x 4 in ap-south-1
Batch finished. Success CSV: data/performance/performance_dataset.csv
Failed experiments CSV: data/performance/failed_emr_experiments.csv
Skipping completed 2048MB memory-heavy m6i.xlarge x 4 in ap-south-1
Batch finished. Success CSV: data/performance/performance_dataset.csv
Failed experiments CSV: data/performance/failed_emr_experiments.csv
Skipping completed 2048MB memory-heavy c5.xlarge x 4 in ap-south-1
Batch finished. Success CSV: data/performance/performance_dataset.csv
Failed experiments CSV: data/performance/failed_emr_experiments.csv
Skipping completed 2048MB memory-heavy c5a.xlarge x 4 in ap-south-1
Batch finished. Success CSV: data/performance/performance_dataset.csv
Failed experiments CSV: data/performance/failed_emr_experiments.csv
Skipping completed 2048MB memory-heavy c6i.xlarge x 4 in ap-south-1
Batch finished. Success CSV: data/performance/performance_dataset.csv
Failed experiments CSV: data/performance/failed_emr_experiments.csv
Skipping completed 2048MB io-heavy m5.xlarge x 4 in ap-south-1
Batch finished. Success CSV: data/performance/performance_dataset.csv
Failed experiments CSV: data/performance/failed_emr_experiments.csv
Skipping completed 2048MB io-heavy m5a.xlarge x 4 in ap-south-1
Batch finished. Success CSV: data/performance/performance_dataset.csv
Failed experiments CSV: data/performance/failed_emr_experiments.csv
Skipping completed 2048MB io-heavy m6i.xlarge x 4 in ap-south-1
Batch finished. Success CSV: data/performance/performance_dataset.csv
Failed experiments CSV: data/performance/failed_emr_experiments.csv
Skipping completed 2048MB io-heavy c5.xlarge x 4 in ap-south-1
Batch finished. Success CSV: data/performance/performance_dataset.csv
Failed experiments CSV: data/performance/failed_emr_experiments.csv
Skipping completed 2048MB io-heavy c5a.xlarge x 4 in ap-south-1
Batch finished. Success CSV: data/performance/performance_dataset.csv
Failed experiments CSV: data/performance/failed_emr_experiments.csv
usage: run_emr_regional_resumable_batch.py [-h] [--config CONFIG]
                                           [--region REGION]
                                           [--subnet-id SUBNET_ID]
                                           [--ec2-key-name EC2_KEY_NAME]
                                           [--dataset-sizes-mb DATASET_SIZES_MB]
                                           [--workloads WORKLOADS]
                                           [--instance-types INSTANCE_TYPES]
                                           [--nodes-list NODES_LIST]
                                           [--pricing-model {on-demand,spot}]
                                           [--poll-seconds POLL_SECONDS]
                                           [--step-timeout-minutes STEP_TIMEOUT_MINUTES]
                                           [--price-path PRICE_PATH]
                                           [--output OUTPUT]
                                           [--failed-output FAILED_OUTPUT]
                                           [--skip-completed] [--submit]
run_emr_regional_resumable_batch.py: error: argument --ec2-key-name: expected one argument
usage: run_emr_regional_resumable_batch.py [-h] [--config CONFIG]
                                           [--region REGION]
                                           [--subnet-id SUBNET_ID]
                                           [--ec2-key-name EC2_KEY_NAME]
                                           [--dataset-sizes-mb DATASET_SIZES_MB]
                                           [--workloads WORKLOADS]
                                           [--instance-types INSTANCE_TYPES]
                                           [--nodes-list NODES_LIST]
                                           [--pricing-model {on-demand,spot}]
                                           [--poll-seconds POLL_SECONDS]
                                           [--step-timeout-minutes STEP_TIMEOUT_MINUTES]
                                           [--price-path PRICE_PATH]
                                           [--output OUTPUT]
                                           [--failed-output FAILED_OUTPUT]
                                           [--skip-completed] [--submit]
run_emr_regional_resumable_batch.py: error: argument --ec2-key-name: expected one argument
usage: run_emr_regional_resumable_batch.py [-h] [--config CONFIG]
                                           [--region REGION]
                                           [--subnet-id SUBNET_ID]
                                           [--ec2-key-name EC2_KEY_NAME]
                                           [--dataset-sizes-mb DATASET_SIZES_MB]
                                           [--workloads WORKLOADS]
                                           [--instance-types INSTANCE_TYPES]
                                           [--nodes-list NODES_LIST]
                                           [--pricing-model {on-demand,spot}]
                                           [--poll-seconds POLL_SECONDS]
                                           [--step-timeout-minutes STEP_TIMEOUT_MINUTES]
                                           [--price-path PRICE_PATH]
                                           [--output OUTPUT]
                                           [--failed-output FAILED_OUTPUT]
                                           [--skip-completed] [--submit]
run_emr_regional_resumable_batch.py: error: argument --ec2-key-name: expected one argument
usage: run_emr_regional_resumable_batch.py [-h] [--config CONFIG]
                                           [--region REGION]
                                           [--subnet-id SUBNET_ID]
                                           [--ec2-key-name EC2_KEY_NAME]
                                           [--dataset-sizes-mb DATASET_SIZES_MB]
                                           [--workloads WORKLOADS]
                                           [--instance-types INSTANCE_TYPES]
                                           [--nodes-list NODES_LIST]
                                           [--pricing-model {on-demand,spot}]
                                           [--poll-seconds POLL_SECONDS]
                                           [--step-timeout-minutes STEP_TIMEOUT_MINUTES]
                                           [--price-path PRICE_PATH]
                                           [--output OUTPUT]
                                           [--failed-output FAILED_OUTPUT]
                                           [--skip-completed] [--submit]
run_emr_regional_resumable_batch.py: error: argument --ec2-key-name: expected one argument
usage: run_emr_regional_resumable_batch.py [-h] [--config CONFIG]
                                           [--region REGION]
                                           [--subnet-id SUBNET_ID]
                                           [--ec2-key-name EC2_KEY_NAME]
                                           [--dataset-sizes-mb DATASET_SIZES_MB]
                                           [--workloads WORKLOADS]
                                           [--instance-types INSTANCE_TYPES]
                                           [--nodes-list NODES_LIST]
                                           [--pricing-model {on-demand,spot}]
                                           [--poll-seconds POLL_SECONDS]
                                           [--step-timeout-minutes STEP_TIMEOUT_MINUTES]
                                           [--price-path PRICE_PATH]
                                           [--output OUTPUT]
                                           [--failed-output FAILED_OUTPUT]
                                           [--skip-completed] [--submit]
run_emr_regional_resumable_batch.py: error: argument --ec2-key-name: expected one argument
usage: run_emr_regional_resumable_batch.py [-h] [--config CONFIG]
                                           [--region REGION]
                                           [--subnet-id SUBNET_ID]
                                           [--ec2-key-name EC2_KEY_NAME]
                                           [--dataset-sizes-mb DATASET_SIZES_MB]
                                           [--workloads WORKLOADS]
                                           [--instance-types INSTANCE_TYPES]
                                           [--nodes-list NODES_LIST]
                                           [--pricing-model {on-demand,spot}]
                                           [--poll-seconds POLL_SECONDS]
                                           [--step-timeout-minutes STEP_TIMEOUT_MINUTES]
                                           [--price-path PRICE_PATH]
                                           [--output OUTPUT]
                                           [--failed-output FAILED_OUTPUT]
                                           [--skip-completed] [--submit]
run_emr_regional_resumable_batch.py: error: argument --ec2-key-name: expected one argument
usage: run_emr_regional_resumable_batch.py [-h] [--config CONFIG]
                                           [--region REGION]
                                           [--subnet-id SUBNET_ID]
                                           [--ec2-key-name EC2_KEY_NAME]
                                           [--dataset-sizes-mb DATASET_SIZES_MB]
                                           [--workloads WORKLOADS]
                                           [--instance-types INSTANCE_TYPES]
                                           [--nodes-list NODES_LIST]
                                           [--pricing-model {on-demand,spot}]
                                           [--poll-seconds POLL_SECONDS]
                                           [--step-timeout-minutes STEP_TIMEOUT_MINUTES]
                                           [--price-path PRICE_PATH]
                                           [--output OUTPUT]
                                           [--failed-output FAILED_OUTPUT]
                                           [--skip-completed] [--submit]
run_emr_regional_resumable_batch.py: error: argument --ec2-key-name: expected one argument
usage: run_emr_regional_resumable_batch.py [-h] [--config CONFIG]
                                           [--region REGION]
                                           [--subnet-id SUBNET_ID]
                                           [--ec2-key-name EC2_KEY_NAME]
                                           [--dataset-sizes-mb DATASET_SIZES_MB]
                                           [--workloads WORKLOADS]
                                           [--instance-types INSTANCE_TYPES]
                                           [--nodes-list NODES_LIST]
                                           [--pricing-model {on-demand,spot}]
                                           [--poll-seconds POLL_SECONDS]
                                           [--step-timeout-minutes STEP_TIMEOUT_MINUTES]
                                           [--price-path PRICE_PATH]
                                           [--output OUTPUT]
                                           [--failed-output FAILED_OUTPUT]
                                           [--skip-completed] [--submit]
run_emr_regional_resumable_batch.py: error: argument --ec2-key-name: expected one argument
usage: run_emr_regional_resumable_batch.py [-h] [--config CONFIG]
                                           [--region REGION]
                                           [--subnet-id SUBNET_ID]
                                           [--ec2-key-name EC2_KEY_NAME]
                                           [--dataset-sizes-mb DATASET_SIZES_MB]
                                           [--workloads WORKLOADS]
                                           [--instance-types INSTANCE_TYPES]
                                           [--nodes-list NODES_LIST]
                                           [--pricing-model {on-demand,spot}]
                                           [--poll-seconds POLL_SECONDS]
                                           [--step-timeout-minutes STEP_TIMEOUT_MINUTES]
                                           [--price-path PRICE_PATH]
                                           [--output OUTPUT]
                                           [--failed-output FAILED_OUTPUT]
                                           [--skip-completed] [--submit]
run_emr_regional_resumable_batch.py: error: argument --ec2-key-name: expected one argument
usage: run_emr_regional_resumable_batch.py [-h] [--config CONFIG]
                                           [--region REGION]
                                           [--subnet-id SUBNET_ID]
                                           [--ec2-key-name EC2_KEY_NAME]
                                           [--dataset-sizes-mb DATASET_SIZES_MB]
                                           [--workloads WORKLOADS]
                                           [--instance-types INSTANCE_TYPES]
                                           [--nodes-list NODES_LIST]
                                           [--pricing-model {on-demand,spot}]
                                           [--poll-seconds POLL_SECONDS]
                                           [--step-timeout-minutes STEP_TIMEOUT_MINUTES]
                                           [--price-path PRICE_PATH]
                                           [--output OUTPUT]
                                           [--failed-output FAILED_OUTPUT]
                                           [--skip-completed] [--submit]
run_emr_regional_resumable_batch.py: error: argument --ec2-key-name: expected one argument
usage: run_emr_regional_resumable_batch.py [-h] [--config CONFIG]
                                           [--region REGION]
                                           [--subnet-id SUBNET_ID]
                                           [--ec2-key-name EC2_KEY_NAME]
                                           [--dataset-sizes-mb DATASET_SIZES_MB]
                                           [--workloads WORKLOADS]
                                           [--instance-types INSTANCE_TYPES]
                                           [--nodes-list NODES_LIST]
                                           [--pricing-model {on-demand,spot}]
                                           [--poll-seconds POLL_SECONDS]
                                           [--step-timeout-minutes STEP_TIMEOUT_MINUTES]
                                           [--price-path PRICE_PATH]
                                           [--output OUTPUT]
                                           [--failed-output FAILED_OUTPUT]
                                           [--skip-completed] [--submit]
run_emr_regional_resumable_batch.py: error: argument --ec2-key-name: expected one argument
usage: run_emr_regional_resumable_batch.py [-h] [--config CONFIG]
                                           [--region REGION]
                                           [--subnet-id SUBNET_ID]
                                           [--ec2-key-name EC2_KEY_NAME]
                                           [--dataset-sizes-mb DATASET_SIZES_MB]
                                           [--workloads WORKLOADS]
                                           [--instance-types INSTANCE_TYPES]
                                           [--nodes-list NODES_LIST]
                                           [--pricing-model {on-demand,spot}]
                                           [--poll-seconds POLL_SECONDS]
                                           [--step-timeout-minutes STEP_TIMEOUT_MINUTES]
                                           [--price-path PRICE_PATH]
                                           [--output OUTPUT]
                                           [--failed-output FAILED_OUTPUT]
                                           [--skip-completed] [--submit]
run_emr_regional_resumable_batch.py: error: argument --ec2-key-name: expected one argument
usage: run_emr_regional_resumable_batch.py [-h] [--config CONFIG]
                                           [--region REGION]
                                           [--subnet-id SUBNET_ID]
                                           [--ec2-key-name EC2_KEY_NAME]
                                           [--dataset-sizes-mb DATASET_SIZES_MB]
                                           [--workloads WORKLOADS]
                                           [--instance-types INSTANCE_TYPES]
                                           [--nodes-list NODES_LIST]
                                           [--pricing-model {on-demand,spot}]
                                           [--poll-seconds POLL_SECONDS]
                                           [--step-timeout-minutes STEP_TIMEOUT_MINUTES]
                                           [--price-path PRICE_PATH]
                                           [--output OUTPUT]
                                           [--failed-output FAILED_OUTPUT]
                                           [--skip-completed] [--submit]
run_emr_regional_resumable_batch.py: error: argument --ec2-key-name: expected one argument
usage: run_emr_regional_resumable_batch.py [-h] [--config CONFIG]
                                           [--region REGION]
                                           [--subnet-id SUBNET_ID]
                                           [--ec2-key-name EC2_KEY_NAME]
                                           [--dataset-sizes-mb DATASET_SIZES_MB]
                                           [--workloads WORKLOADS]
                                           [--instance-types INSTANCE_TYPES]
                                           [--nodes-list NODES_LIST]
                                           [--pricing-model {on-demand,spot}]
                                           [--poll-seconds POLL_SECONDS]
                                           [--step-timeout-minutes STEP_TIMEOUT_MINUTES]
                                           [--price-path PRICE_PATH]
                                           [--output OUTPUT]
                                           [--failed-output FAILED_OUTPUT]
                                           [--skip-completed] [--submit]
run_emr_regional_resumable_batch.py: error: argument --ec2-key-name: expected one argument
usage: run_emr_regional_resumable_batch.py [-h] [--config CONFIG]
                                           [--region REGION]
                                           [--subnet-id SUBNET_ID]
                                           [--ec2-key-name EC2_KEY_NAME]
                                           [--dataset-sizes-mb DATASET_SIZES_MB]
                                           [--workloads WORKLOADS]
                                           [--instance-types INSTANCE_TYPES]
                                           [--nodes-list NODES_LIST]
                                           [--pricing-model {on-demand,spot}]
                                           [--poll-seconds POLL_SECONDS]
                                           [--step-timeout-minutes STEP_TIMEOUT_MINUTES]
                                           [--price-path PRICE_PATH]
                                           [--output OUTPUT]
                                           [--failed-output FAILED_OUTPUT]
                                           [--skip-completed] [--submit]
run_emr_regional_resumable_batch.py: error: argument --ec2-key-name: expected one argument
usage: run_emr_regional_resumable_batch.py [-h] [--config CONFIG]
                                           [--region REGION]
                                           [--subnet-id SUBNET_ID]
                                           [--ec2-key-name EC2_KEY_NAME]
                                           [--dataset-sizes-mb DATASET_SIZES_MB]
                                           [--workloads WORKLOADS]
                                           [--instance-types INSTANCE_TYPES]
                                           [--nodes-list NODES_LIST]
                                           [--pricing-model {on-demand,spot}]
                                           [--poll-seconds POLL_SECONDS]
                                           [--step-timeout-minutes STEP_TIMEOUT_MINUTES]
                                           [--price-path PRICE_PATH]
                                           [--output OUTPUT]
                                           [--failed-output FAILED_OUTPUT]
                                           [--skip-completed] [--submit]
run_emr_regional_resumable_batch.py: error: argument --ec2-key-name: expected one argument
