Starting 10MB cpu-heavy on m5.xlarge x 2 in ap-south-1
{
  "JobFlowId": "j-2NZK8E5IXD68K",
  "ClusterArn": "arn:aws:elasticmapreduce:ap-south-1:435097195936:cluster/j-2NZK8E5IXD68K",
  "ResponseMetadata": {
    "RequestId": "4f3999e8-5b11-4ce5-882c-88e673035ae7",
    "HTTPStatusCode": 200,
    "HTTPHeaders": {
      "x-amzn-requestid": "4f3999e8-5b11-4ce5-882c-88e673035ae7",
      "content-type": "application/x-amz-json-1.1",
      "content-length": "119",
      "date": "Wed, 22 Jul 2026 20:18:16 GMT"
    },
    "RetryAttempts": 0
  }
}
j-2NZK8E5IXD68K step s-03481612PLQK2MFRMSLD is PENDING
j-2NZK8E5IXD68K step s-03481612PLQK2MFRMSLD is PENDING
j-2NZK8E5IXD68K step s-03481612PLQK2MFRMSLD is PENDING
j-2NZK8E5IXD68K step s-03481612PLQK2MFRMSLD is PENDING
j-2NZK8E5IXD68K step s-03481612PLQK2MFRMSLD is PENDING
j-2NZK8E5IXD68K step s-03481612PLQK2MFRMSLD is PENDING
j-2NZK8E5IXD68K step s-03481612PLQK2MFRMSLD is PENDING
j-2NZK8E5IXD68K step s-03481612PLQK2MFRMSLD is RUNNING
j-2NZK8E5IXD68K step s-03481612PLQK2MFRMSLD is COMPLETED
j-2NZK8E5IXD68K cluster is TERMINATING
j-2NZK8E5IXD68K cluster is TERMINATING
j-2NZK8E5IXD68K cluster is TERMINATING
j-2NZK8E5IXD68K cluster is TERMINATED
Saved cpu-heavy 10MB m5.xlarge x 2 runtime=0.8399 min cost=$0.0057; cluster=TERMINATED
Starting 10MB cpu-heavy on m5.xlarge x 4 in ap-south-1
{
  "JobFlowId": "j-1CQ33DB16APT4",
  "ClusterArn": "arn:aws:elasticmapreduce:ap-south-1:435097195936:cluster/j-1CQ33DB16APT4",
  "ResponseMetadata": {
    "RequestId": "209b2340-f8fe-49cf-b39b-6277797e947e",
    "HTTPStatusCode": 200,
    "HTTPHeaders": {
      "x-amzn-requestid": "209b2340-f8fe-49cf-b39b-6277797e947e",
      "content-type": "application/x-amz-json-1.1",
      "content-length": "119",
      "date": "Wed, 22 Jul 2026 20:23:51 GMT"
    },
    "RetryAttempts": 0
  }
}
j-1CQ33DB16APT4 step s-0529469ZJGMYC5BS52P is PENDING
j-1CQ33DB16APT4 step s-0529469ZJGMYC5BS52P is PENDING
j-1CQ33DB16APT4 step s-0529469ZJGMYC5BS52P is PENDING
j-1CQ33DB16APT4 step s-0529469ZJGMYC5BS52P is PENDING
j-1CQ33DB16APT4 step s-0529469ZJGMYC5BS52P is PENDING
j-1CQ33DB16APT4 step s-0529469ZJGMYC5BS52P is PENDING
j-1CQ33DB16APT4 step s-0529469ZJGMYC5BS52P is PENDING
j-1CQ33DB16APT4 step s-0529469ZJGMYC5BS52P is RUNNING
j-1CQ33DB16APT4 step s-0529469ZJGMYC5BS52P is RUNNING
j-1CQ33DB16APT4 step s-0529469ZJGMYC5BS52P is COMPLETED
j-1CQ33DB16APT4 cluster is TERMINATING
j-1CQ33DB16APT4 cluster is TERMINATING
j-1CQ33DB16APT4 cluster is TERMINATING
j-1CQ33DB16APT4 cluster is TERMINATED
Saved cpu-heavy 10MB m5.xlarge x 4 runtime=1.0072 min cost=$0.0136; cluster=TERMINATED
Starting 10MB memory-heavy on m5.xlarge x 2 in ap-south-1
{
  "JobFlowId": "j-CFWI4YX0JPKO",
  "ClusterArn": "arn:aws:elasticmapreduce:ap-south-1:435097195936:cluster/j-CFWI4YX0JPKO",
  "ResponseMetadata": {
    "RequestId": "f2a730ec-66a9-460f-acec-40deae4a926c",
    "HTTPStatusCode": 200,
    "HTTPHeaders": {
      "x-amzn-requestid": "f2a730ec-66a9-460f-acec-40deae4a926c",
      "content-type": "application/x-amz-json-1.1",
      "content-length": "117",
      "date": "Wed, 22 Jul 2026 20:29:55 GMT"
    },
    "RetryAttempts": 0
  }
}
j-CFWI4YX0JPKO step s-0886664YWJFSDL59BRE is PENDING
j-CFWI4YX0JPKO step s-0886664YWJFSDL59BRE is PENDING
j-CFWI4YX0JPKO step s-0886664YWJFSDL59BRE is PENDING
j-CFWI4YX0JPKO step s-0886664YWJFSDL59BRE is PENDING
j-CFWI4YX0JPKO step s-0886664YWJFSDL59BRE is PENDING
j-CFWI4YX0JPKO step s-0886664YWJFSDL59BRE is PENDING
j-CFWI4YX0JPKO step s-0886664YWJFSDL59BRE is PENDING
j-CFWI4YX0JPKO step s-0886664YWJFSDL59BRE is RUNNING
j-CFWI4YX0JPKO step s-0886664YWJFSDL59BRE is RUNNING
j-CFWI4YX0JPKO step s-0886664YWJFSDL59BRE is COMPLETED
j-CFWI4YX0JPKO cluster is TERMINATING
j-CFWI4YX0JPKO cluster is TERMINATING
j-CFWI4YX0JPKO cluster is TERMINATED
Saved memory-heavy 10MB m5.xlarge x 2 runtime=1.0412 min cost=$0.0070; cluster=TERMINATED
Starting 10MB memory-heavy on m5.xlarge x 4 in ap-south-1
{
  "JobFlowId": "j-J4AFL6Y38OAU",
  "ClusterArn": "arn:aws:elasticmapreduce:ap-south-1:435097195936:cluster/j-J4AFL6Y38OAU",
  "ResponseMetadata": {
    "RequestId": "f97d848f-dffc-4213-9f57-b6b2e7fbcb5d",
    "HTTPStatusCode": 200,
    "HTTPHeaders": {
      "x-amzn-requestid": "f97d848f-dffc-4213-9f57-b6b2e7fbcb5d",
      "content-type": "application/x-amz-json-1.1",
      "content-length": "117",
      "date": "Wed, 22 Jul 2026 20:35:30 GMT"
    },
    "RetryAttempts": 0
  }
}
j-J4AFL6Y38OAU step s-09156832X5OM58A3I5KU is PENDING
j-J4AFL6Y38OAU step s-09156832X5OM58A3I5KU is PENDING
j-J4AFL6Y38OAU step s-09156832X5OM58A3I5KU is PENDING
j-J4AFL6Y38OAU step s-09156832X5OM58A3I5KU is PENDING
j-J4AFL6Y38OAU step s-09156832X5OM58A3I5KU is PENDING
j-J4AFL6Y38OAU step s-09156832X5OM58A3I5KU is PENDING
j-J4AFL6Y38OAU step s-09156832X5OM58A3I5KU is PENDING
j-J4AFL6Y38OAU step s-09156832X5OM58A3I5KU is RUNNING
j-J4AFL6Y38OAU step s-09156832X5OM58A3I5KU is RUNNING
j-J4AFL6Y38OAU step s-09156832X5OM58A3I5KU is COMPLETED
j-J4AFL6Y38OAU cluster is TERMINATING
j-J4AFL6Y38OAU cluster is TERMINATING
j-J4AFL6Y38OAU cluster is TERMINATED
Saved memory-heavy 10MB m5.xlarge x 4 runtime=1.1058 min cost=$0.0149; cluster=TERMINATED
Starting 10MB io-heavy on m5.xlarge x 2 in ap-south-1
{
  "JobFlowId": "j-X3I6M8K1VZ2V",
  "ClusterArn": "arn:aws:elasticmapreduce:ap-south-1:435097195936:cluster/j-X3I6M8K1VZ2V",
  "ResponseMetadata": {
    "RequestId": "95f53a0b-d764-431c-b8cb-a2d9702739bd",
    "HTTPStatusCode": 200,
    "HTTPHeaders": {
      "x-amzn-requestid": "95f53a0b-d764-431c-b8cb-a2d9702739bd",
      "content-type": "application/x-amz-json-1.1",
      "content-length": "117",
      "date": "Wed, 22 Jul 2026 20:41:05 GMT"
    },
    "RetryAttempts": 0
  }
}
j-X3I6M8K1VZ2V step s-07539432TQX0OD2BIQBE is PENDING
j-X3I6M8K1VZ2V step s-07539432TQX0OD2BIQBE is PENDING
j-X3I6M8K1VZ2V step s-07539432TQX0OD2BIQBE is PENDING
j-X3I6M8K1VZ2V step s-07539432TQX0OD2BIQBE is PENDING
j-X3I6M8K1VZ2V step s-07539432TQX0OD2BIQBE is PENDING
j-X3I6M8K1VZ2V step s-07539432TQX0OD2BIQBE is PENDING
j-X3I6M8K1VZ2V step s-07539432TQX0OD2BIQBE is PENDING
j-X3I6M8K1VZ2V step s-07539432TQX0OD2BIQBE is PENDING
j-X3I6M8K1VZ2V step s-07539432TQX0OD2BIQBE is RUNNING
j-X3I6M8K1VZ2V step s-07539432TQX0OD2BIQBE is RUNNING
j-X3I6M8K1VZ2V step s-07539432TQX0OD2BIQBE is COMPLETED
j-X3I6M8K1VZ2V cluster is TERMINATING
j-X3I6M8K1VZ2V cluster is TERMINATED
Saved io-heavy 10MB m5.xlarge x 2 runtime=0.8740 min cost=$0.0059; cluster=TERMINATED
Starting 10MB io-heavy on m5.xlarge x 4 in ap-south-1
{
  "JobFlowId": "j-3BRB7MVY0BXZL",
  "ClusterArn": "arn:aws:elasticmapreduce:ap-south-1:435097195936:cluster/j-3BRB7MVY0BXZL",
  "ResponseMetadata": {
    "RequestId": "00104aa9-8f1f-4e59-a247-76d39e7cc09e",
    "HTTPStatusCode": 200,
    "HTTPHeaders": {
      "x-amzn-requestid": "00104aa9-8f1f-4e59-a247-76d39e7cc09e",
      "content-type": "application/x-amz-json-1.1",
      "content-length": "119",
      "date": "Wed, 22 Jul 2026 20:46:39 GMT"
    },
    "RetryAttempts": 0
  }
}
j-3BRB7MVY0BXZL step s-03482212JQQJGFZGIF9E is PENDING
j-3BRB7MVY0BXZL step s-03482212JQQJGFZGIF9E is PENDING
j-3BRB7MVY0BXZL step s-03482212JQQJGFZGIF9E is PENDING
j-3BRB7MVY0BXZL step s-03482212JQQJGFZGIF9E is PENDING
j-3BRB7MVY0BXZL step s-03482212JQQJGFZGIF9E is PENDING
j-3BRB7MVY0BXZL step s-03482212JQQJGFZGIF9E is PENDING
j-3BRB7MVY0BXZL step s-03482212JQQJGFZGIF9E is PENDING
j-3BRB7MVY0BXZL step s-03482212JQQJGFZGIF9E is RUNNING
j-3BRB7MVY0BXZL step s-03482212JQQJGFZGIF9E is RUNNING
j-3BRB7MVY0BXZL step s-03482212JQQJGFZGIF9E is COMPLETED
j-3BRB7MVY0BXZL cluster is TERMINATING
j-3BRB7MVY0BXZL cluster is TERMINATING
j-3BRB7MVY0BXZL cluster is TERMINATING
j-3BRB7MVY0BXZL cluster is TERMINATED
Saved io-heavy 10MB m5.xlarge x 4 runtime=1.0734 min cost=$0.0145; cluster=TERMINATED
Starting 100MB cpu-heavy on m5.xlarge x 2 in ap-south-1
{
  "JobFlowId": "j-APVIAVY3VCW9",
  "ClusterArn": "arn:aws:elasticmapreduce:ap-south-1:435097195936:cluster/j-APVIAVY3VCW9",
  "ResponseMetadata": {
    "RequestId": "cb7dfd5c-9a0b-4bd2-ad0a-49218b2f0556",
    "HTTPStatusCode": 200,
    "HTTPHeaders": {
      "x-amzn-requestid": "cb7dfd5c-9a0b-4bd2-ad0a-49218b2f0556",
      "content-type": "application/x-amz-json-1.1",
      "content-length": "117",
      "date": "Wed, 22 Jul 2026 20:52:44 GMT"
    },
    "RetryAttempts": 0
  }
}
j-APVIAVY3VCW9 step s-09176739CSDTEDRQQDY is PENDING
j-APVIAVY3VCW9 step s-09176739CSDTEDRQQDY is PENDING
j-APVIAVY3VCW9 step s-09176739CSDTEDRQQDY is PENDING
j-APVIAVY3VCW9 step s-09176739CSDTEDRQQDY is PENDING
j-APVIAVY3VCW9 step s-09176739CSDTEDRQQDY is PENDING
j-APVIAVY3VCW9 step s-09176739CSDTEDRQQDY is PENDING
j-APVIAVY3VCW9 step s-09176739CSDTEDRQQDY is PENDING
j-APVIAVY3VCW9 step s-09176739CSDTEDRQQDY is RUNNING
j-APVIAVY3VCW9 step s-09176739CSDTEDRQQDY is RUNNING
j-APVIAVY3VCW9 step s-09176739CSDTEDRQQDY is COMPLETED
j-APVIAVY3VCW9 cluster is TERMINATING
j-APVIAVY3VCW9 cluster is TERMINATED
Saved cpu-heavy 100MB m5.xlarge x 2 runtime=0.9070 min cost=$0.0061; cluster=TERMINATED
Starting 100MB cpu-heavy on m5.xlarge x 4 in ap-south-1
{
  "JobFlowId": "j-24ARDDZVLQSGG",
  "ClusterArn": "arn:aws:elasticmapreduce:ap-south-1:435097195936:cluster/j-24ARDDZVLQSGG",
  "ResponseMetadata": {
    "RequestId": "f39c0592-9445-4950-9aaf-f12351573d2f",
    "HTTPStatusCode": 200,
    "HTTPHeaders": {
      "x-amzn-requestid": "f39c0592-9445-4950-9aaf-f12351573d2f",
      "content-type": "application/x-amz-json-1.1",
      "content-length": "119",
      "date": "Wed, 22 Jul 2026 20:57:48 GMT"
    },
    "RetryAttempts": 0
  }
}
j-24ARDDZVLQSGG step s-07480501HHBVVRC037L1 is PENDING
j-24ARDDZVLQSGG step s-07480501HHBVVRC037L1 is PENDING
j-24ARDDZVLQSGG step s-07480501HHBVVRC037L1 is PENDING
j-24ARDDZVLQSGG step s-07480501HHBVVRC037L1 is PENDING
j-24ARDDZVLQSGG step s-07480501HHBVVRC037L1 is PENDING
j-24ARDDZVLQSGG step s-07480501HHBVVRC037L1 is PENDING
j-24ARDDZVLQSGG step s-07480501HHBVVRC037L1 is PENDING
j-24ARDDZVLQSGG step s-07480501HHBVVRC037L1 is PENDING
j-24ARDDZVLQSGG step s-07480501HHBVVRC037L1 is RUNNING
j-24ARDDZVLQSGG step s-07480501HHBVVRC037L1 is COMPLETED
j-24ARDDZVLQSGG cluster is TERMINATING
j-24ARDDZVLQSGG cluster is TERMINATING
j-24ARDDZVLQSGG cluster is TERMINATING
j-24ARDDZVLQSGG cluster is TERMINATING
j-24ARDDZVLQSGG cluster is TERMINATED
Saved cpu-heavy 100MB m5.xlarge x 4 runtime=1.0399 min cost=$0.0140; cluster=TERMINATED
Starting 100MB memory-heavy on m5.xlarge x 2 in ap-south-1
{
  "JobFlowId": "j-10IQRADXNWY8V",
  "ClusterArn": "arn:aws:elasticmapreduce:ap-south-1:435097195936:cluster/j-10IQRADXNWY8V",
  "ResponseMetadata": {
    "RequestId": "c2e67465-f677-494e-b8b8-d3c8c6006378",
    "HTTPStatusCode": 200,
    "HTTPHeaders": {
      "x-amzn-requestid": "c2e67465-f677-494e-b8b8-d3c8c6006378",
      "content-type": "application/x-amz-json-1.1",
      "content-length": "119",
      "date": "Wed, 22 Jul 2026 21:04:23 GMT"
    },
    "RetryAttempts": 0
  }
}
j-10IQRADXNWY8V step s-0602566XOR30UH58KPR is PENDING
j-10IQRADXNWY8V step s-0602566XOR30UH58KPR is PENDING
j-10IQRADXNWY8V step s-0602566XOR30UH58KPR is PENDING
j-10IQRADXNWY8V step s-0602566XOR30UH58KPR is PENDING
j-10IQRADXNWY8V step s-0602566XOR30UH58KPR is PENDING
j-10IQRADXNWY8V step s-0602566XOR30UH58KPR is PENDING
j-10IQRADXNWY8V step s-0602566XOR30UH58KPR is PENDING
j-10IQRADXNWY8V step s-0602566XOR30UH58KPR is RUNNING
j-10IQRADXNWY8V step s-0602566XOR30UH58KPR is RUNNING
j-10IQRADXNWY8V step s-0602566XOR30UH58KPR is COMPLETED
j-10IQRADXNWY8V cluster is TERMINATING
j-10IQRADXNWY8V cluster is TERMINATING
j-10IQRADXNWY8V cluster is TERMINATED
Saved memory-heavy 100MB m5.xlarge x 2 runtime=0.9724 min cost=$0.0065; cluster=TERMINATED
Starting 100MB memory-heavy on m5.xlarge x 4 in ap-south-1
{
  "JobFlowId": "j-F475AAYBPXQU",
  "ClusterArn": "arn:aws:elasticmapreduce:ap-south-1:435097195936:cluster/j-F475AAYBPXQU",
  "ResponseMetadata": {
    "RequestId": "49014aca-c752-4a1e-84e0-bf92193a8cbc",
    "HTTPStatusCode": 200,
    "HTTPHeaders": {
      "x-amzn-requestid": "49014aca-c752-4a1e-84e0-bf92193a8cbc",
      "content-type": "application/x-amz-json-1.1",
      "content-length": "117",
      "date": "Wed, 22 Jul 2026 21:09:57 GMT"
    },
    "RetryAttempts": 0
  }
}
j-F475AAYBPXQU step s-07040193AA7SBLFMBL2D is PENDING
j-F475AAYBPXQU step s-07040193AA7SBLFMBL2D is PENDING
j-F475AAYBPXQU step s-07040193AA7SBLFMBL2D is PENDING
j-F475AAYBPXQU step s-07040193AA7SBLFMBL2D is PENDING
j-F475AAYBPXQU step s-07040193AA7SBLFMBL2D is PENDING
j-F475AAYBPXQU step s-07040193AA7SBLFMBL2D is PENDING
j-F475AAYBPXQU step s-07040193AA7SBLFMBL2D is PENDING
j-F475AAYBPXQU step s-07040193AA7SBLFMBL2D is PENDING
j-F475AAYBPXQU step s-07040193AA7SBLFMBL2D is RUNNING
j-F475AAYBPXQU step s-07040193AA7SBLFMBL2D is RUNNING
j-F475AAYBPXQU step s-07040193AA7SBLFMBL2D is COMPLETED
j-F475AAYBPXQU cluster is TERMINATING
j-F475AAYBPXQU cluster is TERMINATING
j-F475AAYBPXQU cluster is TERMINATED
Saved memory-heavy 100MB m5.xlarge x 4 runtime=1.1070 min cost=$0.0149; cluster=TERMINATED
Starting 100MB io-heavy on m5.xlarge x 2 in ap-south-1
{
  "JobFlowId": "j-2T7PG995XS5U9",
  "ClusterArn": "arn:aws:elasticmapreduce:ap-south-1:435097195936:cluster/j-2T7PG995XS5U9",
  "ResponseMetadata": {
    "RequestId": "bdeebd0c-0525-46ef-b29b-696f656f12ff",
    "HTTPStatusCode": 200,
    "HTTPHeaders": {
      "x-amzn-requestid": "bdeebd0c-0525-46ef-b29b-696f656f12ff",
      "content-type": "application/x-amz-json-1.1",
      "content-length": "119",
      "date": "Wed, 22 Jul 2026 21:16:01 GMT"
    },
    "RetryAttempts": 0
  }
}
j-2T7PG995XS5U9 step s-0169560NW3YWYLM30GZ is PENDING
j-2T7PG995XS5U9 step s-0169560NW3YWYLM30GZ is PENDING
j-2T7PG995XS5U9 step s-0169560NW3YWYLM30GZ is PENDING
j-2T7PG995XS5U9 step s-0169560NW3YWYLM30GZ is PENDING
j-2T7PG995XS5U9 step s-0169560NW3YWYLM30GZ is PENDING
j-2T7PG995XS5U9 step s-0169560NW3YWYLM30GZ is PENDING
j-2T7PG995XS5U9 step s-0169560NW3YWYLM30GZ is PENDING
j-2T7PG995XS5U9 step s-0169560NW3YWYLM30GZ is RUNNING
j-2T7PG995XS5U9 step s-0169560NW3YWYLM30GZ is RUNNING
j-2T7PG995XS5U9 step s-0169560NW3YWYLM30GZ is COMPLETED
j-2T7PG995XS5U9 cluster is TERMINATING
j-2T7PG995XS5U9 cluster is TERMINATED
Saved io-heavy 100MB m5.xlarge x 2 runtime=0.9737 min cost=$0.0066; cluster=TERMINATED
Starting 100MB io-heavy on m5.xlarge x 4 in ap-south-1
{
  "JobFlowId": "j-IIMZLR7B34R2",
  "ClusterArn": "arn:aws:elasticmapreduce:ap-south-1:435097195936:cluster/j-IIMZLR7B34R2",
  "ResponseMetadata": {
    "RequestId": "7141e544-94cd-489d-8ac5-a019e0d32a06",
    "HTTPStatusCode": 200,
    "HTTPHeaders": {
      "x-amzn-requestid": "7141e544-94cd-489d-8ac5-a019e0d32a06",
      "content-type": "application/x-amz-json-1.1",
      "content-length": "117",
      "date": "Wed, 22 Jul 2026 21:21:05 GMT"
    },
    "RetryAttempts": 0
  }
}
j-IIMZLR7B34R2 step s-03724343EBISPIBRN4OF is PENDING
j-IIMZLR7B34R2 step s-03724343EBISPIBRN4OF is PENDING
j-IIMZLR7B34R2 step s-03724343EBISPIBRN4OF is PENDING
j-IIMZLR7B34R2 step s-03724343EBISPIBRN4OF is PENDING
j-IIMZLR7B34R2 step s-03724343EBISPIBRN4OF is PENDING
j-IIMZLR7B34R2 step s-03724343EBISPIBRN4OF is PENDING
j-IIMZLR7B34R2 step s-03724343EBISPIBRN4OF is PENDING
j-IIMZLR7B34R2 step s-03724343EBISPIBRN4OF is RUNNING
j-IIMZLR7B34R2 step s-03724343EBISPIBRN4OF is RUNNING
j-IIMZLR7B34R2 step s-03724343EBISPIBRN4OF is COMPLETED
j-IIMZLR7B34R2 cluster is TERMINATING
j-IIMZLR7B34R2 cluster is TERMINATING
j-IIMZLR7B34R2 cluster is TERMINATING
j-IIMZLR7B34R2 cluster is TERMINATED
Saved io-heavy 100MB m5.xlarge x 4 runtime=1.1401 min cost=$0.0154; cluster=TERMINATED
Starting 500MB cpu-heavy on m5.xlarge x 2 in ap-south-1
{
  "JobFlowId": "j-2MW5AZ8S7UNE6",
  "ClusterArn": "arn:aws:elasticmapreduce:ap-south-1:435097195936:cluster/j-2MW5AZ8S7UNE6",
  "ResponseMetadata": {
    "RequestId": "3a520cbf-ab8d-49c8-81ef-45c73a4eb5a3",
    "HTTPStatusCode": 200,
    "HTTPHeaders": {
      "x-amzn-requestid": "3a520cbf-ab8d-49c8-81ef-45c73a4eb5a3",
      "content-type": "application/x-amz-json-1.1",
      "content-length": "119",
      "date": "Wed, 22 Jul 2026 21:27:11 GMT"
    },
    "RetryAttempts": 0
  }
}
j-2MW5AZ8S7UNE6 step s-09536761JHOTJZWGXF7B is PENDING
j-2MW5AZ8S7UNE6 step s-09536761JHOTJZWGXF7B is PENDING
j-2MW5AZ8S7UNE6 step s-09536761JHOTJZWGXF7B is PENDING
j-2MW5AZ8S7UNE6 step s-09536761JHOTJZWGXF7B is PENDING
j-2MW5AZ8S7UNE6 step s-09536761JHOTJZWGXF7B is PENDING
j-2MW5AZ8S7UNE6 step s-09536761JHOTJZWGXF7B is PENDING
j-2MW5AZ8S7UNE6 step s-09536761JHOTJZWGXF7B is PENDING
j-2MW5AZ8S7UNE6 step s-09536761JHOTJZWGXF7B is RUNNING
j-2MW5AZ8S7UNE6 step s-09536761JHOTJZWGXF7B is RUNNING
j-2MW5AZ8S7UNE6 step s-09536761JHOTJZWGXF7B is RUNNING
j-2MW5AZ8S7UNE6 step s-09536761JHOTJZWGXF7B is COMPLETED
j-2MW5AZ8S7UNE6 cluster is TERMINATING
j-2MW5AZ8S7UNE6 cluster is TERMINATING
j-2MW5AZ8S7UNE6 cluster is TERMINATED
Saved cpu-heavy 500MB m5.xlarge x 2 runtime=1.4396 min cost=$0.0097; cluster=TERMINATED
Starting 500MB cpu-heavy on m5.xlarge x 4 in ap-south-1
{
  "JobFlowId": "j-UKGH8UVYS5J8",
  "ClusterArn": "arn:aws:elasticmapreduce:ap-south-1:435097195936:cluster/j-UKGH8UVYS5J8",
  "ResponseMetadata": {
    "RequestId": "194eb4c9-3a83-4c8e-894a-466a30e68ea1",
    "HTTPStatusCode": 200,
    "HTTPHeaders": {
      "x-amzn-requestid": "194eb4c9-3a83-4c8e-894a-466a30e68ea1",
      "content-type": "application/x-amz-json-1.1",
      "content-length": "117",
      "date": "Wed, 22 Jul 2026 21:33:15 GMT"
    },
    "RetryAttempts": 0
  }
}
j-UKGH8UVYS5J8 step s-09278881EID8OEIXCM3E is PENDING
j-UKGH8UVYS5J8 step s-09278881EID8OEIXCM3E is PENDING
j-UKGH8UVYS5J8 step s-09278881EID8OEIXCM3E is PENDING
j-UKGH8UVYS5J8 step s-09278881EID8OEIXCM3E is PENDING
j-UKGH8UVYS5J8 step s-09278881EID8OEIXCM3E is PENDING
j-UKGH8UVYS5J8 step s-09278881EID8OEIXCM3E is PENDING
j-UKGH8UVYS5J8 step s-09278881EID8OEIXCM3E is PENDING
j-UKGH8UVYS5J8 step s-09278881EID8OEIXCM3E is RUNNING
j-UKGH8UVYS5J8 step s-09278881EID8OEIXCM3E is RUNNING
j-UKGH8UVYS5J8 step s-09278881EID8OEIXCM3E is RUNNING
j-UKGH8UVYS5J8 step s-09278881EID8OEIXCM3E is COMPLETED
j-UKGH8UVYS5J8 cluster is TERMINATING
j-UKGH8UVYS5J8 cluster is TERMINATING
j-UKGH8UVYS5J8 cluster is TERMINATED
Saved cpu-heavy 500MB m5.xlarge x 4 runtime=1.3086 min cost=$0.0176; cluster=TERMINATED
Starting 500MB memory-heavy on m5.xlarge x 2 in ap-south-1
{
  "JobFlowId": "j-1TQKKI0GDO54Q",
  "ClusterArn": "arn:aws:elasticmapreduce:ap-south-1:435097195936:cluster/j-1TQKKI0GDO54Q",
  "ResponseMetadata": {
    "RequestId": "2b687fcf-0bbb-4c56-b629-ec5334bce769",
    "HTTPStatusCode": 200,
    "HTTPHeaders": {
      "x-amzn-requestid": "2b687fcf-0bbb-4c56-b629-ec5334bce769",
      "content-type": "application/x-amz-json-1.1",
      "content-length": "119",
      "date": "Wed, 22 Jul 2026 21:39:21 GMT"
    },
    "RetryAttempts": 0
  }
}
j-1TQKKI0GDO54Q step s-02718992Y8ODFD1OBI4F is PENDING
j-1TQKKI0GDO54Q step s-02718992Y8ODFD1OBI4F is PENDING
j-1TQKKI0GDO54Q step s-02718992Y8ODFD1OBI4F is PENDING
j-1TQKKI0GDO54Q step s-02718992Y8ODFD1OBI4F is PENDING
j-1TQKKI0GDO54Q step s-02718992Y8ODFD1OBI4F is PENDING
j-1TQKKI0GDO54Q step s-02718992Y8ODFD1OBI4F is PENDING
j-1TQKKI0GDO54Q step s-02718992Y8ODFD1OBI4F is PENDING
j-1TQKKI0GDO54Q step s-02718992Y8ODFD1OBI4F is RUNNING
j-1TQKKI0GDO54Q step s-02718992Y8ODFD1OBI4F is RUNNING
j-1TQKKI0GDO54Q step s-02718992Y8ODFD1OBI4F is RUNNING
j-1TQKKI0GDO54Q step s-02718992Y8ODFD1OBI4F is COMPLETED
j-1TQKKI0GDO54Q cluster is TERMINATING
j-1TQKKI0GDO54Q cluster is TERMINATING
j-1TQKKI0GDO54Q cluster is TERMINATED
Saved memory-heavy 500MB m5.xlarge x 2 runtime=1.3065 min cost=$0.0088; cluster=TERMINATED
Starting 500MB memory-heavy on m5.xlarge x 4 in ap-south-1
{
  "JobFlowId": "j-242W8PDJ43RZY",
  "ClusterArn": "arn:aws:elasticmapreduce:ap-south-1:435097195936:cluster/j-242W8PDJ43RZY",
  "ResponseMetadata": {
    "RequestId": "bacefa76-88ed-4199-a399-b69b9f8c716c",
    "HTTPStatusCode": 200,
    "HTTPHeaders": {
      "x-amzn-requestid": "bacefa76-88ed-4199-a399-b69b9f8c716c",
      "content-type": "application/x-amz-json-1.1",
      "content-length": "119",
      "date": "Wed, 22 Jul 2026 21:45:27 GMT"
    },
    "RetryAttempts": 0
  }
}
j-242W8PDJ43RZY step s-0976697MT7XUG7K16AW is PENDING
j-242W8PDJ43RZY step s-0976697MT7XUG7K16AW is PENDING
j-242W8PDJ43RZY step s-0976697MT7XUG7K16AW is PENDING
j-242W8PDJ43RZY step s-0976697MT7XUG7K16AW is PENDING
j-242W8PDJ43RZY step s-0976697MT7XUG7K16AW is PENDING
j-242W8PDJ43RZY step s-0976697MT7XUG7K16AW is PENDING
j-242W8PDJ43RZY step s-0976697MT7XUG7K16AW is PENDING
j-242W8PDJ43RZY step s-0976697MT7XUG7K16AW is RUNNING
j-242W8PDJ43RZY step s-0976697MT7XUG7K16AW is RUNNING
j-242W8PDJ43RZY step s-0976697MT7XUG7K16AW is COMPLETED
j-242W8PDJ43RZY cluster is TERMINATING
j-242W8PDJ43RZY cluster is TERMINATING
j-242W8PDJ43RZY cluster is TERMINATING
j-242W8PDJ43RZY cluster is TERMINATED
Saved memory-heavy 500MB m5.xlarge x 4 runtime=1.3060 min cost=$0.0176; cluster=TERMINATED
Starting 500MB io-heavy on m5.xlarge x 2 in ap-south-1
{
  "JobFlowId": "j-32TLZ6F93VDCW",
  "ClusterArn": "arn:aws:elasticmapreduce:ap-south-1:435097195936:cluster/j-32TLZ6F93VDCW",
  "ResponseMetadata": {
    "RequestId": "931658bb-de4b-410b-b03a-72b7d46bf0de",
    "HTTPStatusCode": 200,
    "HTTPHeaders": {
      "x-amzn-requestid": "931658bb-de4b-410b-b03a-72b7d46bf0de",
      "content-type": "application/x-amz-json-1.1",
      "content-length": "119",
      "date": "Wed, 22 Jul 2026 21:51:35 GMT"
    },
    "RetryAttempts": 0
  }
}
j-32TLZ6F93VDCW step s-0372553VMHDARPASSS7 is PENDING
j-32TLZ6F93VDCW step s-0372553VMHDARPASSS7 is PENDING
j-32TLZ6F93VDCW step s-0372553VMHDARPASSS7 is PENDING
j-32TLZ6F93VDCW step s-0372553VMHDARPASSS7 is PENDING
j-32TLZ6F93VDCW step s-0372553VMHDARPASSS7 is PENDING
j-32TLZ6F93VDCW step s-0372553VMHDARPASSS7 is PENDING
j-32TLZ6F93VDCW step s-0372553VMHDARPASSS7 is PENDING
j-32TLZ6F93VDCW step s-0372553VMHDARPASSS7 is RUNNING
j-32TLZ6F93VDCW step s-0372553VMHDARPASSS7 is RUNNING
j-32TLZ6F93VDCW step s-0372553VMHDARPASSS7 is RUNNING
j-32TLZ6F93VDCW step s-0372553VMHDARPASSS7 is COMPLETED
j-32TLZ6F93VDCW cluster is TERMINATING
j-32TLZ6F93VDCW cluster is TERMINATING
j-32TLZ6F93VDCW cluster is TERMINATED
Saved io-heavy 500MB m5.xlarge x 2 runtime=1.4062 min cost=$0.0095; cluster=TERMINATED
Starting 500MB io-heavy on m5.xlarge x 4 in ap-south-1
{
  "JobFlowId": "j-31NICETG7GMXY",
  "ClusterArn": "arn:aws:elasticmapreduce:ap-south-1:435097195936:cluster/j-31NICETG7GMXY",
  "ResponseMetadata": {
    "RequestId": "318c7dd6-e1c1-44c6-89ac-fc2c1337d2b6",
    "HTTPStatusCode": 200,
    "HTTPHeaders": {
      "x-amzn-requestid": "318c7dd6-e1c1-44c6-89ac-fc2c1337d2b6",
      "content-type": "application/x-amz-json-1.1",
      "content-length": "119",
      "date": "Wed, 22 Jul 2026 21:57:40 GMT"
    },
    "RetryAttempts": 0
  }
}
j-31NICETG7GMXY step s-03967443FYMLSXKQAIQI is PENDING
j-31NICETG7GMXY step s-03967443FYMLSXKQAIQI is PENDING
j-31NICETG7GMXY step s-03967443FYMLSXKQAIQI is PENDING
j-31NICETG7GMXY step s-03967443FYMLSXKQAIQI is PENDING
j-31NICETG7GMXY step s-03967443FYMLSXKQAIQI is PENDING
j-31NICETG7GMXY step s-03967443FYMLSXKQAIQI is PENDING
j-31NICETG7GMXY step s-03967443FYMLSXKQAIQI is PENDING
j-31NICETG7GMXY step s-03967443FYMLSXKQAIQI is RUNNING
j-31NICETG7GMXY step s-03967443FYMLSXKQAIQI is RUNNING
j-31NICETG7GMXY step s-03967443FYMLSXKQAIQI is RUNNING
j-31NICETG7GMXY step s-03967443FYMLSXKQAIQI is COMPLETED
j-31NICETG7GMXY cluster is TERMINATING
j-31NICETG7GMXY cluster is TERMINATING
j-31NICETG7GMXY cluster is TERMINATED
Saved io-heavy 500MB m5.xlarge x 4 runtime=1.4107 min cost=$0.0190; cluster=TERMINATED
Starting 1024MB cpu-heavy on m5.xlarge x 2 in ap-south-1
{
  "JobFlowId": "j-213QYU5GNRR85",
  "ClusterArn": "arn:aws:elasticmapreduce:ap-south-1:435097195936:cluster/j-213QYU5GNRR85",
  "ResponseMetadata": {
    "RequestId": "5f8a6b54-1fdc-499e-a976-2f24479e98b5",
    "HTTPStatusCode": 200,
    "HTTPHeaders": {
      "x-amzn-requestid": "5f8a6b54-1fdc-499e-a976-2f24479e98b5",
      "content-type": "application/x-amz-json-1.1",
      "content-length": "119",
      "date": "Wed, 22 Jul 2026 22:03:45 GMT"
    },
    "RetryAttempts": 0
  }
}
j-213QYU5GNRR85 step s-1002044YFDXRE1AW5NM is PENDING
j-213QYU5GNRR85 step s-1002044YFDXRE1AW5NM is PENDING
j-213QYU5GNRR85 step s-1002044YFDXRE1AW5NM is PENDING
j-213QYU5GNRR85 step s-1002044YFDXRE1AW5NM is PENDING
j-213QYU5GNRR85 step s-1002044YFDXRE1AW5NM is PENDING
j-213QYU5GNRR85 step s-1002044YFDXRE1AW5NM is PENDING
j-213QYU5GNRR85 step s-1002044YFDXRE1AW5NM is PENDING
j-213QYU5GNRR85 step s-1002044YFDXRE1AW5NM is RUNNING
j-213QYU5GNRR85 step s-1002044YFDXRE1AW5NM is RUNNING
j-213QYU5GNRR85 step s-1002044YFDXRE1AW5NM is RUNNING
j-213QYU5GNRR85 step s-1002044YFDXRE1AW5NM is COMPLETED
j-213QYU5GNRR85 cluster is TERMINATING
j-213QYU5GNRR85 cluster is TERMINATING
j-213QYU5GNRR85 cluster is TERMINATING
j-213QYU5GNRR85 cluster is TERMINATED
Saved cpu-heavy 1024MB m5.xlarge x 2 runtime=1.8073 min cost=$0.0122; cluster=TERMINATED
Starting 1024MB cpu-heavy on m5.xlarge x 4 in ap-south-1
{
  "JobFlowId": "j-D76HS3339VYK",
  "ClusterArn": "arn:aws:elasticmapreduce:ap-south-1:435097195936:cluster/j-D76HS3339VYK",
  "ResponseMetadata": {
    "RequestId": "de54a873-5ffc-4867-9439-4a8fe7601548",
    "HTTPStatusCode": 200,
    "HTTPHeaders": {
      "x-amzn-requestid": "de54a873-5ffc-4867-9439-4a8fe7601548",
      "content-type": "application/x-amz-json-1.1",
      "content-length": "117",
      "date": "Wed, 22 Jul 2026 22:10:21 GMT"
    },
    "RetryAttempts": 0
  }
}
j-D76HS3339VYK step s-055058930T6JJDPLSQRJ is PENDING
j-D76HS3339VYK step s-055058930T6JJDPLSQRJ is PENDING
j-D76HS3339VYK step s-055058930T6JJDPLSQRJ is PENDING
j-D76HS3339VYK step s-055058930T6JJDPLSQRJ is PENDING
j-D76HS3339VYK step s-055058930T6JJDPLSQRJ is PENDING
j-D76HS3339VYK step s-055058930T6JJDPLSQRJ is PENDING
j-D76HS3339VYK step s-055058930T6JJDPLSQRJ is PENDING
j-D76HS3339VYK step s-055058930T6JJDPLSQRJ is RUNNING
j-D76HS3339VYK step s-055058930T6JJDPLSQRJ is RUNNING
j-D76HS3339VYK step s-055058930T6JJDPLSQRJ is RUNNING
j-D76HS3339VYK step s-055058930T6JJDPLSQRJ is COMPLETED
j-D76HS3339VYK cluster is TERMINATING
j-D76HS3339VYK cluster is TERMINATING
j-D76HS3339VYK cluster is TERMINATED
Saved cpu-heavy 1024MB m5.xlarge x 4 runtime=1.4406 min cost=$0.0194; cluster=TERMINATED
Starting 1024MB memory-heavy on m5.xlarge x 2 in ap-south-1
{
  "JobFlowId": "j-2LDDM4L2IEN57",
  "ClusterArn": "arn:aws:elasticmapreduce:ap-south-1:435097195936:cluster/j-2LDDM4L2IEN57",
  "ResponseMetadata": {
    "RequestId": "f94a655e-7311-4cd1-8c81-5e2b2acd99a6",
    "HTTPStatusCode": 200,
    "HTTPHeaders": {
      "x-amzn-requestid": "f94a655e-7311-4cd1-8c81-5e2b2acd99a6",
      "content-type": "application/x-amz-json-1.1",
      "content-length": "119",
      "date": "Wed, 22 Jul 2026 22:16:26 GMT"
    },
    "RetryAttempts": 0
  }
}
j-2LDDM4L2IEN57 step s-06024841C8WKZDDZ373A is PENDING
j-2LDDM4L2IEN57 step s-06024841C8WKZDDZ373A is PENDING
j-2LDDM4L2IEN57 step s-06024841C8WKZDDZ373A is PENDING
j-2LDDM4L2IEN57 step s-06024841C8WKZDDZ373A is PENDING
j-2LDDM4L2IEN57 step s-06024841C8WKZDDZ373A is PENDING
j-2LDDM4L2IEN57 step s-06024841C8WKZDDZ373A is PENDING
j-2LDDM4L2IEN57 step s-06024841C8WKZDDZ373A is PENDING
j-2LDDM4L2IEN57 step s-06024841C8WKZDDZ373A is PENDING
j-2LDDM4L2IEN57 step s-06024841C8WKZDDZ373A is RUNNING
j-2LDDM4L2IEN57 step s-06024841C8WKZDDZ373A is RUNNING
j-2LDDM4L2IEN57 step s-06024841C8WKZDDZ373A is RUNNING
j-2LDDM4L2IEN57 step s-06024841C8WKZDDZ373A is RUNNING
j-2LDDM4L2IEN57 step s-06024841C8WKZDDZ373A is COMPLETED
j-2LDDM4L2IEN57 cluster is TERMINATING
j-2LDDM4L2IEN57 cluster is TERMINATING
j-2LDDM4L2IEN57 cluster is TERMINATED
Saved memory-heavy 1024MB m5.xlarge x 2 runtime=1.8070 min cost=$0.0122; cluster=TERMINATED
Starting 1024MB memory-heavy on m5.xlarge x 4 in ap-south-1
{
  "JobFlowId": "j-HXSAQ7XGFRX8",
  "ClusterArn": "arn:aws:elasticmapreduce:ap-south-1:435097195936:cluster/j-HXSAQ7XGFRX8",
  "ResponseMetadata": {
    "RequestId": "5d1977f0-ac99-43f6-9a47-bf679173431c",
    "HTTPStatusCode": 200,
    "HTTPHeaders": {
      "x-amzn-requestid": "5d1977f0-ac99-43f6-9a47-bf679173431c",
      "content-type": "application/x-amz-json-1.1",
      "content-length": "117",
      "date": "Wed, 22 Jul 2026 22:23:31 GMT"
    },
    "RetryAttempts": 0
  }
}
j-HXSAQ7XGFRX8 step s-03705821PG9ZSWUU26D6 is PENDING
j-HXSAQ7XGFRX8 step s-03705821PG9ZSWUU26D6 is PENDING
j-HXSAQ7XGFRX8 step s-03705821PG9ZSWUU26D6 is PENDING
j-HXSAQ7XGFRX8 step s-03705821PG9ZSWUU26D6 is PENDING
j-HXSAQ7XGFRX8 step s-03705821PG9ZSWUU26D6 is PENDING
j-HXSAQ7XGFRX8 step s-03705821PG9ZSWUU26D6 is PENDING
j-HXSAQ7XGFRX8 step s-03705821PG9ZSWUU26D6 is PENDING
j-HXSAQ7XGFRX8 step s-03705821PG9ZSWUU26D6 is RUNNING
j-HXSAQ7XGFRX8 step s-03705821PG9ZSWUU26D6 is RUNNING
j-HXSAQ7XGFRX8 step s-03705821PG9ZSWUU26D6 is RUNNING
j-HXSAQ7XGFRX8 step s-03705821PG9ZSWUU26D6 is COMPLETED
j-HXSAQ7XGFRX8 cluster is TERMINATING
j-HXSAQ7XGFRX8 cluster is TERMINATING
j-HXSAQ7XGFRX8 cluster is TERMINATED
Saved memory-heavy 1024MB m5.xlarge x 4 runtime=1.4408 min cost=$0.0194; cluster=TERMINATED
Starting 1024MB io-heavy on m5.xlarge x 2 in ap-south-1
{
  "JobFlowId": "j-VMQXM7Q5XMSU",
  "ClusterArn": "arn:aws:elasticmapreduce:ap-south-1:435097195936:cluster/j-VMQXM7Q5XMSU",
  "ResponseMetadata": {
    "RequestId": "848c4f94-5050-4cae-ab24-c61c64dc0bc2",
    "HTTPStatusCode": 200,
    "HTTPHeaders": {
      "x-amzn-requestid": "848c4f94-5050-4cae-ab24-c61c64dc0bc2",
      "content-type": "application/x-amz-json-1.1",
      "content-length": "117",
      "date": "Wed, 22 Jul 2026 22:29:36 GMT"
    },
    "RetryAttempts": 0
  }
}
j-VMQXM7Q5XMSU step s-027753611KA7GYDSL8FU is PENDING
j-VMQXM7Q5XMSU step s-027753611KA7GYDSL8FU is PENDING
j-VMQXM7Q5XMSU step s-027753611KA7GYDSL8FU is PENDING
j-VMQXM7Q5XMSU step s-027753611KA7GYDSL8FU is PENDING
j-VMQXM7Q5XMSU step s-027753611KA7GYDSL8FU is PENDING
j-VMQXM7Q5XMSU step s-027753611KA7GYDSL8FU is PENDING
j-VMQXM7Q5XMSU step s-027753611KA7GYDSL8FU is PENDING
j-VMQXM7Q5XMSU step s-027753611KA7GYDSL8FU is PENDING
j-VMQXM7Q5XMSU step s-027753611KA7GYDSL8FU is RUNNING
j-VMQXM7Q5XMSU step s-027753611KA7GYDSL8FU is RUNNING
j-VMQXM7Q5XMSU step s-027753611KA7GYDSL8FU is RUNNING
j-VMQXM7Q5XMSU step s-027753611KA7GYDSL8FU is COMPLETED
j-VMQXM7Q5XMSU cluster is TERMINATING
j-VMQXM7Q5XMSU cluster is TERMINATING
j-VMQXM7Q5XMSU cluster is TERMINATED
Saved io-heavy 1024MB m5.xlarge x 2 runtime=2.0403 min cost=$0.0137; cluster=TERMINATED
Starting 1024MB io-heavy on m5.xlarge x 4 in ap-south-1
{
  "JobFlowId": "j-21ZE3JJ2YQFAN",
  "ClusterArn": "arn:aws:elasticmapreduce:ap-south-1:435097195936:cluster/j-21ZE3JJ2YQFAN",
  "ResponseMetadata": {
    "RequestId": "d69c8e03-e76b-4ec0-83bc-4262ab1c470c",
    "HTTPStatusCode": 200,
    "HTTPHeaders": {
      "x-amzn-requestid": "d69c8e03-e76b-4ec0-83bc-4262ab1c470c",
      "content-type": "application/x-amz-json-1.1",
      "content-length": "119",
      "date": "Wed, 22 Jul 2026 22:36:11 GMT"
    },
    "RetryAttempts": 0
  }
}
j-21ZE3JJ2YQFAN step s-05550321P669PDP1G9QB is PENDING
j-21ZE3JJ2YQFAN step s-05550321P669PDP1G9QB is PENDING
j-21ZE3JJ2YQFAN step s-05550321P669PDP1G9QB is PENDING
j-21ZE3JJ2YQFAN step s-05550321P669PDP1G9QB is PENDING
j-21ZE3JJ2YQFAN step s-05550321P669PDP1G9QB is PENDING
j-21ZE3JJ2YQFAN step s-05550321P669PDP1G9QB is PENDING
j-21ZE3JJ2YQFAN step s-05550321P669PDP1G9QB is PENDING
j-21ZE3JJ2YQFAN step s-05550321P669PDP1G9QB is RUNNING
j-21ZE3JJ2YQFAN step s-05550321P669PDP1G9QB is RUNNING
j-21ZE3JJ2YQFAN step s-05550321P669PDP1G9QB is RUNNING
j-21ZE3JJ2YQFAN step s-05550321P669PDP1G9QB is COMPLETED
j-21ZE3JJ2YQFAN cluster is TERMINATING
j-21ZE3JJ2YQFAN cluster is TERMINATING
j-21ZE3JJ2YQFAN cluster is TERMINATED
Saved io-heavy 1024MB m5.xlarge x 4 runtime=1.6059 min cost=$0.0216; cluster=TERMINATED
Starting 2048MB cpu-heavy on m5.xlarge x 2 in ap-south-1
{
  "JobFlowId": "j-3ROB8CK419SC4",
  "ClusterArn": "arn:aws:elasticmapreduce:ap-south-1:435097195936:cluster/j-3ROB8CK419SC4",
  "ResponseMetadata": {
    "RequestId": "dab7fe52-a26a-45e2-af6c-e19b98c8c59c",
    "HTTPStatusCode": 200,
    "HTTPHeaders": {
      "x-amzn-requestid": "dab7fe52-a26a-45e2-af6c-e19b98c8c59c",
      "content-type": "application/x-amz-json-1.1",
      "content-length": "119",
      "date": "Wed, 22 Jul 2026 22:42:15 GMT"
    },
    "RetryAttempts": 0
  }
}
j-3ROB8CK419SC4 step s-09343013L9DY1ZWDIN10 is PENDING
j-3ROB8CK419SC4 step s-09343013L9DY1ZWDIN10 is PENDING
j-3ROB8CK419SC4 step s-09343013L9DY1ZWDIN10 is PENDING
j-3ROB8CK419SC4 step s-09343013L9DY1ZWDIN10 is PENDING
j-3ROB8CK419SC4 step s-09343013L9DY1ZWDIN10 is PENDING
j-3ROB8CK419SC4 step s-09343013L9DY1ZWDIN10 is PENDING
j-3ROB8CK419SC4 step s-09343013L9DY1ZWDIN10 is PENDING
j-3ROB8CK419SC4 step s-09343013L9DY1ZWDIN10 is RUNNING
j-3ROB8CK419SC4 step s-09343013L9DY1ZWDIN10 is RUNNING
j-3ROB8CK419SC4 step s-09343013L9DY1ZWDIN10 is RUNNING
j-3ROB8CK419SC4 step s-09343013L9DY1ZWDIN10 is RUNNING
j-3ROB8CK419SC4 step s-09343013L9DY1ZWDIN10 is RUNNING
j-3ROB8CK419SC4 step s-09343013L9DY1ZWDIN10 is COMPLETED
j-3ROB8CK419SC4 cluster is TERMINATING
j-3ROB8CK419SC4 cluster is TERMINATING
j-3ROB8CK419SC4 cluster is TERMINATED
Saved cpu-heavy 2048MB m5.xlarge x 2 runtime=2.6077 min cost=$0.0176; cluster=TERMINATED
Starting 2048MB cpu-heavy on m5.xlarge x 4 in ap-south-1
{
  "JobFlowId": "j-3LMV8OPR1EIFK",
  "ClusterArn": "arn:aws:elasticmapreduce:ap-south-1:435097195936:cluster/j-3LMV8OPR1EIFK",
  "ResponseMetadata": {
    "RequestId": "b01d13f4-9285-4e8d-9c21-16c668624242",
    "HTTPStatusCode": 200,
    "HTTPHeaders": {
      "x-amzn-requestid": "b01d13f4-9285-4e8d-9c21-16c668624242",
      "content-type": "application/x-amz-json-1.1",
      "content-length": "119",
      "date": "Wed, 22 Jul 2026 22:49:21 GMT"
    },
    "RetryAttempts": 0
  }
}
j-3LMV8OPR1EIFK step s-07727522A49ISQTWXGFE is PENDING
j-3LMV8OPR1EIFK step s-07727522A49ISQTWXGFE is PENDING
j-3LMV8OPR1EIFK step s-07727522A49ISQTWXGFE is PENDING
j-3LMV8OPR1EIFK step s-07727522A49ISQTWXGFE is PENDING
j-3LMV8OPR1EIFK step s-07727522A49ISQTWXGFE is PENDING
j-3LMV8OPR1EIFK step s-07727522A49ISQTWXGFE is PENDING
j-3LMV8OPR1EIFK step s-07727522A49ISQTWXGFE is PENDING
j-3LMV8OPR1EIFK step s-07727522A49ISQTWXGFE is RUNNING
j-3LMV8OPR1EIFK step s-07727522A49ISQTWXGFE is RUNNING
j-3LMV8OPR1EIFK step s-07727522A49ISQTWXGFE is RUNNING
j-3LMV8OPR1EIFK step s-07727522A49ISQTWXGFE is RUNNING
j-3LMV8OPR1EIFK step s-07727522A49ISQTWXGFE is COMPLETED
j-3LMV8OPR1EIFK cluster is TERMINATING
j-3LMV8OPR1EIFK cluster is TERMINATING
j-3LMV8OPR1EIFK cluster is TERMINATED
Saved cpu-heavy 2048MB m5.xlarge x 4 runtime=1.9057 min cost=$0.0257; cluster=TERMINATED
Starting 2048MB memory-heavy on m5.xlarge x 2 in ap-south-1
{
  "JobFlowId": "j-2CC76WQ2Y1N4G",
  "ClusterArn": "arn:aws:elasticmapreduce:ap-south-1:435097195936:cluster/j-2CC76WQ2Y1N4G",
  "ResponseMetadata": {
    "RequestId": "1ecb220a-c7de-4097-87e6-0bee8504ca31",
    "HTTPStatusCode": 200,
    "HTTPHeaders": {
      "x-amzn-requestid": "1ecb220a-c7de-4097-87e6-0bee8504ca31",
      "content-type": "application/x-amz-json-1.1",
      "content-length": "119",
      "date": "Wed, 22 Jul 2026 22:55:57 GMT"
    },
    "RetryAttempts": 0
  }
}
j-2CC76WQ2Y1N4G step s-0827659TILP7RMOZ2QS is PENDING
j-2CC76WQ2Y1N4G step s-0827659TILP7RMOZ2QS is PENDING
j-2CC76WQ2Y1N4G step s-0827659TILP7RMOZ2QS is PENDING
j-2CC76WQ2Y1N4G step s-0827659TILP7RMOZ2QS is PENDING
j-2CC76WQ2Y1N4G step s-0827659TILP7RMOZ2QS is PENDING
j-2CC76WQ2Y1N4G step s-0827659TILP7RMOZ2QS is PENDING
j-2CC76WQ2Y1N4G step s-0827659TILP7RMOZ2QS is PENDING
j-2CC76WQ2Y1N4G step s-0827659TILP7RMOZ2QS is RUNNING
j-2CC76WQ2Y1N4G step s-0827659TILP7RMOZ2QS is RUNNING
j-2CC76WQ2Y1N4G step s-0827659TILP7RMOZ2QS is RUNNING
j-2CC76WQ2Y1N4G step s-0827659TILP7RMOZ2QS is RUNNING
j-2CC76WQ2Y1N4G step s-0827659TILP7RMOZ2QS is RUNNING
j-2CC76WQ2Y1N4G step s-0827659TILP7RMOZ2QS is RUNNING
j-2CC76WQ2Y1N4G step s-0827659TILP7RMOZ2QS is COMPLETED
j-2CC76WQ2Y1N4G cluster is TERMINATING
j-2CC76WQ2Y1N4G cluster is TERMINATED
Saved memory-heavy 2048MB m5.xlarge x 2 runtime=2.7403 min cost=$0.0185; cluster=TERMINATED
Starting 2048MB memory-heavy on m5.xlarge x 4 in ap-south-1
{
  "JobFlowId": "j-3D48QO9T3LSY9",
  "ClusterArn": "arn:aws:elasticmapreduce:ap-south-1:435097195936:cluster/j-3D48QO9T3LSY9",
  "ResponseMetadata": {
    "RequestId": "8c2253ab-2d6f-443c-aae9-9352b33bd1ff",
    "HTTPStatusCode": 200,
    "HTTPHeaders": {
      "x-amzn-requestid": "8c2253ab-2d6f-443c-aae9-9352b33bd1ff",
      "content-type": "application/x-amz-json-1.1",
      "content-length": "119",
      "date": "Wed, 22 Jul 2026 23:03:02 GMT"
    },
    "RetryAttempts": 0
  }
}
j-3D48QO9T3LSY9 step s-091589313WT887UPFMPM is PENDING
j-3D48QO9T3LSY9 step s-091589313WT887UPFMPM is PENDING
j-3D48QO9T3LSY9 step s-091589313WT887UPFMPM is PENDING
j-3D48QO9T3LSY9 step s-091589313WT887UPFMPM is PENDING
j-3D48QO9T3LSY9 step s-091589313WT887UPFMPM is PENDING
j-3D48QO9T3LSY9 step s-091589313WT887UPFMPM is PENDING
j-3D48QO9T3LSY9 step s-091589313WT887UPFMPM is PENDING
j-3D48QO9T3LSY9 step s-091589313WT887UPFMPM is PENDING
j-3D48QO9T3LSY9 step s-091589313WT887UPFMPM is RUNNING
j-3D48QO9T3LSY9 step s-091589313WT887UPFMPM is RUNNING
j-3D48QO9T3LSY9 step s-091589313WT887UPFMPM is RUNNING
j-3D48QO9T3LSY9 step s-091589313WT887UPFMPM is RUNNING
j-3D48QO9T3LSY9 step s-091589313WT887UPFMPM is COMPLETED
j-3D48QO9T3LSY9 cluster is TERMINATING
j-3D48QO9T3LSY9 cluster is TERMINATED
Saved memory-heavy 2048MB m5.xlarge x 4 runtime=1.9397 min cost=$0.0261; cluster=TERMINATED
Starting 2048MB io-heavy on m5.xlarge x 2 in ap-south-1
{
  "JobFlowId": "j-VM7X6V92P97R",
  "ClusterArn": "arn:aws:elasticmapreduce:ap-south-1:435097195936:cluster/j-VM7X6V92P97R",
  "ResponseMetadata": {
    "RequestId": "79c8c672-aced-4c08-b861-a002becc7fe5",
    "HTTPStatusCode": 200,
    "HTTPHeaders": {
      "x-amzn-requestid": "79c8c672-aced-4c08-b861-a002becc7fe5",
      "content-type": "application/x-amz-json-1.1",
      "content-length": "117",
      "date": "Wed, 22 Jul 2026 23:09:36 GMT"
    },
    "RetryAttempts": 0
  }
}
j-VM7X6V92P97R step s-0348591165JDXTVMOERQ is PENDING
j-VM7X6V92P97R step s-0348591165JDXTVMOERQ is PENDING
j-VM7X6V92P97R step s-0348591165JDXTVMOERQ is PENDING
j-VM7X6V92P97R step s-0348591165JDXTVMOERQ is PENDING
j-VM7X6V92P97R step s-0348591165JDXTVMOERQ is PENDING
j-VM7X6V92P97R step s-0348591165JDXTVMOERQ is PENDING
j-VM7X6V92P97R step s-0348591165JDXTVMOERQ is PENDING
j-VM7X6V92P97R step s-0348591165JDXTVMOERQ is RUNNING
j-VM7X6V92P97R step s-0348591165JDXTVMOERQ is RUNNING
j-VM7X6V92P97R step s-0348591165JDXTVMOERQ is RUNNING
j-VM7X6V92P97R step s-0348591165JDXTVMOERQ is RUNNING
j-VM7X6V92P97R step s-0348591165JDXTVMOERQ is RUNNING
j-VM7X6V92P97R step s-0348591165JDXTVMOERQ is RUNNING
j-VM7X6V92P97R step s-0348591165JDXTVMOERQ is COMPLETED
j-VM7X6V92P97R cluster is TERMINATING
j-VM7X6V92P97R cluster is TERMINATING
j-VM7X6V92P97R cluster is TERMINATING
j-VM7X6V92P97R cluster is TERMINATED
Saved io-heavy 2048MB m5.xlarge x 2 runtime=3.1065 min cost=$0.0209; cluster=TERMINATED
Starting 2048MB io-heavy on m5.xlarge x 4 in ap-south-1
{
  "JobFlowId": "j-30C9OFSVMGVBT",
  "ClusterArn": "arn:aws:elasticmapreduce:ap-south-1:435097195936:cluster/j-30C9OFSVMGVBT",
  "ResponseMetadata": {
    "RequestId": "dc688745-1c41-4bc5-9c75-233cb6e92958",
    "HTTPStatusCode": 200,
    "HTTPHeaders": {
      "x-amzn-requestid": "dc688745-1c41-4bc5-9c75-233cb6e92958",
      "content-type": "application/x-amz-json-1.1",
      "content-length": "119",
      "date": "Wed, 22 Jul 2026 23:17:42 GMT"
    },
    "RetryAttempts": 0
  }
}
j-30C9OFSVMGVBT step s-037137917V0U7T5LGOR7 is PENDING
j-30C9OFSVMGVBT step s-037137917V0U7T5LGOR7 is PENDING
j-30C9OFSVMGVBT step s-037137917V0U7T5LGOR7 is PENDING
j-30C9OFSVMGVBT step s-037137917V0U7T5LGOR7 is PENDING
j-30C9OFSVMGVBT step s-037137917V0U7T5LGOR7 is PENDING
j-30C9OFSVMGVBT step s-037137917V0U7T5LGOR7 is PENDING
j-30C9OFSVMGVBT step s-037137917V0U7T5LGOR7 is PENDING
j-30C9OFSVMGVBT step s-037137917V0U7T5LGOR7 is RUNNING
j-30C9OFSVMGVBT step s-037137917V0U7T5LGOR7 is RUNNING
j-30C9OFSVMGVBT step s-037137917V0U7T5LGOR7 is RUNNING
j-30C9OFSVMGVBT step s-037137917V0U7T5LGOR7 is RUNNING
j-30C9OFSVMGVBT step s-037137917V0U7T5LGOR7 is COMPLETED
j-30C9OFSVMGVBT cluster is TERMINATING
j-30C9OFSVMGVBT cluster is TERMINATING
j-30C9OFSVMGVBT cluster is TERMINATED
Saved io-heavy 2048MB m5.xlarge x 4 runtime=2.1728 min cost=$0.0293; cluster=TERMINATED
Starting 3072MB cpu-heavy on m5.xlarge x 2 in ap-south-1
{
  "JobFlowId": "j-3CYMOQBFKJ60V",
  "ClusterArn": "arn:aws:elasticmapreduce:ap-south-1:435097195936:cluster/j-3CYMOQBFKJ60V",
  "ResponseMetadata": {
    "RequestId": "6dbdf5c2-04c8-4a1c-afa0-00827adff56a",
    "HTTPStatusCode": 200,
    "HTTPHeaders": {
      "x-amzn-requestid": "6dbdf5c2-04c8-4a1c-afa0-00827adff56a",
      "content-type": "application/x-amz-json-1.1",
      "content-length": "119",
      "date": "Wed, 22 Jul 2026 23:24:17 GMT"
    },
    "RetryAttempts": 0
  }
}
j-3CYMOQBFKJ60V step s-0559909BFGN7GOKD1C5 is PENDING
j-3CYMOQBFKJ60V step s-0559909BFGN7GOKD1C5 is PENDING
j-3CYMOQBFKJ60V step s-0559909BFGN7GOKD1C5 is PENDING
j-3CYMOQBFKJ60V step s-0559909BFGN7GOKD1C5 is PENDING
j-3CYMOQBFKJ60V step s-0559909BFGN7GOKD1C5 is PENDING
j-3CYMOQBFKJ60V step s-0559909BFGN7GOKD1C5 is PENDING
j-3CYMOQBFKJ60V step s-0559909BFGN7GOKD1C5 is PENDING
j-3CYMOQBFKJ60V step s-0559909BFGN7GOKD1C5 is RUNNING
j-3CYMOQBFKJ60V step s-0559909BFGN7GOKD1C5 is RUNNING
j-3CYMOQBFKJ60V step s-0559909BFGN7GOKD1C5 is RUNNING
j-3CYMOQBFKJ60V step s-0559909BFGN7GOKD1C5 is RUNNING
j-3CYMOQBFKJ60V step s-0559909BFGN7GOKD1C5 is RUNNING
j-3CYMOQBFKJ60V step s-0559909BFGN7GOKD1C5 is RUNNING
j-3CYMOQBFKJ60V step s-0559909BFGN7GOKD1C5 is RUNNING
j-3CYMOQBFKJ60V step s-0559909BFGN7GOKD1C5 is COMPLETED
j-3CYMOQBFKJ60V cluster is TERMINATING
j-3CYMOQBFKJ60V cluster is TERMINATING
j-3CYMOQBFKJ60V cluster is TERMINATED
Saved cpu-heavy 3072MB m5.xlarge x 2 runtime=3.5730 min cost=$0.0241; cluster=TERMINATED
Starting 3072MB cpu-heavy on m5.xlarge x 4 in ap-south-1
{
  "JobFlowId": "j-5ZEPNVZGBJQB",
  "ClusterArn": "arn:aws:elasticmapreduce:ap-south-1:435097195936:cluster/j-5ZEPNVZGBJQB",
  "ResponseMetadata": {
    "RequestId": "ced6ca90-665e-4eea-b0f7-ea8c47845ef8",
    "HTTPStatusCode": 200,
    "HTTPHeaders": {
      "x-amzn-requestid": "ced6ca90-665e-4eea-b0f7-ea8c47845ef8",
      "content-type": "application/x-amz-json-1.1",
      "content-length": "117",
      "date": "Wed, 22 Jul 2026 23:32:23 GMT"
    },
    "RetryAttempts": 0
  }
}
j-5ZEPNVZGBJQB step s-0944174WHAOLSQZXGRS is PENDING
j-5ZEPNVZGBJQB step s-0944174WHAOLSQZXGRS is PENDING
j-5ZEPNVZGBJQB step s-0944174WHAOLSQZXGRS is PENDING
j-5ZEPNVZGBJQB step s-0944174WHAOLSQZXGRS is PENDING
j-5ZEPNVZGBJQB step s-0944174WHAOLSQZXGRS is PENDING
j-5ZEPNVZGBJQB step s-0944174WHAOLSQZXGRS is PENDING
j-5ZEPNVZGBJQB step s-0944174WHAOLSQZXGRS is PENDING
j-5ZEPNVZGBJQB step s-0944174WHAOLSQZXGRS is RUNNING
j-5ZEPNVZGBJQB step s-0944174WHAOLSQZXGRS is RUNNING
j-5ZEPNVZGBJQB step s-0944174WHAOLSQZXGRS is RUNNING
j-5ZEPNVZGBJQB step s-0944174WHAOLSQZXGRS is RUNNING
j-5ZEPNVZGBJQB step s-0944174WHAOLSQZXGRS is RUNNING
j-5ZEPNVZGBJQB step s-0944174WHAOLSQZXGRS is COMPLETED
j-5ZEPNVZGBJQB cluster is TERMINATING
j-5ZEPNVZGBJQB cluster is TERMINATING
j-5ZEPNVZGBJQB cluster is TERMINATED
Saved cpu-heavy 3072MB m5.xlarge x 4 runtime=2.2733 min cost=$0.0306; cluster=TERMINATED
Starting 3072MB memory-heavy on m5.xlarge x 2 in ap-south-1
{
  "JobFlowId": "j-LLK9TIP51JEA",
  "ClusterArn": "arn:aws:elasticmapreduce:ap-south-1:435097195936:cluster/j-LLK9TIP51JEA",
  "ResponseMetadata": {
    "RequestId": "8fab4611-1d41-406b-b1d8-86a16423bf5b",
    "HTTPStatusCode": 200,
    "HTTPHeaders": {
      "x-amzn-requestid": "8fab4611-1d41-406b-b1d8-86a16423bf5b",
      "content-type": "application/x-amz-json-1.1",
      "content-length": "117",
      "date": "Wed, 22 Jul 2026 23:39:28 GMT"
    },
    "RetryAttempts": 0
  }
}
j-LLK9TIP51JEA step s-055051734XMZZDGMH3YX is PENDING
j-LLK9TIP51JEA step s-055051734XMZZDGMH3YX is PENDING
j-LLK9TIP51JEA step s-055051734XMZZDGMH3YX is PENDING
j-LLK9TIP51JEA step s-055051734XMZZDGMH3YX is PENDING
j-LLK9TIP51JEA step s-055051734XMZZDGMH3YX is PENDING
j-LLK9TIP51JEA step s-055051734XMZZDGMH3YX is PENDING
j-LLK9TIP51JEA step s-055051734XMZZDGMH3YX is PENDING
j-LLK9TIP51JEA step s-055051734XMZZDGMH3YX is RUNNING
j-LLK9TIP51JEA step s-055051734XMZZDGMH3YX is RUNNING
j-LLK9TIP51JEA step s-055051734XMZZDGMH3YX is RUNNING
j-LLK9TIP51JEA step s-055051734XMZZDGMH3YX is RUNNING
j-LLK9TIP51JEA step s-055051734XMZZDGMH3YX is RUNNING
j-LLK9TIP51JEA step s-055051734XMZZDGMH3YX is RUNNING
j-LLK9TIP51JEA step s-055051734XMZZDGMH3YX is RUNNING
j-LLK9TIP51JEA step s-055051734XMZZDGMH3YX is RUNNING
j-LLK9TIP51JEA step s-055051734XMZZDGMH3YX is COMPLETED
j-LLK9TIP51JEA cluster is TERMINATING
j-LLK9TIP51JEA cluster is TERMINATED
Saved memory-heavy 3072MB m5.xlarge x 2 runtime=3.7732 min cost=$0.0254; cluster=TERMINATED
Starting 3072MB memory-heavy on m5.xlarge x 4 in ap-south-1
{
  "JobFlowId": "j-22GBO2UCG3I56",
  "ClusterArn": "arn:aws:elasticmapreduce:ap-south-1:435097195936:cluster/j-22GBO2UCG3I56",
  "ResponseMetadata": {
    "RequestId": "02265522-7910-4624-b654-4abd89b873aa",
    "HTTPStatusCode": 200,
    "HTTPHeaders": {
      "x-amzn-requestid": "02265522-7910-4624-b654-4abd89b873aa",
      "content-type": "application/x-amz-json-1.1",
      "content-length": "119",
      "date": "Wed, 22 Jul 2026 23:47:34 GMT"
    },
    "RetryAttempts": 0
  }
}
j-22GBO2UCG3I56 step s-037133327WB6HGBW21E is PENDING
j-22GBO2UCG3I56 step s-037133327WB6HGBW21E is PENDING
j-22GBO2UCG3I56 step s-037133327WB6HGBW21E is PENDING
j-22GBO2UCG3I56 step s-037133327WB6HGBW21E is PENDING
j-22GBO2UCG3I56 step s-037133327WB6HGBW21E is PENDING
j-22GBO2UCG3I56 step s-037133327WB6HGBW21E is PENDING
j-22GBO2UCG3I56 step s-037133327WB6HGBW21E is PENDING
j-22GBO2UCG3I56 step s-037133327WB6HGBW21E is PENDING
j-22GBO2UCG3I56 step s-037133327WB6HGBW21E is RUNNING
j-22GBO2UCG3I56 step s-037133327WB6HGBW21E is RUNNING
j-22GBO2UCG3I56 step s-037133327WB6HGBW21E is RUNNING
j-22GBO2UCG3I56 step s-037133327WB6HGBW21E is RUNNING
j-22GBO2UCG3I56 step s-037133327WB6HGBW21E is RUNNING
j-22GBO2UCG3I56 step s-037133327WB6HGBW21E is COMPLETED
j-22GBO2UCG3I56 cluster is TERMINATING
j-22GBO2UCG3I56 cluster is TERMINATING
j-22GBO2UCG3I56 cluster is TERMINATED
Saved memory-heavy 3072MB m5.xlarge x 4 runtime=2.4421 min cost=$0.0329; cluster=TERMINATED
Starting 3072MB io-heavy on m5.xlarge x 2 in ap-south-1
{
  "JobFlowId": "j-ELIU2FWJMAJZ",
  "ClusterArn": "arn:aws:elasticmapreduce:ap-south-1:435097195936:cluster/j-ELIU2FWJMAJZ",
  "ResponseMetadata": {
    "RequestId": "a3f0ead3-47d3-4e36-bc5a-d5ae04ef72f4",
    "HTTPStatusCode": 200,
    "HTTPHeaders": {
      "x-amzn-requestid": "a3f0ead3-47d3-4e36-bc5a-d5ae04ef72f4",
      "content-type": "application/x-amz-json-1.1",
      "content-length": "117",
      "date": "Wed, 22 Jul 2026 23:55:10 GMT"
    },
    "RetryAttempts": 0
  }
}
j-ELIU2FWJMAJZ step s-07979098F03Q11NNY6N is PENDING
j-ELIU2FWJMAJZ step s-07979098F03Q11NNY6N is PENDING
j-ELIU2FWJMAJZ step s-07979098F03Q11NNY6N is PENDING
j-ELIU2FWJMAJZ step s-07979098F03Q11NNY6N is PENDING
j-ELIU2FWJMAJZ step s-07979098F03Q11NNY6N is PENDING
j-ELIU2FWJMAJZ step s-07979098F03Q11NNY6N is PENDING
j-ELIU2FWJMAJZ step s-07979098F03Q11NNY6N is PENDING
j-ELIU2FWJMAJZ step s-07979098F03Q11NNY6N is RUNNING
j-ELIU2FWJMAJZ step s-07979098F03Q11NNY6N is RUNNING
j-ELIU2FWJMAJZ step s-07979098F03Q11NNY6N is RUNNING
j-ELIU2FWJMAJZ step s-07979098F03Q11NNY6N is RUNNING
j-ELIU2FWJMAJZ step s-07979098F03Q11NNY6N is RUNNING
j-ELIU2FWJMAJZ step s-07979098F03Q11NNY6N is RUNNING
j-ELIU2FWJMAJZ step s-07979098F03Q11NNY6N is RUNNING
j-ELIU2FWJMAJZ step s-07979098F03Q11NNY6N is RUNNING
j-ELIU2FWJMAJZ step s-07979098F03Q11NNY6N is RUNNING
j-ELIU2FWJMAJZ step s-07979098F03Q11NNY6N is COMPLETED
j-ELIU2FWJMAJZ cluster is TERMINATING
j-ELIU2FWJMAJZ cluster is TERMINATING
j-ELIU2FWJMAJZ cluster is TERMINATING
j-ELIU2FWJMAJZ cluster is TERMINATED
Saved io-heavy 3072MB m5.xlarge x 2 runtime=4.3396 min cost=$0.0292; cluster=TERMINATED
Starting 3072MB io-heavy on m5.xlarge x 4 in ap-south-1
{
  "JobFlowId": "j-2LHISPBPOD0P6",
  "ClusterArn": "arn:aws:elasticmapreduce:ap-south-1:435097195936:cluster/j-2LHISPBPOD0P6",
  "ResponseMetadata": {
    "RequestId": "c4b007a7-df30-4986-b2c1-c54654d2388d",
    "HTTPStatusCode": 200,
    "HTTPHeaders": {
      "x-amzn-requestid": "c4b007a7-df30-4986-b2c1-c54654d2388d",
      "content-type": "application/x-amz-json-1.1",
      "content-length": "119",
      "date": "Thu, 23 Jul 2026 00:04:47 GMT"
    },
    "RetryAttempts": 0
  }
}
j-2LHISPBPOD0P6 step s-03927653LR6D4SQ7ZJV2 is PENDING
j-2LHISPBPOD0P6 step s-03927653LR6D4SQ7ZJV2 is PENDING
j-2LHISPBPOD0P6 step s-03927653LR6D4SQ7ZJV2 is PENDING
j-2LHISPBPOD0P6 step s-03927653LR6D4SQ7ZJV2 is PENDING
j-2LHISPBPOD0P6 step s-03927653LR6D4SQ7ZJV2 is PENDING
j-2LHISPBPOD0P6 step s-03927653LR6D4SQ7ZJV2 is PENDING
j-2LHISPBPOD0P6 step s-03927653LR6D4SQ7ZJV2 is PENDING
j-2LHISPBPOD0P6 step s-03927653LR6D4SQ7ZJV2 is PENDING
j-2LHISPBPOD0P6 step s-03927653LR6D4SQ7ZJV2 is PENDING
j-2LHISPBPOD0P6 step s-03927653LR6D4SQ7ZJV2 is RUNNING
j-2LHISPBPOD0P6 step s-03927653LR6D4SQ7ZJV2 is RUNNING
j-2LHISPBPOD0P6 step s-03927653LR6D4SQ7ZJV2 is RUNNING
j-2LHISPBPOD0P6 step s-03927653LR6D4SQ7ZJV2 is RUNNING
j-2LHISPBPOD0P6 step s-03927653LR6D4SQ7ZJV2 is RUNNING
j-2LHISPBPOD0P6 step s-03927653LR6D4SQ7ZJV2 is COMPLETED
j-2LHISPBPOD0P6 cluster is TERMINATING
j-2LHISPBPOD0P6 cluster is TERMINATING
j-2LHISPBPOD0P6 cluster is TERMINATED
Saved io-heavy 3072MB m5.xlarge x 4 runtime=2.7067 min cost=$0.0365; cluster=TERMINATED
Starting 5120MB cpu-heavy on m5.xlarge x 2 in ap-south-1
{
  "JobFlowId": "j-ZX9COF83P318",
  "ClusterArn": "arn:aws:elasticmapreduce:ap-south-1:435097195936:cluster/j-ZX9COF83P318",
  "ResponseMetadata": {
    "RequestId": "0e4c2698-8552-419e-b960-c6edc215398e",
    "HTTPStatusCode": 200,
    "HTTPHeaders": {
      "x-amzn-requestid": "0e4c2698-8552-419e-b960-c6edc215398e",
      "content-type": "application/x-amz-json-1.1",
      "content-length": "117",
      "date": "Thu, 23 Jul 2026 00:12:53 GMT"
    },
    "RetryAttempts": 0
  }
}
j-ZX9COF83P318 step s-0349800280415XE1T32K is PENDING
j-ZX9COF83P318 step s-0349800280415XE1T32K is PENDING
j-ZX9COF83P318 step s-0349800280415XE1T32K is PENDING
j-ZX9COF83P318 step s-0349800280415XE1T32K is PENDING
j-ZX9COF83P318 step s-0349800280415XE1T32K is PENDING
j-ZX9COF83P318 step s-0349800280415XE1T32K is PENDING
j-ZX9COF83P318 step s-0349800280415XE1T32K is PENDING
j-ZX9COF83P318 step s-0349800280415XE1T32K is PENDING
j-ZX9COF83P318 step s-0349800280415XE1T32K is RUNNING
j-ZX9COF83P318 step s-0349800280415XE1T32K is RUNNING
j-ZX9COF83P318 step s-0349800280415XE1T32K is RUNNING
j-ZX9COF83P318 step s-0349800280415XE1T32K is RUNNING
j-ZX9COF83P318 step s-0349800280415XE1T32K is RUNNING
j-ZX9COF83P318 step s-0349800280415XE1T32K is RUNNING
j-ZX9COF83P318 step s-0349800280415XE1T32K is RUNNING
j-ZX9COF83P318 step s-0349800280415XE1T32K is RUNNING
j-ZX9COF83P318 step s-0349800280415XE1T32K is RUNNING
j-ZX9COF83P318 step s-0349800280415XE1T32K is RUNNING
j-ZX9COF83P318 step s-0349800280415XE1T32K is COMPLETED
j-ZX9COF83P318 cluster is TERMINATING
j-ZX9COF83P318 cluster is TERMINATED
Saved cpu-heavy 5120MB m5.xlarge x 2 runtime=5.3076 min cost=$0.0357; cluster=TERMINATED
Starting 5120MB cpu-heavy on m5.xlarge x 4 in ap-south-1
{
  "JobFlowId": "j-RAORN4UX1E0V",
  "ClusterArn": "arn:aws:elasticmapreduce:ap-south-1:435097195936:cluster/j-RAORN4UX1E0V",
  "ResponseMetadata": {
    "RequestId": "b34abb00-1dce-4c05-a458-e41e1dad1871",
    "HTTPStatusCode": 200,
    "HTTPHeaders": {
      "x-amzn-requestid": "b34abb00-1dce-4c05-a458-e41e1dad1871",
      "content-type": "application/x-amz-json-1.1",
      "content-length": "117",
      "date": "Thu, 23 Jul 2026 00:22:29 GMT"
    },
    "RetryAttempts": 0
  }
}
j-RAORN4UX1E0V step s-03725423KSWL2D9MHSI5 is PENDING
j-RAORN4UX1E0V step s-03725423KSWL2D9MHSI5 is PENDING
j-RAORN4UX1E0V step s-03725423KSWL2D9MHSI5 is PENDING
j-RAORN4UX1E0V step s-03725423KSWL2D9MHSI5 is PENDING
j-RAORN4UX1E0V step s-03725423KSWL2D9MHSI5 is PENDING
j-RAORN4UX1E0V step s-03725423KSWL2D9MHSI5 is PENDING
j-RAORN4UX1E0V step s-03725423KSWL2D9MHSI5 is PENDING
j-RAORN4UX1E0V step s-03725423KSWL2D9MHSI5 is RUNNING
j-RAORN4UX1E0V step s-03725423KSWL2D9MHSI5 is RUNNING
j-RAORN4UX1E0V step s-03725423KSWL2D9MHSI5 is RUNNING
j-RAORN4UX1E0V step s-03725423KSWL2D9MHSI5 is RUNNING
j-RAORN4UX1E0V step s-03725423KSWL2D9MHSI5 is RUNNING
j-RAORN4UX1E0V step s-03725423KSWL2D9MHSI5 is RUNNING
j-RAORN4UX1E0V step s-03725423KSWL2D9MHSI5 is COMPLETED
j-RAORN4UX1E0V cluster is TERMINATING
j-RAORN4UX1E0V cluster is TERMINATING
j-RAORN4UX1E0V cluster is TERMINATING
j-RAORN4UX1E0V cluster is TERMINATED
Saved cpu-heavy 5120MB m5.xlarge x 4 runtime=3.1059 min cost=$0.0418; cluster=TERMINATED
Starting 5120MB memory-heavy on m5.xlarge x 2 in ap-south-1
{
  "JobFlowId": "j-1BRKNXYKE45NA",
  "ClusterArn": "arn:aws:elasticmapreduce:ap-south-1:435097195936:cluster/j-1BRKNXYKE45NA",
  "ResponseMetadata": {
    "RequestId": "ec77df1d-424b-49b2-aa5c-9ae50fa80c2f",
    "HTTPStatusCode": 200,
    "HTTPHeaders": {
      "x-amzn-requestid": "ec77df1d-424b-49b2-aa5c-9ae50fa80c2f",
      "content-type": "application/x-amz-json-1.1",
      "content-length": "119",
      "date": "Thu, 23 Jul 2026 00:30:35 GMT"
    },
    "RetryAttempts": 0
  }
}
j-1BRKNXYKE45NA step s-01935422BVMHKBCFNMY1 is PENDING
j-1BRKNXYKE45NA step s-01935422BVMHKBCFNMY1 is PENDING
j-1BRKNXYKE45NA step s-01935422BVMHKBCFNMY1 is PENDING
j-1BRKNXYKE45NA step s-01935422BVMHKBCFNMY1 is PENDING
j-1BRKNXYKE45NA step s-01935422BVMHKBCFNMY1 is PENDING
j-1BRKNXYKE45NA step s-01935422BVMHKBCFNMY1 is PENDING
j-1BRKNXYKE45NA step s-01935422BVMHKBCFNMY1 is PENDING
j-1BRKNXYKE45NA step s-01935422BVMHKBCFNMY1 is PENDING
j-1BRKNXYKE45NA step s-01935422BVMHKBCFNMY1 is PENDING
j-1BRKNXYKE45NA step s-01935422BVMHKBCFNMY1 is RUNNING
j-1BRKNXYKE45NA step s-01935422BVMHKBCFNMY1 is RUNNING
j-1BRKNXYKE45NA step s-01935422BVMHKBCFNMY1 is RUNNING
j-1BRKNXYKE45NA step s-01935422BVMHKBCFNMY1 is RUNNING
j-1BRKNXYKE45NA step s-01935422BVMHKBCFNMY1 is RUNNING
j-1BRKNXYKE45NA step s-01935422BVMHKBCFNMY1 is RUNNING
j-1BRKNXYKE45NA step s-01935422BVMHKBCFNMY1 is RUNNING
j-1BRKNXYKE45NA step s-01935422BVMHKBCFNMY1 is RUNNING
j-1BRKNXYKE45NA step s-01935422BVMHKBCFNMY1 is RUNNING
j-1BRKNXYKE45NA step s-01935422BVMHKBCFNMY1 is RUNNING
j-1BRKNXYKE45NA step s-01935422BVMHKBCFNMY1 is RUNNING
j-1BRKNXYKE45NA step s-01935422BVMHKBCFNMY1 is COMPLETED
j-1BRKNXYKE45NA cluster is TERMINATING
j-1BRKNXYKE45NA cluster is TERMINATING
j-1BRKNXYKE45NA cluster is TERMINATED
Saved memory-heavy 5120MB m5.xlarge x 2 runtime=5.6062 min cost=$0.0377; cluster=TERMINATED
Starting 5120MB memory-heavy on m5.xlarge x 4 in ap-south-1
{
  "JobFlowId": "j-2FPP13H5X73GE",
  "ClusterArn": "arn:aws:elasticmapreduce:ap-south-1:435097195936:cluster/j-2FPP13H5X73GE",
  "ResponseMetadata": {
    "RequestId": "b4e477e6-4f8c-4c5a-b903-ecc370da7931",
    "HTTPStatusCode": 200,
    "HTTPHeaders": {
      "x-amzn-requestid": "b4e477e6-4f8c-4c5a-b903-ecc370da7931",
      "content-type": "application/x-amz-json-1.1",
      "content-length": "119",
      "date": "Thu, 23 Jul 2026 00:41:47 GMT"
    },
    "RetryAttempts": 0
  }
}
j-2FPP13H5X73GE step s-05290063VUA5RY2EHWYK is PENDING
j-2FPP13H5X73GE step s-05290063VUA5RY2EHWYK is PENDING
j-2FPP13H5X73GE step s-05290063VUA5RY2EHWYK is PENDING
j-2FPP13H5X73GE step s-05290063VUA5RY2EHWYK is PENDING
j-2FPP13H5X73GE step s-05290063VUA5RY2EHWYK is PENDING
j-2FPP13H5X73GE step s-05290063VUA5RY2EHWYK is PENDING
j-2FPP13H5X73GE step s-05290063VUA5RY2EHWYK is PENDING
j-2FPP13H5X73GE step s-05290063VUA5RY2EHWYK is RUNNING
j-2FPP13H5X73GE step s-05290063VUA5RY2EHWYK is RUNNING
j-2FPP13H5X73GE step s-05290063VUA5RY2EHWYK is RUNNING
j-2FPP13H5X73GE step s-05290063VUA5RY2EHWYK is RUNNING
j-2FPP13H5X73GE step s-05290063VUA5RY2EHWYK is RUNNING
j-2FPP13H5X73GE step s-05290063VUA5RY2EHWYK is RUNNING
j-2FPP13H5X73GE step s-05290063VUA5RY2EHWYK is COMPLETED
j-2FPP13H5X73GE cluster is TERMINATING
j-2FPP13H5X73GE cluster is TERMINATING
j-2FPP13H5X73GE cluster is TERMINATED
Saved memory-heavy 5120MB m5.xlarge x 4 runtime=3.2081 min cost=$0.0432; cluster=TERMINATED
Starting 5120MB io-heavy on m5.xlarge x 2 in ap-south-1
{
  "JobFlowId": "j-21ONYU09G4QRB",
  "ClusterArn": "arn:aws:elasticmapreduce:ap-south-1:435097195936:cluster/j-21ONYU09G4QRB",
  "ResponseMetadata": {
    "RequestId": "4f7b1819-ef0b-4f9d-8661-5fa0acca8f92",
    "HTTPStatusCode": 200,
    "HTTPHeaders": {
      "x-amzn-requestid": "4f7b1819-ef0b-4f9d-8661-5fa0acca8f92",
      "content-type": "application/x-amz-json-1.1",
      "content-length": "119",
      "date": "Thu, 23 Jul 2026 00:49:23 GMT"
    },
    "RetryAttempts": 0
  }
}
j-21ONYU09G4QRB step s-09978791KLAJY9H89EJL is PENDING
j-21ONYU09G4QRB step s-09978791KLAJY9H89EJL is PENDING
j-21ONYU09G4QRB step s-09978791KLAJY9H89EJL is PENDING
j-21ONYU09G4QRB step s-09978791KLAJY9H89EJL is PENDING
j-21ONYU09G4QRB step s-09978791KLAJY9H89EJL is PENDING
j-21ONYU09G4QRB step s-09978791KLAJY9H89EJL is PENDING
j-21ONYU09G4QRB step s-09978791KLAJY9H89EJL is PENDING
j-21ONYU09G4QRB step s-09978791KLAJY9H89EJL is RUNNING
j-21ONYU09G4QRB step s-09978791KLAJY9H89EJL is RUNNING
j-21ONYU09G4QRB step s-09978791KLAJY9H89EJL is RUNNING
j-21ONYU09G4QRB step s-09978791KLAJY9H89EJL is RUNNING
j-21ONYU09G4QRB step s-09978791KLAJY9H89EJL is RUNNING
j-21ONYU09G4QRB step s-09978791KLAJY9H89EJL is RUNNING
j-21ONYU09G4QRB step s-09978791KLAJY9H89EJL is RUNNING
j-21ONYU09G4QRB step s-09978791KLAJY9H89EJL is RUNNING
j-21ONYU09G4QRB step s-09978791KLAJY9H89EJL is RUNNING
j-21ONYU09G4QRB step s-09978791KLAJY9H89EJL is RUNNING
j-21ONYU09G4QRB step s-09978791KLAJY9H89EJL is RUNNING
j-21ONYU09G4QRB step s-09978791KLAJY9H89EJL is RUNNING
j-21ONYU09G4QRB step s-09978791KLAJY9H89EJL is RUNNING
j-21ONYU09G4QRB step s-09978791KLAJY9H89EJL is RUNNING
j-21ONYU09G4QRB step s-09978791KLAJY9H89EJL is COMPLETED
j-21ONYU09G4QRB cluster is TERMINATING
j-21ONYU09G4QRB cluster is TERMINATED
Saved io-heavy 5120MB m5.xlarge x 2 runtime=6.8406 min cost=$0.0461; cluster=TERMINATED
Starting 5120MB io-heavy on m5.xlarge x 4 in ap-south-1
{
  "JobFlowId": "j-1Y9HPGT6SCPC0",
  "ClusterArn": "arn:aws:elasticmapreduce:ap-south-1:435097195936:cluster/j-1Y9HPGT6SCPC0",
  "ResponseMetadata": {
    "RequestId": "acac8a3e-de20-4e2b-9ff7-62052803a84f",
    "HTTPStatusCode": 200,
    "HTTPHeaders": {
      "x-amzn-requestid": "acac8a3e-de20-4e2b-9ff7-62052803a84f",
      "content-type": "application/x-amz-json-1.1",
      "content-length": "119",
      "date": "Thu, 23 Jul 2026 01:00:31 GMT"
    },
    "RetryAttempts": 0
  }
}
j-1Y9HPGT6SCPC0 step s-02274621KZ51BI1TPBU1 is PENDING
j-1Y9HPGT6SCPC0 step s-02274621KZ51BI1TPBU1 is PENDING
j-1Y9HPGT6SCPC0 step s-02274621KZ51BI1TPBU1 is PENDING
j-1Y9HPGT6SCPC0 step s-02274621KZ51BI1TPBU1 is PENDING
j-1Y9HPGT6SCPC0 step s-02274621KZ51BI1TPBU1 is PENDING
j-1Y9HPGT6SCPC0 step s-02274621KZ51BI1TPBU1 is PENDING
j-1Y9HPGT6SCPC0 step s-02274621KZ51BI1TPBU1 is PENDING
j-1Y9HPGT6SCPC0 step s-02274621KZ51BI1TPBU1 is PENDING
j-1Y9HPGT6SCPC0 step s-02274621KZ51BI1TPBU1 is PENDING
j-1Y9HPGT6SCPC0 step s-02274621KZ51BI1TPBU1 is RUNNING
j-1Y9HPGT6SCPC0 step s-02274621KZ51BI1TPBU1 is RUNNING
j-1Y9HPGT6SCPC0 step s-02274621KZ51BI1TPBU1 is RUNNING
j-1Y9HPGT6SCPC0 step s-02274621KZ51BI1TPBU1 is RUNNING
j-1Y9HPGT6SCPC0 step s-02274621KZ51BI1TPBU1 is RUNNING
j-1Y9HPGT6SCPC0 step s-02274621KZ51BI1TPBU1 is RUNNING
j-1Y9HPGT6SCPC0 step s-02274621KZ51BI1TPBU1 is RUNNING
j-1Y9HPGT6SCPC0 step s-02274621KZ51BI1TPBU1 is RUNNING
j-1Y9HPGT6SCPC0 step s-02274621KZ51BI1TPBU1 is COMPLETED
j-1Y9HPGT6SCPC0 cluster is TERMINATING
j-1Y9HPGT6SCPC0 cluster is TERMINATING
j-1Y9HPGT6SCPC0 cluster is TERMINATING
j-1Y9HPGT6SCPC0 cluster is TERMINATED
Saved io-heavy 5120MB m5.xlarge x 4 runtime=4.1393 min cost=$0.0557; cluster=TERMINATED
Batch finished. Success CSV: data/performance/performance_dataset.csv
Failed experiments CSV: data/performance/failed_emr_experiments.csv
