Starting 10MB io-heavy on m5a.xlarge x 2 in ap-southeast-1
{
  "JobFlowId": "j-1Q8A5T0TJR7KB",
  "ClusterArn": "arn:aws:elasticmapreduce:ap-southeast-1:435097195936:cluster/j-1Q8A5T0TJR7KB",
  "ResponseMetadata": {
    "RequestId": "f57bbf9e-3da4-44a3-a826-ed77d88a079d",
    "HTTPStatusCode": 200,
    "HTTPHeaders": {
      "x-amzn-requestid": "f57bbf9e-3da4-44a3-a826-ed77d88a079d",
      "content-type": "application/x-amz-json-1.1",
      "content-length": "123",
      "date": "Fri, 24 Jul 2026 07:37:03 GMT"
    },
    "RetryAttempts": 0
  }
}
j-1Q8A5T0TJR7KB step s-06774603VEXGNE6KFKUI is PENDING
j-1Q8A5T0TJR7KB step s-06774603VEXGNE6KFKUI is CANCELLED
j-1Q8A5T0TJR7KB cluster is TERMINATED_WITH_ERRORS
STEP FAILED: j-1Q8A5T0TJR7KB s-06774603VEXGNE6KFKUI ended as CANCELLED: {'State': 'CANCELLED', 'StateChangeReason': {'Message': 'Cluster terminated'}, 'Timeline': {'CreationDateTime': datetime.datetime(2026, 7, 24, 13, 7, 3, 461000, tzinfo=tzlocal())}} | cluster_reason={'Code': 'VALIDATION_ERROR', 'Message': 'The subnet configuration was invalid: The subnet subnet-0790d25ecc4deae64 does not exist.'} | error_details=[]
Batch finished. Success CSV: data/performance/performance_dataset.csv
Failed experiments CSV: data/performance/failed_emr_experiments.csv
Starting 1024MB memory-heavy on m5a.xlarge x 2 in ap-southeast-1
{
  "JobFlowId": "j-2ZJ1A6TDRH64J",
  "ClusterArn": "arn:aws:elasticmapreduce:ap-southeast-1:435097195936:cluster/j-2ZJ1A6TDRH64J",
  "ResponseMetadata": {
    "RequestId": "98cba485-1cd0-40cf-9043-da847330f669",
    "HTTPStatusCode": 200,
    "HTTPHeaders": {
      "x-amzn-requestid": "98cba485-1cd0-40cf-9043-da847330f669",
      "content-type": "application/x-amz-json-1.1",
      "content-length": "123",
      "date": "Fri, 24 Jul 2026 07:37:37 GMT"
    },
    "RetryAttempts": 0
  }
}
j-2ZJ1A6TDRH64J step s-04049822NUDM2LJ4RW6N is PENDING
j-2ZJ1A6TDRH64J step s-04049822NUDM2LJ4RW6N is CANCELLED
j-2ZJ1A6TDRH64J cluster is TERMINATED_WITH_ERRORS
STEP FAILED: j-2ZJ1A6TDRH64J s-04049822NUDM2LJ4RW6N ended as CANCELLED: {'State': 'CANCELLED', 'StateChangeReason': {'Message': 'Cluster terminated'}, 'Timeline': {'CreationDateTime': datetime.datetime(2026, 7, 24, 13, 7, 37, 111000, tzinfo=tzlocal())}} | cluster_reason={'Code': 'VALIDATION_ERROR', 'Message': 'The subnet configuration was invalid: The subnet subnet-0790d25ecc4deae64 does not exist.'} | error_details=[]
Batch finished. Success CSV: data/performance/performance_dataset.csv
Failed experiments CSV: data/performance/failed_emr_experiments.csv
Starting 500MB cpu-heavy on m5a.xlarge x 4 in ap-southeast-1
{
  "JobFlowId": "j-2NJGUXJYERUF6",
  "ClusterArn": "arn:aws:elasticmapreduce:ap-southeast-1:435097195936:cluster/j-2NJGUXJYERUF6",
  "ResponseMetadata": {
    "RequestId": "16ae02e4-dc98-4a3b-a1cc-b1fefbaae459",
    "HTTPStatusCode": 200,
    "HTTPHeaders": {
      "x-amzn-requestid": "16ae02e4-dc98-4a3b-a1cc-b1fefbaae459",
      "content-type": "application/x-amz-json-1.1",
      "content-length": "123",
      "date": "Fri, 24 Jul 2026 07:38:09 GMT"
    },
    "RetryAttempts": 0
  }
}
j-2NJGUXJYERUF6 step s-09296483TR9BAD5YP53Q is PENDING
j-2NJGUXJYERUF6 step s-09296483TR9BAD5YP53Q is CANCELLED
j-2NJGUXJYERUF6 cluster is TERMINATED_WITH_ERRORS
STEP FAILED: j-2NJGUXJYERUF6 s-09296483TR9BAD5YP53Q ended as CANCELLED: {'State': 'CANCELLED', 'StateChangeReason': {'Message': 'Cluster terminated'}, 'Timeline': {'CreationDateTime': datetime.datetime(2026, 7, 24, 13, 8, 9, 765000, tzinfo=tzlocal())}} | cluster_reason={'Code': 'VALIDATION_ERROR', 'Message': 'The subnet configuration was invalid: The subnet subnet-0790d25ecc4deae64 does not exist.'} | error_details=[]
Batch finished. Success CSV: data/performance/performance_dataset.csv
Failed experiments CSV: data/performance/failed_emr_experiments.csv
Starting 10MB cpu-heavy on c5.xlarge x 4 in ap-southeast-1
{
  "JobFlowId": "j-2ZKMBQWKGVMRD",
  "ClusterArn": "arn:aws:elasticmapreduce:ap-southeast-1:435097195936:cluster/j-2ZKMBQWKGVMRD",
  "ResponseMetadata": {
    "RequestId": "0632c83c-5428-4b5a-aba1-fac9ae55ec58",
    "HTTPStatusCode": 200,
    "HTTPHeaders": {
      "x-amzn-requestid": "0632c83c-5428-4b5a-aba1-fac9ae55ec58",
      "content-type": "application/x-amz-json-1.1",
      "content-length": "123",
      "date": "Fri, 24 Jul 2026 07:42:50 GMT"
    },
    "RetryAttempts": 0
  }
}
j-2ZKMBQWKGVMRD step s-00057023U3GNBD55ZFAF is PENDING
j-2ZKMBQWKGVMRD step s-00057023U3GNBD55ZFAF is CANCELLED
j-2ZKMBQWKGVMRD cluster is TERMINATED_WITH_ERRORS
STEP FAILED: j-2ZKMBQWKGVMRD s-00057023U3GNBD55ZFAF ended as CANCELLED: {'State': 'CANCELLED', 'StateChangeReason': {'Message': 'Cluster terminated'}, 'Timeline': {'CreationDateTime': datetime.datetime(2026, 7, 24, 13, 12, 49, 907000, tzinfo=tzlocal())}} | cluster_reason={'Code': 'VALIDATION_ERROR', 'Message': 'The subnet configuration was invalid: The subnet subnet-0790d25ecc4deae64 does not exist.'} | error_details=[]
Batch finished. Success CSV: data/performance/performance_dataset.csv
Failed experiments CSV: data/performance/failed_emr_experiments.csv
Starting 100MB io-heavy on c5a.xlarge x 2 in ap-southeast-1
{
  "JobFlowId": "j-24HYU94DNVJFW",
  "ClusterArn": "arn:aws:elasticmapreduce:ap-southeast-1:435097195936:cluster/j-24HYU94DNVJFW",
  "ResponseMetadata": {
    "RequestId": "4964f1be-028c-414f-bf7f-95e09f20526c",
    "HTTPStatusCode": 200,
    "HTTPHeaders": {
      "x-amzn-requestid": "4964f1be-028c-414f-bf7f-95e09f20526c",
      "content-type": "application/x-amz-json-1.1",
      "content-length": "123",
      "date": "Fri, 24 Jul 2026 07:43:21 GMT"
    },
    "RetryAttempts": 0
  }
}
j-24HYU94DNVJFW step s-092950230G3IVJ4IANB1 is PENDING
j-24HYU94DNVJFW step s-092950230G3IVJ4IANB1 is CANCELLED
j-24HYU94DNVJFW cluster is TERMINATED_WITH_ERRORS
STEP FAILED: j-24HYU94DNVJFW s-092950230G3IVJ4IANB1 ended as CANCELLED: {'State': 'CANCELLED', 'StateChangeReason': {'Message': 'Cluster terminated'}, 'Timeline': {'CreationDateTime': datetime.datetime(2026, 7, 24, 13, 13, 21, 749000, tzinfo=tzlocal())}} | cluster_reason={'Code': 'VALIDATION_ERROR', 'Message': 'The subnet configuration was invalid: The subnet subnet-0790d25ecc4deae64 does not exist.'} | error_details=[]
Batch finished. Success CSV: data/performance/performance_dataset.csv
Failed experiments CSV: data/performance/failed_emr_experiments.csv
Starting 100MB memory-heavy on c6i.xlarge x 2 in ap-southeast-1
{
  "JobFlowId": "j-2S3XTJNQED3EO",
  "ClusterArn": "arn:aws:elasticmapreduce:ap-southeast-1:435097195936:cluster/j-2S3XTJNQED3EO",
  "ResponseMetadata": {
    "RequestId": "65229d5c-34b2-4739-b951-89b9d0acd1db",
    "HTTPStatusCode": 200,
    "HTTPHeaders": {
      "x-amzn-requestid": "65229d5c-34b2-4739-b951-89b9d0acd1db",
      "content-type": "application/x-amz-json-1.1",
      "content-length": "123",
      "date": "Fri, 24 Jul 2026 07:45:59 GMT"
    },
    "RetryAttempts": 0
  }
}
j-2S3XTJNQED3EO step s-01575602JYBSR6LWTS54 is PENDING
j-2S3XTJNQED3EO step s-01575602JYBSR6LWTS54 is CANCELLED
j-2S3XTJNQED3EO cluster is TERMINATED_WITH_ERRORS
STEP FAILED: j-2S3XTJNQED3EO s-01575602JYBSR6LWTS54 ended as CANCELLED: {'State': 'CANCELLED', 'StateChangeReason': {'Message': 'Cluster terminated'}, 'Timeline': {'CreationDateTime': datetime.datetime(2026, 7, 24, 13, 15, 59, 415000, tzinfo=tzlocal())}} | cluster_reason={'Code': 'VALIDATION_ERROR', 'Message': 'The subnet configuration was invalid: The subnet subnet-0790d25ecc4deae64 does not exist.'} | error_details=[]
Batch finished. Success CSV: data/performance/performance_dataset.csv
Failed experiments CSV: data/performance/failed_emr_experiments.csv
Starting 500MB io-heavy on c6i.xlarge x 2 in ap-southeast-1
{
  "JobFlowId": "j-SLUEPKDQDMD7",
  "ClusterArn": "arn:aws:elasticmapreduce:ap-southeast-1:435097195936:cluster/j-SLUEPKDQDMD7",
  "ResponseMetadata": {
    "RequestId": "8fd06f6e-f3c9-49bd-9dd0-398cf3973982",
    "HTTPStatusCode": 200,
    "HTTPHeaders": {
      "x-amzn-requestid": "8fd06f6e-f3c9-49bd-9dd0-398cf3973982",
      "content-type": "application/x-amz-json-1.1",
      "content-length": "121",
      "date": "Fri, 24 Jul 2026 07:52:42 GMT"
    },
    "RetryAttempts": 0
  }
}
j-SLUEPKDQDMD7 step s-04048032CK9L0ZTD9YKT is PENDING
j-SLUEPKDQDMD7 step s-04048032CK9L0ZTD9YKT is CANCELLED
j-SLUEPKDQDMD7 cluster is TERMINATED_WITH_ERRORS
STEP FAILED: j-SLUEPKDQDMD7 s-04048032CK9L0ZTD9YKT ended as CANCELLED: {'State': 'CANCELLED', 'StateChangeReason': {'Message': 'Cluster terminated'}, 'Timeline': {'CreationDateTime': datetime.datetime(2026, 7, 24, 13, 22, 42, 740000, tzinfo=tzlocal())}} | cluster_reason={'Code': 'VALIDATION_ERROR', 'Message': 'The subnet configuration was invalid: The subnet subnet-0790d25ecc4deae64 does not exist.'} | error_details=[]
Batch finished. Success CSV: data/performance/performance_dataset.csv
Failed experiments CSV: data/performance/failed_emr_experiments.csv
Starting 100MB io-heavy on m6i.xlarge x 2 in ap-southeast-1
{
  "JobFlowId": "j-3Q1ZWZMW9YP2",
  "ClusterArn": "arn:aws:elasticmapreduce:ap-southeast-1:435097195936:cluster/j-3Q1ZWZMW9YP2",
  "ResponseMetadata": {
    "RequestId": "2fb7136b-7cd4-4496-b8d0-9e5989e1cc37",
    "HTTPStatusCode": 200,
    "HTTPHeaders": {
      "x-amzn-requestid": "2fb7136b-7cd4-4496-b8d0-9e5989e1cc37",
      "content-type": "application/x-amz-json-1.1",
      "content-length": "121",
      "date": "Fri, 24 Jul 2026 07:53:14 GMT"
    },
    "RetryAttempts": 0
  }
}
j-3Q1ZWZMW9YP2 step s-06790171P9CO5WA9OZQY is PENDING
j-3Q1ZWZMW9YP2 step s-06790171P9CO5WA9OZQY is CANCELLED
j-3Q1ZWZMW9YP2 cluster is TERMINATED_WITH_ERRORS
STEP FAILED: j-3Q1ZWZMW9YP2 s-06790171P9CO5WA9OZQY ended as CANCELLED: {'State': 'CANCELLED', 'StateChangeReason': {'Message': 'Cluster terminated'}, 'Timeline': {'CreationDateTime': datetime.datetime(2026, 7, 24, 13, 23, 14, 555000, tzinfo=tzlocal())}} | cluster_reason={'Code': 'VALIDATION_ERROR', 'Message': 'The subnet configuration was invalid: The subnet subnet-0790d25ecc4deae64 does not exist.'} | error_details=[]
Batch finished. Success CSV: data/performance/performance_dataset.csv
Failed experiments CSV: data/performance/failed_emr_experiments.csv
Starting 100MB memory-heavy on c6i.xlarge x 2 in ap-southeast-1
{
  "JobFlowId": "j-141RRPZ95E219",
  "ClusterArn": "arn:aws:elasticmapreduce:ap-southeast-1:435097195936:cluster/j-141RRPZ95E219",
  "ResponseMetadata": {
    "RequestId": "fec40293-4734-49b6-8c54-d6ac09e7db64",
    "HTTPStatusCode": 200,
    "HTTPHeaders": {
      "x-amzn-requestid": "fec40293-4734-49b6-8c54-d6ac09e7db64",
      "content-type": "application/x-amz-json-1.1",
      "content-length": "123",
      "date": "Fri, 24 Jul 2026 08:08:47 GMT"
    },
    "RetryAttempts": 0
  }
}
j-141RRPZ95E219 step s-017750011AREK9B64NQI is PENDING
j-141RRPZ95E219 step s-017750011AREK9B64NQI is CANCELLED
j-141RRPZ95E219 cluster is TERMINATED_WITH_ERRORS
STEP FAILED: j-141RRPZ95E219 s-017750011AREK9B64NQI ended as CANCELLED: {'State': 'CANCELLED', 'StateChangeReason': {'Message': 'Cluster terminated'}, 'Timeline': {'CreationDateTime': datetime.datetime(2026, 7, 24, 13, 38, 47, 50000, tzinfo=tzlocal())}} | cluster_reason={'Code': 'VALIDATION_ERROR', 'Message': 'The subnet configuration was invalid: The subnet subnet-0790d25ecc4deae64 does not exist.'} | error_details=[]
Batch finished. Success CSV: data/performance/performance_dataset.csv
Failed experiments CSV: data/performance/failed_emr_experiments.csv
Starting 10MB io-heavy on m6i.xlarge x 4 in ap-southeast-1
{
  "JobFlowId": "j-370TKCKSPPPJL",
  "ClusterArn": "arn:aws:elasticmapreduce:ap-southeast-1:435097195936:cluster/j-370TKCKSPPPJL",
  "ResponseMetadata": {
    "RequestId": "96ca7fc3-ec5f-4bf1-994e-2058962d032c",
    "HTTPStatusCode": 200,
    "HTTPHeaders": {
      "x-amzn-requestid": "96ca7fc3-ec5f-4bf1-994e-2058962d032c",
      "content-type": "application/x-amz-json-1.1",
      "content-length": "123",
      "date": "Fri, 24 Jul 2026 08:09:19 GMT"
    },
    "RetryAttempts": 0
  }
}
j-370TKCKSPPPJL step s-09268082PNPZQ2CL5TJE is PENDING
j-370TKCKSPPPJL step s-09268082PNPZQ2CL5TJE is CANCELLED
j-370TKCKSPPPJL cluster is TERMINATED_WITH_ERRORS
STEP FAILED: j-370TKCKSPPPJL s-09268082PNPZQ2CL5TJE ended as CANCELLED: {'State': 'CANCELLED', 'StateChangeReason': {'Message': 'Cluster terminated'}, 'Timeline': {'CreationDateTime': datetime.datetime(2026, 7, 24, 13, 39, 19, 70000, tzinfo=tzlocal())}} | cluster_reason={'Code': 'VALIDATION_ERROR', 'Message': 'The subnet configuration was invalid: The subnet subnet-0790d25ecc4deae64 does not exist.'} | error_details=[]
Batch finished. Success CSV: data/performance/performance_dataset.csv
Failed experiments CSV: data/performance/failed_emr_experiments.csv
Starting 500MB memory-heavy on m6i.xlarge x 2 in ap-southeast-1
{
  "JobFlowId": "j-1R80ZYHQUAJWS",
  "ClusterArn": "arn:aws:elasticmapreduce:ap-southeast-1:435097195936:cluster/j-1R80ZYHQUAJWS",
  "ResponseMetadata": {
    "RequestId": "48cd8bfa-5924-4a2b-bc71-e499bee8f003",
    "HTTPStatusCode": 200,
    "HTTPHeaders": {
      "x-amzn-requestid": "48cd8bfa-5924-4a2b-bc71-e499bee8f003",
      "content-type": "application/x-amz-json-1.1",
      "content-length": "123",
      "date": "Fri, 24 Jul 2026 08:24:52 GMT"
    },
    "RetryAttempts": 0
  }
}
j-1R80ZYHQUAJWS step s-0167402JWY04M3T7Q8K is PENDING
j-1R80ZYHQUAJWS step s-0167402JWY04M3T7Q8K is CANCELLED
j-1R80ZYHQUAJWS cluster is TERMINATED_WITH_ERRORS
STEP FAILED: j-1R80ZYHQUAJWS s-0167402JWY04M3T7Q8K ended as CANCELLED: {'State': 'CANCELLED', 'StateChangeReason': {'Message': 'Cluster terminated'}, 'Timeline': {'CreationDateTime': datetime.datetime(2026, 7, 24, 13, 54, 52, 92000, tzinfo=tzlocal())}} | cluster_reason={'Code': 'VALIDATION_ERROR', 'Message': 'The subnet configuration was invalid: The subnet subnet-0790d25ecc4deae64 does not exist.'} | error_details=[]
Batch finished. Success CSV: data/performance/performance_dataset.csv
Failed experiments CSV: data/performance/failed_emr_experiments.csv
Starting 10MB cpu-heavy on m5.xlarge x 4 in ap-southeast-1
{
  "JobFlowId": "j-2WTAM5UXK0ML6",
  "ClusterArn": "arn:aws:elasticmapreduce:ap-southeast-1:435097195936:cluster/j-2WTAM5UXK0ML6",
  "ResponseMetadata": {
    "RequestId": "9e5c3353-8e3c-490d-989d-5c1d34a59e12",
    "HTTPStatusCode": 200,
    "HTTPHeaders": {
      "x-amzn-requestid": "9e5c3353-8e3c-490d-989d-5c1d34a59e12",
      "content-type": "application/x-amz-json-1.1",
      "content-length": "123",
      "date": "Fri, 24 Jul 2026 08:26:23 GMT"
    },
    "RetryAttempts": 0
  }
}
j-2WTAM5UXK0ML6 step s-09331961IIWAZNJRI8DP is PENDING
j-2WTAM5UXK0ML6 step s-09331961IIWAZNJRI8DP is CANCELLED
j-2WTAM5UXK0ML6 cluster is TERMINATED_WITH_ERRORS
STEP FAILED: j-2WTAM5UXK0ML6 s-09331961IIWAZNJRI8DP ended as CANCELLED: {'State': 'CANCELLED', 'StateChangeReason': {'Message': 'Cluster terminated'}, 'Timeline': {'CreationDateTime': datetime.datetime(2026, 7, 24, 13, 56, 23, 317000, tzinfo=tzlocal())}} | cluster_reason={'Code': 'VALIDATION_ERROR', 'Message': 'The subnet configuration was invalid: The subnet subnet-0790d25ecc4deae64 does not exist.'} | error_details=[]
Batch finished. Success CSV: data/performance/performance_dataset.csv
Failed experiments CSV: data/performance/failed_emr_experiments.csv
Starting 10MB io-heavy on c5a.xlarge x 2 in ap-southeast-1
{
  "JobFlowId": "j-1SA61E6UEU4AS",
  "ClusterArn": "arn:aws:elasticmapreduce:ap-southeast-1:435097195936:cluster/j-1SA61E6UEU4AS",
  "ResponseMetadata": {
    "RequestId": "1a3d576b-5922-4551-8ef6-d4bbca970fe0",
    "HTTPStatusCode": 200,
    "HTTPHeaders": {
      "x-amzn-requestid": "1a3d576b-5922-4551-8ef6-d4bbca970fe0",
      "content-type": "application/x-amz-json-1.1",
      "content-length": "123",
      "date": "Fri, 24 Jul 2026 08:41:57 GMT"
    },
    "RetryAttempts": 0
  }
}
j-1SA61E6UEU4AS step s-01727152VTVFN2NCX4YF is PENDING
j-1SA61E6UEU4AS step s-01727152VTVFN2NCX4YF is CANCELLED
j-1SA61E6UEU4AS cluster is TERMINATED_WITH_ERRORS
STEP FAILED: j-1SA61E6UEU4AS s-01727152VTVFN2NCX4YF ended as CANCELLED: {'State': 'CANCELLED', 'StateChangeReason': {'Message': 'Cluster terminated'}, 'Timeline': {'CreationDateTime': datetime.datetime(2026, 7, 24, 14, 11, 56, 879000, tzinfo=tzlocal())}} | cluster_reason={'Code': 'VALIDATION_ERROR', 'Message': 'The subnet configuration was invalid: The subnet subnet-0790d25ecc4deae64 does not exist.'} | error_details=[]
Batch finished. Success CSV: data/performance/performance_dataset.csv
Failed experiments CSV: data/performance/failed_emr_experiments.csv
Starting 10MB cpu-heavy on m6i.xlarge x 4 in ap-southeast-1
{
  "JobFlowId": "j-3UBKJD2T2L3RE",
  "ClusterArn": "arn:aws:elasticmapreduce:ap-southeast-1:435097195936:cluster/j-3UBKJD2T2L3RE",
  "ResponseMetadata": {
    "RequestId": "f088bbf7-2653-4c31-8537-d71282effafa",
    "HTTPStatusCode": 200,
    "HTTPHeaders": {
      "x-amzn-requestid": "f088bbf7-2653-4c31-8537-d71282effafa",
      "content-type": "application/x-amz-json-1.1",
      "content-length": "123",
      "date": "Fri, 24 Jul 2026 08:42:29 GMT"
    },
    "RetryAttempts": 0
  }
}
j-3UBKJD2T2L3RE step s-09266931579EMNVSQ8SP is PENDING
j-3UBKJD2T2L3RE step s-09266931579EMNVSQ8SP is CANCELLED
j-3UBKJD2T2L3RE cluster is TERMINATED_WITH_ERRORS
STEP FAILED: j-3UBKJD2T2L3RE s-09266931579EMNVSQ8SP ended as CANCELLED: {'State': 'CANCELLED', 'StateChangeReason': {'Message': 'Cluster terminated'}, 'Timeline': {'CreationDateTime': datetime.datetime(2026, 7, 24, 14, 12, 29, 277000, tzinfo=tzlocal())}} | cluster_reason={'Code': 'VALIDATION_ERROR', 'Message': 'The subnet configuration was invalid: The subnet subnet-0790d25ecc4deae64 does not exist.'} | error_details=[]
Batch finished. Success CSV: data/performance/performance_dataset.csv
Failed experiments CSV: data/performance/failed_emr_experiments.csv
Starting 100MB memory-heavy on m5.xlarge x 4 in ap-southeast-1
{
  "JobFlowId": "j-3TV13FMQX70AE",
  "ClusterArn": "arn:aws:elasticmapreduce:ap-southeast-1:435097195936:cluster/j-3TV13FMQX70AE",
  "ResponseMetadata": {
    "RequestId": "857abbc2-43e3-43d1-a173-2c1686a70ab6",
    "HTTPStatusCode": 200,
    "HTTPHeaders": {
      "x-amzn-requestid": "857abbc2-43e3-43d1-a173-2c1686a70ab6",
      "content-type": "application/x-amz-json-1.1",
      "content-length": "123",
      "date": "Fri, 24 Jul 2026 08:58:03 GMT"
    },
    "RetryAttempts": 0
  }
}
j-3TV13FMQX70AE step s-03976472UNNPE6W9Q456 is PENDING
j-3TV13FMQX70AE step s-03976472UNNPE6W9Q456 is CANCELLED
j-3TV13FMQX70AE cluster is TERMINATED_WITH_ERRORS
STEP FAILED: j-3TV13FMQX70AE s-03976472UNNPE6W9Q456 ended as CANCELLED: {'State': 'CANCELLED', 'StateChangeReason': {'Message': 'Cluster terminated'}, 'Timeline': {'CreationDateTime': datetime.datetime(2026, 7, 24, 14, 28, 2, 980000, tzinfo=tzlocal())}} | cluster_reason={'Code': 'VALIDATION_ERROR', 'Message': 'The subnet configuration was invalid: The subnet subnet-0790d25ecc4deae64 does not exist.'} | error_details=[]
Batch finished. Success CSV: data/performance/performance_dataset.csv
Failed experiments CSV: data/performance/failed_emr_experiments.csv
Starting 1024MB cpu-heavy on c5a.xlarge x 2 in ap-southeast-1
{
  "JobFlowId": "j-3FZZ64F25RGKA",
  "ClusterArn": "arn:aws:elasticmapreduce:ap-southeast-1:435097195936:cluster/j-3FZZ64F25RGKA",
  "ResponseMetadata": {
    "RequestId": "30686f58-3645-44db-a160-746cbdc8bc0f",
    "HTTPStatusCode": 200,
    "HTTPHeaders": {
      "x-amzn-requestid": "30686f58-3645-44db-a160-746cbdc8bc0f",
      "content-type": "application/x-amz-json-1.1",
      "content-length": "123",
      "date": "Fri, 24 Jul 2026 09:13:36 GMT"
    },
    "RetryAttempts": 0
  }
}
j-3FZZ64F25RGKA step s-0925795IEDSXGG696SG is PENDING
j-3FZZ64F25RGKA step s-0925795IEDSXGG696SG is CANCELLED
j-3FZZ64F25RGKA cluster is TERMINATED_WITH_ERRORS
STEP FAILED: j-3FZZ64F25RGKA s-0925795IEDSXGG696SG ended as CANCELLED: {'State': 'CANCELLED', 'StateChangeReason': {'Message': 'Cluster terminated'}, 'Timeline': {'CreationDateTime': datetime.datetime(2026, 7, 24, 14, 43, 36, 107000, tzinfo=tzlocal())}} | cluster_reason={'Code': 'VALIDATION_ERROR', 'Message': 'The subnet configuration was invalid: The subnet subnet-0790d25ecc4deae64 does not exist.'} | error_details=[]
Batch finished. Success CSV: data/performance/performance_dataset.csv
Failed experiments CSV: data/performance/failed_emr_experiments.csv
Starting 500MB cpu-heavy on m5.xlarge x 2 in ap-southeast-1
{
  "JobFlowId": "j-W04EAJMQ1H9K",
  "ClusterArn": "arn:aws:elasticmapreduce:ap-southeast-1:435097195936:cluster/j-W04EAJMQ1H9K",
  "ResponseMetadata": {
    "RequestId": "4f409c24-f582-4b99-ab98-67e0d3600d00",
    "HTTPStatusCode": 200,
    "HTTPHeaders": {
      "x-amzn-requestid": "4f409c24-f582-4b99-ab98-67e0d3600d00",
      "content-type": "application/x-amz-json-1.1",
      "content-length": "121",
      "date": "Fri, 24 Jul 2026 09:14:08 GMT"
    },
    "RetryAttempts": 0
  }
}
j-W04EAJMQ1H9K step s-0925794SVCX4A1OZDCA is PENDING
j-W04EAJMQ1H9K step s-0925794SVCX4A1OZDCA is CANCELLED
j-W04EAJMQ1H9K cluster is TERMINATED_WITH_ERRORS
STEP FAILED: j-W04EAJMQ1H9K s-0925794SVCX4A1OZDCA ended as CANCELLED: {'State': 'CANCELLED', 'StateChangeReason': {'Message': 'Cluster terminated'}, 'Timeline': {'CreationDateTime': datetime.datetime(2026, 7, 24, 14, 44, 8, 316000, tzinfo=tzlocal())}} | cluster_reason={'Code': 'VALIDATION_ERROR', 'Message': 'The subnet configuration was invalid: The subnet subnet-0790d25ecc4deae64 does not exist.'} | error_details=[]
Batch finished. Success CSV: data/performance/performance_dataset.csv
Failed experiments CSV: data/performance/failed_emr_experiments.csv
Starting 10MB cpu-heavy on c6i.xlarge x 4 in ap-southeast-1
{
  "JobFlowId": "j-33OEEHBOVCJ0I",
  "ClusterArn": "arn:aws:elasticmapreduce:ap-southeast-1:435097195936:cluster/j-33OEEHBOVCJ0I",
  "ResponseMetadata": {
    "RequestId": "5f54c426-30ed-4475-8dfc-1d915631c252",
    "HTTPStatusCode": 200,
    "HTTPHeaders": {
      "x-amzn-requestid": "5f54c426-30ed-4475-8dfc-1d915631c252",
      "content-type": "application/x-amz-json-1.1",
      "content-length": "123",
      "date": "Fri, 24 Jul 2026 09:29:40 GMT"
    },
    "RetryAttempts": 0
  }
}
j-33OEEHBOVCJ0I step s-06830713SW24XJB36RHP is PENDING
j-33OEEHBOVCJ0I step s-06830713SW24XJB36RHP is CANCELLED
j-33OEEHBOVCJ0I cluster is TERMINATED_WITH_ERRORS
STEP FAILED: j-33OEEHBOVCJ0I s-06830713SW24XJB36RHP ended as CANCELLED: {'State': 'CANCELLED', 'StateChangeReason': {'Message': 'Cluster terminated'}, 'Timeline': {'CreationDateTime': datetime.datetime(2026, 7, 24, 14, 59, 40, 438000, tzinfo=tzlocal())}} | cluster_reason={'Code': 'VALIDATION_ERROR', 'Message': 'The subnet configuration was invalid: The subnet subnet-0790d25ecc4deae64 does not exist.'} | error_details=[]
Batch finished. Success CSV: data/performance/performance_dataset.csv
Failed experiments CSV: data/performance/failed_emr_experiments.csv
Starting 500MB io-heavy on c5.xlarge x 2 in ap-southeast-1
{
  "JobFlowId": "j-25HJ02O5F336O",
  "ClusterArn": "arn:aws:elasticmapreduce:ap-southeast-1:435097195936:cluster/j-25HJ02O5F336O",
  "ResponseMetadata": {
    "RequestId": "f85638a1-037f-4fee-8eb1-567556943db5",
    "HTTPStatusCode": 200,
    "HTTPHeaders": {
      "x-amzn-requestid": "f85638a1-037f-4fee-8eb1-567556943db5",
      "content-type": "application/x-amz-json-1.1",
      "content-length": "123",
      "date": "Fri, 24 Jul 2026 09:34:01 GMT"
    },
    "RetryAttempts": 0
  }
}
j-25HJ02O5F336O step s-0381081AX8ESWJWRQKH is PENDING
j-25HJ02O5F336O step s-0381081AX8ESWJWRQKH is CANCELLED
j-25HJ02O5F336O cluster is TERMINATED_WITH_ERRORS
STEP FAILED: j-25HJ02O5F336O s-0381081AX8ESWJWRQKH ended as CANCELLED: {'State': 'CANCELLED', 'StateChangeReason': {'Message': 'Cluster terminated'}, 'Timeline': {'CreationDateTime': datetime.datetime(2026, 7, 24, 15, 4, 1, 782000, tzinfo=tzlocal())}} | cluster_reason={'Code': 'VALIDATION_ERROR', 'Message': 'The subnet configuration was invalid: The subnet subnet-0790d25ecc4deae64 does not exist.'} | error_details=[]
Batch finished. Success CSV: data/performance/performance_dataset.csv
Failed experiments CSV: data/performance/failed_emr_experiments.csv
Starting 2048MB cpu-heavy on m6i.xlarge x 2 in ap-southeast-1
{
  "JobFlowId": "j-3QZ9UAGF07VUL",
  "ClusterArn": "arn:aws:elasticmapreduce:ap-southeast-1:435097195936:cluster/j-3QZ9UAGF07VUL",
  "ResponseMetadata": {
    "RequestId": "0599769a-88fe-4b1e-8dc8-aab74475a812",
    "HTTPStatusCode": 200,
    "HTTPHeaders": {
      "x-amzn-requestid": "0599769a-88fe-4b1e-8dc8-aab74475a812",
      "content-type": "application/x-amz-json-1.1",
      "content-length": "123",
      "date": "Fri, 24 Jul 2026 09:34:56 GMT"
    },
    "RetryAttempts": 0
  }
}
j-3QZ9UAGF07VUL step s-01447071YNLJB0QUR946 is PENDING
j-3QZ9UAGF07VUL step s-01447071YNLJB0QUR946 is CANCELLED
j-3QZ9UAGF07VUL cluster is TERMINATED_WITH_ERRORS
STEP FAILED: j-3QZ9UAGF07VUL s-01447071YNLJB0QUR946 ended as CANCELLED: {'State': 'CANCELLED', 'StateChangeReason': {'Message': 'Cluster terminated'}, 'Timeline': {'CreationDateTime': datetime.datetime(2026, 7, 24, 15, 4, 55, 987000, tzinfo=tzlocal())}} | cluster_reason={'Code': 'VALIDATION_ERROR', 'Message': 'The subnet configuration was invalid: The subnet subnet-0790d25ecc4deae64 does not exist.'} | error_details=[]
Batch finished. Success CSV: data/performance/performance_dataset.csv
Failed experiments CSV: data/performance/failed_emr_experiments.csv
Starting 2048MB memory-heavy on m6i.xlarge x 2 in ap-southeast-1
{
  "JobFlowId": "j-3F9551R7GEWHY",
  "ClusterArn": "arn:aws:elasticmapreduce:ap-southeast-1:435097195936:cluster/j-3F9551R7GEWHY",
  "ResponseMetadata": {
    "RequestId": "2d158f2a-cdf8-4ebb-86d2-f15ec0dc3240",
    "HTTPStatusCode": 200,
    "HTTPHeaders": {
      "x-amzn-requestid": "2d158f2a-cdf8-4ebb-86d2-f15ec0dc3240",
      "content-type": "application/x-amz-json-1.1",
      "content-length": "123",
      "date": "Fri, 24 Jul 2026 09:35:28 GMT"
    },
    "RetryAttempts": 0
  }
}
j-3F9551R7GEWHY step s-0702762104KM5T5W2NMA is PENDING
j-3F9551R7GEWHY step s-0702762104KM5T5W2NMA is CANCELLED
j-3F9551R7GEWHY cluster is TERMINATED_WITH_ERRORS
STEP FAILED: j-3F9551R7GEWHY s-0702762104KM5T5W2NMA ended as CANCELLED: {'State': 'CANCELLED', 'StateChangeReason': {'Message': 'Cluster terminated'}, 'Timeline': {'CreationDateTime': datetime.datetime(2026, 7, 24, 15, 5, 28, 450000, tzinfo=tzlocal())}} | cluster_reason={'Code': 'VALIDATION_ERROR', 'Message': 'The subnet configuration was invalid: The subnet subnet-0790d25ecc4deae64 does not exist.'} | error_details=[]
Batch finished. Success CSV: data/performance/performance_dataset.csv
Failed experiments CSV: data/performance/failed_emr_experiments.csv
Starting 2048MB memory-heavy on m5a.xlarge x 4 in ap-southeast-1
{
  "JobFlowId": "j-3LSLD85BX45X4",
  "ClusterArn": "arn:aws:elasticmapreduce:ap-southeast-1:435097195936:cluster/j-3LSLD85BX45X4",
  "ResponseMetadata": {
    "RequestId": "b4c52152-f76f-4155-9246-a9eb46d9f374",
    "HTTPStatusCode": 200,
    "HTTPHeaders": {
      "x-amzn-requestid": "b4c52152-f76f-4155-9246-a9eb46d9f374",
      "content-type": "application/x-amz-json-1.1",
      "content-length": "123",
      "date": "Fri, 24 Jul 2026 09:36:08 GMT"
    },
    "RetryAttempts": 0
  }
}
j-3LSLD85BX45X4 step s-04038281HMDGC19MH5KU is PENDING
j-3LSLD85BX45X4 step s-04038281HMDGC19MH5KU is CANCELLED
j-3LSLD85BX45X4 cluster is TERMINATED_WITH_ERRORS
STEP FAILED: j-3LSLD85BX45X4 s-04038281HMDGC19MH5KU ended as CANCELLED: {'State': 'CANCELLED', 'StateChangeReason': {'Message': 'Cluster terminated'}, 'Timeline': {'CreationDateTime': datetime.datetime(2026, 7, 24, 15, 6, 8, 304000, tzinfo=tzlocal())}} | cluster_reason={'Code': 'VALIDATION_ERROR', 'Message': 'The subnet configuration was invalid: The subnet subnet-0790d25ecc4deae64 does not exist.'} | error_details=[]
Batch finished. Success CSV: data/performance/performance_dataset.csv
Failed experiments CSV: data/performance/failed_emr_experiments.csv
Starting 2048MB io-heavy on m6i.xlarge x 4 in ap-southeast-1
{
  "JobFlowId": "j-352EEZIFLPU1Z",
  "ClusterArn": "arn:aws:elasticmapreduce:ap-southeast-1:435097195936:cluster/j-352EEZIFLPU1Z",
  "ResponseMetadata": {
    "RequestId": "c1928e3d-86ce-499d-b0f5-bd2ee619c685",
    "HTTPStatusCode": 200,
    "HTTPHeaders": {
      "x-amzn-requestid": "c1928e3d-86ce-499d-b0f5-bd2ee619c685",
      "content-type": "application/x-amz-json-1.1",
      "content-length": "123",
      "date": "Fri, 24 Jul 2026 09:51:41 GMT"
    },
    "RetryAttempts": 0
  }
}
j-352EEZIFLPU1Z step s-09275452ZVU2ZV4FZ33P is PENDING
j-352EEZIFLPU1Z step s-09275452ZVU2ZV4FZ33P is CANCELLED
j-352EEZIFLPU1Z cluster is TERMINATED_WITH_ERRORS
STEP FAILED: j-352EEZIFLPU1Z s-09275452ZVU2ZV4FZ33P ended as CANCELLED: {'State': 'CANCELLED', 'StateChangeReason': {'Message': 'Cluster terminated'}, 'Timeline': {'CreationDateTime': datetime.datetime(2026, 7, 24, 15, 21, 41, 160000, tzinfo=tzlocal())}} | cluster_reason={'Code': 'VALIDATION_ERROR', 'Message': 'The subnet configuration was invalid: The subnet subnet-0790d25ecc4deae64 does not exist.'} | error_details=[]
Batch finished. Success CSV: data/performance/performance_dataset.csv
Failed experiments CSV: data/performance/failed_emr_experiments.csv
Starting 100MB io-heavy on c5a.xlarge x 2 in ap-southeast-1
{
  "JobFlowId": "j-3R4NMXS47F2WO",
  "ClusterArn": "arn:aws:elasticmapreduce:ap-southeast-1:435097195936:cluster/j-3R4NMXS47F2WO",
  "ResponseMetadata": {
    "RequestId": "899f667e-885c-4366-a158-5ac46704019b",
    "HTTPStatusCode": 200,
    "HTTPHeaders": {
      "x-amzn-requestid": "899f667e-885c-4366-a158-5ac46704019b",
      "content-type": "application/x-amz-json-1.1",
      "content-length": "123",
      "date": "Fri, 24 Jul 2026 09:54:09 GMT"
    },
    "RetryAttempts": 0
  }
}
j-3R4NMXS47F2WO step s-01732703K3K9A4BI1V4S is PENDING
j-3R4NMXS47F2WO step s-01732703K3K9A4BI1V4S is CANCELLED
j-3R4NMXS47F2WO cluster is TERMINATED_WITH_ERRORS
STEP FAILED: j-3R4NMXS47F2WO s-01732703K3K9A4BI1V4S ended as CANCELLED: {'State': 'CANCELLED', 'StateChangeReason': {'Message': 'Cluster terminated'}, 'Timeline': {'CreationDateTime': datetime.datetime(2026, 7, 24, 15, 24, 8, 796000, tzinfo=tzlocal())}} | cluster_reason={'Code': 'VALIDATION_ERROR', 'Message': 'The subnet configuration was invalid: The subnet subnet-0790d25ecc4deae64 does not exist.'} | error_details=[]
Batch finished. Success CSV: data/performance/performance_dataset.csv
Failed experiments CSV: data/performance/failed_emr_experiments.csv
Starting 10MB memory-heavy on m5a.xlarge x 2 in ap-southeast-1
{
  "JobFlowId": "j-VW3LJLGVOAZD",
  "ClusterArn": "arn:aws:elasticmapreduce:ap-southeast-1:435097195936:cluster/j-VW3LJLGVOAZD",
  "ResponseMetadata": {
    "RequestId": "ad8011a5-593d-4f38-961f-898ac8f73990",
    "HTTPStatusCode": 200,
    "HTTPHeaders": {
      "x-amzn-requestid": "ad8011a5-593d-4f38-961f-898ac8f73990",
      "content-type": "application/x-amz-json-1.1",
      "content-length": "121",
      "date": "Fri, 24 Jul 2026 10:09:42 GMT"
    },
    "RetryAttempts": 0
  }
}
j-VW3LJLGVOAZD step s-06658189S7EDOMBBI0R is PENDING
j-VW3LJLGVOAZD step s-06658189S7EDOMBBI0R is CANCELLED
j-VW3LJLGVOAZD cluster is TERMINATED_WITH_ERRORS
STEP FAILED: j-VW3LJLGVOAZD s-06658189S7EDOMBBI0R ended as CANCELLED: {'State': 'CANCELLED', 'StateChangeReason': {'Message': 'Cluster terminated'}, 'Timeline': {'CreationDateTime': datetime.datetime(2026, 7, 24, 15, 39, 41, 847000, tzinfo=tzlocal())}} | cluster_reason={'Code': 'VALIDATION_ERROR', 'Message': 'The subnet configuration was invalid: The subnet subnet-0790d25ecc4deae64 does not exist.'} | error_details=[]
Batch finished. Success CSV: data/performance/performance_dataset.csv
Failed experiments CSV: data/performance/failed_emr_experiments.csv
Starting 500MB memory-heavy on m6i.xlarge x 4 in ap-southeast-1
{
  "JobFlowId": "j-YFMDYA7CPU8E",
  "ClusterArn": "arn:aws:elasticmapreduce:ap-southeast-1:435097195936:cluster/j-YFMDYA7CPU8E",
  "ResponseMetadata": {
    "RequestId": "0ace270c-50e7-45b1-9e38-4d6729cf42a2",
    "HTTPStatusCode": 200,
    "HTTPHeaders": {
      "x-amzn-requestid": "0ace270c-50e7-45b1-9e38-4d6729cf42a2",
      "content-type": "application/x-amz-json-1.1",
      "content-length": "121",
      "date": "Fri, 24 Jul 2026 10:13:15 GMT"
    },
    "RetryAttempts": 0
  }
}
j-YFMDYA7CPU8E step s-06581832WZAB2N9VZVEZ is PENDING
j-YFMDYA7CPU8E step s-06581832WZAB2N9VZVEZ is CANCELLED
j-YFMDYA7CPU8E cluster is TERMINATED_WITH_ERRORS
STEP FAILED: j-YFMDYA7CPU8E s-06581832WZAB2N9VZVEZ ended as CANCELLED: {'State': 'CANCELLED', 'StateChangeReason': {'Message': 'Cluster terminated'}, 'Timeline': {'CreationDateTime': datetime.datetime(2026, 7, 24, 15, 43, 15, 814000, tzinfo=tzlocal())}} | cluster_reason={'Code': 'VALIDATION_ERROR', 'Message': 'The subnet configuration was invalid: The subnet subnet-0790d25ecc4deae64 does not exist.'} | error_details=[]
Batch finished. Success CSV: data/performance/performance_dataset.csv
Failed experiments CSV: data/performance/failed_emr_experiments.csv
Starting 2048MB cpu-heavy on m5a.xlarge x 4 in ap-southeast-1
{
  "JobFlowId": "j-284LU5NIXXIGX",
  "ClusterArn": "arn:aws:elasticmapreduce:ap-southeast-1:435097195936:cluster/j-284LU5NIXXIGX",
  "ResponseMetadata": {
    "RequestId": "d312d9a2-eca8-429e-b3fe-c0d5d6de2d08",
    "HTTPStatusCode": 200,
    "HTTPHeaders": {
      "x-amzn-requestid": "d312d9a2-eca8-429e-b3fe-c0d5d6de2d08",
      "content-type": "application/x-amz-json-1.1",
      "content-length": "123",
      "date": "Fri, 24 Jul 2026 10:14:11 GMT"
    },
    "RetryAttempts": 0
  }
}
j-284LU5NIXXIGX step s-01670237SXL27FODGSR is CANCELLED
j-284LU5NIXXIGX cluster is TERMINATING
j-284LU5NIXXIGX cluster is TERMINATED_WITH_ERRORS
STEP FAILED: j-284LU5NIXXIGX s-01670237SXL27FODGSR ended as CANCELLED: {'State': 'CANCELLED', 'StateChangeReason': {'Message': 'Cluster terminated'}, 'Timeline': {'CreationDateTime': datetime.datetime(2026, 7, 24, 15, 44, 11, 783000, tzinfo=tzlocal())}} | cluster_reason={'Code': 'VALIDATION_ERROR', 'Message': 'The subnet configuration was invalid: The subnet subnet-0790d25ecc4deae64 does not exist.'} | error_details=[]
Batch finished. Success CSV: data/performance/performance_dataset.csv
Failed experiments CSV: data/performance/failed_emr_experiments.csv
Starting 1024MB cpu-heavy on m5.xlarge x 2 in ap-southeast-1
{
  "JobFlowId": "j-3L7BAJUVA69AG",
  "ClusterArn": "arn:aws:elasticmapreduce:ap-southeast-1:435097195936:cluster/j-3L7BAJUVA69AG",
  "ResponseMetadata": {
    "RequestId": "fe64265c-0fc7-4966-a527-e1af3063ba2b",
    "HTTPStatusCode": 200,
    "HTTPHeaders": {
      "x-amzn-requestid": "fe64265c-0fc7-4966-a527-e1af3063ba2b",
      "content-type": "application/x-amz-json-1.1",
      "content-length": "123",
      "date": "Fri, 24 Jul 2026 10:29:44 GMT"
    },
    "RetryAttempts": 0
  }
}
j-3L7BAJUVA69AG step s-0405029HX4LCL1LSXLP is PENDING
j-3L7BAJUVA69AG step s-0405029HX4LCL1LSXLP is CANCELLED
j-3L7BAJUVA69AG cluster is TERMINATED_WITH_ERRORS
STEP FAILED: j-3L7BAJUVA69AG s-0405029HX4LCL1LSXLP ended as CANCELLED: {'State': 'CANCELLED', 'StateChangeReason': {'Message': 'Cluster terminated'}, 'Timeline': {'CreationDateTime': datetime.datetime(2026, 7, 24, 15, 59, 44, 597000, tzinfo=tzlocal())}} | cluster_reason={'Code': 'VALIDATION_ERROR', 'Message': 'The subnet configuration was invalid: The subnet subnet-0790d25ecc4deae64 does not exist.'} | error_details=[]
Batch finished. Success CSV: data/performance/performance_dataset.csv
Failed experiments CSV: data/performance/failed_emr_experiments.csv
Starting 10MB io-heavy on m5.xlarge x 4 in ap-southeast-1
{
  "JobFlowId": "j-1O31BUO0CTRY9",
  "ClusterArn": "arn:aws:elasticmapreduce:ap-southeast-1:435097195936:cluster/j-1O31BUO0CTRY9",
  "ResponseMetadata": {
    "RequestId": "6011ad69-5202-4fd0-ac22-47791fc23d20",
    "HTTPStatusCode": 200,
    "HTTPHeaders": {
      "x-amzn-requestid": "6011ad69-5202-4fd0-ac22-47791fc23d20",
      "content-type": "application/x-amz-json-1.1",
      "content-length": "123",
      "date": "Fri, 24 Jul 2026 10:30:16 GMT"
    },
    "RetryAttempts": 0
  }
}
j-1O31BUO0CTRY9 step s-06760442HU7Z0OE7ED6N is PENDING
j-1O31BUO0CTRY9 step s-06760442HU7Z0OE7ED6N is CANCELLED
j-1O31BUO0CTRY9 cluster is TERMINATED_WITH_ERRORS
STEP FAILED: j-1O31BUO0CTRY9 s-06760442HU7Z0OE7ED6N ended as CANCELLED: {'State': 'CANCELLED', 'StateChangeReason': {'Message': 'Cluster terminated'}, 'Timeline': {'CreationDateTime': datetime.datetime(2026, 7, 24, 16, 0, 16, 642000, tzinfo=tzlocal())}} | cluster_reason={'Code': 'VALIDATION_ERROR', 'Message': 'The subnet configuration was invalid: The subnet subnet-0790d25ecc4deae64 does not exist.'} | error_details=[]
Batch finished. Success CSV: data/performance/performance_dataset.csv
Failed experiments CSV: data/performance/failed_emr_experiments.csv
Starting 100MB memory-heavy on c5.xlarge x 4 in ap-southeast-1
{
  "JobFlowId": "j-DY5W6E5YEYAQ",
  "ClusterArn": "arn:aws:elasticmapreduce:ap-southeast-1:435097195936:cluster/j-DY5W6E5YEYAQ",
  "ResponseMetadata": {
    "RequestId": "88a36ab2-c75a-4ca4-858e-c8627f7fbc3b",
    "HTTPStatusCode": 200,
    "HTTPHeaders": {
      "x-amzn-requestid": "88a36ab2-c75a-4ca4-858e-c8627f7fbc3b",
      "content-type": "application/x-amz-json-1.1",
      "content-length": "121",
      "date": "Fri, 24 Jul 2026 10:45:49 GMT"
    },
    "RetryAttempts": 0
  }
}
j-DY5W6E5YEYAQ step s-09440252Y20K7N4OXK79 is PENDING
j-DY5W6E5YEYAQ step s-09440252Y20K7N4OXK79 is CANCELLED
j-DY5W6E5YEYAQ cluster is TERMINATED_WITH_ERRORS
STEP FAILED: j-DY5W6E5YEYAQ s-09440252Y20K7N4OXK79 ended as CANCELLED: {'State': 'CANCELLED', 'StateChangeReason': {'Message': 'Cluster terminated'}, 'Timeline': {'CreationDateTime': datetime.datetime(2026, 7, 24, 16, 15, 49, 388000, tzinfo=tzlocal())}} | cluster_reason={'Code': 'VALIDATION_ERROR', 'Message': 'The subnet configuration was invalid: The subnet subnet-0790d25ecc4deae64 does not exist.'} | error_details=[]
Batch finished. Success CSV: data/performance/performance_dataset.csv
Failed experiments CSV: data/performance/failed_emr_experiments.csv
Starting 10MB memory-heavy on m6i.xlarge x 2 in ap-southeast-1
{
  "JobFlowId": "j-38CE7WX1RGSQ1",
  "ClusterArn": "arn:aws:elasticmapreduce:ap-southeast-1:435097195936:cluster/j-38CE7WX1RGSQ1",
  "ResponseMetadata": {
    "RequestId": "2298a707-9c02-4af1-aad7-b85706d962b0",
    "HTTPStatusCode": 200,
    "HTTPHeaders": {
      "x-amzn-requestid": "2298a707-9c02-4af1-aad7-b85706d962b0",
      "content-type": "application/x-amz-json-1.1",
      "content-length": "123",
      "date": "Fri, 24 Jul 2026 10:51:17 GMT"
    },
    "RetryAttempts": 0
  }
}
j-38CE7WX1RGSQ1 step s-032073116QV919RRSBCO is PENDING
j-38CE7WX1RGSQ1 step s-032073116QV919RRSBCO is CANCELLED
j-38CE7WX1RGSQ1 cluster is TERMINATED_WITH_ERRORS
STEP FAILED: j-38CE7WX1RGSQ1 s-032073116QV919RRSBCO ended as CANCELLED: {'State': 'CANCELLED', 'StateChangeReason': {'Message': 'Cluster terminated'}, 'Timeline': {'CreationDateTime': datetime.datetime(2026, 7, 24, 16, 21, 16, 883000, tzinfo=tzlocal())}} | cluster_reason={'Code': 'VALIDATION_ERROR', 'Message': 'The subnet configuration was invalid: The subnet subnet-0790d25ecc4deae64 does not exist.'} | error_details=[]
Batch finished. Success CSV: data/performance/performance_dataset.csv
Failed experiments CSV: data/performance/failed_emr_experiments.csv
Starting 500MB cpu-heavy on c5.xlarge x 4 in ap-southeast-1
{
  "JobFlowId": "j-26FF4ICMGHGJ8",
  "ClusterArn": "arn:aws:elasticmapreduce:ap-southeast-1:435097195936:cluster/j-26FF4ICMGHGJ8",
  "ResponseMetadata": {
    "RequestId": "5a130590-1392-4baa-9630-a8c7e1686dd9",
    "HTTPStatusCode": 200,
    "HTTPHeaders": {
      "x-amzn-requestid": "5a130590-1392-4baa-9630-a8c7e1686dd9",
      "content-type": "application/x-amz-json-1.1",
      "content-length": "123",
      "date": "Fri, 24 Jul 2026 10:55:05 GMT"
    },
    "RetryAttempts": 0
  }
}
j-26FF4ICMGHGJ8 step s-04051741EFFQPOFK9COS is PENDING
j-26FF4ICMGHGJ8 step s-04051741EFFQPOFK9COS is CANCELLED
j-26FF4ICMGHGJ8 cluster is TERMINATED_WITH_ERRORS
STEP FAILED: j-26FF4ICMGHGJ8 s-04051741EFFQPOFK9COS ended as CANCELLED: {'State': 'CANCELLED', 'StateChangeReason': {'Message': 'Cluster terminated'}, 'Timeline': {'CreationDateTime': datetime.datetime(2026, 7, 24, 16, 25, 5, 77000, tzinfo=tzlocal())}} | cluster_reason={'Code': 'VALIDATION_ERROR', 'Message': 'The subnet configuration was invalid: The subnet subnet-0790d25ecc4deae64 does not exist.'} | error_details=[]
Batch finished. Success CSV: data/performance/performance_dataset.csv
Failed experiments CSV: data/performance/failed_emr_experiments.csv
Starting 10MB cpu-heavy on c6i.xlarge x 2 in ap-southeast-1
{
  "JobFlowId": "j-1HAEVCZQZ1QNW",
  "ClusterArn": "arn:aws:elasticmapreduce:ap-southeast-1:435097195936:cluster/j-1HAEVCZQZ1QNW",
  "ResponseMetadata": {
    "RequestId": "6d99f191-431d-4398-ac9b-56392f4ab2cd",
    "HTTPStatusCode": 200,
    "HTTPHeaders": {
      "x-amzn-requestid": "6d99f191-431d-4398-ac9b-56392f4ab2cd",
      "content-type": "application/x-amz-json-1.1",
      "content-length": "123",
      "date": "Fri, 24 Jul 2026 11:10:38 GMT"
    },
    "RetryAttempts": 0
  }
}
j-1HAEVCZQZ1QNW step s-016566318NQK3AYG22C is PENDING
j-1HAEVCZQZ1QNW step s-016566318NQK3AYG22C is CANCELLED
j-1HAEVCZQZ1QNW cluster is TERMINATED_WITH_ERRORS
STEP FAILED: j-1HAEVCZQZ1QNW s-016566318NQK3AYG22C ended as CANCELLED: {'State': 'CANCELLED', 'StateChangeReason': {'Message': 'Cluster terminated'}, 'Timeline': {'CreationDateTime': datetime.datetime(2026, 7, 24, 16, 40, 38, 450000, tzinfo=tzlocal())}} | cluster_reason={'Code': 'VALIDATION_ERROR', 'Message': 'The subnet configuration was invalid: The subnet subnet-0790d25ecc4deae64 does not exist.'} | error_details=[]
Batch finished. Success CSV: data/performance/performance_dataset.csv
Failed experiments CSV: data/performance/failed_emr_experiments.csv
Starting 100MB cpu-heavy on c6i.xlarge x 4 in ap-southeast-1
{
  "JobFlowId": "j-1SDB26HKHUZDZ",
  "ClusterArn": "arn:aws:elasticmapreduce:ap-southeast-1:435097195936:cluster/j-1SDB26HKHUZDZ",
  "ResponseMetadata": {
    "RequestId": "5a6a422b-84e7-4fd4-be1a-f590b8618408",
    "HTTPStatusCode": 200,
    "HTTPHeaders": {
      "x-amzn-requestid": "5a6a422b-84e7-4fd4-be1a-f590b8618408",
      "content-type": "application/x-amz-json-1.1",
      "content-length": "123",
      "date": "Fri, 24 Jul 2026 11:26:12 GMT"
    },
    "RetryAttempts": 0
  }
}
j-1SDB26HKHUZDZ step s-01931233G49TED7J2V6 is PENDING
j-1SDB26HKHUZDZ step s-01931233G49TED7J2V6 is CANCELLED
j-1SDB26HKHUZDZ cluster is TERMINATED_WITH_ERRORS
STEP FAILED: j-1SDB26HKHUZDZ s-01931233G49TED7J2V6 ended as CANCELLED: {'State': 'CANCELLED', 'StateChangeReason': {'Message': 'Cluster terminated'}, 'Timeline': {'CreationDateTime': datetime.datetime(2026, 7, 24, 16, 56, 12, 656000, tzinfo=tzlocal())}} | cluster_reason={'Code': 'VALIDATION_ERROR', 'Message': 'The subnet configuration was invalid: The subnet subnet-0790d25ecc4deae64 does not exist.'} | error_details=[]
Batch finished. Success CSV: data/performance/performance_dataset.csv
Failed experiments CSV: data/performance/failed_emr_experiments.csv
Starting 500MB io-heavy on m5a.xlarge x 4 in ap-southeast-1
{
  "JobFlowId": "j-1ISEBA48KOC0C",
  "ClusterArn": "arn:aws:elasticmapreduce:ap-southeast-1:435097195936:cluster/j-1ISEBA48KOC0C",
  "ResponseMetadata": {
    "RequestId": "b6c5f313-c622-488e-b5f0-3b8bdd582c44",
    "HTTPStatusCode": 200,
    "HTTPHeaders": {
      "x-amzn-requestid": "b6c5f313-c622-488e-b5f0-3b8bdd582c44",
      "content-type": "application/x-amz-json-1.1",
      "content-length": "123",
      "date": "Fri, 24 Jul 2026 11:26:45 GMT"
    },
    "RetryAttempts": 0
  }
}
j-1ISEBA48KOC0C step s-039744322I3FLP1BWT60 is PENDING
j-1ISEBA48KOC0C step s-039744322I3FLP1BWT60 is CANCELLED
j-1ISEBA48KOC0C cluster is TERMINATED_WITH_ERRORS
STEP FAILED: j-1ISEBA48KOC0C s-039744322I3FLP1BWT60 ended as CANCELLED: {'State': 'CANCELLED', 'StateChangeReason': {'Message': 'Cluster terminated'}, 'Timeline': {'CreationDateTime': datetime.datetime(2026, 7, 24, 16, 56, 45, 84000, tzinfo=tzlocal())}} | cluster_reason={'Code': 'VALIDATION_ERROR', 'Message': 'The subnet configuration was invalid: The subnet subnet-0790d25ecc4deae64 does not exist.'} | error_details=[]
Batch finished. Success CSV: data/performance/performance_dataset.csv
Failed experiments CSV: data/performance/failed_emr_experiments.csv
Starting 10MB memory-heavy on m5.xlarge x 2 in ap-southeast-1
{
  "JobFlowId": "j-1I9SESMZBP4BA",
  "ClusterArn": "arn:aws:elasticmapreduce:ap-southeast-1:435097195936:cluster/j-1I9SESMZBP4BA",
  "ResponseMetadata": {
    "RequestId": "50b7b41d-3558-4a49-9829-4c8c9891dd04",
    "HTTPStatusCode": 200,
    "HTTPHeaders": {
      "x-amzn-requestid": "50b7b41d-3558-4a49-9829-4c8c9891dd04",
      "content-type": "application/x-amz-json-1.1",
      "content-length": "123",
      "date": "Fri, 24 Jul 2026 11:30:29 GMT"
    },
    "RetryAttempts": 0
  }
}
j-1I9SESMZBP4BA step s-01289493CT66LB4WSBNG is PENDING
j-1I9SESMZBP4BA step s-01289493CT66LB4WSBNG is CANCELLED
j-1I9SESMZBP4BA cluster is TERMINATED_WITH_ERRORS
STEP FAILED: j-1I9SESMZBP4BA s-01289493CT66LB4WSBNG ended as CANCELLED: {'State': 'CANCELLED', 'StateChangeReason': {'Message': 'Cluster terminated'}, 'Timeline': {'CreationDateTime': datetime.datetime(2026, 7, 24, 17, 0, 29, 65000, tzinfo=tzlocal())}} | cluster_reason={'Code': 'VALIDATION_ERROR', 'Message': 'The subnet configuration was invalid: The subnet subnet-0790d25ecc4deae64 does not exist.'} | error_details=[]
Batch finished. Success CSV: data/performance/performance_dataset.csv
Failed experiments CSV: data/performance/failed_emr_experiments.csv
Starting 3072MB memory-heavy on m6i.xlarge x 4 in ap-southeast-1
{
  "JobFlowId": "j-1WDTQ8IXRSR1U",
  "ClusterArn": "arn:aws:elasticmapreduce:ap-southeast-1:435097195936:cluster/j-1WDTQ8IXRSR1U",
  "ResponseMetadata": {
    "RequestId": "6ef8c0e8-2d47-490b-914a-3223d55d85c1",
    "HTTPStatusCode": 200,
    "HTTPHeaders": {
      "x-amzn-requestid": "6ef8c0e8-2d47-490b-914a-3223d55d85c1",
      "content-type": "application/x-amz-json-1.1",
      "content-length": "123",
      "date": "Fri, 24 Jul 2026 11:31:02 GMT"
    },
    "RetryAttempts": 0
  }
}
j-1WDTQ8IXRSR1U step s-03810493CZDQAON5TO87 is PENDING
j-1WDTQ8IXRSR1U step s-03810493CZDQAON5TO87 is CANCELLED
j-1WDTQ8IXRSR1U cluster is TERMINATED_WITH_ERRORS
STEP FAILED: j-1WDTQ8IXRSR1U s-03810493CZDQAON5TO87 ended as CANCELLED: {'State': 'CANCELLED', 'StateChangeReason': {'Message': 'Cluster terminated'}, 'Timeline': {'CreationDateTime': datetime.datetime(2026, 7, 24, 17, 1, 2, 347000, tzinfo=tzlocal())}} | cluster_reason={'Code': 'VALIDATION_ERROR', 'Message': 'The subnet configuration was invalid: The subnet subnet-0790d25ecc4deae64 does not exist.'} | error_details=[]
Batch finished. Success CSV: data/performance/performance_dataset.csv
Failed experiments CSV: data/performance/failed_emr_experiments.csv
Starting 500MB memory-heavy on m5.xlarge x 4 in ap-southeast-1
{
  "JobFlowId": "j-1RQGDGZMLW3M7",
  "ClusterArn": "arn:aws:elasticmapreduce:ap-southeast-1:435097195936:cluster/j-1RQGDGZMLW3M7",
  "ResponseMetadata": {
    "RequestId": "0664db08-d770-4ee1-8a1d-86f4a9d01bd5",
    "HTTPStatusCode": 200,
    "HTTPHeaders": {
      "x-amzn-requestid": "0664db08-d770-4ee1-8a1d-86f4a9d01bd5",
      "content-type": "application/x-amz-json-1.1",
      "content-length": "123",
      "date": "Fri, 24 Jul 2026 11:31:34 GMT"
    },
    "RetryAttempts": 0
  }
}
j-1RQGDGZMLW3M7 step s-092750814ZJ437B1PQ0E is PENDING
j-1RQGDGZMLW3M7 step s-092750814ZJ437B1PQ0E is CANCELLED
j-1RQGDGZMLW3M7 cluster is TERMINATED_WITH_ERRORS
STEP FAILED: j-1RQGDGZMLW3M7 s-092750814ZJ437B1PQ0E ended as CANCELLED: {'State': 'CANCELLED', 'StateChangeReason': {'Message': 'Cluster terminated'}, 'Timeline': {'CreationDateTime': datetime.datetime(2026, 7, 24, 17, 1, 34, 540000, tzinfo=tzlocal())}} | cluster_reason={'Code': 'VALIDATION_ERROR', 'Message': 'The subnet configuration was invalid: The subnet subnet-0790d25ecc4deae64 does not exist.'} | error_details=[]
Batch finished. Success CSV: data/performance/performance_dataset.csv
Failed experiments CSV: data/performance/failed_emr_experiments.csv
Starting 1024MB io-heavy on c5a.xlarge x 4 in ap-southeast-1
{
  "JobFlowId": "j-22SCRDYDHCX82",
  "ClusterArn": "arn:aws:elasticmapreduce:ap-southeast-1:435097195936:cluster/j-22SCRDYDHCX82",
  "ResponseMetadata": {
    "RequestId": "45ba1751-f24b-49e9-a2af-a6b4e4e33bc2",
    "HTTPStatusCode": 200,
    "HTTPHeaders": {
      "x-amzn-requestid": "45ba1751-f24b-49e9-a2af-a6b4e4e33bc2",
      "content-type": "application/x-amz-json-1.1",
      "content-length": "123",
      "date": "Fri, 24 Jul 2026 11:32:06 GMT"
    },
    "RetryAttempts": 0
  }
}
j-22SCRDYDHCX82 step s-09270561QVI0MNV06VA1 is PENDING
j-22SCRDYDHCX82 step s-09270561QVI0MNV06VA1 is CANCELLED
j-22SCRDYDHCX82 cluster is TERMINATED_WITH_ERRORS
STEP FAILED: j-22SCRDYDHCX82 s-09270561QVI0MNV06VA1 ended as CANCELLED: {'State': 'CANCELLED', 'StateChangeReason': {'Message': 'Cluster terminated'}, 'Timeline': {'CreationDateTime': datetime.datetime(2026, 7, 24, 17, 2, 6, 686000, tzinfo=tzlocal())}} | cluster_reason={'Code': 'VALIDATION_ERROR', 'Message': 'The subnet configuration was invalid: The subnet subnet-0790d25ecc4deae64 does not exist.'} | error_details=[]
Batch finished. Success CSV: data/performance/performance_dataset.csv
Failed experiments CSV: data/performance/failed_emr_experiments.csv
Starting 10MB memory-heavy on c6i.xlarge x 4 in ap-southeast-1
{
  "JobFlowId": "j-2ZYVLK8023WFI",
  "ClusterArn": "arn:aws:elasticmapreduce:ap-southeast-1:435097195936:cluster/j-2ZYVLK8023WFI",
  "ResponseMetadata": {
    "RequestId": "d06d2eae-6c9f-4cae-b32b-e1f5f95ae4e8",
    "HTTPStatusCode": 200,
    "HTTPHeaders": {
      "x-amzn-requestid": "d06d2eae-6c9f-4cae-b32b-e1f5f95ae4e8",
      "content-type": "application/x-amz-json-1.1",
      "content-length": "123",
      "date": "Fri, 24 Jul 2026 11:32:39 GMT"
    },
    "RetryAttempts": 0
  }
}
j-2ZYVLK8023WFI step s-0123895QQTZ8ECC95SU is PENDING
j-2ZYVLK8023WFI step s-0123895QQTZ8ECC95SU is CANCELLED
j-2ZYVLK8023WFI cluster is TERMINATED_WITH_ERRORS
STEP FAILED: j-2ZYVLK8023WFI s-0123895QQTZ8ECC95SU ended as CANCELLED: {'State': 'CANCELLED', 'StateChangeReason': {'Message': 'Cluster terminated'}, 'Timeline': {'CreationDateTime': datetime.datetime(2026, 7, 24, 17, 2, 38, 973000, tzinfo=tzlocal())}} | cluster_reason={'Code': 'VALIDATION_ERROR', 'Message': 'The subnet configuration was invalid: The subnet subnet-0790d25ecc4deae64 does not exist.'} | error_details=[]
Batch finished. Success CSV: data/performance/performance_dataset.csv
Failed experiments CSV: data/performance/failed_emr_experiments.csv
Starting 10MB cpu-heavy on m5.xlarge x 2 in ap-southeast-1
{
  "JobFlowId": "j-TNYTCXGQW110",
  "ClusterArn": "arn:aws:elasticmapreduce:ap-southeast-1:435097195936:cluster/j-TNYTCXGQW110",
  "ResponseMetadata": {
    "RequestId": "88cf5fb6-ed12-46c4-9165-1f41aca685f2",
    "HTTPStatusCode": 200,
    "HTTPHeaders": {
      "x-amzn-requestid": "88cf5fb6-ed12-46c4-9165-1f41aca685f2",
      "content-type": "application/x-amz-json-1.1",
      "content-length": "121",
      "date": "Fri, 24 Jul 2026 11:33:11 GMT"
    },
    "RetryAttempts": 0
  }
}
j-TNYTCXGQW110 step s-0681599HIQ0A8RLARYS is PENDING
j-TNYTCXGQW110 step s-0681599HIQ0A8RLARYS is CANCELLED
j-TNYTCXGQW110 cluster is TERMINATED_WITH_ERRORS
STEP FAILED: j-TNYTCXGQW110 s-0681599HIQ0A8RLARYS ended as CANCELLED: {'State': 'CANCELLED', 'StateChangeReason': {'Message': 'Cluster terminated'}, 'Timeline': {'CreationDateTime': datetime.datetime(2026, 7, 24, 17, 3, 11, 89000, tzinfo=tzlocal())}} | cluster_reason={'Code': 'VALIDATION_ERROR', 'Message': 'The subnet configuration was invalid: The subnet subnet-0790d25ecc4deae64 does not exist.'} | error_details=[]
Batch finished. Success CSV: data/performance/performance_dataset.csv
Failed experiments CSV: data/performance/failed_emr_experiments.csv
Starting 10MB memory-heavy on m6i.xlarge x 2 in ap-southeast-1
{
  "JobFlowId": "j-1UERBVOT4TIYF",
  "ClusterArn": "arn:aws:elasticmapreduce:ap-southeast-1:435097195936:cluster/j-1UERBVOT4TIYF",
  "ResponseMetadata": {
    "RequestId": "2c60db98-a85d-49fd-8520-7e5610daecb6",
    "HTTPStatusCode": 200,
    "HTTPHeaders": {
      "x-amzn-requestid": "2c60db98-a85d-49fd-8520-7e5610daecb6",
      "content-type": "application/x-amz-json-1.1",
      "content-length": "123",
      "date": "Fri, 24 Jul 2026 11:33:43 GMT"
    },
    "RetryAttempts": 0
  }
}
j-1UERBVOT4TIYF step s-04047062AOF4G391K4N2 is PENDING
j-1UERBVOT4TIYF step s-04047062AOF4G391K4N2 is CANCELLED
j-1UERBVOT4TIYF cluster is TERMINATED_WITH_ERRORS
STEP FAILED: j-1UERBVOT4TIYF s-04047062AOF4G391K4N2 ended as CANCELLED: {'State': 'CANCELLED', 'StateChangeReason': {'Message': 'Cluster terminated'}, 'Timeline': {'CreationDateTime': datetime.datetime(2026, 7, 24, 17, 3, 43, 305000, tzinfo=tzlocal())}} | cluster_reason={'Code': 'VALIDATION_ERROR', 'Message': 'The subnet configuration was invalid: The subnet subnet-0790d25ecc4deae64 does not exist.'} | error_details=[]
Batch finished. Success CSV: data/performance/performance_dataset.csv
Failed experiments CSV: data/performance/failed_emr_experiments.csv
Starting 10MB memory-heavy on m6i.xlarge x 4 in ap-southeast-1
{
  "JobFlowId": "j-2D05GXH2M8LUU",
  "ClusterArn": "arn:aws:elasticmapreduce:ap-southeast-1:435097195936:cluster/j-2D05GXH2M8LUU",
  "ResponseMetadata": {
    "RequestId": "c95a66ce-10fa-4d01-9ab9-e3e3d10c9361",
    "HTTPStatusCode": 200,
    "HTTPHeaders": {
      "x-amzn-requestid": "c95a66ce-10fa-4d01-9ab9-e3e3d10c9361",
      "content-type": "application/x-amz-json-1.1",
      "content-length": "123",
      "date": "Fri, 24 Jul 2026 11:34:15 GMT"
    },
    "RetryAttempts": 0
  }
}
j-2D05GXH2M8LUU step s-01780282AKTFT9BBEOR4 is PENDING
j-2D05GXH2M8LUU step s-01780282AKTFT9BBEOR4 is CANCELLED
j-2D05GXH2M8LUU cluster is TERMINATED_WITH_ERRORS
STEP FAILED: j-2D05GXH2M8LUU s-01780282AKTFT9BBEOR4 ended as CANCELLED: {'State': 'CANCELLED', 'StateChangeReason': {'Message': 'Cluster terminated'}, 'Timeline': {'CreationDateTime': datetime.datetime(2026, 7, 24, 17, 4, 15, 635000, tzinfo=tzlocal())}} | cluster_reason={'Code': 'VALIDATION_ERROR', 'Message': 'The subnet configuration was invalid: The subnet subnet-0790d25ecc4deae64 does not exist.'} | error_details=[]
Batch finished. Success CSV: data/performance/performance_dataset.csv
Failed experiments CSV: data/performance/failed_emr_experiments.csv
Starting 3072MB memory-heavy on m5.xlarge x 2 in ap-southeast-1
{
  "JobFlowId": "j-1HD2UCB7IES4T",
  "ClusterArn": "arn:aws:elasticmapreduce:ap-southeast-1:435097195936:cluster/j-1HD2UCB7IES4T",
  "ResponseMetadata": {
    "RequestId": "76c2a670-cde0-4429-b8f5-fc7bed6cf569",
    "HTTPStatusCode": 200,
    "HTTPHeaders": {
      "x-amzn-requestid": "76c2a670-cde0-4429-b8f5-fc7bed6cf569",
      "content-type": "application/x-amz-json-1.1",
      "content-length": "123",
      "date": "Fri, 24 Jul 2026 11:34:47 GMT"
    },
    "RetryAttempts": 0
  }
}
j-1HD2UCB7IES4T step s-03812873GU50QZLO0EL3 is PENDING
j-1HD2UCB7IES4T step s-03812873GU50QZLO0EL3 is CANCELLED
j-1HD2UCB7IES4T cluster is TERMINATED_WITH_ERRORS
STEP FAILED: j-1HD2UCB7IES4T s-03812873GU50QZLO0EL3 ended as CANCELLED: {'State': 'CANCELLED', 'StateChangeReason': {'Message': 'Cluster terminated'}, 'Timeline': {'CreationDateTime': datetime.datetime(2026, 7, 24, 17, 4, 47, 754000, tzinfo=tzlocal())}} | cluster_reason={'Code': 'VALIDATION_ERROR', 'Message': 'The subnet configuration was invalid: The subnet subnet-0790d25ecc4deae64 does not exist.'} | error_details=[]
Batch finished. Success CSV: data/performance/performance_dataset.csv
Failed experiments CSV: data/performance/failed_emr_experiments.csv
Starting 10MB memory-heavy on c5.xlarge x 4 in ap-southeast-1
{
  "JobFlowId": "j-E9SNJK84J231",
  "ClusterArn": "arn:aws:elasticmapreduce:ap-southeast-1:435097195936:cluster/j-E9SNJK84J231",
  "ResponseMetadata": {
    "RequestId": "ffdbf705-1331-48ce-8cdc-538d1ce54f2b",
    "HTTPStatusCode": 200,
    "HTTPHeaders": {
      "x-amzn-requestid": "ffdbf705-1331-48ce-8cdc-538d1ce54f2b",
      "content-type": "application/x-amz-json-1.1",
      "content-length": "121",
      "date": "Fri, 24 Jul 2026 11:35:20 GMT"
    },
    "RetryAttempts": 0
  }
}
j-E9SNJK84J231 step s-0681598319UQUTSI3A4W is PENDING
j-E9SNJK84J231 step s-0681598319UQUTSI3A4W is CANCELLED
j-E9SNJK84J231 cluster is TERMINATED_WITH_ERRORS
STEP FAILED: j-E9SNJK84J231 s-0681598319UQUTSI3A4W ended as CANCELLED: {'State': 'CANCELLED', 'StateChangeReason': {'Message': 'Cluster terminated'}, 'Timeline': {'CreationDateTime': datetime.datetime(2026, 7, 24, 17, 5, 20, 136000, tzinfo=tzlocal())}} | cluster_reason={'Code': 'VALIDATION_ERROR', 'Message': 'The subnet configuration was invalid: The subnet subnet-0790d25ecc4deae64 does not exist.'} | error_details=[]
Batch finished. Success CSV: data/performance/performance_dataset.csv
Failed experiments CSV: data/performance/failed_emr_experiments.csv
Starting 100MB io-heavy on m5.xlarge x 2 in ap-southeast-1
{
  "JobFlowId": "j-2GIJ8SBC5FBTT",
  "ClusterArn": "arn:aws:elasticmapreduce:ap-southeast-1:435097195936:cluster/j-2GIJ8SBC5FBTT",
  "ResponseMetadata": {
    "RequestId": "d569a152-4356-451d-a8e4-0a61b8200838",
    "HTTPStatusCode": 200,
    "HTTPHeaders": {
      "x-amzn-requestid": "d569a152-4356-451d-a8e4-0a61b8200838",
      "content-type": "application/x-amz-json-1.1",
      "content-length": "123",
      "date": "Fri, 24 Jul 2026 11:35:52 GMT"
    },
    "RetryAttempts": 0
  }
}
j-2GIJ8SBC5FBTT step s-03813962VRAK2SBVT3TF is PENDING
j-2GIJ8SBC5FBTT step s-03813962VRAK2SBVT3TF is CANCELLED
j-2GIJ8SBC5FBTT cluster is TERMINATED_WITH_ERRORS
STEP FAILED: j-2GIJ8SBC5FBTT s-03813962VRAK2SBVT3TF ended as CANCELLED: {'State': 'CANCELLED', 'StateChangeReason': {'Message': 'Cluster terminated'}, 'Timeline': {'CreationDateTime': datetime.datetime(2026, 7, 24, 17, 5, 52, 304000, tzinfo=tzlocal())}} | cluster_reason={'Code': 'VALIDATION_ERROR', 'Message': 'The subnet configuration was invalid: The subnet subnet-0790d25ecc4deae64 does not exist.'} | error_details=[]
Batch finished. Success CSV: data/performance/performance_dataset.csv
Failed experiments CSV: data/performance/failed_emr_experiments.csv
Starting 10MB cpu-heavy on c5a.xlarge x 2 in ap-southeast-1
{
  "JobFlowId": "j-2OEJ2MQCJC7KE",
  "ClusterArn": "arn:aws:elasticmapreduce:ap-southeast-1:435097195936:cluster/j-2OEJ2MQCJC7KE",
  "ResponseMetadata": {
    "RequestId": "8e0487e7-1eb5-4a7f-8479-fbc57e030ce4",
    "HTTPStatusCode": 200,
    "HTTPHeaders": {
      "x-amzn-requestid": "8e0487e7-1eb5-4a7f-8479-fbc57e030ce4",
      "content-type": "application/x-amz-json-1.1",
      "content-length": "123",
      "date": "Fri, 24 Jul 2026 11:36:24 GMT"
    },
    "RetryAttempts": 0
  }
}
j-2OEJ2MQCJC7KE step s-09440511DRKUMDCPUG7J is PENDING
j-2OEJ2MQCJC7KE step s-09440511DRKUMDCPUG7J is CANCELLED
j-2OEJ2MQCJC7KE cluster is TERMINATED_WITH_ERRORS
STEP FAILED: j-2OEJ2MQCJC7KE s-09440511DRKUMDCPUG7J ended as CANCELLED: {'State': 'CANCELLED', 'StateChangeReason': {'Message': 'Cluster terminated'}, 'Timeline': {'CreationDateTime': datetime.datetime(2026, 7, 24, 17, 6, 24, 587000, tzinfo=tzlocal())}} | cluster_reason={'Code': 'VALIDATION_ERROR', 'Message': 'The subnet configuration was invalid: The subnet subnet-0790d25ecc4deae64 does not exist.'} | error_details=[]
Batch finished. Success CSV: data/performance/performance_dataset.csv
Failed experiments CSV: data/performance/failed_emr_experiments.csv
Starting 2048MB memory-heavy on m5a.xlarge x 4 in ap-southeast-1
{
  "JobFlowId": "j-3CI1DJTGM83US",
  "ClusterArn": "arn:aws:elasticmapreduce:ap-southeast-1:435097195936:cluster/j-3CI1DJTGM83US",
  "ResponseMetadata": {
    "RequestId": "ba0331ef-25bc-4255-9a64-eb9a905a3859",
    "HTTPStatusCode": 200,
    "HTTPHeaders": {
      "x-amzn-requestid": "ba0331ef-25bc-4255-9a64-eb9a905a3859",
      "content-type": "application/x-amz-json-1.1",
      "content-length": "123",
      "date": "Fri, 24 Jul 2026 11:36:56 GMT"
    },
    "RetryAttempts": 0
  }
}
j-3CI1DJTGM83US step s-06764812RYTBTZ5NEI4C is PENDING
j-3CI1DJTGM83US step s-06764812RYTBTZ5NEI4C is CANCELLED
j-3CI1DJTGM83US cluster is TERMINATED_WITH_ERRORS
STEP FAILED: j-3CI1DJTGM83US s-06764812RYTBTZ5NEI4C ended as CANCELLED: {'State': 'CANCELLED', 'StateChangeReason': {'Message': 'Cluster terminated'}, 'Timeline': {'CreationDateTime': datetime.datetime(2026, 7, 24, 17, 6, 56, 705000, tzinfo=tzlocal())}} | cluster_reason={'Code': 'VALIDATION_ERROR', 'Message': 'The subnet configuration was invalid: The subnet subnet-0790d25ecc4deae64 does not exist.'} | error_details=[]
Batch finished. Success CSV: data/performance/performance_dataset.csv
Failed experiments CSV: data/performance/failed_emr_experiments.csv
Starting 500MB memory-heavy on c5.xlarge x 4 in ap-southeast-1
{
  "JobFlowId": "j-3L4PI6MTNQVO5",
  "ClusterArn": "arn:aws:elasticmapreduce:ap-southeast-1:435097195936:cluster/j-3L4PI6MTNQVO5",
  "ResponseMetadata": {
    "RequestId": "d54fa5d9-ee0a-45fe-b580-12c82a02f180",
    "HTTPStatusCode": 200,
    "HTTPHeaders": {
      "x-amzn-requestid": "d54fa5d9-ee0a-45fe-b580-12c82a02f180",
      "content-type": "application/x-amz-json-1.1",
      "content-length": "123",
      "date": "Fri, 24 Jul 2026 11:37:28 GMT"
    },
    "RetryAttempts": 0
  }
}
j-3L4PI6MTNQVO5 step s-065826923VNT2HO7KK26 is PENDING
j-3L4PI6MTNQVO5 step s-065826923VNT2HO7KK26 is CANCELLED
j-3L4PI6MTNQVO5 cluster is TERMINATED_WITH_ERRORS
STEP FAILED: j-3L4PI6MTNQVO5 s-065826923VNT2HO7KK26 ended as CANCELLED: {'State': 'CANCELLED', 'StateChangeReason': {'Message': 'Cluster terminated'}, 'Timeline': {'CreationDateTime': datetime.datetime(2026, 7, 24, 17, 7, 28, 775000, tzinfo=tzlocal())}} | cluster_reason={'Code': 'VALIDATION_ERROR', 'Message': 'The subnet configuration was invalid: The subnet subnet-0790d25ecc4deae64 does not exist.'} | error_details=[]
Batch finished. Success CSV: data/performance/performance_dataset.csv
Failed experiments CSV: data/performance/failed_emr_experiments.csv
Starting 2048MB io-heavy on m6i.xlarge x 2 in ap-southeast-1
{
  "JobFlowId": "j-1FT04W6CUKAU0",
  "ClusterArn": "arn:aws:elasticmapreduce:ap-southeast-1:435097195936:cluster/j-1FT04W6CUKAU0",
  "ResponseMetadata": {
    "RequestId": "fd1ae0ae-1289-4bfa-ab83-e05a31f5c69e",
    "HTTPStatusCode": 200,
    "HTTPHeaders": {
      "x-amzn-requestid": "fd1ae0ae-1289-4bfa-ab83-e05a31f5c69e",
      "content-type": "application/x-amz-json-1.1",
      "content-length": "123",
      "date": "Fri, 24 Jul 2026 11:38:01 GMT"
    },
    "RetryAttempts": 0
  }
}
j-1FT04W6CUKAU0 step s-0123918NC1TW63TPEKI is PENDING
j-1FT04W6CUKAU0 step s-0123918NC1TW63TPEKI is CANCELLED
j-1FT04W6CUKAU0 cluster is TERMINATED_WITH_ERRORS
STEP FAILED: j-1FT04W6CUKAU0 s-0123918NC1TW63TPEKI ended as CANCELLED: {'State': 'CANCELLED', 'StateChangeReason': {'Message': 'Cluster terminated'}, 'Timeline': {'CreationDateTime': datetime.datetime(2026, 7, 24, 17, 8, 0, 999000, tzinfo=tzlocal())}} | cluster_reason={'Code': 'VALIDATION_ERROR', 'Message': 'The subnet configuration was invalid: The subnet subnet-0790d25ecc4deae64 does not exist.'} | error_details=[]
Batch finished. Success CSV: data/performance/performance_dataset.csv
Failed experiments CSV: data/performance/failed_emr_experiments.csv
Starting 500MB io-heavy on m6i.xlarge x 2 in ap-southeast-1
{
  "JobFlowId": "j-C0R2PXBR4IYL",
  "ClusterArn": "arn:aws:elasticmapreduce:ap-southeast-1:435097195936:cluster/j-C0R2PXBR4IYL",
  "ResponseMetadata": {
    "RequestId": "44228d8c-f81d-4928-ba94-c88c9a98fbc7",
    "HTTPStatusCode": 200,
    "HTTPHeaders": {
      "x-amzn-requestid": "44228d8c-f81d-4928-ba94-c88c9a98fbc7",
      "content-type": "application/x-amz-json-1.1",
      "content-length": "121",
      "date": "Fri, 24 Jul 2026 11:38:33 GMT"
    },
    "RetryAttempts": 0
  }
}
j-C0R2PXBR4IYL step s-0381177N5LLS4IZD2KH is PENDING
j-C0R2PXBR4IYL step s-0381177N5LLS4IZD2KH is CANCELLED
j-C0R2PXBR4IYL cluster is TERMINATED_WITH_ERRORS
STEP FAILED: j-C0R2PXBR4IYL s-0381177N5LLS4IZD2KH ended as CANCELLED: {'State': 'CANCELLED', 'StateChangeReason': {'Message': 'Cluster terminated'}, 'Timeline': {'CreationDateTime': datetime.datetime(2026, 7, 24, 17, 8, 33, 485000, tzinfo=tzlocal())}} | cluster_reason={'Code': 'VALIDATION_ERROR', 'Message': 'The subnet configuration was invalid: The subnet subnet-0790d25ecc4deae64 does not exist.'} | error_details=[]
Batch finished. Success CSV: data/performance/performance_dataset.csv
Failed experiments CSV: data/performance/failed_emr_experiments.csv
Starting 3072MB io-heavy on m5a.xlarge x 4 in ap-southeast-1
{
  "JobFlowId": "j-1PGL0S22B9F9L",
  "ClusterArn": "arn:aws:elasticmapreduce:ap-southeast-1:435097195936:cluster/j-1PGL0S22B9F9L",
  "ResponseMetadata": {
    "RequestId": "590139bf-fd98-463c-be46-9f40ed9b2cfc",
    "HTTPStatusCode": 200,
    "HTTPHeaders": {
      "x-amzn-requestid": "590139bf-fd98-463c-be46-9f40ed9b2cfc",
      "content-type": "application/x-amz-json-1.1",
      "content-length": "123",
      "date": "Fri, 24 Jul 2026 11:39:06 GMT"
    },
    "RetryAttempts": 0
  }
}
j-1PGL0S22B9F9L step s-03817091CFAA8HPEAI04 is PENDING
j-1PGL0S22B9F9L step s-03817091CFAA8HPEAI04 is CANCELLED
j-1PGL0S22B9F9L cluster is TERMINATED_WITH_ERRORS
STEP FAILED: j-1PGL0S22B9F9L s-03817091CFAA8HPEAI04 ended as CANCELLED: {'State': 'CANCELLED', 'StateChangeReason': {'Message': 'Cluster terminated'}, 'Timeline': {'CreationDateTime': datetime.datetime(2026, 7, 24, 17, 9, 5, 848000, tzinfo=tzlocal())}} | cluster_reason={'Code': 'VALIDATION_ERROR', 'Message': 'The subnet configuration was invalid: The subnet subnet-0790d25ecc4deae64 does not exist.'} | error_details=[]
Batch finished. Success CSV: data/performance/performance_dataset.csv
Failed experiments CSV: data/performance/failed_emr_experiments.csv
Starting 500MB io-heavy on m6i.xlarge x 4 in ap-southeast-1
{
  "JobFlowId": "j-2FZDS61PAGHBE",
  "ClusterArn": "arn:aws:elasticmapreduce:ap-southeast-1:435097195936:cluster/j-2FZDS61PAGHBE",
  "ResponseMetadata": {
    "RequestId": "a5ac96be-8be5-456c-85f1-e77d0582e20e",
    "HTTPStatusCode": 200,
    "HTTPHeaders": {
      "x-amzn-requestid": "a5ac96be-8be5-456c-85f1-e77d0582e20e",
      "content-type": "application/x-amz-json-1.1",
      "content-length": "123",
      "date": "Fri, 24 Jul 2026 11:39:38 GMT"
    },
    "RetryAttempts": 0
  }
}
j-2FZDS61PAGHBE step s-0927080WWXGJP71JB7C is PENDING
j-2FZDS61PAGHBE step s-0927080WWXGJP71JB7C is CANCELLED
j-2FZDS61PAGHBE cluster is TERMINATED_WITH_ERRORS
STEP FAILED: j-2FZDS61PAGHBE s-0927080WWXGJP71JB7C ended as CANCELLED: {'State': 'CANCELLED', 'StateChangeReason': {'Message': 'Cluster terminated'}, 'Timeline': {'CreationDateTime': datetime.datetime(2026, 7, 24, 17, 9, 38, 387000, tzinfo=tzlocal())}} | cluster_reason={'Code': 'VALIDATION_ERROR', 'Message': 'The subnet configuration was invalid: The subnet subnet-0790d25ecc4deae64 does not exist.'} | error_details=[]
Batch finished. Success CSV: data/performance/performance_dataset.csv
Failed experiments CSV: data/performance/failed_emr_experiments.csv
Starting 500MB memory-heavy on c5.xlarge x 4 in ap-southeast-1
{
  "JobFlowId": "j-25OUU2236720J",
  "ClusterArn": "arn:aws:elasticmapreduce:ap-southeast-1:435097195936:cluster/j-25OUU2236720J",
  "ResponseMetadata": {
    "RequestId": "004b08fc-6bbf-442d-8dfc-60ac24510a34",
    "HTTPStatusCode": 200,
    "HTTPHeaders": {
      "x-amzn-requestid": "004b08fc-6bbf-442d-8dfc-60ac24510a34",
      "content-type": "application/x-amz-json-1.1",
      "content-length": "123",
      "date": "Fri, 24 Jul 2026 11:40:10 GMT"
    },
    "RetryAttempts": 0
  }
}
j-25OUU2236720J step s-09286212FARY9164X65A is PENDING
j-25OUU2236720J step s-09286212FARY9164X65A is CANCELLED
j-25OUU2236720J cluster is TERMINATED_WITH_ERRORS
STEP FAILED: j-25OUU2236720J s-09286212FARY9164X65A ended as CANCELLED: {'State': 'CANCELLED', 'StateChangeReason': {'Message': 'Cluster terminated'}, 'Timeline': {'CreationDateTime': datetime.datetime(2026, 7, 24, 17, 10, 10, 448000, tzinfo=tzlocal())}} | cluster_reason={'Code': 'VALIDATION_ERROR', 'Message': 'The subnet configuration was invalid: The subnet subnet-0790d25ecc4deae64 does not exist.'} | error_details=[]
Batch finished. Success CSV: data/performance/performance_dataset.csv
Failed experiments CSV: data/performance/failed_emr_experiments.csv
Starting 3072MB cpu-heavy on c5.xlarge x 2 in ap-southeast-1
{
  "JobFlowId": "j-L24GLJS3YJ7K",
  "ClusterArn": "arn:aws:elasticmapreduce:ap-southeast-1:435097195936:cluster/j-L24GLJS3YJ7K",
  "ResponseMetadata": {
    "RequestId": "5cc2fb43-364b-4e1e-ac90-78eab7ce387e",
    "HTTPStatusCode": 200,
    "HTTPHeaders": {
      "x-amzn-requestid": "5cc2fb43-364b-4e1e-ac90-78eab7ce387e",
      "content-type": "application/x-amz-json-1.1",
      "content-length": "121",
      "date": "Fri, 24 Jul 2026 11:40:42 GMT"
    },
    "RetryAttempts": 0
  }
}
j-L24GLJS3YJ7K step s-01362283YMKH6EB8WAS is PENDING
j-L24GLJS3YJ7K step s-01362283YMKH6EB8WAS is CANCELLED
j-L24GLJS3YJ7K cluster is TERMINATED_WITH_ERRORS
STEP FAILED: j-L24GLJS3YJ7K s-01362283YMKH6EB8WAS ended as CANCELLED: {'State': 'CANCELLED', 'StateChangeReason': {'Message': 'Cluster terminated'}, 'Timeline': {'CreationDateTime': datetime.datetime(2026, 7, 24, 17, 10, 42, 598000, tzinfo=tzlocal())}} | cluster_reason={'Code': 'VALIDATION_ERROR', 'Message': 'The subnet configuration was invalid: The subnet subnet-0790d25ecc4deae64 does not exist.'} | error_details=[]
Batch finished. Success CSV: data/performance/performance_dataset.csv
Failed experiments CSV: data/performance/failed_emr_experiments.csv
Starting 500MB io-heavy on m6i.xlarge x 4 in ap-southeast-1
{
  "JobFlowId": "j-4AXW3FEO3IIF",
  "ClusterArn": "arn:aws:elasticmapreduce:ap-southeast-1:435097195936:cluster/j-4AXW3FEO3IIF",
  "ResponseMetadata": {
    "RequestId": "a73ea906-d970-4361-9add-2c5086eba01a",
    "HTTPStatusCode": 200,
    "HTTPHeaders": {
      "x-amzn-requestid": "a73ea906-d970-4361-9add-2c5086eba01a",
      "content-type": "application/x-amz-json-1.1",
      "content-length": "121",
      "date": "Fri, 24 Jul 2026 11:41:15 GMT"
    },
    "RetryAttempts": 0
  }
}
j-4AXW3FEO3IIF step s-0402356IHWZC3N2YK5I is PENDING
j-4AXW3FEO3IIF step s-0402356IHWZC3N2YK5I is CANCELLED
j-4AXW3FEO3IIF cluster is TERMINATED_WITH_ERRORS
STEP FAILED: j-4AXW3FEO3IIF s-0402356IHWZC3N2YK5I ended as CANCELLED: {'State': 'CANCELLED', 'StateChangeReason': {'Message': 'Cluster terminated'}, 'Timeline': {'CreationDateTime': datetime.datetime(2026, 7, 24, 17, 11, 15, 166000, tzinfo=tzlocal())}} | cluster_reason={'Code': 'VALIDATION_ERROR', 'Message': 'The subnet configuration was invalid: The subnet subnet-0790d25ecc4deae64 does not exist.'} | error_details=[]
Batch finished. Success CSV: data/performance/performance_dataset.csv
Failed experiments CSV: data/performance/failed_emr_experiments.csv
Starting 10MB cpu-heavy on c5a.xlarge x 4 in ap-southeast-1
{
  "JobFlowId": "j-2OKZEVW1YW9L6",
  "ClusterArn": "arn:aws:elasticmapreduce:ap-southeast-1:435097195936:cluster/j-2OKZEVW1YW9L6",
  "ResponseMetadata": {
    "RequestId": "07d95c01-9373-403b-a8fb-bae0fe95e554",
    "HTTPStatusCode": 200,
    "HTTPHeaders": {
      "x-amzn-requestid": "07d95c01-9373-403b-a8fb-bae0fe95e554",
      "content-type": "application/x-amz-json-1.1",
      "content-length": "123",
      "date": "Fri, 24 Jul 2026 11:41:47 GMT"
    },
    "RetryAttempts": 0
  }
}
j-2OKZEVW1YW9L6 step s-038103122PDW616GT9GE is PENDING
j-2OKZEVW1YW9L6 step s-038103122PDW616GT9GE is CANCELLED
j-2OKZEVW1YW9L6 cluster is TERMINATED_WITH_ERRORS
STEP FAILED: j-2OKZEVW1YW9L6 s-038103122PDW616GT9GE ended as CANCELLED: {'State': 'CANCELLED', 'StateChangeReason': {'Message': 'Cluster terminated'}, 'Timeline': {'CreationDateTime': datetime.datetime(2026, 7, 24, 17, 11, 47, 197000, tzinfo=tzlocal())}} | cluster_reason={'Code': 'VALIDATION_ERROR', 'Message': 'The subnet configuration was invalid: The subnet subnet-0790d25ecc4deae64 does not exist.'} | error_details=[]
Batch finished. Success CSV: data/performance/performance_dataset.csv
Failed experiments CSV: data/performance/failed_emr_experiments.csv
Starting 10MB memory-heavy on c5a.xlarge x 4 in ap-southeast-1
{
  "JobFlowId": "j-8UU4AKM2BB0X",
  "ClusterArn": "arn:aws:elasticmapreduce:ap-southeast-1:435097195936:cluster/j-8UU4AKM2BB0X",
  "ResponseMetadata": {
    "RequestId": "efb1f191-26aa-45d0-8234-3bccf66da007",
    "HTTPStatusCode": 200,
    "HTTPHeaders": {
      "x-amzn-requestid": "efb1f191-26aa-45d0-8234-3bccf66da007",
      "content-type": "application/x-amz-json-1.1",
      "content-length": "121",
      "date": "Fri, 24 Jul 2026 11:42:19 GMT"
    },
    "RetryAttempts": 0
  }
}
j-8UU4AKM2BB0X step s-06953512JHYH1LT3F4HK is PENDING
j-8UU4AKM2BB0X step s-06953512JHYH1LT3F4HK is CANCELLED
j-8UU4AKM2BB0X cluster is TERMINATED_WITH_ERRORS
STEP FAILED: j-8UU4AKM2BB0X s-06953512JHYH1LT3F4HK ended as CANCELLED: {'State': 'CANCELLED', 'StateChangeReason': {'Message': 'Cluster terminated'}, 'Timeline': {'CreationDateTime': datetime.datetime(2026, 7, 24, 17, 12, 19, 196000, tzinfo=tzlocal())}} | cluster_reason={'Code': 'VALIDATION_ERROR', 'Message': 'The subnet configuration was invalid: The subnet subnet-0790d25ecc4deae64 does not exist.'} | error_details=[]
Batch finished. Success CSV: data/performance/performance_dataset.csv
Failed experiments CSV: data/performance/failed_emr_experiments.csv
Starting 500MB io-heavy on m6i.xlarge x 2 in ap-southeast-1
{
  "JobFlowId": "j-ZU6PIXAKG7DW",
  "ClusterArn": "arn:aws:elasticmapreduce:ap-southeast-1:435097195936:cluster/j-ZU6PIXAKG7DW",
  "ResponseMetadata": {
    "RequestId": "eed4d19c-9cdf-4f1f-ab8d-252f63e1ce39",
    "HTTPStatusCode": 200,
    "HTTPHeaders": {
      "x-amzn-requestid": "eed4d19c-9cdf-4f1f-ab8d-252f63e1ce39",
      "content-type": "application/x-amz-json-1.1",
      "content-length": "121",
      "date": "Fri, 24 Jul 2026 11:42:51 GMT"
    },
    "RetryAttempts": 0
  }
}
j-ZU6PIXAKG7DW step s-06708773NAOK50G7F7XB is PENDING
j-ZU6PIXAKG7DW step s-06708773NAOK50G7F7XB is CANCELLED
j-ZU6PIXAKG7DW cluster is TERMINATED_WITH_ERRORS
STEP FAILED: j-ZU6PIXAKG7DW s-06708773NAOK50G7F7XB ended as CANCELLED: {'State': 'CANCELLED', 'StateChangeReason': {'Message': 'Cluster terminated'}, 'Timeline': {'CreationDateTime': datetime.datetime(2026, 7, 24, 17, 12, 51, 108000, tzinfo=tzlocal())}} | cluster_reason={'Code': 'VALIDATION_ERROR', 'Message': 'The subnet configuration was invalid: The subnet subnet-0790d25ecc4deae64 does not exist.'} | error_details=[]
Batch finished. Success CSV: data/performance/performance_dataset.csv
Failed experiments CSV: data/performance/failed_emr_experiments.csv
Starting 100MB cpu-heavy on c5.xlarge x 2 in ap-southeast-1
{
  "JobFlowId": "j-KN5R0DY5ZPVS",
  "ClusterArn": "arn:aws:elasticmapreduce:ap-southeast-1:435097195936:cluster/j-KN5R0DY5ZPVS",
  "ResponseMetadata": {
    "RequestId": "50c74708-b3c4-4fe9-a20c-a67d7662a7f2",
    "HTTPStatusCode": 200,
    "HTTPHeaders": {
      "x-amzn-requestid": "50c74708-b3c4-4fe9-a20c-a67d7662a7f2",
      "content-type": "application/x-amz-json-1.1",
      "content-length": "121",
      "date": "Fri, 24 Jul 2026 11:43:23 GMT"
    },
    "RetryAttempts": 0
  }
}
j-KN5R0DY5ZPVS step s-016770329RGGE9XN1S1S is PENDING
j-KN5R0DY5ZPVS step s-016770329RGGE9XN1S1S is CANCELLED
j-KN5R0DY5ZPVS cluster is TERMINATED_WITH_ERRORS
STEP FAILED: j-KN5R0DY5ZPVS s-016770329RGGE9XN1S1S ended as CANCELLED: {'State': 'CANCELLED', 'StateChangeReason': {'Message': 'Cluster terminated'}, 'Timeline': {'CreationDateTime': datetime.datetime(2026, 7, 24, 17, 13, 23, 241000, tzinfo=tzlocal())}} | cluster_reason={'Code': 'VALIDATION_ERROR', 'Message': 'The subnet configuration was invalid: The subnet subnet-0790d25ecc4deae64 does not exist.'} | error_details=[]
Batch finished. Success CSV: data/performance/performance_dataset.csv
Failed experiments CSV: data/performance/failed_emr_experiments.csv
Starting 100MB io-heavy on m6i.xlarge x 4 in ap-southeast-1
{
  "JobFlowId": "j-11CGB1XI8Q4O9",
  "ClusterArn": "arn:aws:elasticmapreduce:ap-southeast-1:435097195936:cluster/j-11CGB1XI8Q4O9",
  "ResponseMetadata": {
    "RequestId": "f2f2bfb4-9a29-496b-946f-e86c1cad355d",
    "HTTPStatusCode": 200,
    "HTTPHeaders": {
      "x-amzn-requestid": "f2f2bfb4-9a29-496b-946f-e86c1cad355d",
      "content-type": "application/x-amz-json-1.1",
      "content-length": "123",
      "date": "Fri, 24 Jul 2026 11:43:55 GMT"
    },
    "RetryAttempts": 0
  }
}
j-11CGB1XI8Q4O9 step s-0703992240XE2BMTQP6L is PENDING
j-11CGB1XI8Q4O9 step s-0703992240XE2BMTQP6L is CANCELLED
j-11CGB1XI8Q4O9 cluster is TERMINATED_WITH_ERRORS
STEP FAILED: j-11CGB1XI8Q4O9 s-0703992240XE2BMTQP6L ended as CANCELLED: {'State': 'CANCELLED', 'StateChangeReason': {'Message': 'Cluster terminated'}, 'Timeline': {'CreationDateTime': datetime.datetime(2026, 7, 24, 17, 13, 55, 853000, tzinfo=tzlocal())}} | cluster_reason={'Code': 'VALIDATION_ERROR', 'Message': 'The subnet configuration was invalid: The subnet subnet-0790d25ecc4deae64 does not exist.'} | error_details=[]
Batch finished. Success CSV: data/performance/performance_dataset.csv
Failed experiments CSV: data/performance/failed_emr_experiments.csv
Starting 10MB io-heavy on m6i.xlarge x 2 in ap-southeast-1
{
  "JobFlowId": "j-R57ILG6TM4RX",
  "ClusterArn": "arn:aws:elasticmapreduce:ap-southeast-1:435097195936:cluster/j-R57ILG6TM4RX",
  "ResponseMetadata": {
    "RequestId": "8d80ce42-b554-445a-994e-afa692f3ff15",
    "HTTPStatusCode": 200,
    "HTTPHeaders": {
      "x-amzn-requestid": "8d80ce42-b554-445a-994e-afa692f3ff15",
      "content-type": "application/x-amz-json-1.1",
      "content-length": "121",
      "date": "Fri, 24 Jul 2026 11:44:28 GMT"
    },
    "RetryAttempts": 0
  }
}
j-R57ILG6TM4RX step s-01367291K3NLATKB3R52 is PENDING
j-R57ILG6TM4RX step s-01367291K3NLATKB3R52 is CANCELLED
j-R57ILG6TM4RX cluster is TERMINATED_WITH_ERRORS
STEP FAILED: j-R57ILG6TM4RX s-01367291K3NLATKB3R52 ended as CANCELLED: {'State': 'CANCELLED', 'StateChangeReason': {'Message': 'Cluster terminated'}, 'Timeline': {'CreationDateTime': datetime.datetime(2026, 7, 24, 17, 14, 28, 10000, tzinfo=tzlocal())}} | cluster_reason={'Code': 'VALIDATION_ERROR', 'Message': 'The subnet configuration was invalid: The subnet subnet-0790d25ecc4deae64 does not exist.'} | error_details=[]
Batch finished. Success CSV: data/performance/performance_dataset.csv
Failed experiments CSV: data/performance/failed_emr_experiments.csv
Starting 2048MB memory-heavy on m6i.xlarge x 4 in ap-southeast-1
{
  "JobFlowId": "j-PWOC2XPUIJWK",
  "ClusterArn": "arn:aws:elasticmapreduce:ap-southeast-1:435097195936:cluster/j-PWOC2XPUIJWK",
  "ResponseMetadata": {
    "RequestId": "64ca4c52-3820-4ba1-9f86-4b27a7b50b80",
    "HTTPStatusCode": 200,
    "HTTPHeaders": {
      "x-amzn-requestid": "64ca4c52-3820-4ba1-9f86-4b27a7b50b80",
      "content-type": "application/x-amz-json-1.1",
      "content-length": "121",
      "date": "Fri, 24 Jul 2026 11:45:00 GMT"
    },
    "RetryAttempts": 0
  }
}
j-PWOC2XPUIJWK step s-029604630OQW2YF979QW is PENDING
j-PWOC2XPUIJWK step s-029604630OQW2YF979QW is CANCELLED
j-PWOC2XPUIJWK cluster is TERMINATED_WITH_ERRORS
STEP FAILED: j-PWOC2XPUIJWK s-029604630OQW2YF979QW ended as CANCELLED: {'State': 'CANCELLED', 'StateChangeReason': {'Message': 'Cluster terminated'}, 'Timeline': {'CreationDateTime': datetime.datetime(2026, 7, 24, 17, 15, 0, 251000, tzinfo=tzlocal())}} | cluster_reason={'Code': 'VALIDATION_ERROR', 'Message': 'The subnet configuration was invalid: The subnet subnet-0790d25ecc4deae64 does not exist.'} | error_details=[]
Batch finished. Success CSV: data/performance/performance_dataset.csv
Failed experiments CSV: data/performance/failed_emr_experiments.csv
Starting 10MB cpu-heavy on c5a.xlarge x 2 in ap-southeast-1
{
  "JobFlowId": "j-FNG8R2RY36YT",
  "ClusterArn": "arn:aws:elasticmapreduce:ap-southeast-1:435097195936:cluster/j-FNG8R2RY36YT",
  "ResponseMetadata": {
    "RequestId": "f17e41e6-c158-44ba-add7-a7580a9fd8dc",
    "HTTPStatusCode": 200,
    "HTTPHeaders": {
      "x-amzn-requestid": "f17e41e6-c158-44ba-add7-a7580a9fd8dc",
      "content-type": "application/x-amz-json-1.1",
      "content-length": "121",
      "date": "Fri, 24 Jul 2026 11:45:32 GMT"
    },
    "RetryAttempts": 0
  }
}
j-FNG8R2RY36YT step s-01416041Q14UDVQ5FNLJ is PENDING
j-FNG8R2RY36YT step s-01416041Q14UDVQ5FNLJ is CANCELLED
j-FNG8R2RY36YT cluster is TERMINATED_WITH_ERRORS
STEP FAILED: j-FNG8R2RY36YT s-01416041Q14UDVQ5FNLJ ended as CANCELLED: {'State': 'CANCELLED', 'StateChangeReason': {'Message': 'Cluster terminated'}, 'Timeline': {'CreationDateTime': datetime.datetime(2026, 7, 24, 17, 15, 32, 211000, tzinfo=tzlocal())}} | cluster_reason={'Code': 'VALIDATION_ERROR', 'Message': 'The subnet configuration was invalid: The subnet subnet-0790d25ecc4deae64 does not exist.'} | error_details=[]
Batch finished. Success CSV: data/performance/performance_dataset.csv
Failed experiments CSV: data/performance/failed_emr_experiments.csv
Starting 100MB io-heavy on c5.xlarge x 2 in ap-southeast-1
{
  "JobFlowId": "j-1DJ8SZZE7G3N7",
  "ClusterArn": "arn:aws:elasticmapreduce:ap-southeast-1:435097195936:cluster/j-1DJ8SZZE7G3N7",
  "ResponseMetadata": {
    "RequestId": "bac4b839-bb07-4017-9587-e7c1f6132efa",
    "HTTPStatusCode": 200,
    "HTTPHeaders": {
      "x-amzn-requestid": "bac4b839-bb07-4017-9587-e7c1f6132efa",
      "content-type": "application/x-amz-json-1.1",
      "content-length": "123",
      "date": "Fri, 24 Jul 2026 11:46:05 GMT"
    },
    "RetryAttempts": 0
  }
}
j-1DJ8SZZE7G3N7 step s-083360366U8NGI49XSV is PENDING
j-1DJ8SZZE7G3N7 step s-083360366U8NGI49XSV is CANCELLED
j-1DJ8SZZE7G3N7 cluster is TERMINATED_WITH_ERRORS
STEP FAILED: j-1DJ8SZZE7G3N7 s-083360366U8NGI49XSV ended as CANCELLED: {'State': 'CANCELLED', 'StateChangeReason': {'Message': 'Cluster terminated'}, 'Timeline': {'CreationDateTime': datetime.datetime(2026, 7, 24, 17, 16, 5, 224000, tzinfo=tzlocal())}} | cluster_reason={'Code': 'VALIDATION_ERROR', 'Message': 'The subnet configuration was invalid: The subnet subnet-0790d25ecc4deae64 does not exist.'} | error_details=[]
Batch finished. Success CSV: data/performance/performance_dataset.csv
Failed experiments CSV: data/performance/failed_emr_experiments.csv
Starting 1024MB memory-heavy on m5a.xlarge x 4 in ap-southeast-1
{
  "JobFlowId": "j-2SB57Y53KLTAX",
  "ClusterArn": "arn:aws:elasticmapreduce:ap-southeast-1:435097195936:cluster/j-2SB57Y53KLTAX",
  "ResponseMetadata": {
    "RequestId": "706aa16b-6eb0-4e2e-bf87-3a9fbdd5aeff",
    "HTTPStatusCode": 200,
    "HTTPHeaders": {
      "x-amzn-requestid": "706aa16b-6eb0-4e2e-bf87-3a9fbdd5aeff",
      "content-type": "application/x-amz-json-1.1",
      "content-length": "123",
      "date": "Fri, 24 Jul 2026 11:46:37 GMT"
    },
    "RetryAttempts": 0
  }
}
j-2SB57Y53KLTAX step s-040346027Z396NA6O8H is PENDING
j-2SB57Y53KLTAX step s-040346027Z396NA6O8H is CANCELLED
j-2SB57Y53KLTAX cluster is TERMINATED_WITH_ERRORS
STEP FAILED: j-2SB57Y53KLTAX s-040346027Z396NA6O8H ended as CANCELLED: {'State': 'CANCELLED', 'StateChangeReason': {'Message': 'Cluster terminated'}, 'Timeline': {'CreationDateTime': datetime.datetime(2026, 7, 24, 17, 16, 37, 429000, tzinfo=tzlocal())}} | cluster_reason={'Code': 'VALIDATION_ERROR', 'Message': 'The subnet configuration was invalid: The subnet subnet-0790d25ecc4deae64 does not exist.'} | error_details=[]
Batch finished. Success CSV: data/performance/performance_dataset.csv
Failed experiments CSV: data/performance/failed_emr_experiments.csv
Starting 10MB memory-heavy on c5.xlarge x 2 in ap-southeast-1
{
  "JobFlowId": "j-2I4M3CZM8KNAW",
  "ClusterArn": "arn:aws:elasticmapreduce:ap-southeast-1:435097195936:cluster/j-2I4M3CZM8KNAW",
  "ResponseMetadata": {
    "RequestId": "1efbd7fc-610e-4853-8134-76b47b73cbea",
    "HTTPStatusCode": 200,
    "HTTPHeaders": {
      "x-amzn-requestid": "1efbd7fc-610e-4853-8134-76b47b73cbea",
      "content-type": "application/x-amz-json-1.1",
      "content-length": "123",
      "date": "Fri, 24 Jul 2026 11:47:09 GMT"
    },
    "RetryAttempts": 0
  }
}
j-2I4M3CZM8KNAW step s-00281863BKJD1NTU5SRV is PENDING
j-2I4M3CZM8KNAW step s-00281863BKJD1NTU5SRV is CANCELLED
j-2I4M3CZM8KNAW cluster is TERMINATED_WITH_ERRORS
STEP FAILED: j-2I4M3CZM8KNAW s-00281863BKJD1NTU5SRV ended as CANCELLED: {'State': 'CANCELLED', 'StateChangeReason': {'Message': 'Cluster terminated'}, 'Timeline': {'CreationDateTime': datetime.datetime(2026, 7, 24, 17, 17, 9, 610000, tzinfo=tzlocal())}} | cluster_reason={'Code': 'VALIDATION_ERROR', 'Message': 'The subnet configuration was invalid: The subnet subnet-0790d25ecc4deae64 does not exist.'} | error_details=[]
Batch finished. Success CSV: data/performance/performance_dataset.csv
Failed experiments CSV: data/performance/failed_emr_experiments.csv
Starting 10MB io-heavy on c5.xlarge x 2 in ap-southeast-1
{
  "JobFlowId": "j-2G2W78N9ZLPDN",
  "ClusterArn": "arn:aws:elasticmapreduce:ap-southeast-1:435097195936:cluster/j-2G2W78N9ZLPDN",
  "ResponseMetadata": {
    "RequestId": "a75c9b19-e11f-4b37-9702-b38b92c9d509",
    "HTTPStatusCode": 200,
    "HTTPHeaders": {
      "x-amzn-requestid": "a75c9b19-e11f-4b37-9702-b38b92c9d509",
      "content-type": "application/x-amz-json-1.1",
      "content-length": "123",
      "date": "Fri, 24 Jul 2026 11:47:41 GMT"
    },
    "RetryAttempts": 0
  }
}
j-2G2W78N9ZLPDN step s-09273801OEV5KGHHZF3M is PENDING
j-2G2W78N9ZLPDN step s-09273801OEV5KGHHZF3M is CANCELLED
j-2G2W78N9ZLPDN cluster is TERMINATED_WITH_ERRORS
STEP FAILED: j-2G2W78N9ZLPDN s-09273801OEV5KGHHZF3M ended as CANCELLED: {'State': 'CANCELLED', 'StateChangeReason': {'Message': 'Cluster terminated'}, 'Timeline': {'CreationDateTime': datetime.datetime(2026, 7, 24, 17, 17, 41, 603000, tzinfo=tzlocal())}} | cluster_reason={'Code': 'VALIDATION_ERROR', 'Message': 'The subnet configuration was invalid: The subnet subnet-0790d25ecc4deae64 does not exist.'} | error_details=[]
Batch finished. Success CSV: data/performance/performance_dataset.csv
Failed experiments CSV: data/performance/failed_emr_experiments.csv
Starting 100MB cpu-heavy on c5a.xlarge x 2 in ap-southeast-1
{
  "JobFlowId": "j-LLLVE5S64L50",
  "ClusterArn": "arn:aws:elasticmapreduce:ap-southeast-1:435097195936:cluster/j-LLLVE5S64L50",
  "ResponseMetadata": {
    "RequestId": "1d310f47-35b0-49e1-8884-efeee8670f0f",
    "HTTPStatusCode": 200,
    "HTTPHeaders": {
      "x-amzn-requestid": "1d310f47-35b0-49e1-8884-efeee8670f0f",
      "content-type": "application/x-amz-json-1.1",
      "content-length": "121",
      "date": "Fri, 24 Jul 2026 11:48:14 GMT"
    },
    "RetryAttempts": 0
  }
}
j-LLLVE5S64L50 step s-06764893IZMVAJ54QHW9 is PENDING
j-LLLVE5S64L50 step s-06764893IZMVAJ54QHW9 is CANCELLED
j-LLLVE5S64L50 cluster is TERMINATED_WITH_ERRORS
STEP FAILED: j-LLLVE5S64L50 s-06764893IZMVAJ54QHW9 ended as CANCELLED: {'State': 'CANCELLED', 'StateChangeReason': {'Message': 'Cluster terminated'}, 'Timeline': {'CreationDateTime': datetime.datetime(2026, 7, 24, 17, 18, 14, 354000, tzinfo=tzlocal())}} | cluster_reason={'Code': 'VALIDATION_ERROR', 'Message': 'The subnet configuration was invalid: The subnet subnet-0790d25ecc4deae64 does not exist.'} | error_details=[]
Batch finished. Success CSV: data/performance/performance_dataset.csv
Failed experiments CSV: data/performance/failed_emr_experiments.csv
Starting 10MB cpu-heavy on m6i.xlarge x 4 in ap-southeast-1
{
  "JobFlowId": "j-1G4ISZFGJYN1T",
  "ClusterArn": "arn:aws:elasticmapreduce:ap-southeast-1:435097195936:cluster/j-1G4ISZFGJYN1T",
  "ResponseMetadata": {
    "RequestId": "116f6b83-a533-4801-9c6f-b0e9b04c62fb",
    "HTTPStatusCode": 200,
    "HTTPHeaders": {
      "x-amzn-requestid": "116f6b83-a533-4801-9c6f-b0e9b04c62fb",
      "content-type": "application/x-amz-json-1.1",
      "content-length": "123",
      "date": "Fri, 24 Jul 2026 11:48:46 GMT"
    },
    "RetryAttempts": 0
  }
}
j-1G4ISZFGJYN1T step s-0678000XRQMKQM460RA is PENDING
j-1G4ISZFGJYN1T step s-0678000XRQMKQM460RA is CANCELLED
j-1G4ISZFGJYN1T cluster is TERMINATED_WITH_ERRORS
STEP FAILED: j-1G4ISZFGJYN1T s-0678000XRQMKQM460RA ended as CANCELLED: {'State': 'CANCELLED', 'StateChangeReason': {'Message': 'Cluster terminated'}, 'Timeline': {'CreationDateTime': datetime.datetime(2026, 7, 24, 17, 18, 46, 585000, tzinfo=tzlocal())}} | cluster_reason={'Code': 'VALIDATION_ERROR', 'Message': 'The subnet configuration was invalid: The subnet subnet-0790d25ecc4deae64 does not exist.'} | error_details=[]
Batch finished. Success CSV: data/performance/performance_dataset.csv
Failed experiments CSV: data/performance/failed_emr_experiments.csv
Starting 10MB io-heavy on c6i.xlarge x 2 in ap-southeast-1
{
  "JobFlowId": "j-1MHZQ75M56Z7",
  "ClusterArn": "arn:aws:elasticmapreduce:ap-southeast-1:435097195936:cluster/j-1MHZQ75M56Z7",
  "ResponseMetadata": {
    "RequestId": "8373f05c-7e7d-447a-9461-9e748781f9a6",
    "HTTPStatusCode": 200,
    "HTTPHeaders": {
      "x-amzn-requestid": "8373f05c-7e7d-447a-9461-9e748781f9a6",
      "content-type": "application/x-amz-json-1.1",
      "content-length": "121",
      "date": "Fri, 24 Jul 2026 11:49:18 GMT"
    },
    "RetryAttempts": 0
  }
}
j-1MHZQ75M56Z7 step s-0926870G0FOCN66ZHH0 is PENDING
j-1MHZQ75M56Z7 step s-0926870G0FOCN66ZHH0 is CANCELLED
j-1MHZQ75M56Z7 cluster is TERMINATED_WITH_ERRORS
STEP FAILED: j-1MHZQ75M56Z7 s-0926870G0FOCN66ZHH0 ended as CANCELLED: {'State': 'CANCELLED', 'StateChangeReason': {'Message': 'Cluster terminated'}, 'Timeline': {'CreationDateTime': datetime.datetime(2026, 7, 24, 17, 19, 18, 760000, tzinfo=tzlocal())}} | cluster_reason={'Code': 'VALIDATION_ERROR', 'Message': 'The subnet configuration was invalid: The subnet subnet-0790d25ecc4deae64 does not exist.'} | error_details=[]
Batch finished. Success CSV: data/performance/performance_dataset.csv
Failed experiments CSV: data/performance/failed_emr_experiments.csv
Starting 10MB memory-heavy on m6i.xlarge x 4 in ap-southeast-1
{
  "JobFlowId": "j-1Q3N67ZH903X1",
  "ClusterArn": "arn:aws:elasticmapreduce:ap-southeast-1:435097195936:cluster/j-1Q3N67ZH903X1",
  "ResponseMetadata": {
    "RequestId": "37d45d2e-05c6-4480-b193-11f0a795fce8",
    "HTTPStatusCode": 200,
    "HTTPHeaders": {
      "x-amzn-requestid": "37d45d2e-05c6-4480-b193-11f0a795fce8",
      "content-type": "application/x-amz-json-1.1",
      "content-length": "123",
      "date": "Fri, 24 Jul 2026 11:49:51 GMT"
    },
    "RetryAttempts": 0
  }
}
j-1Q3N67ZH903X1 step s-06708552FUT0C7709MVX is PENDING
j-1Q3N67ZH903X1 step s-06708552FUT0C7709MVX is CANCELLED
j-1Q3N67ZH903X1 cluster is TERMINATED_WITH_ERRORS
STEP FAILED: j-1Q3N67ZH903X1 s-06708552FUT0C7709MVX ended as CANCELLED: {'State': 'CANCELLED', 'StateChangeReason': {'Message': 'Cluster terminated'}, 'Timeline': {'CreationDateTime': datetime.datetime(2026, 7, 24, 17, 19, 50, 987000, tzinfo=tzlocal())}} | cluster_reason={'Code': 'VALIDATION_ERROR', 'Message': 'The subnet configuration was invalid: The subnet subnet-0790d25ecc4deae64 does not exist.'} | error_details=[]
Batch finished. Success CSV: data/performance/performance_dataset.csv
Failed experiments CSV: data/performance/failed_emr_experiments.csv
