Starting 2048MB cpu-heavy on m5.xlarge x 4
{
  "JobFlowId": "j-OXZR0DZV851C",
  "ClusterArn": "arn:aws:elasticmapreduce:ap-south-1:435097195936:cluster/j-OXZR0DZV851C",
  "ResponseMetadata": {
    "RequestId": "2323212a-81ad-47fd-95bd-620b35c941de",
    "HTTPStatusCode": 200,
    "HTTPHeaders": {
      "x-amzn-requestid": "2323212a-81ad-47fd-95bd-620b35c941de",
      "content-type": "application/x-amz-json-1.1",
      "content-length": "117",
      "date": "Wed, 22 Jul 2026 19:17:31 GMT"
    },
    "RetryAttempts": 0
  }
}
j-OXZR0DZV851C step s-09449051GPNWXUF6UTXN is PENDING
j-OXZR0DZV851C step s-09449051GPNWXUF6UTXN is PENDING
j-OXZR0DZV851C step s-09449051GPNWXUF6UTXN is PENDING
j-OXZR0DZV851C step s-09449051GPNWXUF6UTXN is PENDING
j-OXZR0DZV851C step s-09449051GPNWXUF6UTXN is PENDING
j-OXZR0DZV851C step s-09449051GPNWXUF6UTXN is PENDING
j-OXZR0DZV851C step s-09449051GPNWXUF6UTXN is PENDING
j-OXZR0DZV851C step s-09449051GPNWXUF6UTXN is RUNNING
j-OXZR0DZV851C step s-09449051GPNWXUF6UTXN is FAILED
j-OXZR0DZV851C cluster is TERMINATING
j-OXZR0DZV851C cluster is TERMINATING
j-OXZR0DZV851C cluster is TERMINATED_WITH_ERRORS
Skipping CSV append because step ended as FAILED: j-OXZR0DZV851C
Starting 2048MB memory-heavy on m5.xlarge x 4
{
  "JobFlowId": "j-38XL0G361VG5U",
  "ClusterArn": "arn:aws:elasticmapreduce:ap-south-1:435097195936:cluster/j-38XL0G361VG5U",
  "ResponseMetadata": {
    "RequestId": "2d04fabe-29e7-49e6-93a2-64284b84d0ae",
    "HTTPStatusCode": 200,
    "HTTPHeaders": {
      "x-amzn-requestid": "2d04fabe-29e7-49e6-93a2-64284b84d0ae",
      "content-type": "application/x-amz-json-1.1",
      "content-length": "119",
      "date": "Wed, 22 Jul 2026 19:22:35 GMT"
    },
    "RetryAttempts": 0
  }
}
j-38XL0G361VG5U step s-094494537WVF6MSSSR4T is PENDING
j-38XL0G361VG5U step s-094494537WVF6MSSSR4T is PENDING
j-38XL0G361VG5U step s-094494537WVF6MSSSR4T is PENDING
j-38XL0G361VG5U step s-094494537WVF6MSSSR4T is PENDING
j-38XL0G361VG5U step s-094494537WVF6MSSSR4T is PENDING
j-38XL0G361VG5U step s-094494537WVF6MSSSR4T is PENDING
j-38XL0G361VG5U step s-094494537WVF6MSSSR4T is RUNNING
j-38XL0G361VG5U step s-094494537WVF6MSSSR4T is RUNNING
j-38XL0G361VG5U step s-094494537WVF6MSSSR4T is RUNNING
j-38XL0G361VG5U step s-094494537WVF6MSSSR4T is RUNNING
j-38XL0G361VG5U step s-094494537WVF6MSSSR4T is COMPLETED
j-38XL0G361VG5U cluster is TERMINATING
j-38XL0G361VG5U cluster is TERMINATING
j-38XL0G361VG5U cluster is TERMINATED
Saved memory-heavy 2048MB runtime=1.9390 min cost=$0.0248
Cluster ended as TERMINATED
Starting 2048MB io-heavy on m5.xlarge x 4
{
  "JobFlowId": "j-38FHRVKN4L0PX",
  "ClusterArn": "arn:aws:elasticmapreduce:ap-south-1:435097195936:cluster/j-38FHRVKN4L0PX",
  "ResponseMetadata": {
    "RequestId": "ec3a0a04-ea62-476f-a662-91f83efc6a49",
    "HTTPStatusCode": 200,
    "HTTPHeaders": {
      "x-amzn-requestid": "ec3a0a04-ea62-476f-a662-91f83efc6a49",
      "content-type": "application/x-amz-json-1.1",
      "content-length": "119",
      "date": "Wed, 22 Jul 2026 19:28:40 GMT"
    },
    "RetryAttempts": 0
  }
}
j-38FHRVKN4L0PX step s-07113853NKJXD73OTT6C is PENDING
j-38FHRVKN4L0PX step s-07113853NKJXD73OTT6C is PENDING
j-38FHRVKN4L0PX step s-07113853NKJXD73OTT6C is PENDING
j-38FHRVKN4L0PX step s-07113853NKJXD73OTT6C is PENDING
j-38FHRVKN4L0PX step s-07113853NKJXD73OTT6C is PENDING
j-38FHRVKN4L0PX step s-07113853NKJXD73OTT6C is PENDING
j-38FHRVKN4L0PX step s-07113853NKJXD73OTT6C is PENDING
j-38FHRVKN4L0PX step s-07113853NKJXD73OTT6C is RUNNING
j-38FHRVKN4L0PX step s-07113853NKJXD73OTT6C is RUNNING
j-38FHRVKN4L0PX step s-07113853NKJXD73OTT6C is RUNNING
j-38FHRVKN4L0PX step s-07113853NKJXD73OTT6C is RUNNING
j-38FHRVKN4L0PX step s-07113853NKJXD73OTT6C is COMPLETED
j-38FHRVKN4L0PX cluster is TERMINATING
j-38FHRVKN4L0PX cluster is TERMINATED
Saved io-heavy 2048MB runtime=2.2071 min cost=$0.0283
Cluster ended as TERMINATED
Starting 3072MB cpu-heavy on m5.xlarge x 4
{
  "JobFlowId": "j-3G5BWAPS5EEWJ",
  "ClusterArn": "arn:aws:elasticmapreduce:ap-south-1:435097195936:cluster/j-3G5BWAPS5EEWJ",
  "ResponseMetadata": {
    "RequestId": "340ff627-3aac-4667-bfd2-b984480ba176",
    "HTTPStatusCode": 200,
    "HTTPHeaders": {
      "x-amzn-requestid": "340ff627-3aac-4667-bfd2-b984480ba176",
      "content-type": "application/x-amz-json-1.1",
      "content-length": "119",
      "date": "Wed, 22 Jul 2026 19:34:46 GMT"
    },
    "RetryAttempts": 0
  }
}
j-3G5BWAPS5EEWJ step s-06868882YICH8L2OVKGM is PENDING
j-3G5BWAPS5EEWJ step s-06868882YICH8L2OVKGM is PENDING
j-3G5BWAPS5EEWJ step s-06868882YICH8L2OVKGM is PENDING
j-3G5BWAPS5EEWJ step s-06868882YICH8L2OVKGM is PENDING
j-3G5BWAPS5EEWJ step s-06868882YICH8L2OVKGM is PENDING
j-3G5BWAPS5EEWJ step s-06868882YICH8L2OVKGM is PENDING
j-3G5BWAPS5EEWJ step s-06868882YICH8L2OVKGM is PENDING
j-3G5BWAPS5EEWJ step s-06868882YICH8L2OVKGM is RUNNING
j-3G5BWAPS5EEWJ step s-06868882YICH8L2OVKGM is RUNNING
j-3G5BWAPS5EEWJ step s-06868882YICH8L2OVKGM is RUNNING
j-3G5BWAPS5EEWJ step s-06868882YICH8L2OVKGM is RUNNING
j-3G5BWAPS5EEWJ step s-06868882YICH8L2OVKGM is RUNNING
j-3G5BWAPS5EEWJ step s-06868882YICH8L2OVKGM is COMPLETED
j-3G5BWAPS5EEWJ cluster is TERMINATING
j-3G5BWAPS5EEWJ cluster is TERMINATED
Saved cpu-heavy 3072MB runtime=2.2391 min cost=$0.0287
Cluster ended as TERMINATED
Starting 3072MB memory-heavy on m5.xlarge x 4
{
  "JobFlowId": "j-1HY6L5Y793MDY",
  "ClusterArn": "arn:aws:elasticmapreduce:ap-south-1:435097195936:cluster/j-1HY6L5Y793MDY",
  "ResponseMetadata": {
    "RequestId": "cc8a76c1-d904-43cd-b898-0f047509668d",
    "HTTPStatusCode": 200,
    "HTTPHeaders": {
      "x-amzn-requestid": "cc8a76c1-d904-43cd-b898-0f047509668d",
      "content-type": "application/x-amz-json-1.1",
      "content-length": "119",
      "date": "Wed, 22 Jul 2026 19:41:21 GMT"
    },
    "RetryAttempts": 0
  }
}
j-1HY6L5Y793MDY step s-08279122TGIX1UE7QM33 is PENDING
j-1HY6L5Y793MDY step s-08279122TGIX1UE7QM33 is PENDING
j-1HY6L5Y793MDY step s-08279122TGIX1UE7QM33 is PENDING
j-1HY6L5Y793MDY step s-08279122TGIX1UE7QM33 is PENDING
j-1HY6L5Y793MDY step s-08279122TGIX1UE7QM33 is PENDING
j-1HY6L5Y793MDY step s-08279122TGIX1UE7QM33 is PENDING
j-1HY6L5Y793MDY step s-08279122TGIX1UE7QM33 is PENDING
j-1HY6L5Y793MDY step s-08279122TGIX1UE7QM33 is RUNNING
j-1HY6L5Y793MDY step s-08279122TGIX1UE7QM33 is RUNNING
j-1HY6L5Y793MDY step s-08279122TGIX1UE7QM33 is RUNNING
j-1HY6L5Y793MDY step s-08279122TGIX1UE7QM33 is RUNNING
j-1HY6L5Y793MDY step s-08279122TGIX1UE7QM33 is RUNNING
j-1HY6L5Y793MDY step s-08279122TGIX1UE7QM33 is COMPLETED
j-1HY6L5Y793MDY cluster is TERMINATING
j-1HY6L5Y793MDY cluster is TERMINATING
j-1HY6L5Y793MDY cluster is TERMINATED
Saved memory-heavy 3072MB runtime=2.3473 min cost=$0.0300
Cluster ended as TERMINATED
Starting 3072MB io-heavy on m5.xlarge x 4
{
  "JobFlowId": "j-2LPK16O22LT8Z",
  "ClusterArn": "arn:aws:elasticmapreduce:ap-south-1:435097195936:cluster/j-2LPK16O22LT8Z",
  "ResponseMetadata": {
    "RequestId": "fbbbba47-6a67-4b25-99c0-2d1d6dfc16a2",
    "HTTPStatusCode": 200,
    "HTTPHeaders": {
      "x-amzn-requestid": "fbbbba47-6a67-4b25-99c0-2d1d6dfc16a2",
      "content-type": "application/x-amz-json-1.1",
      "content-length": "119",
      "date": "Wed, 22 Jul 2026 19:48:27 GMT"
    },
    "RetryAttempts": 0
  }
}
j-2LPK16O22LT8Z step s-094441638C6RTXNYXBSN is PENDING
j-2LPK16O22LT8Z step s-094441638C6RTXNYXBSN is PENDING
j-2LPK16O22LT8Z step s-094441638C6RTXNYXBSN is PENDING
j-2LPK16O22LT8Z step s-094441638C6RTXNYXBSN is PENDING
j-2LPK16O22LT8Z step s-094441638C6RTXNYXBSN is PENDING
j-2LPK16O22LT8Z step s-094441638C6RTXNYXBSN is PENDING
j-2LPK16O22LT8Z step s-094441638C6RTXNYXBSN is PENDING
j-2LPK16O22LT8Z step s-094441638C6RTXNYXBSN is RUNNING
j-2LPK16O22LT8Z step s-094441638C6RTXNYXBSN is RUNNING
j-2LPK16O22LT8Z step s-094441638C6RTXNYXBSN is RUNNING
j-2LPK16O22LT8Z step s-094441638C6RTXNYXBSN is RUNNING
j-2LPK16O22LT8Z step s-094441638C6RTXNYXBSN is RUNNING
j-2LPK16O22LT8Z step s-094441638C6RTXNYXBSN is RUNNING
j-2LPK16O22LT8Z step s-094441638C6RTXNYXBSN is COMPLETED
j-2LPK16O22LT8Z cluster is TERMINATING
j-2LPK16O22LT8Z cluster is TERMINATED
Saved io-heavy 3072MB runtime=2.9730 min cost=$0.0381
Cluster ended as TERMINATED
