Skipping completed 10MB cpu-heavy m5.xlarge x 4 in ap-southeast-1
Batch finished. Success CSV: data/performance/performance_dataset.csv
Failed experiments CSV: data/performance/failed_emr_retry_experiments.csv
Skipping completed 10MB memory-heavy m5.xlarge x 4 in ap-southeast-1
Batch finished. Success CSV: data/performance/performance_dataset.csv
Failed experiments CSV: data/performance/failed_emr_retry_experiments.csv
Skipping completed 10MB io-heavy m5.xlarge x 4 in ap-southeast-1
Batch finished. Success CSV: data/performance/performance_dataset.csv
Failed experiments CSV: data/performance/failed_emr_retry_experiments.csv
Skipping completed 100MB cpu-heavy m5.xlarge x 4 in ap-southeast-1
Batch finished. Success CSV: data/performance/performance_dataset.csv
Failed experiments CSV: data/performance/failed_emr_retry_experiments.csv
Skipping completed 10MB memory-heavy c5.xlarge x 4 in ap-southeast-1
Batch finished. Success CSV: data/performance/performance_dataset.csv
Failed experiments CSV: data/performance/failed_emr_retry_experiments.csv
Skipping completed 10MB io-heavy c5.xlarge x 4 in ap-southeast-1
Batch finished. Success CSV: data/performance/performance_dataset.csv
Failed experiments CSV: data/performance/failed_emr_retry_experiments.csv
Skipping completed 100MB cpu-heavy c5.xlarge x 4 in ap-southeast-1
Batch finished. Success CSV: data/performance/performance_dataset.csv
Failed experiments CSV: data/performance/failed_emr_retry_experiments.csv
Skipping completed 100MB memory-heavy c5.xlarge x 4 in ap-southeast-1
Batch finished. Success CSV: data/performance/performance_dataset.csv
Failed experiments CSV: data/performance/failed_emr_retry_experiments.csv
Starting 100MB cpu-heavy on m5.xlarge x 2 in ap-southeast-1
{
  "JobFlowId": "j-9N8Z4SNM9P0Q",
  "ClusterArn": "arn:aws:elasticmapreduce:ap-southeast-1:435097195936:cluster/j-9N8Z4SNM9P0Q",
  "ResponseMetadata": {
    "RequestId": "5d703787-fe2a-4b0d-be7a-16b169899b4e",
    "HTTPStatusCode": 200,
    "HTTPHeaders": {
      "x-amzn-requestid": "5d703787-fe2a-4b0d-be7a-16b169899b4e",
      "content-type": "application/x-amz-json-1.1",
      "content-length": "121",
      "date": "Wed, 22 Jul 2026 18:29:23 GMT"
    },
    "RetryAttempts": 0
  }
}
j-9N8Z4SNM9P0Q step s-0378836KQQU893COC0M is PENDING
j-9N8Z4SNM9P0Q step s-0378836KQQU893COC0M is CANCELLED
j-9N8Z4SNM9P0Q cluster is TERMINATED_WITH_ERRORS
STEP FAILED: j-9N8Z4SNM9P0Q s-0378836KQQU893COC0M ended as CANCELLED: {'State': 'CANCELLED', 'StateChangeReason': {'Message': 'Cluster terminated'}, 'Timeline': {'CreationDateTime': datetime.datetime(2026, 7, 22, 23, 59, 23, 378000, tzinfo=tzlocal())}}
Batch finished. Success CSV: data/performance/performance_dataset.csv
Failed experiments CSV: data/performance/failed_emr_retry_experiments.csv
Starting 100MB memory-heavy on m5.xlarge x 2 in ap-southeast-1
{
  "JobFlowId": "j-34SEMX5NO6LZT",
  "ClusterArn": "arn:aws:elasticmapreduce:ap-southeast-1:435097195936:cluster/j-34SEMX5NO6LZT",
  "ResponseMetadata": {
    "RequestId": "cd59f242-4ee1-4d7b-9617-469c5420b7a9",
    "HTTPStatusCode": 200,
    "HTTPHeaders": {
      "x-amzn-requestid": "cd59f242-4ee1-4d7b-9617-469c5420b7a9",
      "content-type": "application/x-amz-json-1.1",
      "content-length": "123",
      "date": "Wed, 22 Jul 2026 18:29:55 GMT"
    },
    "RetryAttempts": 0
  }
}
j-34SEMX5NO6LZT step s-0678255179OUJVT7V30S is PENDING
j-34SEMX5NO6LZT step s-0678255179OUJVT7V30S is CANCELLED
j-34SEMX5NO6LZT cluster is TERMINATED_WITH_ERRORS
STEP FAILED: j-34SEMX5NO6LZT s-0678255179OUJVT7V30S ended as CANCELLED: {'State': 'CANCELLED', 'StateChangeReason': {'Message': 'Cluster terminated'}, 'Timeline': {'CreationDateTime': datetime.datetime(2026, 7, 22, 23, 59, 55, 400000, tzinfo=tzlocal())}}
Batch finished. Success CSV: data/performance/performance_dataset.csv
Failed experiments CSV: data/performance/failed_emr_retry_experiments.csv
Starting 100MB io-heavy on m5.xlarge x 2 in ap-southeast-1
{
  "JobFlowId": "j-M9I680XK32EH",
  "ClusterArn": "arn:aws:elasticmapreduce:ap-southeast-1:435097195936:cluster/j-M9I680XK32EH",
  "ResponseMetadata": {
    "RequestId": "9e7c8278-cd2e-4e2b-99b0-7411761e3ecc",
    "HTTPStatusCode": 200,
    "HTTPHeaders": {
      "x-amzn-requestid": "9e7c8278-cd2e-4e2b-99b0-7411761e3ecc",
      "content-type": "application/x-amz-json-1.1",
      "content-length": "121",
      "date": "Wed, 22 Jul 2026 18:30:27 GMT"
    },
    "RetryAttempts": 0
  }
}
j-M9I680XK32EH step s-09261823QR70E0241A0S is PENDING
j-M9I680XK32EH step s-09261823QR70E0241A0S is CANCELLED
j-M9I680XK32EH cluster is TERMINATED_WITH_ERRORS
STEP FAILED: j-M9I680XK32EH s-09261823QR70E0241A0S ended as CANCELLED: {'State': 'CANCELLED', 'StateChangeReason': {'Message': 'Cluster terminated'}, 'Timeline': {'CreationDateTime': datetime.datetime(2026, 7, 23, 0, 0, 27, 658000, tzinfo=tzlocal())}}
Batch finished. Success CSV: data/performance/performance_dataset.csv
Failed experiments CSV: data/performance/failed_emr_retry_experiments.csv
Starting 500MB cpu-heavy on m5.xlarge x 2 in ap-southeast-1
{
  "JobFlowId": "j-1PV7SCJUX5DE4",
  "ClusterArn": "arn:aws:elasticmapreduce:ap-southeast-1:435097195936:cluster/j-1PV7SCJUX5DE4",
  "ResponseMetadata": {
    "RequestId": "baab4ac6-6030-4d4a-91a8-dea548a9bc09",
    "HTTPStatusCode": 200,
    "HTTPHeaders": {
      "x-amzn-requestid": "baab4ac6-6030-4d4a-91a8-dea548a9bc09",
      "content-type": "application/x-amz-json-1.1",
      "content-length": "123",
      "date": "Wed, 22 Jul 2026 18:30:59 GMT"
    },
    "RetryAttempts": 0
  }
}
j-1PV7SCJUX5DE4 step s-0907491176E39J2RG23Q is PENDING
j-1PV7SCJUX5DE4 step s-0907491176E39J2RG23Q is CANCELLED
j-1PV7SCJUX5DE4 cluster is TERMINATED_WITH_ERRORS
STEP FAILED: j-1PV7SCJUX5DE4 s-0907491176E39J2RG23Q ended as CANCELLED: {'State': 'CANCELLED', 'StateChangeReason': {'Message': 'Cluster terminated'}, 'Timeline': {'CreationDateTime': datetime.datetime(2026, 7, 23, 0, 0, 59, 398000, tzinfo=tzlocal())}}
Batch finished. Success CSV: data/performance/performance_dataset.csv
Failed experiments CSV: data/performance/failed_emr_retry_experiments.csv
Starting 500MB memory-heavy on m5.xlarge x 2 in ap-southeast-1
{
  "JobFlowId": "j-3JASWY5GA9BJV",
  "ClusterArn": "arn:aws:elasticmapreduce:ap-southeast-1:435097195936:cluster/j-3JASWY5GA9BJV",
  "ResponseMetadata": {
    "RequestId": "3b567807-f83e-443f-828a-8fd8a7332bcd",
    "HTTPStatusCode": 200,
    "HTTPHeaders": {
      "x-amzn-requestid": "3b567807-f83e-443f-828a-8fd8a7332bcd",
      "content-type": "application/x-amz-json-1.1",
      "content-length": "123",
      "date": "Wed, 22 Jul 2026 18:31:31 GMT"
    },
    "RetryAttempts": 0
  }
}
j-3JASWY5GA9BJV step s-0693312SHK6DV46U37B is PENDING
j-3JASWY5GA9BJV step s-0693312SHK6DV46U37B is CANCELLED
j-3JASWY5GA9BJV cluster is TERMINATED_WITH_ERRORS
STEP FAILED: j-3JASWY5GA9BJV s-0693312SHK6DV46U37B ended as CANCELLED: {'State': 'CANCELLED', 'StateChangeReason': {'Message': 'Cluster terminated'}, 'Timeline': {'CreationDateTime': datetime.datetime(2026, 7, 23, 0, 1, 31, 213000, tzinfo=tzlocal())}}
Batch finished. Success CSV: data/performance/performance_dataset.csv
Failed experiments CSV: data/performance/failed_emr_retry_experiments.csv
Loaded 53 unique failed EMR experiment tuple(s) from data/performance/failed_emr_experiments.csv
[1/53] ap-southeast-1 10MB cpu-heavy m5.xlarge x 4
  /Users/manojanbalagan/Documents/research/research/cost-aware-infrastructure-optimization/.venv/bin/python3 scripts/run_emr_regional_resumable_batch.py --region ap-southeast-1 --dataset-sizes-mb 10 --workloads cpu-heavy --instance-types m5.xlarge --nodes-list 4 --pricing-model on-demand --price-path cloud_prices/aws_prices.csv --output data/performance/performance_dataset.csv --failed-output data/performance/failed_emr_retry_experiments.csv --step-timeout-minutes 90 --subnet-id  --ec2-key-name cost-aware-emr-key --submit
[2/53] ap-southeast-1 10MB memory-heavy m5.xlarge x 4
  /Users/manojanbalagan/Documents/research/research/cost-aware-infrastructure-optimization/.venv/bin/python3 scripts/run_emr_regional_resumable_batch.py --region ap-southeast-1 --dataset-sizes-mb 10 --workloads memory-heavy --instance-types m5.xlarge --nodes-list 4 --pricing-model on-demand --price-path cloud_prices/aws_prices.csv --output data/performance/performance_dataset.csv --failed-output data/performance/failed_emr_retry_experiments.csv --step-timeout-minutes 90 --subnet-id  --ec2-key-name cost-aware-emr-key --submit
[3/53] ap-southeast-1 10MB io-heavy m5.xlarge x 4
  /Users/manojanbalagan/Documents/research/research/cost-aware-infrastructure-optimization/.venv/bin/python3 scripts/run_emr_regional_resumable_batch.py --region ap-southeast-1 --dataset-sizes-mb 10 --workloads io-heavy --instance-types m5.xlarge --nodes-list 4 --pricing-model on-demand --price-path cloud_prices/aws_prices.csv --output data/performance/performance_dataset.csv --failed-output data/performance/failed_emr_retry_experiments.csv --step-timeout-minutes 90 --subnet-id  --ec2-key-name cost-aware-emr-key --submit
[4/53] ap-southeast-1 100MB cpu-heavy m5.xlarge x 4
  /Users/manojanbalagan/Documents/research/research/cost-aware-infrastructure-optimization/.venv/bin/python3 scripts/run_emr_regional_resumable_batch.py --region ap-southeast-1 --dataset-sizes-mb 100 --workloads cpu-heavy --instance-types m5.xlarge --nodes-list 4 --pricing-model on-demand --price-path cloud_prices/aws_prices.csv --output data/performance/performance_dataset.csv --failed-output data/performance/failed_emr_retry_experiments.csv --step-timeout-minutes 90 --subnet-id  --ec2-key-name cost-aware-emr-key --submit
[5/53] ap-southeast-1 10MB memory-heavy c5.xlarge x 4
  /Users/manojanbalagan/Documents/research/research/cost-aware-infrastructure-optimization/.venv/bin/python3 scripts/run_emr_regional_resumable_batch.py --region ap-southeast-1 --dataset-sizes-mb 10 --workloads memory-heavy --instance-types c5.xlarge --nodes-list 4 --pricing-model on-demand --price-path cloud_prices/aws_prices.csv --output data/performance/performance_dataset.csv --failed-output data/performance/failed_emr_retry_experiments.csv --step-timeout-minutes 90 --subnet-id  --ec2-key-name cost-aware-emr-key --submit
[6/53] ap-southeast-1 10MB io-heavy c5.xlarge x 4
  /Users/manojanbalagan/Documents/research/research/cost-aware-infrastructure-optimization/.venv/bin/python3 scripts/run_emr_regional_resumable_batch.py --region ap-southeast-1 --dataset-sizes-mb 10 --workloads io-heavy --instance-types c5.xlarge --nodes-list 4 --pricing-model on-demand --price-path cloud_prices/aws_prices.csv --output data/performance/performance_dataset.csv --failed-output data/performance/failed_emr_retry_experiments.csv --step-timeout-minutes 90 --subnet-id  --ec2-key-name cost-aware-emr-key --submit
[7/53] ap-southeast-1 100MB cpu-heavy c5.xlarge x 4
  /Users/manojanbalagan/Documents/research/research/cost-aware-infrastructure-optimization/.venv/bin/python3 scripts/run_emr_regional_resumable_batch.py --region ap-southeast-1 --dataset-sizes-mb 100 --workloads cpu-heavy --instance-types c5.xlarge --nodes-list 4 --pricing-model on-demand --price-path cloud_prices/aws_prices.csv --output data/performance/performance_dataset.csv --failed-output data/performance/failed_emr_retry_experiments.csv --step-timeout-minutes 90 --subnet-id  --ec2-key-name cost-aware-emr-key --submit
[8/53] ap-southeast-1 100MB memory-heavy c5.xlarge x 4
  /Users/manojanbalagan/Documents/research/research/cost-aware-infrastructure-optimization/.venv/bin/python3 scripts/run_emr_regional_resumable_batch.py --region ap-southeast-1 --dataset-sizes-mb 100 --workloads memory-heavy --instance-types c5.xlarge --nodes-list 4 --pricing-model on-demand --price-path cloud_prices/aws_prices.csv --output data/performance/performance_dataset.csv --failed-output data/performance/failed_emr_retry_experiments.csv --step-timeout-minutes 90 --subnet-id  --ec2-key-name cost-aware-emr-key --submit
[9/53] ap-southeast-1 100MB cpu-heavy m5.xlarge x 2
  /Users/manojanbalagan/Documents/research/research/cost-aware-infrastructure-optimization/.venv/bin/python3 scripts/run_emr_regional_resumable_batch.py --region ap-southeast-1 --dataset-sizes-mb 100 --workloads cpu-heavy --instance-types m5.xlarge --nodes-list 2 --pricing-model on-demand --price-path cloud_prices/aws_prices.csv --output data/performance/performance_dataset.csv --failed-output data/performance/failed_emr_retry_experiments.csv --step-timeout-minutes 90 --subnet-id  --ec2-key-name cost-aware-emr-key --submit
[10/53] ap-southeast-1 100MB memory-heavy m5.xlarge x 2
  /Users/manojanbalagan/Documents/research/research/cost-aware-infrastructure-optimization/.venv/bin/python3 scripts/run_emr_regional_resumable_batch.py --region ap-southeast-1 --dataset-sizes-mb 100 --workloads memory-heavy --instance-types m5.xlarge --nodes-list 2 --pricing-model on-demand --price-path cloud_prices/aws_prices.csv --output data/performance/performance_dataset.csv --failed-output data/performance/failed_emr_retry_experiments.csv --step-timeout-minutes 90 --subnet-id  --ec2-key-name cost-aware-emr-key --submit
[11/53] ap-southeast-1 100MB io-heavy m5.xlarge x 2
  /Users/manojanbalagan/Documents/research/research/cost-aware-infrastructure-optimization/.venv/bin/python3 scripts/run_emr_regional_resumable_batch.py --region ap-southeast-1 --dataset-sizes-mb 100 --workloads io-heavy --instance-types m5.xlarge --nodes-list 2 --pricing-model on-demand --price-path cloud_prices/aws_prices.csv --output data/performance/performance_dataset.csv --failed-output data/performance/failed_emr_retry_experiments.csv --step-timeout-minutes 90 --subnet-id  --ec2-key-name cost-aware-emr-key --submit
[12/53] ap-southeast-1 500MB cpu-heavy m5.xlarge x 2
  /Users/manojanbalagan/Documents/research/research/cost-aware-infrastructure-optimization/.venv/bin/python3 scripts/run_emr_regional_resumable_batch.py --region ap-southeast-1 --dataset-sizes-mb 500 --workloads cpu-heavy --instance-types m5.xlarge --nodes-list 2 --pricing-model on-demand --price-path cloud_prices/aws_prices.csv --output data/performance/performance_dataset.csv --failed-output data/performance/failed_emr_retry_experiments.csv --step-timeout-minutes 90 --subnet-id  --ec2-key-name cost-aware-emr-key --submit
[13/53] ap-southeast-1 500MB memory-heavy m5.xlarge x 2
  /Users/manojanbalagan/Documents/research/research/cost-aware-infrastructure-optimization/.venv/bin/python3 scripts/run_emr_regional_resumable_batch.py --region ap-southeast-1 --dataset-sizes-mb 500 --workloads memory-heavy --instance-types m5.xlarge --nodes-list 2 --pricing-model on-demand --price-path cloud_prices/aws_prices.csv --output data/performance/performance_dataset.csv --failed-output data/performance/failed_emr_retry_experiments.csv --step-timeout-minutes 90 --subnet-id  --ec2-key-name cost-aware-emr-key --submit
[14/53] ap-southeast-1 1024MB cpu-heavy m5.xlarge x 2
Starting 1024MB cpu-heavy on m5.xlarge x 2 in ap-southeast-1
{
  "JobFlowId": "j-1ZG3SKI1RUKRF",
  "ClusterArn": "arn:aws:elasticmapreduce:ap-southeast-1:435097195936:cluster/j-1ZG3SKI1RUKRF",
  "ResponseMetadata": {
    "RequestId": "4b9b606a-4e06-4ca2-a34b-fbccf51b61dc",
    "HTTPStatusCode": 200,
    "HTTPHeaders": {
      "x-amzn-requestid": "4b9b606a-4e06-4ca2-a34b-fbccf51b61dc",
      "content-type": "application/x-amz-json-1.1",
      "content-length": "123",
      "date": "Wed, 22 Jul 2026 18:32:03 GMT"
    },
    "RetryAttempts": 0
  }
}
j-1ZG3SKI1RUKRF step s-06270178UH833JEK86O is PENDING
j-1ZG3SKI1RUKRF step s-06270178UH833JEK86O is CANCELLED
j-1ZG3SKI1RUKRF cluster is TERMINATED_WITH_ERRORS
STEP FAILED: j-1ZG3SKI1RUKRF s-06270178UH833JEK86O ended as CANCELLED: {'State': 'CANCELLED', 'StateChangeReason': {'Message': 'Cluster terminated'}, 'Timeline': {'CreationDateTime': datetime.datetime(2026, 7, 23, 0, 2, 3, 148000, tzinfo=tzlocal())}}
Batch finished. Success CSV: data/performance/performance_dataset.csv
Failed experiments CSV: data/performance/failed_emr_retry_experiments.csv
Skipping completed 1024MB io-heavy c5.xlarge x 4 in ap-southeast-1
Batch finished. Success CSV: data/performance/performance_dataset.csv
Failed experiments CSV: data/performance/failed_emr_retry_experiments.csv
Skipping completed 5120MB cpu-heavy c5.xlarge x 4 in ap-southeast-1
Batch finished. Success CSV: data/performance/performance_dataset.csv
Failed experiments CSV: data/performance/failed_emr_retry_experiments.csv
Skipping completed 5120MB memory-heavy c5.xlarge x 4 in ap-southeast-1
Batch finished. Success CSV: data/performance/performance_dataset.csv
Failed experiments CSV: data/performance/failed_emr_retry_experiments.csv
Skipping completed 5120MB io-heavy c5.xlarge x 4 in ap-southeast-1
Batch finished. Success CSV: data/performance/performance_dataset.csv
Failed experiments CSV: data/performance/failed_emr_retry_experiments.csv
Skipping completed 10MB cpu-heavy c5a.xlarge x 2 in ap-southeast-1
Batch finished. Success CSV: data/performance/performance_dataset.csv
Failed experiments CSV: data/performance/failed_emr_retry_experiments.csv
Starting 2048MB cpu-heavy on m5.xlarge x 2 in ap-south-1
{
  "JobFlowId": "j-FAPXT888VSDT",
  "ClusterArn": "arn:aws:elasticmapreduce:ap-south-1:435097195936:cluster/j-FAPXT888VSDT",
  "ResponseMetadata": {
    "RequestId": "6dc34135-1f5b-4fa6-a5d6-984fe7b773b3",
    "HTTPStatusCode": 200,
    "HTTPHeaders": {
      "x-amzn-requestid": "6dc34135-1f5b-4fa6-a5d6-984fe7b773b3",
      "content-type": "application/x-amz-json-1.1",
      "content-length": "117",
      "date": "Wed, 22 Jul 2026 18:32:37 GMT"
    },
    "RetryAttempts": 0
  }
}
j-FAPXT888VSDT step s-0322568108XFP3L02G70 is PENDING
j-FAPXT888VSDT step s-0322568108XFP3L02G70 is PENDING
j-FAPXT888VSDT step s-0322568108XFP3L02G70 is PENDING
j-FAPXT888VSDT step s-0322568108XFP3L02G70 is PENDING
j-FAPXT888VSDT step s-0322568108XFP3L02G70 is PENDING
j-FAPXT888VSDT step s-0322568108XFP3L02G70 is PENDING
j-FAPXT888VSDT step s-0322568108XFP3L02G70 is PENDING
j-FAPXT888VSDT step s-0322568108XFP3L02G70 is PENDING
j-FAPXT888VSDT step s-0322568108XFP3L02G70 is RUNNING
j-FAPXT888VSDT step s-0322568108XFP3L02G70 is FAILED
j-FAPXT888VSDT cluster is TERMINATING
j-FAPXT888VSDT cluster is TERMINATING
j-FAPXT888VSDT cluster is TERMINATED_WITH_ERRORS
STEP FAILED: j-FAPXT888VSDT s-0322568108XFP3L02G70 ended as FAILED: {'State': 'FAILED', 'StateChangeReason': {}, 'Timeline': {'CreationDateTime': datetime.datetime(2026, 7, 23, 0, 2, 37, 307000, tzinfo=tzlocal()), 'StartDateTime': datetime.datetime(2026, 7, 23, 0, 6, 9, 884000, tzinfo=tzlocal()), 'EndDateTime': datetime.datetime(2026, 7, 23, 0, 6, 44, 226000, tzinfo=tzlocal())}}
Batch finished. Success CSV: data/performance/performance_dataset.csv
Failed experiments CSV: data/performance/failed_emr_retry_experiments.csv
Starting 2048MB cpu-heavy on m5.xlarge x 4 in ap-south-1
{
  "JobFlowId": "j-KSDG0JJUPG8W",
  "ClusterArn": "arn:aws:elasticmapreduce:ap-south-1:435097195936:cluster/j-KSDG0JJUPG8W",
  "ResponseMetadata": {
    "RequestId": "02c5152e-966d-45ba-8413-39ddd35b7f23",
    "HTTPStatusCode": 200,
    "HTTPHeaders": {
      "x-amzn-requestid": "02c5152e-966d-45ba-8413-39ddd35b7f23",
      "content-type": "application/x-amz-json-1.1",
      "content-length": "117",
      "date": "Wed, 22 Jul 2026 18:38:13 GMT"
    },
    "RetryAttempts": 0
  }
}
j-KSDG0JJUPG8W step s-05394813DDA6T19G2BD8 is PENDING
j-KSDG0JJUPG8W step s-05394813DDA6T19G2BD8 is PENDING
j-KSDG0JJUPG8W step s-05394813DDA6T19G2BD8 is PENDING
j-KSDG0JJUPG8W step s-05394813DDA6T19G2BD8 is PENDING
j-KSDG0JJUPG8W step s-05394813DDA6T19G2BD8 is PENDING
j-KSDG0JJUPG8W step s-05394813DDA6T19G2BD8 is PENDING
j-KSDG0JJUPG8W step s-05394813DDA6T19G2BD8 is PENDING
j-KSDG0JJUPG8W step s-05394813DDA6T19G2BD8 is RUNNING
j-KSDG0JJUPG8W step s-05394813DDA6T19G2BD8 is FAILED
j-KSDG0JJUPG8W cluster is TERMINATING
j-KSDG0JJUPG8W cluster is TERMINATING
j-KSDG0JJUPG8W cluster is TERMINATED_WITH_ERRORS
STEP FAILED: j-KSDG0JJUPG8W s-05394813DDA6T19G2BD8 ended as FAILED: {'State': 'FAILED', 'StateChangeReason': {}, 'Timeline': {'CreationDateTime': datetime.datetime(2026, 7, 23, 0, 8, 13, 136000, tzinfo=tzlocal()), 'StartDateTime': datetime.datetime(2026, 7, 23, 0, 11, 32, 250000, tzinfo=tzlocal()), 'EndDateTime': datetime.datetime(2026, 7, 23, 0, 12, 10, 799000, tzinfo=tzlocal())}}
Batch finished. Success CSV: data/performance/performance_dataset.csv
Failed experiments CSV: data/performance/failed_emr_retry_experiments.csv
Starting 2048MB cpu-heavy on m5a.xlarge x 2 in ap-south-1
{
  "JobFlowId": "j-2NROR166MCSSM",
  "ClusterArn": "arn:aws:elasticmapreduce:ap-south-1:435097195936:cluster/j-2NROR166MCSSM",
  "ResponseMetadata": {
    "RequestId": "ad1924d1-eb93-46ea-99aa-7f59c63804a8",
    "HTTPStatusCode": 200,
    "HTTPHeaders": {
      "x-amzn-requestid": "ad1924d1-eb93-46ea-99aa-7f59c63804a8",
      "content-type": "application/x-amz-json-1.1",
      "content-length": "119",
      "date": "Wed, 22 Jul 2026 18:43:20 GMT"
    },
    "RetryAttempts": 0
  }
}
j-2NROR166MCSSM step s-05606851BXS34VWR1CP3 is PENDING
j-2NROR166MCSSM step s-05606851BXS34VWR1CP3 is PENDING
j-2NROR166MCSSM step s-05606851BXS34VWR1CP3 is PENDING
j-2NROR166MCSSM step s-05606851BXS34VWR1CP3 is PENDING
j-2NROR166MCSSM step s-05606851BXS34VWR1CP3 is PENDING
j-2NROR166MCSSM step s-05606851BXS34VWR1CP3 is PENDING
j-2NROR166MCSSM step s-05606851BXS34VWR1CP3 is PENDING
j-2NROR166MCSSM step s-05606851BXS34VWR1CP3 is RUNNING
j-2NROR166MCSSM step s-05606851BXS34VWR1CP3 is RUNNING
j-2NROR166MCSSM step s-05606851BXS34VWR1CP3 is FAILED
j-2NROR166MCSSM cluster is TERMINATING
j-2NROR166MCSSM cluster is TERMINATING
j-2NROR166MCSSM cluster is TERMINATED_WITH_ERRORS
STEP FAILED: j-2NROR166MCSSM s-05606851BXS34VWR1CP3 ended as FAILED: {'State': 'FAILED', 'StateChangeReason': {}, 'Timeline': {'CreationDateTime': datetime.datetime(2026, 7, 23, 0, 13, 20, 525000, tzinfo=tzlocal()), 'StartDateTime': datetime.datetime(2026, 7, 23, 0, 16, 42, 203000, tzinfo=tzlocal()), 'EndDateTime': datetime.datetime(2026, 7, 23, 0, 17, 26, 949000, tzinfo=tzlocal())}}
Batch finished. Success CSV: data/performance/performance_dataset.csv
Failed experiments CSV: data/performance/failed_emr_retry_experiments.csv
Starting 2048MB cpu-heavy on m5a.xlarge x 4 in ap-south-1
{
  "JobFlowId": "j-1AN7SBZKGX2OC",
  "ClusterArn": "arn:aws:elasticmapreduce:ap-south-1:435097195936:cluster/j-1AN7SBZKGX2OC",
  "ResponseMetadata": {
    "RequestId": "196bbf61-c2d4-486c-9cd3-9bfe6ddacbe7",
    "HTTPStatusCode": 200,
    "HTTPHeaders": {
      "x-amzn-requestid": "196bbf61-c2d4-486c-9cd3-9bfe6ddacbe7",
      "content-type": "application/x-amz-json-1.1",
      "content-length": "119",
      "date": "Wed, 22 Jul 2026 18:48:56 GMT"
    },
    "RetryAttempts": 0
  }
}
j-1AN7SBZKGX2OC step s-084894237G9C4RX65B5V is PENDING
j-1AN7SBZKGX2OC step s-084894237G9C4RX65B5V is PENDING
j-1AN7SBZKGX2OC step s-084894237G9C4RX65B5V is PENDING
j-1AN7SBZKGX2OC step s-084894237G9C4RX65B5V is PENDING
j-1AN7SBZKGX2OC step s-084894237G9C4RX65B5V is PENDING
j-1AN7SBZKGX2OC step s-084894237G9C4RX65B5V is PENDING
j-1AN7SBZKGX2OC step s-084894237G9C4RX65B5V is PENDING
j-1AN7SBZKGX2OC step s-084894237G9C4RX65B5V is RUNNING
j-1AN7SBZKGX2OC step s-084894237G9C4RX65B5V is RUNNING
j-1AN7SBZKGX2OC step s-084894237G9C4RX65B5V is FAILED
j-1AN7SBZKGX2OC cluster is TERMINATING
j-1AN7SBZKGX2OC cluster is TERMINATING
j-1AN7SBZKGX2OC cluster is TERMINATED_WITH_ERRORS
STEP FAILED: j-1AN7SBZKGX2OC s-084894237G9C4RX65B5V ended as FAILED: {'State': 'FAILED', 'StateChangeReason': {}, 'Timeline': {'CreationDateTime': datetime.datetime(2026, 7, 23, 0, 18, 56, 446000, tzinfo=tzlocal()), 'StartDateTime': datetime.datetime(2026, 7, 23, 0, 22, 18, 187000, tzinfo=tzlocal()), 'EndDateTime': datetime.datetime(2026, 7, 23, 0, 23, 2, 684000, tzinfo=tzlocal())}}
Batch finished. Success CSV: data/performance/performance_dataset.csv
Failed experiments CSV: data/performance/failed_emr_retry_experiments.csv
Starting 2048MB cpu-heavy on m6i.xlarge x 2 in ap-south-1
{
  "JobFlowId": "j-3U2KQKOG89RLH",
  "ClusterArn": "arn:aws:elasticmapreduce:ap-south-1:435097195936:cluster/j-3U2KQKOG89RLH",
  "ResponseMetadata": {
    "RequestId": "2f8752d1-8068-4d34-aed6-eb37d4e28c9f",
    "HTTPStatusCode": 200,
    "HTTPHeaders": {
      "x-amzn-requestid": "2f8752d1-8068-4d34-aed6-eb37d4e28c9f",
      "content-type": "application/x-amz-json-1.1",
      "content-length": "119",
      "date": "Wed, 22 Jul 2026 18:54:32 GMT"
    },
    "RetryAttempts": 0
  }
}
j-3U2KQKOG89RLH step s-03484943905IAQQ8YCY8 is PENDING
j-3U2KQKOG89RLH step s-03484943905IAQQ8YCY8 is PENDING
j-3U2KQKOG89RLH step s-03484943905IAQQ8YCY8 is PENDING
j-3U2KQKOG89RLH step s-03484943905IAQQ8YCY8 is PENDING
j-3U2KQKOG89RLH step s-03484943905IAQQ8YCY8 is PENDING
j-3U2KQKOG89RLH step s-03484943905IAQQ8YCY8 is PENDING
j-3U2KQKOG89RLH step s-03484943905IAQQ8YCY8 is RUNNING
j-3U2KQKOG89RLH step s-03484943905IAQQ8YCY8 is FAILED
j-3U2KQKOG89RLH cluster is TERMINATING
j-3U2KQKOG89RLH cluster is TERMINATING
j-3U2KQKOG89RLH cluster is TERMINATING
j-3U2KQKOG89RLH cluster is TERMINATED_WITH_ERRORS
STEP FAILED: j-3U2KQKOG89RLH s-03484943905IAQQ8YCY8 ended as FAILED: {'State': 'FAILED', 'StateChangeReason': {}, 'Timeline': {'CreationDateTime': datetime.datetime(2026, 7, 23, 0, 24, 32, 374000, tzinfo=tzlocal()), 'StartDateTime': datetime.datetime(2026, 7, 23, 0, 27, 15, 429000, tzinfo=tzlocal()), 'EndDateTime': datetime.datetime(2026, 7, 23, 0, 27, 41, 722000, tzinfo=tzlocal())}}
Batch finished. Success CSV: data/performance/performance_dataset.csv
Failed experiments CSV: data/performance/failed_emr_retry_experiments.csv
